
> test
> playwright test playwright-test/main.spec.ts


Running 99 tests using 7 workers

[1A[2K[1/99] [chromium] › playwright-test/main.spec.ts:402:9 › Castle.com Main Page Tests › Header Section Test Cases › TC-001: Header Elements Display
[1A[2K[2/99] [chromium] › playwright-test/main.spec.ts:450:9 › Castle.com Main Page Tests › Header Section Test Cases › TC-003: User Avatar Dropdown
[1A[2K[3/99] [chromium] › playwright-test/main.spec.ts:426:9 › Castle.com Main Page Tests › Header Section Test Cases › TC-002: Wallet Button Functionality
[1A[2K[4/99] [chromium] › playwright-test/main.spec.ts:477:9 › Castle.com Main Page Tests › Navigation Menu Test Cases › TC-004: Left Navigation Menu Display
[1A[2K[5/99] [chromium] › playwright-test/main.spec.ts:536:9 › Castle.com Main Page Tests › Main Banner Test Cases › TC-006: Promotional Banner Display
[1A[2K[6/99] [chromium] › playwright-test/main.spec.ts:559:9 › Castle.com Main Page Tests › Main Banner Test Cases › TC-007: Play Crash Button Functionality
[1A[2K[7/99] [chromium] › playwright-test/main.spec.ts:503:9 › Castle.com Main Page Tests › Navigation Menu Test Cases › TC-005: Navigation Menu Links
[1A[2K[chromium] › playwright-test/main.spec.ts:426:9 › Castle.com Main Page Tests › Header Section Test Cases › TC-002: Wallet Button Functionality
Starting main page test setup...

[1A[2K[chromium] › playwright-test/main.spec.ts:559:9 › Castle.com Main Page Tests › Main Banner Test Cases › TC-007: Play Crash Button Functionality
Starting main page test setup...

[1A[2K[chromium] › playwright-test/main.spec.ts:536:9 › Castle.com Main Page Tests › Main Banner Test Cases › TC-006: Promotional Banner Display
Starting main page test setup...

[1A[2K[chromium] › playwright-test/main.spec.ts:477:9 › Castle.com Main Page Tests › Navigation Menu Test Cases › TC-004: Left Navigation Menu Display
Starting main page test setup...

[1A[2K[chromium] › playwright-test/main.spec.ts:450:9 › Castle.com Main Page Tests › Header Section Test Cases › TC-003: User Avatar Dropdown
Starting main page test setup...

[1A[2K[chromium] › playwright-test/main.spec.ts:402:9 › Castle.com Main Page Tests › Header Section Test Cases › TC-001: Header Elements Display
Starting main page test setup...

[1A[2K[chromium] › playwright-test/main.spec.ts:503:9 › Castle.com Main Page Tests › Navigation Menu Test Cases › TC-005: Navigation Menu Links
Starting main page test setup...

[1A[2KNavigated to main page

[1A[2K[chromium] › playwright-test/main.spec.ts:477:9 › Castle.com Main Page Tests › Navigation Menu Test Cases › TC-004: Left Navigation Menu Display
Navigated to main page

[1A[2K[chromium] › playwright-test/main.spec.ts:503:9 › Castle.com Main Page Tests › Navigation Menu Test Cases › TC-005: Navigation Menu Links
Waiting for page to be ready...

[1A[2K[chromium] › playwright-test/main.spec.ts:477:9 › Castle.com Main Page Tests › Navigation Menu Test Cases › TC-004: Left Navigation Menu Display
Waiting for page to be ready...

[1A[2K[chromium] › playwright-test/main.spec.ts:450:9 › Castle.com Main Page Tests › Header Section Test Cases › TC-003: User Avatar Dropdown
Navigated to main page

[1A[2KWaiting for page to be ready...

[1A[2K[chromium] › playwright-test/main.spec.ts:426:9 › Castle.com Main Page Tests › Header Section Test Cases › TC-002: Wallet Button Functionality
Navigated to main page

[1A[2KWaiting for page to be ready...

[1A[2K[chromium] › playwright-test/main.spec.ts:536:9 › Castle.com Main Page Tests › Main Banner Test Cases › TC-006: Promotional Banner Display
Navigated to main page

[1A[2KWaiting for page to be ready...

[1A[2K[chromium] › playwright-test/main.spec.ts:402:9 › Castle.com Main Page Tests › Header Section Test Cases › TC-001: Header Elements Display
Navigated to main page

[1A[2KWaiting for page to be ready...

[1A[2K[chromium] › playwright-test/main.spec.ts:559:9 › Castle.com Main Page Tests › Main Banner Test Cases › TC-007: Play Crash Button Functionality
Navigated to main page

[1A[2KWaiting for page to be ready...

[1A[2K[chromium] › playwright-test/main.spec.ts:536:9 › Castle.com Main Page Tests › Main Banner Test Cases › TC-006: Promotional Banner Display
Page ready check completed

[1A[2KVerifying main page load...

[1A[2K[chromium] › playwright-test/main.spec.ts:450:9 › Castle.com Main Page Tests › Header Section Test Cases › TC-003: User Avatar Dropdown
Page ready check completed

[1A[2KVerifying main page load...

[1A[2K[chromium] › playwright-test/main.spec.ts:426:9 › Castle.com Main Page Tests › Header Section Test Cases › TC-002: Wallet Button Functionality
Page ready check completed

[1A[2KVerifying main page load...

[1A[2K[chromium] › playwright-test/main.spec.ts:477:9 › Castle.com Main Page Tests › Navigation Menu Test Cases › TC-004: Left Navigation Menu Display
Page ready check completed

[1A[2KVerifying main page load...

[1A[2K[chromium] › playwright-test/main.spec.ts:402:9 › Castle.com Main Page Tests › Header Section Test Cases › TC-001: Header Elements Display
Page ready check completed

[1A[2KVerifying main page load...

[1A[2K[chromium] › playwright-test/main.spec.ts:503:9 › Castle.com Main Page Tests › Navigation Menu Test Cases › TC-005: Navigation Menu Links
Page ready check completed

[1A[2KVerifying main page load...

[1A[2K[chromium] › playwright-test/main.spec.ts:536:9 › Castle.com Main Page Tests › Main Banner Test Cases › TC-006: Promotional Banner Display
Main page verification complete

[1A[2KStarting TC-006: Promotional Banner Display

[1A[2K[chromium] › playwright-test/main.spec.ts:426:9 › Castle.com Main Page Tests › Header Section Test Cases › TC-002: Wallet Button Functionality
Main page verification complete

[1A[2K[chromium] › playwright-test/main.spec.ts:477:9 › Castle.com Main Page Tests › Navigation Menu Test Cases › TC-004: Left Navigation Menu Display
Main page verification complete

[1A[2K[chromium] › playwright-test/main.spec.ts:426:9 › Castle.com Main Page Tests › Header Section Test Cases › TC-002: Wallet Button Functionality
Starting TC-002: Wallet Button Functionality

[1A[2K[chromium] › playwright-test/main.spec.ts:477:9 › Castle.com Main Page Tests › Navigation Menu Test Cases › TC-004: Left Navigation Menu Display
Starting TC-004: Left Navigation Menu Display

[1A[2K[chromium] › playwright-test/main.spec.ts:450:9 › Castle.com Main Page Tests › Header Section Test Cases › TC-003: User Avatar Dropdown
Main page verification complete

[1A[2KStarting TC-003: User Avatar Dropdown

[1A[2K[chromium] › playwright-test/main.spec.ts:426:9 › Castle.com Main Page Tests › Header Section Test Cases › TC-002: Wallet Button Functionality
User not logged in, skipping wallet test

[1A[2KTC-002 completed

[1A[2K[chromium] › playwright-test/main.spec.ts:503:9 › Castle.com Main Page Tests › Navigation Menu Test Cases › TC-005: Navigation Menu Links
Main page verification complete

[1A[2K[chromium] › playwright-test/main.spec.ts:402:9 › Castle.com Main Page Tests › Header Section Test Cases › TC-001: Header Elements Display
Main page verification complete

[1A[2K[chromium] › playwright-test/main.spec.ts:503:9 › Castle.com Main Page Tests › Navigation Menu Test Cases › TC-005: Navigation Menu Links
Starting TC-005: Navigation Menu Links

[1A[2KTesting Referrals link

[1A[2K[chromium] › playwright-test/main.spec.ts:402:9 › Castle.com Main Page Tests › Header Section Test Cases › TC-001: Header Elements Display
Starting TC-001: Header Elements Display

[1A[2K[8/99] [chromium] › playwright-test/main.spec.ts:577:9 › Castle.com Main Page Tests › Search and Filter Test Cases › TC-008: Game Search Functionality
[1A[2KTC-001 completed

[1A[2K[9/99] [chromium] › playwright-test/main.spec.ts:597:9 › Castle.com Main Page Tests › Search and Filter Test Cases › TC-009: Game Category Tabs
[1A[2K[chromium] › playwright-test/main.spec.ts:559:9 › Castle.com Main Page Tests › Main Banner Test Cases › TC-007: Play Crash Button Functionality
Page ready check completed

[1A[2KVerifying main page load...

[1A[2K[chromium] › playwright-test/main.spec.ts:577:9 › Castle.com Main Page Tests › Search and Filter Test Cases › TC-008: Game Search Functionality
Starting main page test setup...

[1A[2K[chromium] › playwright-test/main.spec.ts:559:9 › Castle.com Main Page Tests › Main Banner Test Cases › TC-007: Play Crash Button Functionality
Main page verification complete

[1A[2KStarting TC-007: Play Crash Button Functionality

[1A[2K[chromium] › playwright-test/main.spec.ts:597:9 › Castle.com Main Page Tests › Search and Filter Test Cases › TC-009: Game Category Tabs
Starting main page test setup...

[1A[2K[chromium] › playwright-test/main.spec.ts:559:9 › Castle.com Main Page Tests › Main Banner Test Cases › TC-007: Play Crash Button Functionality
TC-007 completed

[1A[2K[10/99] [chromium] › playwright-test/main.spec.ts:626:9 › Castle.com Main Page Tests › Featured Games Section Test Cases › TC-010: Featured Games Display
[1A[2K[chromium] › playwright-test/main.spec.ts:626:9 › Castle.com Main Page Tests › Featured Games Section Test Cases › TC-010: Featured Games Display
Starting main page test setup...

[1A[2K[chromium] › playwright-test/main.spec.ts:503:9 › Castle.com Main Page Tests › Navigation Menu Test Cases › TC-005: Navigation Menu Links
Waiting for page to be ready...

[1A[2K[11/99] [chromium] › playwright-test/main.spec.ts:477:9 › Castle.com Main Page Tests › Navigation Menu Test Cases › TC-004: Left Navigation Menu Display (retry #1)
[1A[2K[chromium] › playwright-test/main.spec.ts:477:9 › Castle.com Main Page Tests › Navigation Menu Test Cases › TC-004: Left Navigation Menu Display
Starting main page test setup...

[1A[2K[chromium] › playwright-test/main.spec.ts:577:9 › Castle.com Main Page Tests › Search and Filter Test Cases › TC-008: Game Search Functionality
Navigated to main page

[1A[2KWaiting for page to be ready...

[1A[2K[12/99] [chromium] › playwright-test/main.spec.ts:450:9 › Castle.com Main Page Tests › Header Section Test Cases › TC-003: User Avatar Dropdown (retry #1)
[1A[2K[chromium] › playwright-test/main.spec.ts:597:9 › Castle.com Main Page Tests › Search and Filter Test Cases › TC-009: Game Category Tabs
Navigated to main page

[1A[2KWaiting for page to be ready...

[1A[2K[chromium] › playwright-test/main.spec.ts:626:9 › Castle.com Main Page Tests › Featured Games Section Test Cases › TC-010: Featured Games Display
Navigated to main page

[1A[2KWaiting for page to be ready...

[1A[2K[chromium] › playwright-test/main.spec.ts:450:9 › Castle.com Main Page Tests › Header Section Test Cases › TC-003: User Avatar Dropdown
Starting main page test setup...

[1A[2K[chromium] › playwright-test/main.spec.ts:477:9 › Castle.com Main Page Tests › Navigation Menu Test Cases › TC-004: Left Navigation Menu Display
Navigated to main page

[1A[2KWaiting for page to be ready...

[1A[2K[chromium] › playwright-test/main.spec.ts:450:9 › Castle.com Main Page Tests › Header Section Test Cases › TC-003: User Avatar Dropdown
Navigated to main page

[1A[2KWaiting for page to be ready...

[1A[2K[chromium] › playwright-test/main.spec.ts:503:9 › Castle.com Main Page Tests › Navigation Menu Test Cases › TC-005: Navigation Menu Links
Page ready check completed

[1A[2KTesting Duel Game link

[1A[2KWaiting for page to be ready...

[1A[2K[13/99] [chromium] › playwright-test/main.spec.ts:536:9 › Castle.com Main Page Tests › Main Banner Test Cases › TC-006: Promotional Banner Display (retry #1)
[1A[2K[chromium] › playwright-test/main.spec.ts:536:9 › Castle.com Main Page Tests › Main Banner Test Cases › TC-006: Promotional Banner Display
Starting main page test setup...

[1A[2KNavigated to main page

[1A[2KWaiting for page to be ready...

[1A[2K[chromium] › playwright-test/main.spec.ts:577:9 › Castle.com Main Page Tests › Search and Filter Test Cases › TC-008: Game Search Functionality
Page ready check had issues: page.waitForSelector: Timeout 10000ms exceeded.
Call log:
[2m  - waiting for locator('.AppMain') to be visible[22m

    at MainPageTest.waitForPageReady [90m(/Users/eljinwhitehead/site-castle/[39mplaywright-test/main.spec.ts:250:23[90m)[39m
    at [90m/Users/eljinwhitehead/site-castle/[39mplaywright-test/main.spec.ts:387:7 {
  name: [32m'TimeoutError'[39m,
  [32mSymbol(step)[39m: {
    stepId: [32m'pw:api@11'[39m,
    location: {
      file: [32m'/Users/eljinwhitehead/site-castle/playwright-test/main.spec.ts'[39m,
      line: [33m250[39m,
      column: [33m23[39m,
      function: [32m'MainPageTest.waitForPageReady'[39m
    },
    category: [32m'pw:api'[39m,
    title: [32m"Wait for selector locator('.AppMain')"[39m,
    apiName: [32m'page.waitForSelector'[39m,
    params: { selector: [32m'.AppMain'[39m, state: [32m'visible'[39m, timeout: [33m10000[39m },
    boxedStack: [90mundefined[39m,
    steps: [],
    attachmentIndices: [],
    info: TestStepInfoImpl {
      annotations: [],
      _testInfo: [36m[TestInfoImpl][39m,
      _stepId: [32m'pw:api@11'[39m,
      skip: [36m[Function (anonymous)][39m
    },
    complete: [36m[Function: complete][39m,
    endWallTime: [33m1753895538239[39m,
    error: {
      message: [32m'TimeoutError: page.waitForSelector: Timeout 10000ms exceeded.\n'[39m +
        [32m'Call log:\n'[39m +
        [32m"\x1B[2m  - waiting for locator('.AppMain') to be visible\x1B[22m\n"[39m,
      stack: [32m'TimeoutError: page.waitForSelector: Timeout 10000ms exceeded.\n'[39m +
        [32m'Call log:\n'[39m +
        [32m"\x1B[2m  - waiting for locator('.AppMain') to be visible\x1B[22m\n"[39m +
        [32m'\n'[39m +
        [32m'    at MainPageTest.waitForPageReady (/Users/eljinwhitehead/site-castle/playwright-test/main.spec.ts:250:23)\n'[39m +
        [32m'    at /Users/eljinwhitehead/site-castle/playwright-test/main.spec.ts:387:7'[39m,
      cause: [90mundefined[39m
    }
  }
}

[1A[2KVerifying main page load...

[1A[2K[chromium] › playwright-test/main.spec.ts:626:9 › Castle.com Main Page Tests › Featured Games Section Test Cases › TC-010: Featured Games Display
Page ready check had issues: page.waitForSelector: Timeout 10000ms exceeded.
Call log:
[2m  - waiting for locator('.AppMain') to be visible[22m

    at MainPageTest.waitForPageReady [90m(/Users/eljinwhitehead/site-castle/[39mplaywright-test/main.spec.ts:250:23[90m)[39m
    at [90m/Users/eljinwhitehead/site-castle/[39mplaywright-test/main.spec.ts:387:7 {
  name: [32m'TimeoutError'[39m,
  [32mSymbol(step)[39m: {
    stepId: [32m'pw:api@11'[39m,
    location: {
      file: [32m'/Users/eljinwhitehead/site-castle/playwright-test/main.spec.ts'[39m,
      line: [33m250[39m,
      column: [33m23[39m,
      function: [32m'MainPageTest.waitForPageReady'[39m
    },
    category: [32m'pw:api'[39m,
    title: [32m"Wait for selector locator('.AppMain')"[39m,
    apiName: [32m'page.waitForSelector'[39m,
    params: { selector: [32m'.AppMain'[39m, state: [32m'visible'[39m, timeout: [33m10000[39m },
    boxedStack: [90mundefined[39m,
    steps: [],
    attachmentIndices: [],
    info: TestStepInfoImpl {
      annotations: [],
      _testInfo: [36m[TestInfoImpl][39m,
      _stepId: [32m'pw:api@11'[39m,
      skip: [36m[Function (anonymous)][39m
    },
    complete: [36m[Function: complete][39m,
    endWallTime: [33m1753895538391[39m,
    error: {
      message: [32m'TimeoutError: page.waitForSelector: Timeout 10000ms exceeded.\n'[39m +
        [32m'Call log:\n'[39m +
        [32m"\x1B[2m  - waiting for locator('.AppMain') to be visible\x1B[22m\n"[39m,
      stack: [32m'TimeoutError: page.waitForSelector: Timeout 10000ms exceeded.\n'[39m +
        [32m'Call log:\n'[39m +
        [32m"\x1B[2m  - waiting for locator('.AppMain') to be visible\x1B[22m\n"[39m +
        [32m'\n'[39m +
        [32m'    at MainPageTest.waitForPageReady (/Users/eljinwhitehead/site-castle/playwright-test/main.spec.ts:250:23)\n'[39m +
        [32m'    at /Users/eljinwhitehead/site-castle/playwright-test/main.spec.ts:387:7'[39m,
      cause: [90mundefined[39m
    }
  }
}

[1A[2KVerifying main page load...

[1A[2K[chromium] › playwright-test/main.spec.ts:597:9 › Castle.com Main Page Tests › Search and Filter Test Cases › TC-009: Game Category Tabs
Page ready check had issues: page.waitForSelector: Timeout 10000ms exceeded.
Call log:
[2m  - waiting for locator('.AppMain') to be visible[22m

    at MainPageTest.waitForPageReady [90m(/Users/eljinwhitehead/site-castle/[39mplaywright-test/main.spec.ts:250:23[90m)[39m
    at [90m/Users/eljinwhitehead/site-castle/[39mplaywright-test/main.spec.ts:387:7 {
  name: [32m'TimeoutError'[39m,
  [32mSymbol(step)[39m: {
    stepId: [32m'pw:api@11'[39m,
    location: {
      file: [32m'/Users/eljinwhitehead/site-castle/playwright-test/main.spec.ts'[39m,
      line: [33m250[39m,
      column: [33m23[39m,
      function: [32m'MainPageTest.waitForPageReady'[39m
    },
    category: [32m'pw:api'[39m,
    title: [32m"Wait for selector locator('.AppMain')"[39m,
    apiName: [32m'page.waitForSelector'[39m,
    params: { selector: [32m'.AppMain'[39m, state: [32m'visible'[39m, timeout: [33m10000[39m },
    boxedStack: [90mundefined[39m,
    steps: [],
    attachmentIndices: [],
    info: TestStepInfoImpl {
      annotations: [],
      _testInfo: [36m[TestInfoImpl][39m,
      _stepId: [32m'pw:api@11'[39m,
      skip: [36m[Function (anonymous)][39m
    },
    complete: [36m[Function: complete][39m,
    endWallTime: [33m1753895538467[39m,
    error: {
      message: [32m'TimeoutError: page.waitForSelector: Timeout 10000ms exceeded.\n'[39m +
        [32m'Call log:\n'[39m +
        [32m"\x1B[2m  - waiting for locator('.AppMain') to be visible\x1B[22m\n"[39m,
      stack: [32m'TimeoutError: page.waitForSelector: Timeout 10000ms exceeded.\n'[39m +
        [32m'Call log:\n'[39m +
        [32m"\x1B[2m  - waiting for locator('.AppMain') to be visible\x1B[22m\n"[39m +
        [32m'\n'[39m +
        [32m'    at MainPageTest.waitForPageReady (/Users/eljinwhitehead/site-castle/playwright-test/main.spec.ts:250:23)\n'[39m +
        [32m'    at /Users/eljinwhitehead/site-castle/playwright-test/main.spec.ts:387:7'[39m,
      cause: [90mundefined[39m
    }
  }
}

[1A[2KVerifying main page load...

[1A[2K[chromium] › playwright-test/main.spec.ts:477:9 › Castle.com Main Page Tests › Navigation Menu Test Cases › TC-004: Left Navigation Menu Display
Page ready check had issues: page.waitForSelector: Timeout 10000ms exceeded.
Call log:
[2m  - waiting for locator('.AppMain') to be visible[22m

    at MainPageTest.waitForPageReady [90m(/Users/eljinwhitehead/site-castle/[39mplaywright-test/main.spec.ts:250:23[90m)[39m
    at [90m/Users/eljinwhitehead/site-castle/[39mplaywright-test/main.spec.ts:387:7 {
  name: [32m'TimeoutError'[39m,
  [32mSymbol(step)[39m: {
    stepId: [32m'pw:api@13'[39m,
    location: {
      file: [32m'/Users/eljinwhitehead/site-castle/playwright-test/main.spec.ts'[39m,
      line: [33m250[39m,
      column: [33m23[39m,
      function: [32m'MainPageTest.waitForPageReady'[39m
    },
    category: [32m'pw:api'[39m,
    title: [32m"Wait for selector locator('.AppMain')"[39m,
    apiName: [32m'page.waitForSelector'[39m,
    params: { selector: [32m'.AppMain'[39m, state: [32m'visible'[39m, timeout: [33m10000[39m },
    boxedStack: [90mundefined[39m,
    steps: [],
    attachmentIndices: [],
    info: TestStepInfoImpl {
      annotations: [],
      _testInfo: [36m[TestInfoImpl][39m,
      _stepId: [32m'pw:api@13'[39m,
      skip: [36m[Function (anonymous)][39m
    },
    complete: [36m[Function: complete][39m,
    endWallTime: [33m1753895538709[39m,
    error: {
      message: [32m'TimeoutError: page.waitForSelector: Timeout 10000ms exceeded.\n'[39m +
        [32m'Call log:\n'[39m +
        [32m"\x1B[2m  - waiting for locator('.AppMain') to be visible\x1B[22m\n"[39m,
      stack: [32m'TimeoutError: page.waitForSelector: Timeout 10000ms exceeded.\n'[39m +
        [32m'Call log:\n'[39m +
        [32m"\x1B[2m  - waiting for locator('.AppMain') to be visible\x1B[22m\n"[39m +
        [32m'\n'[39m +
        [32m'    at MainPageTest.waitForPageReady (/Users/eljinwhitehead/site-castle/playwright-test/main.spec.ts:250:23)\n'[39m +
        [32m'    at /Users/eljinwhitehead/site-castle/playwright-test/main.spec.ts:387:7'[39m,
      cause: [90mundefined[39m
    }
  }
}

[1A[2KVerifying main page load...

[1A[2K[chromium] › playwright-test/main.spec.ts:450:9 › Castle.com Main Page Tests › Header Section Test Cases › TC-003: User Avatar Dropdown
Page ready check had issues: page.waitForSelector: Timeout 10000ms exceeded.
Call log:
[2m  - waiting for locator('.AppMain') to be visible[22m

    at MainPageTest.waitForPageReady [90m(/Users/eljinwhitehead/site-castle/[39mplaywright-test/main.spec.ts:250:23[90m)[39m
    at [90m/Users/eljinwhitehead/site-castle/[39mplaywright-test/main.spec.ts:387:7 {
  name: [32m'TimeoutError'[39m,
  [32mSymbol(step)[39m: {
    stepId: [32m'pw:api@13'[39m,
    location: {
      file: [32m'/Users/eljinwhitehead/site-castle/playwright-test/main.spec.ts'[39m,
      line: [33m250[39m,
      column: [33m23[39m,
      function: [32m'MainPageTest.waitForPageReady'[39m
    },
    category: [32m'pw:api'[39m,
    title: [32m"Wait for selector locator('.AppMain')"[39m,
    apiName: [32m'page.waitForSelector'[39m,
    params: { selector: [32m'.AppMain'[39m, state: [32m'visible'[39m, timeout: [33m10000[39m },
    boxedStack: [90mundefined[39m,
    steps: [],
    attachmentIndices: [],
    info: TestStepInfoImpl {
      annotations: [],
      _testInfo: [36m[TestInfoImpl][39m,
      _stepId: [32m'pw:api@13'[39m,
      skip: [36m[Function (anonymous)][39m
    },
    complete: [36m[Function: complete][39m,
    endWallTime: [33m1753895539231[39m,
    error: {
      message: [32m'TimeoutError: page.waitForSelector: Timeout 10000ms exceeded.\n'[39m +
        [32m'Call log:\n'[39m +
        [32m"\x1B[2m  - waiting for locator('.AppMain') to be visible\x1B[22m\n"[39m,
      stack: [32m'TimeoutError: page.waitForSelector: Timeout 10000ms exceeded.\n'[39m +
        [32m'Call log:\n'[39m +
        [32m"\x1B[2m  - waiting for locator('.AppMain') to be visible\x1B[22m\n"[39m +
        [32m'\n'[39m +
        [32m'    at MainPageTest.waitForPageReady (/Users/eljinwhitehead/site-castle/playwright-test/main.spec.ts:250:23)\n'[39m +
        [32m'    at /Users/eljinwhitehead/site-castle/playwright-test/main.spec.ts:387:7'[39m,
      cause: [90mundefined[39m
    }
  }
}

[1A[2KVerifying main page load...

[1A[2K[chromium] › playwright-test/main.spec.ts:503:9 › Castle.com Main Page Tests › Navigation Menu Test Cases › TC-005: Navigation Menu Links
Page ready check had issues: page.waitForSelector: Timeout 10000ms exceeded.
Call log:
[2m  - waiting for locator('.AppMain') to be visible[22m

    at MainPageTest.waitForPageReady [90m(/Users/eljinwhitehead/site-castle/[39mplaywright-test/main.spec.ts:250:23[90m)[39m
    at [90m/Users/eljinwhitehead/site-castle/[39mplaywright-test/main.spec.ts:527:11
    at [90m/Users/eljinwhitehead/site-castle/[39mplaywright-test/main.spec.ts:504:7 {
  name: [32m'TimeoutError'[39m,
  [32mSymbol(step)[39m: {
    stepId: [32m'pw:api@35'[39m,
    location: {
      file: [32m'/Users/eljinwhitehead/site-castle/playwright-test/main.spec.ts'[39m,
      line: [33m250[39m,
      column: [33m23[39m,
      function: [32m'MainPageTest.waitForPageReady'[39m
    },
    category: [32m'pw:api'[39m,
    title: [32m"Wait for selector locator('.AppMain')"[39m,
    apiName: [32m'page.waitForSelector'[39m,
    params: { selector: [32m'.AppMain'[39m, state: [32m'visible'[39m, timeout: [33m10000[39m },
    boxedStack: [90mundefined[39m,
    steps: [],
    attachmentIndices: [],
    info: TestStepInfoImpl {
      annotations: [],
      _testInfo: [36m[TestInfoImpl][39m,
      _stepId: [32m'pw:api@35'[39m,
      skip: [36m[Function (anonymous)][39m
    },
    complete: [36m[Function: complete][39m,
    endWallTime: [33m1753895540355[39m,
    error: {
      message: [32m'TimeoutError: page.waitForSelector: Timeout 10000ms exceeded.\n'[39m +
        [32m'Call log:\n'[39m +
        [32m"\x1B[2m  - waiting for locator('.AppMain') to be visible\x1B[22m\n"[39m,
      stack: [32m'TimeoutError: page.waitForSelector: Timeout 10000ms exceeded.\n'[39m +
        [32m'Call log:\n'[39m +
        [32m"\x1B[2m  - waiting for locator('.AppMain') to be visible\x1B[22m\n"[39m +
        [32m'\n'[39m +
        [32m'    at MainPageTest.waitForPageReady (/Users/eljinwhitehead/site-castle/playwright-test/main.spec.ts:250:23)\n'[39m +
        [32m'    at /Users/eljinwhitehead/site-castle/playwright-test/main.spec.ts:527:11\n'[39m +
        [32m'    at /Users/eljinwhitehead/site-castle/playwright-test/main.spec.ts:504:7'[39m,
      cause: [90mundefined[39m
    }
  }
}

[1A[2KTesting Cases Battles link

[1A[2K[chromium] › playwright-test/main.spec.ts:536:9 › Castle.com Main Page Tests › Main Banner Test Cases › TC-006: Promotional Banner Display
Page ready check had issues: page.waitForSelector: Timeout 10000ms exceeded.
Call log:
[2m  - waiting for locator('.AppMain') to be visible[22m

    at MainPageTest.waitForPageReady [90m(/Users/eljinwhitehead/site-castle/[39mplaywright-test/main.spec.ts:250:23[90m)[39m
    at [90m/Users/eljinwhitehead/site-castle/[39mplaywright-test/main.spec.ts:387:7 {
  name: [32m'TimeoutError'[39m,
  [32mSymbol(step)[39m: {
    stepId: [32m'pw:api@13'[39m,
    location: {
      file: [32m'/Users/eljinwhitehead/site-castle/playwright-test/main.spec.ts'[39m,
      line: [33m250[39m,
      column: [33m23[39m,
      function: [32m'MainPageTest.waitForPageReady'[39m
    },
    category: [32m'pw:api'[39m,
    title: [32m"Wait for selector locator('.AppMain')"[39m,
    apiName: [32m'page.waitForSelector'[39m,
    params: { selector: [32m'.AppMain'[39m, state: [32m'visible'[39m, timeout: [33m10000[39m },
    boxedStack: [90mundefined[39m,
    steps: [],
    attachmentIndices: [],
    info: TestStepInfoImpl {
      annotations: [],
      _testInfo: [36m[TestInfoImpl][39m,
      _stepId: [32m'pw:api@13'[39m,
      skip: [36m[Function (anonymous)][39m
    },
    complete: [36m[Function: complete][39m,
    endWallTime: [33m1753895542693[39m,
    error: {
      message: [32m'TimeoutError: page.waitForSelector: Timeout 10000ms exceeded.\n'[39m +
        [32m'Call log:\n'[39m +
        [32m"\x1B[2m  - waiting for locator('.AppMain') to be visible\x1B[22m\n"[39m,
      stack: [32m'TimeoutError: page.waitForSelector: Timeout 10000ms exceeded.\n'[39m +
        [32m'Call log:\n'[39m +
        [32m"\x1B[2m  - waiting for locator('.AppMain') to be visible\x1B[22m\n"[39m +
        [32m'\n'[39m +
        [32m'    at MainPageTest.waitForPageReady (/Users/eljinwhitehead/site-castle/playwright-test/main.spec.ts:250:23)\n'[39m +
        [32m'    at /Users/eljinwhitehead/site-castle/playwright-test/main.spec.ts:387:7'[39m,
      cause: [90mundefined[39m
    }
  }
}

[1A[2KVerifying main page load...

[1A[2K[chromium] › playwright-test/main.spec.ts:577:9 › Castle.com Main Page Tests › Search and Filter Test Cases › TC-008: Game Search Functionality
Error in test setup: ExpectError: [31mTimed out 10000ms waiting for [39m[2mexpect([22m[31mlocator[39m[2m).[22mtoBeVisible[2m()[22m

Locator: locator('.Vector.site-logo, svg:has(path[d*="M44.6064"])').first()
Expected: visible
Received: <element(s) not found>
Call log:
[2m  - Expect "toBeVisible" with timeout 10000ms[22m
[2m  - waiting for locator('.Vector.site-logo, svg:has(path[d*="M44.6064"])').first()[22m

    at MainPageTest.verifyPageLoad [90m(/Users/eljinwhitehead/site-castle/[39mplaywright-test/main.spec.ts:366:36[90m)[39m
    at [90m/Users/eljinwhitehead/site-castle/[39mplaywright-test/main.spec.ts:394:7 {
  matcherResult: {
    message: [32m'\x1B[31mTimed out 10000ms waiting for \x1B[39m\x1B[2mexpect(\x1B[22m\x1B[31mlocator\x1B[39m\x1B[2m).\x1B[22mtoBeVisible\x1B[2m()\x1B[22m\n'[39m +
      [32m'\n'[39m +
      [32m`Locator: locator('.Vector.site-logo, svg:has(path[d*="M44.6064"])').first()\n`[39m +
      [32m'Expected: visible\n'[39m +
      [32m'Received: <element(s) not found>\n'[39m +
      [32m'Call log:\n'[39m +
      [32m'\x1B[2m  - Expect "toBeVisible" with timeout 10000ms\x1B[22m\n'[39m +
      [32m`\x1B[2m  - waiting for locator('.Vector.site-logo, svg:has(path[d*="M44.6064"])').first()\x1B[22m\n`[39m,
    pass: [33mfalse[39m,
    actual: [32m'<element(s) not found>'[39m,
    name: [32m'toBeVisible'[39m,
    expected: [32m'visible'[39m,
    log: [
      [32m'  - Expect "toBeVisible" with timeout 10000ms'[39m,
      [32m`  - waiting for locator('.Vector.site-logo, svg:has(path[d*="M44.6064"])').first()`[39m
    ],
    timeout: [33m10000[39m
  },
  [32mSymbol(step)[39m: {
    stepId: [32m'expect@13'[39m,
    category: [32m'expect'[39m,
    apiName: [32m'expect.toBeVisible'[39m,
    title: [32m'toBeVisible'[39m,
    params: { expected: [36m[Object][39m },
    infectParentStepsWithError: [90mundefined[39m,
    boxedStack: [90mundefined[39m,
    location: {
      file: [32m'/Users/eljinwhitehead/site-castle/playwright-test/main.spec.ts'[39m,
      line: [33m366[39m,
      column: [33m36[39m,
      function: [32m'MainPageTest.verifyPageLoad'[39m
    },
    steps: [],
    attachmentIndices: [],
    info: TestStepInfoImpl {
      annotations: [],
      _testInfo: [36m[TestInfoImpl][39m,
      _stepId: [32m'expect@13'[39m,
      skip: [36m[Function (anonymous)][39m
    },
    complete: [36m[Function: complete][39m,
    endWallTime: [33m1753895548244[39m,
    error: {
      message: [32m'Error: \x1B[31mTimed out 10000ms waiting for \x1B[39m\x1B[2mexpect(\x1B[22m\x1B[31mlocator\x1B[39m\x1B[2m).\x1B[22mtoBeVisible\x1B[2m()\x1B[22m\n'[39m +
        [32m'\n'[39m +
        [32m`Locator: locator('.Vector.site-logo, svg:has(path[d*="M44.6064"])').first()\n`[39m +
        [32m'Expected: visible\n'[39m +
        [32m'Received: <element(s) not found>\n'[39m +
        [32m'Call log:\n'[39m +
        [32m'\x1B[2m  - Expect "toBeVisible" with timeout 10000ms\x1B[22m\n'[39m +
        [32m`\x1B[2m  - waiting for locator('.Vector.site-logo, svg:has(path[d*="M44.6064"])').first()\x1B[22m\n`[39m,
      stack: [32m'Error: \x1B[31mTimed out 10000ms waiting for \x1B[39m\x1B[2mexpect(\x1B[22m\x1B[31mlocator\x1B[39m\x1B[2m).\x1B[22mtoBeVisible\x1B[2m()\x1B[22m\n'[39m +
        [32m'\n'[39m +
        [32m`Locator: locator('.Vector.site-logo, svg:has(path[d*="M44.6064"])').first()\n`[39m +
        [32m'Expected: visible\n'[39m +
        [32m'Received: <element(s) not found>\n'[39m +
        [32m'Call log:\n'[39m +
        [32m'\x1B[2m  - Expect "toBeVisible" with timeout 10000ms\x1B[22m\n'[39m +
        [32m`\x1B[2m  - waiting for locator('.Vector.site-logo, svg:has(path[d*="M44.6064"])').first()\x1B[22m\n`[39m +
        [32m'\n'[39m +
        [32m'    at MainPageTest.verifyPageLoad (/Users/eljinwhitehead/site-castle/playwright-test/main.spec.ts:366:36)\n'[39m +
        [32m'    at /Users/eljinwhitehead/site-castle/playwright-test/main.spec.ts:394:7'[39m,
      cause: [90mundefined[39m
    }
  }
}

[1A[2KStarting TC-008: Game Search Functionality

[1A[2K[chromium] › playwright-test/main.spec.ts:626:9 › Castle.com Main Page Tests › Featured Games Section Test Cases › TC-010: Featured Games Display
Error in test setup: ExpectError: [31mTimed out 10000ms waiting for [39m[2mexpect([22m[31mlocator[39m[2m).[22mtoBeVisible[2m()[22m

Locator: locator('.Vector.site-logo, svg:has(path[d*="M44.6064"])').first()
Expected: visible
Received: <element(s) not found>
Call log:
[2m  - Expect "toBeVisible" with timeout 10000ms[22m
[2m  - waiting for locator('.Vector.site-logo, svg:has(path[d*="M44.6064"])').first()[22m

    at MainPageTest.verifyPageLoad [90m(/Users/eljinwhitehead/site-castle/[39mplaywright-test/main.spec.ts:366:36[90m)[39m
    at [90m/Users/eljinwhitehead/site-castle/[39mplaywright-test/main.spec.ts:394:7 {
  matcherResult: {
    message: [32m'\x1B[31mTimed out 10000ms waiting for \x1B[39m\x1B[2mexpect(\x1B[22m\x1B[31mlocator\x1B[39m\x1B[2m).\x1B[22mtoBeVisible\x1B[2m()\x1B[22m\n'[39m +
      [32m'\n'[39m +
      [32m`Locator: locator('.Vector.site-logo, svg:has(path[d*="M44.6064"])').first()\n`[39m +
      [32m'Expected: visible\n'[39m +
      [32m'Received: <element(s) not found>\n'[39m +
      [32m'Call log:\n'[39m +
      [32m'\x1B[2m  - Expect "toBeVisible" with timeout 10000ms\x1B[22m\n'[39m +
      [32m`\x1B[2m  - waiting for locator('.Vector.site-logo, svg:has(path[d*="M44.6064"])').first()\x1B[22m\n`[39m,
    pass: [33mfalse[39m,
    actual: [32m'<element(s) not found>'[39m,
    name: [32m'toBeVisible'[39m,
    expected: [32m'visible'[39m,
    log: [
      [32m'  - Expect "toBeVisible" with timeout 10000ms'[39m,
      [32m`  - waiting for locator('.Vector.site-logo, svg:has(path[d*="M44.6064"])').first()`[39m
    ],
    timeout: [33m10000[39m
  },
  [32mSymbol(step)[39m: {
    stepId: [32m'expect@13'[39m,
    category: [32m'expect'[39m,
    apiName: [32m'expect.toBeVisible'[39m,
    title: [32m'toBeVisible'[39m,
    params: { expected: [36m[Object][39m },
    infectParentStepsWithError: [90mundefined[39m,
    boxedStack: [90mundefined[39m,
    location: {
      file: [32m'/Users/eljinwhitehead/site-castle/playwright-test/main.spec.ts'[39m,
      line: [33m366[39m,
      column: [33m36[39m,
      function: [32m'MainPageTest.verifyPageLoad'[39m
    },
    steps: [],
    attachmentIndices: [],
    info: TestStepInfoImpl {
      annotations: [],
      _testInfo: [36m[TestInfoImpl][39m,
      _stepId: [32m'expect@13'[39m,
      skip: [36m[Function (anonymous)][39m
    },
    complete: [36m[Function: complete][39m,
    endWallTime: [33m1753895548396[39m,
    error: {
      message: [32m'Error: \x1B[31mTimed out 10000ms waiting for \x1B[39m\x1B[2mexpect(\x1B[22m\x1B[31mlocator\x1B[39m\x1B[2m).\x1B[22mtoBeVisible\x1B[2m()\x1B[22m\n'[39m +
        [32m'\n'[39m +
        [32m`Locator: locator('.Vector.site-logo, svg:has(path[d*="M44.6064"])').first()\n`[39m +
        [32m'Expected: visible\n'[39m +
        [32m'Received: <element(s) not found>\n'[39m +
        [32m'Call log:\n'[39m +
        [32m'\x1B[2m  - Expect "toBeVisible" with timeout 10000ms\x1B[22m\n'[39m +
        [32m`\x1B[2m  - waiting for locator('.Vector.site-logo, svg:has(path[d*="M44.6064"])').first()\x1B[22m\n`[39m,
      stack: [32m'Error: \x1B[31mTimed out 10000ms waiting for \x1B[39m\x1B[2mexpect(\x1B[22m\x1B[31mlocator\x1B[39m\x1B[2m).\x1B[22mtoBeVisible\x1B[2m()\x1B[22m\n'[39m +
        [32m'\n'[39m +
        [32m`Locator: locator('.Vector.site-logo, svg:has(path[d*="M44.6064"])').first()\n`[39m +
        [32m'Expected: visible\n'[39m +
        [32m'Received: <element(s) not found>\n'[39m +
        [32m'Call log:\n'[39m +
        [32m'\x1B[2m  - Expect "toBeVisible" with timeout 10000ms\x1B[22m\n'[39m +
        [32m`\x1B[2m  - waiting for locator('.Vector.site-logo, svg:has(path[d*="M44.6064"])').first()\x1B[22m\n`[39m +
        [32m'\n'[39m +
        [32m'    at MainPageTest.verifyPageLoad (/Users/eljinwhitehead/site-castle/playwright-test/main.spec.ts:366:36)\n'[39m +
        [32m'    at /Users/eljinwhitehead/site-castle/playwright-test/main.spec.ts:394:7'[39m,
      cause: [90mundefined[39m
    }
  }
}

[1A[2KStarting TC-010: Featured Games Display

[1A[2K[chromium] › playwright-test/main.spec.ts:597:9 › Castle.com Main Page Tests › Search and Filter Test Cases › TC-009: Game Category Tabs
Error in test setup: ExpectError: [31mTimed out 10000ms waiting for [39m[2mexpect([22m[31mlocator[39m[2m).[22mtoBeVisible[2m()[22m

Locator: locator('.Vector.site-logo, svg:has(path[d*="M44.6064"])').first()
Expected: visible
Received: <element(s) not found>
Call log:
[2m  - Expect "toBeVisible" with timeout 10000ms[22m
[2m  - waiting for locator('.Vector.site-logo, svg:has(path[d*="M44.6064"])').first()[22m

    at MainPageTest.verifyPageLoad [90m(/Users/eljinwhitehead/site-castle/[39mplaywright-test/main.spec.ts:366:36[90m)[39m
    at [90m/Users/eljinwhitehead/site-castle/[39mplaywright-test/main.spec.ts:394:7 {
  matcherResult: {
    message: [32m'\x1B[31mTimed out 10000ms waiting for \x1B[39m\x1B[2mexpect(\x1B[22m\x1B[31mlocator\x1B[39m\x1B[2m).\x1B[22mtoBeVisible\x1B[2m()\x1B[22m\n'[39m +
      [32m'\n'[39m +
      [32m`Locator: locator('.Vector.site-logo, svg:has(path[d*="M44.6064"])').first()\n`[39m +
      [32m'Expected: visible\n'[39m +
      [32m'Received: <element(s) not found>\n'[39m +
      [32m'Call log:\n'[39m +
      [32m'\x1B[2m  - Expect "toBeVisible" with timeout 10000ms\x1B[22m\n'[39m +
      [32m`\x1B[2m  - waiting for locator('.Vector.site-logo, svg:has(path[d*="M44.6064"])').first()\x1B[22m\n`[39m,
    pass: [33mfalse[39m,
    actual: [32m'<element(s) not found>'[39m,
    name: [32m'toBeVisible'[39m,
    expected: [32m'visible'[39m,
    log: [
      [32m'  - Expect "toBeVisible" with timeout 10000ms'[39m,
      [32m`  - waiting for locator('.Vector.site-logo, svg:has(path[d*="M44.6064"])').first()`[39m
    ],
    timeout: [33m10000[39m
  },
  [32mSymbol(step)[39m: {
    stepId: [32m'expect@13'[39m,
    category: [32m'expect'[39m,
    apiName: [32m'expect.toBeVisible'[39m,
    title: [32m'toBeVisible'[39m,
    params: { expected: [36m[Object][39m },
    infectParentStepsWithError: [90mundefined[39m,
    boxedStack: [90mundefined[39m,
    location: {
      file: [32m'/Users/eljinwhitehead/site-castle/playwright-test/main.spec.ts'[39m,
      line: [33m366[39m,
      column: [33m36[39m,
      function: [32m'MainPageTest.verifyPageLoad'[39m
    },
    steps: [],
    attachmentIndices: [],
    info: TestStepInfoImpl {
      annotations: [],
      _testInfo: [36m[TestInfoImpl][39m,
      _stepId: [32m'expect@13'[39m,
      skip: [36m[Function (anonymous)][39m
    },
    complete: [36m[Function: complete][39m,
    endWallTime: [33m1753895548471[39m,
    error: {
      message: [32m'Error: \x1B[31mTimed out 10000ms waiting for \x1B[39m\x1B[2mexpect(\x1B[22m\x1B[31mlocator\x1B[39m\x1B[2m).\x1B[22mtoBeVisible\x1B[2m()\x1B[22m\n'[39m +
        [32m'\n'[39m +
        [32m`Locator: locator('.Vector.site-logo, svg:has(path[d*="M44.6064"])').first()\n`[39m +
        [32m'Expected: visible\n'[39m +
        [32m'Received: <element(s) not found>\n'[39m +
        [32m'Call log:\n'[39m +
        [32m'\x1B[2m  - Expect "toBeVisible" with timeout 10000ms\x1B[22m\n'[39m +
        [32m`\x1B[2m  - waiting for locator('.Vector.site-logo, svg:has(path[d*="M44.6064"])').first()\x1B[22m\n`[39m,
      stack: [32m'Error: \x1B[31mTimed out 10000ms waiting for \x1B[39m\x1B[2mexpect(\x1B[22m\x1B[31mlocator\x1B[39m\x1B[2m).\x1B[22mtoBeVisible\x1B[2m()\x1B[22m\n'[39m +
        [32m'\n'[39m +
        [32m`Locator: locator('.Vector.site-logo, svg:has(path[d*="M44.6064"])').first()\n`[39m +
        [32m'Expected: visible\n'[39m +
        [32m'Received: <element(s) not found>\n'[39m +
        [32m'Call log:\n'[39m +
        [32m'\x1B[2m  - Expect "toBeVisible" with timeout 10000ms\x1B[22m\n'[39m +
        [32m`\x1B[2m  - waiting for locator('.Vector.site-logo, svg:has(path[d*="M44.6064"])').first()\x1B[22m\n`[39m +
        [32m'\n'[39m +
        [32m'    at MainPageTest.verifyPageLoad (/Users/eljinwhitehead/site-castle/playwright-test/main.spec.ts:366:36)\n'[39m +
        [32m'    at /Users/eljinwhitehead/site-castle/playwright-test/main.spec.ts:394:7'[39m,
      cause: [90mundefined[39m
    }
  }
}

[1A[2KStarting TC-009: Game Category Tabs

[1A[2KTC-009 completed

[1A[2K[14/99] [chromium] › playwright-test/main.spec.ts:644:9 › Castle.com Main Page Tests › Featured Games Section Test Cases › TC-011: Featured Game Launch
[1A[2K[chromium] › playwright-test/main.spec.ts:644:9 › Castle.com Main Page Tests › Featured Games Section Test Cases › TC-011: Featured Game Launch
Starting main page test setup...

[1A[2K[chromium] › playwright-test/main.spec.ts:477:9 › Castle.com Main Page Tests › Navigation Menu Test Cases › TC-004: Left Navigation Menu Display
Error in test setup: ExpectError: [31mTimed out 10000ms waiting for [39m[2mexpect([22m[31mlocator[39m[2m).[22mtoBeVisible[2m()[22m

Locator: locator('.Vector.site-logo, svg:has(path[d*="M44.6064"])').first()
Expected: visible
Received: <element(s) not found>
Call log:
[2m  - Expect "toBeVisible" with timeout 10000ms[22m
[2m  - waiting for locator('.Vector.site-logo, svg:has(path[d*="M44.6064"])').first()[22m

    at MainPageTest.verifyPageLoad [90m(/Users/eljinwhitehead/site-castle/[39mplaywright-test/main.spec.ts:366:36[90m)[39m
    at [90m/Users/eljinwhitehead/site-castle/[39mplaywright-test/main.spec.ts:394:7 {
  matcherResult: {
    message: [32m'\x1B[31mTimed out 10000ms waiting for \x1B[39m\x1B[2mexpect(\x1B[22m\x1B[31mlocator\x1B[39m\x1B[2m).\x1B[22mtoBeVisible\x1B[2m()\x1B[22m\n'[39m +
      [32m'\n'[39m +
      [32m`Locator: locator('.Vector.site-logo, svg:has(path[d*="M44.6064"])').first()\n`[39m +
      [32m'Expected: visible\n'[39m +
      [32m'Received: <element(s) not found>\n'[39m +
      [32m'Call log:\n'[39m +
      [32m'\x1B[2m  - Expect "toBeVisible" with timeout 10000ms\x1B[22m\n'[39m +
      [32m`\x1B[2m  - waiting for locator('.Vector.site-logo, svg:has(path[d*="M44.6064"])').first()\x1B[22m\n`[39m,
    pass: [33mfalse[39m,
    actual: [32m'<element(s) not found>'[39m,
    name: [32m'toBeVisible'[39m,
    expected: [32m'visible'[39m,
    log: [
      [32m'  - Expect "toBeVisible" with timeout 10000ms'[39m,
      [32m`  - waiting for locator('.Vector.site-logo, svg:has(path[d*="M44.6064"])').first()`[39m
    ],
    timeout: [33m10000[39m
  },
  [32mSymbol(step)[39m: {
    stepId: [32m'expect@15'[39m,
    category: [32m'expect'[39m,
    apiName: [32m'expect.toBeVisible'[39m,
    title: [32m'toBeVisible'[39m,
    params: { expected: [36m[Object][39m },
    infectParentStepsWithError: [90mundefined[39m,
    boxedStack: [90mundefined[39m,
    location: {
      file: [32m'/Users/eljinwhitehead/site-castle/playwright-test/main.spec.ts'[39m,
      line: [33m366[39m,
      column: [33m36[39m,
      function: [32m'MainPageTest.verifyPageLoad'[39m
    },
    steps: [],
    attachmentIndices: [],
    info: TestStepInfoImpl {
      annotations: [],
      _testInfo: [36m[TestInfoImpl][39m,
      _stepId: [32m'expect@15'[39m,
      skip: [36m[Function (anonymous)][39m
    },
    complete: [36m[Function: complete][39m,
    endWallTime: [33m1753895548749[39m,
    error: {
      message: [32m'Error: \x1B[31mTimed out 10000ms waiting for \x1B[39m\x1B[2mexpect(\x1B[22m\x1B[31mlocator\x1B[39m\x1B[2m).\x1B[22mtoBeVisible\x1B[2m()\x1B[22m\n'[39m +
        [32m'\n'[39m +
        [32m`Locator: locator('.Vector.site-logo, svg:has(path[d*="M44.6064"])').first()\n`[39m +
        [32m'Expected: visible\n'[39m +
        [32m'Received: <element(s) not found>\n'[39m +
        [32m'Call log:\n'[39m +
        [32m'\x1B[2m  - Expect "toBeVisible" with timeout 10000ms\x1B[22m\n'[39m +
        [32m`\x1B[2m  - waiting for locator('.Vector.site-logo, svg:has(path[d*="M44.6064"])').first()\x1B[22m\n`[39m,
      stack: [32m'Error: \x1B[31mTimed out 10000ms waiting for \x1B[39m\x1B[2mexpect(\x1B[22m\x1B[31mlocator\x1B[39m\x1B[2m).\x1B[22mtoBeVisible\x1B[2m()\x1B[22m\n'[39m +
        [32m'\n'[39m +
        [32m`Locator: locator('.Vector.site-logo, svg:has(path[d*="M44.6064"])').first()\n`[39m +
        [32m'Expected: visible\n'[39m +
        [32m'Received: <element(s) not found>\n'[39m +
        [32m'Call log:\n'[39m +
        [32m'\x1B[2m  - Expect "toBeVisible" with timeout 10000ms\x1B[22m\n'[39m +
        [32m`\x1B[2m  - waiting for locator('.Vector.site-logo, svg:has(path[d*="M44.6064"])').first()\x1B[22m\n`[39m +
        [32m'\n'[39m +
        [32m'    at MainPageTest.verifyPageLoad (/Users/eljinwhitehead/site-castle/playwright-test/main.spec.ts:366:36)\n'[39m +
        [32m'    at /Users/eljinwhitehead/site-castle/playwright-test/main.spec.ts:394:7'[39m,
      cause: [90mundefined[39m
    }
  }
}

[1A[2KStarting TC-004: Left Navigation Menu Display

[1A[2K[chromium] › playwright-test/main.spec.ts:644:9 › Castle.com Main Page Tests › Featured Games Section Test Cases › TC-011: Featured Game Launch
Navigated to main page

[1A[2KWaiting for page to be ready...

[1A[2K[chromium] › playwright-test/main.spec.ts:450:9 › Castle.com Main Page Tests › Header Section Test Cases › TC-003: User Avatar Dropdown
Error in test setup: ExpectError: [31mTimed out 10000ms waiting for [39m[2mexpect([22m[31mlocator[39m[2m).[22mtoBeVisible[2m()[22m

Locator: locator('.Vector.site-logo, svg:has(path[d*="M44.6064"])').first()
Expected: visible
Received: <element(s) not found>
Call log:
[2m  - Expect "toBeVisible" with timeout 10000ms[22m
[2m  - waiting for locator('.Vector.site-logo, svg:has(path[d*="M44.6064"])').first()[22m

    at MainPageTest.verifyPageLoad [90m(/Users/eljinwhitehead/site-castle/[39mplaywright-test/main.spec.ts:366:36[90m)[39m
    at [90m/Users/eljinwhitehead/site-castle/[39mplaywright-test/main.spec.ts:394:7 {
  matcherResult: {
    message: [32m'\x1B[31mTimed out 10000ms waiting for \x1B[39m\x1B[2mexpect(\x1B[22m\x1B[31mlocator\x1B[39m\x1B[2m).\x1B[22mtoBeVisible\x1B[2m()\x1B[22m\n'[39m +
      [32m'\n'[39m +
      [32m`Locator: locator('.Vector.site-logo, svg:has(path[d*="M44.6064"])').first()\n`[39m +
      [32m'Expected: visible\n'[39m +
      [32m'Received: <element(s) not found>\n'[39m +
      [32m'Call log:\n'[39m +
      [32m'\x1B[2m  - Expect "toBeVisible" with timeout 10000ms\x1B[22m\n'[39m +
      [32m`\x1B[2m  - waiting for locator('.Vector.site-logo, svg:has(path[d*="M44.6064"])').first()\x1B[22m\n`[39m,
    pass: [33mfalse[39m,
    actual: [32m'<element(s) not found>'[39m,
    name: [32m'toBeVisible'[39m,
    expected: [32m'visible'[39m,
    log: [
      [32m'  - Expect "toBeVisible" with timeout 10000ms'[39m,
      [32m`  - waiting for locator('.Vector.site-logo, svg:has(path[d*="M44.6064"])').first()`[39m
    ],
    timeout: [33m10000[39m
  },
  [32mSymbol(step)[39m: {
    stepId: [32m'expect@15'[39m,
    category: [32m'expect'[39m,
    apiName: [32m'expect.toBeVisible'[39m,
    title: [32m'toBeVisible'[39m,
    params: { expected: [36m[Object][39m },
    infectParentStepsWithError: [90mundefined[39m,
    boxedStack: [90mundefined[39m,
    location: {
      file: [32m'/Users/eljinwhitehead/site-castle/playwright-test/main.spec.ts'[39m,
      line: [33m366[39m,
      column: [33m36[39m,
      function: [32m'MainPageTest.verifyPageLoad'[39m
    },
    steps: [],
    attachmentIndices: [],
    info: TestStepInfoImpl {
      annotations: [],
      _testInfo: [36m[TestInfoImpl][39m,
      _stepId: [32m'expect@15'[39m,
      skip: [36m[Function (anonymous)][39m
    },
    complete: [36m[Function: complete][39m,
    endWallTime: [33m1753895549240[39m,
    error: {
      message: [32m'Error: \x1B[31mTimed out 10000ms waiting for \x1B[39m\x1B[2mexpect(\x1B[22m\x1B[31mlocator\x1B[39m\x1B[2m).\x1B[22mtoBeVisible\x1B[2m()\x1B[22m\n'[39m +
        [32m'\n'[39m +
        [32m`Locator: locator('.Vector.site-logo, svg:has(path[d*="M44.6064"])').first()\n`[39m +
        [32m'Expected: visible\n'[39m +
        [32m'Received: <element(s) not found>\n'[39m +
        [32m'Call log:\n'[39m +
        [32m'\x1B[2m  - Expect "toBeVisible" with timeout 10000ms\x1B[22m\n'[39m +
        [32m`\x1B[2m  - waiting for locator('.Vector.site-logo, svg:has(path[d*="M44.6064"])').first()\x1B[22m\n`[39m,
      stack: [32m'Error: \x1B[31mTimed out 10000ms waiting for \x1B[39m\x1B[2mexpect(\x1B[22m\x1B[31mlocator\x1B[39m\x1B[2m).\x1B[22mtoBeVisible\x1B[2m()\x1B[22m\n'[39m +
        [32m'\n'[39m +
        [32m`Locator: locator('.Vector.site-logo, svg:has(path[d*="M44.6064"])').first()\n`[39m +
        [32m'Expected: visible\n'[39m +
        [32m'Received: <element(s) not found>\n'[39m +
        [32m'Call log:\n'[39m +
        [32m'\x1B[2m  - Expect "toBeVisible" with timeout 10000ms\x1B[22m\n'[39m +
        [32m`\x1B[2m  - waiting for locator('.Vector.site-logo, svg:has(path[d*="M44.6064"])').first()\x1B[22m\n`[39m +
        [32m'\n'[39m +
        [32m'    at MainPageTest.verifyPageLoad (/Users/eljinwhitehead/site-castle/playwright-test/main.spec.ts:366:36)\n'[39m +
        [32m'    at /Users/eljinwhitehead/site-castle/playwright-test/main.spec.ts:394:7'[39m,
      cause: [90mundefined[39m
    }
  }
}

[1A[2KStarting TC-003: User Avatar Dropdown

[1A[2KUser not logged in, skipping avatar dropdown test

[1A[2KTC-003 completed

[1A[2K  1) [chromium] › playwright-test/main.spec.ts:450:9 › Castle.com Main Page Tests › Header Section Test Cases › TC-003: User Avatar Dropdown › Verify that clicking the user avatar displays the dropdown menu 

    Error: [2mexpect([22m[31mreceived[39m[2m).[22mtoBeTruthy[2m()[22m

    Received: [31mfalse[39m

      460 |           // Check for dropdown menu
      461 |           const dropdownVisible = await mainPage.page.locator('.dropdown-menu, [class*="dropdown"]').isVisible().catch(() => false);
    > 462 |           expect(dropdownVisible).toBeTruthy();
          |                                   ^
      463 |           
      464 |           // Click outside to close
      465 |           await mainPage.page.click('body', { position: { x: 0, y: 0 } });
        at /Users/eljinwhitehead/site-castle/playwright-test/main.spec.ts:462:35
        at /Users/eljinwhitehead/site-castle/playwright-test/main.spec.ts:451:7

    Error Context: test-results/main-Castle-com-Main-Page--bbe9b-TC-003-User-Avatar-Dropdown-chromium/error-context.md


[1A[2K[15/99] [chromium] › playwright-test/main.spec.ts:670:9 › Castle.com Main Page Tests › Original Games Section Test Cases › TC-012: Original Games Carousel
[1A[2K[chromium] › playwright-test/main.spec.ts:670:9 › Castle.com Main Page Tests › Original Games Section Test Cases › TC-012: Original Games Carousel
Starting main page test setup...

[1A[2KNavigated to main page

[1A[2KWaiting for page to be ready...

[1A[2K[16/99] [chromium] › playwright-test/main.spec.ts:503:9 › Castle.com Main Page Tests › Navigation Menu Test Cases › TC-005: Navigation Menu Links (retry #1)
[1A[2K[chromium] › playwright-test/main.spec.ts:503:9 › Castle.com Main Page Tests › Navigation Menu Test Cases › TC-005: Navigation Menu Links
Starting main page test setup...

[1A[2KNavigated to main page

[1A[2KWaiting for page to be ready...

[1A[2K[chromium] › playwright-test/main.spec.ts:644:9 › Castle.com Main Page Tests › Featured Games Section Test Cases › TC-011: Featured Game Launch
Page ready check completed

[1A[2KVerifying main page load...

[1A[2KMain page verification complete

[1A[2KStarting TC-011: Featured Game Launch

[1A[2K[chromium] › playwright-test/main.spec.ts:536:9 › Castle.com Main Page Tests › Main Banner Test Cases › TC-006: Promotional Banner Display
Error in test setup: ExpectError: [31mTimed out 10000ms waiting for [39m[2mexpect([22m[31mlocator[39m[2m).[22mtoBeVisible[2m()[22m

Locator: locator('.Vector.site-logo, svg:has(path[d*="M44.6064"])').first()
Expected: visible
Received: <element(s) not found>
Call log:
[2m  - Expect "toBeVisible" with timeout 10000ms[22m
[2m  - waiting for locator('.Vector.site-logo, svg:has(path[d*="M44.6064"])').first()[22m

    at MainPageTest.verifyPageLoad [90m(/Users/eljinwhitehead/site-castle/[39mplaywright-test/main.spec.ts:366:36[90m)[39m
    at [90m/Users/eljinwhitehead/site-castle/[39mplaywright-test/main.spec.ts:394:7 {
  matcherResult: {
    message: [32m'\x1B[31mTimed out 10000ms waiting for \x1B[39m\x1B[2mexpect(\x1B[22m\x1B[31mlocator\x1B[39m\x1B[2m).\x1B[22mtoBeVisible\x1B[2m()\x1B[22m\n'[39m +
      [32m'\n'[39m +
      [32m`Locator: locator('.Vector.site-logo, svg:has(path[d*="M44.6064"])').first()\n`[39m +
      [32m'Expected: visible\n'[39m +
      [32m'Received: <element(s) not found>\n'[39m +
      [32m'Call log:\n'[39m +
      [32m'\x1B[2m  - Expect "toBeVisible" with timeout 10000ms\x1B[22m\n'[39m +
      [32m`\x1B[2m  - waiting for locator('.Vector.site-logo, svg:has(path[d*="M44.6064"])').first()\x1B[22m\n`[39m,
    pass: [33mfalse[39m,
    actual: [32m'<element(s) not found>'[39m,
    name: [32m'toBeVisible'[39m,
    expected: [32m'visible'[39m,
    log: [
      [32m'  - Expect "toBeVisible" with timeout 10000ms'[39m,
      [32m`  - waiting for locator('.Vector.site-logo, svg:has(path[d*="M44.6064"])').first()`[39m
    ],
    timeout: [33m10000[39m
  },
  [32mSymbol(step)[39m: {
    stepId: [32m'expect@15'[39m,
    category: [32m'expect'[39m,
    apiName: [32m'expect.toBeVisible'[39m,
    title: [32m'toBeVisible'[39m,
    params: { expected: [36m[Object][39m },
    infectParentStepsWithError: [90mundefined[39m,
    boxedStack: [90mundefined[39m,
    location: {
      file: [32m'/Users/eljinwhitehead/site-castle/playwright-test/main.spec.ts'[39m,
      line: [33m366[39m,
      column: [33m36[39m,
      function: [32m'MainPageTest.verifyPageLoad'[39m
    },
    steps: [],
    attachmentIndices: [],
    info: TestStepInfoImpl {
      annotations: [],
      _testInfo: [36m[TestInfoImpl][39m,
      _stepId: [32m'expect@15'[39m,
      skip: [36m[Function (anonymous)][39m
    },
    complete: [36m[Function: complete][39m,
    endWallTime: [33m1753895552703[39m,
    error: {
      message: [32m'Error: \x1B[31mTimed out 10000ms waiting for \x1B[39m\x1B[2mexpect(\x1B[22m\x1B[31mlocator\x1B[39m\x1B[2m).\x1B[22mtoBeVisible\x1B[2m()\x1B[22m\n'[39m +
        [32m'\n'[39m +
        [32m`Locator: locator('.Vector.site-logo, svg:has(path[d*="M44.6064"])').first()\n`[39m +
        [32m'Expected: visible\n'[39m +
        [32m'Received: <element(s) not found>\n'[39m +
        [32m'Call log:\n'[39m +
        [32m'\x1B[2m  - Expect "toBeVisible" with timeout 10000ms\x1B[22m\n'[39m +
        [32m`\x1B[2m  - waiting for locator('.Vector.site-logo, svg:has(path[d*="M44.6064"])').first()\x1B[22m\n`[39m,
      stack: [32m'Error: \x1B[31mTimed out 10000ms waiting for \x1B[39m\x1B[2mexpect(\x1B[22m\x1B[31mlocator\x1B[39m\x1B[2m).\x1B[22mtoBeVisible\x1B[2m()\x1B[22m\n'[39m +
        [32m'\n'[39m +
        [32m`Locator: locator('.Vector.site-logo, svg:has(path[d*="M44.6064"])').first()\n`[39m +
        [32m'Expected: visible\n'[39m +
        [32m'Received: <element(s) not found>\n'[39m +
        [32m'Call log:\n'[39m +
        [32m'\x1B[2m  - Expect "toBeVisible" with timeout 10000ms\x1B[22m\n'[39m +
        [32m`\x1B[2m  - waiting for locator('.Vector.site-logo, svg:has(path[d*="M44.6064"])').first()\x1B[22m\n`[39m +
        [32m'\n'[39m +
        [32m'    at MainPageTest.verifyPageLoad (/Users/eljinwhitehead/site-castle/playwright-test/main.spec.ts:366:36)\n'[39m +
        [32m'    at /Users/eljinwhitehead/site-castle/playwright-test/main.spec.ts:394:7'[39m,
      cause: [90mundefined[39m
    }
  }
}

[1A[2KStarting TC-006: Promotional Banner Display

[1A[2K[17/99] [chromium] › playwright-test/main.spec.ts:577:9 › Castle.com Main Page Tests › Search and Filter Test Cases › TC-008: Game Search Functionality (retry #1)
[1A[2K[chromium] › playwright-test/main.spec.ts:670:9 › Castle.com Main Page Tests › Original Games Section Test Cases › TC-012: Original Games Carousel
Page ready check completed

[1A[2KVerifying main page load...

[1A[2K[chromium] › playwright-test/main.spec.ts:577:9 › Castle.com Main Page Tests › Search and Filter Test Cases › TC-008: Game Search Functionality
Starting main page test setup...

[1A[2K[chromium] › playwright-test/main.spec.ts:670:9 › Castle.com Main Page Tests › Original Games Section Test Cases › TC-012: Original Games Carousel
Main page verification complete

[1A[2KStarting TC-012: Original Games Carousel

[1A[2K[18/99] [chromium] › playwright-test/main.spec.ts:626:9 › Castle.com Main Page Tests › Featured Games Section Test Cases › TC-010: Featured Games Display (retry #1)
[1A[2K[chromium] › playwright-test/main.spec.ts:626:9 › Castle.com Main Page Tests › Featured Games Section Test Cases › TC-010: Featured Games Display
Starting main page test setup...

[1A[2K[chromium] › playwright-test/main.spec.ts:644:9 › Castle.com Main Page Tests › Featured Games Section Test Cases › TC-011: Featured Game Launch
Waiting for page to be ready...

[1A[2K[19/99] [chromium] › playwright-test/main.spec.ts:670:9 › Castle.com Main Page Tests › Original Games Section Test Cases › TC-012: Original Games Carousel (retry #1)
[1A[2K  2) [chromium] › playwright-test/main.spec.ts:477:9 › Castle.com Main Page Tests › Navigation Menu Test Cases › TC-004: Left Navigation Menu Display › Verify that the left navigation menu displays all required sections 

    Error: expect.toBeVisible: Error: strict mode violation: locator('span:has-text("GAMES")') resolved to 6 elements:
        1) <span class="Span fade-content _s _mb-24 _pl-24 _pr-24 _font-size-10 _font-weight-medium _text-transform-uppercase">Games</span> aka getByText('Games', { exact: true }).first()
        2) <span class="Span label _s _color-dark-sand _font-size-14 _line-height-16 _font-weight-medium">Original Games</span> aka getByRole('navigation').getByText('Original Games')
        3) <span class="Span label _s _color-dark-sand _font-size-14 _line-height-16 _font-weight-medium">Games</span> aka getByRole('link', { name: 'Games', exact: true })
        4) <span class="Span label _s _color-light-sand _font-size-14 _font-weight-thin">All Games</span> aka getByRole('button', { name: 'All Games' })
        5) <span class="Span label _s _color-light-sand _font-size-14 _font-weight-thin">Featured Games</span> aka getByRole('button', { name: 'Featured Games' })
        6) <span class="Span label _s _color-light-sand _font-size-14 _font-weight-thin">Original Games</span> aka getByRole('button', { name: 'Original Games' })

    Call log:
    [2m  - Expect "toBeVisible" with timeout 5000ms[22m
    [2m  - waiting for locator('span:has-text("GAMES")')[22m


      486 |         
      487 |         // Check GAMES section
    > 488 |         await expect(mainPage.page.locator('span:has-text("GAMES")')).toBeVisible();
          |                                                                       ^
      489 |         await expect(mainPage.navigation.duelGameLink).toBeVisible();
      490 |         await expect(mainPage.navigation.caseBattlesLink).toBeVisible();
      491 |         await expect(mainPage.navigation.originalGamesDropdown).toBeVisible();
        at /Users/eljinwhitehead/site-castle/playwright-test/main.spec.ts:488:71
        at /Users/eljinwhitehead/site-castle/playwright-test/main.spec.ts:478:7

    Error Context: test-results/main-Castle-com-Main-Page--f763f-eft-Navigation-Menu-Display-chromium/error-context.md

    Retry #1 ───────────────────────────────────────────────────────────────────────────────────────

    Error: [31mTimed out 5000ms waiting for [39m[2mexpect([22m[31mlocator[39m[2m).[22mtoBeVisible[2m()[22m

    Locator: locator('a[href="/"] .label:has-text("Home")').first()
    Expected: visible
    Received: <element(s) not found>
    Call log:
    [2m  - Expect "toBeVisible" with timeout 5000ms[22m
    [2m  - waiting for locator('a[href="/"] .label:has-text("Home")').first()[22m


      479 |         console.log('Starting TC-004: Left Navigation Menu Display');
      480 |         
    > 481 |         await expect(mainPage.navigation.homeLink).toBeVisible();
          |                                                    ^
      482 |         await expect(mainPage.navigation.referralsLink).toBeVisible();
      483 |         
      484 |         // Check RACES section header
        at /Users/eljinwhitehead/site-castle/playwright-test/main.spec.ts:481:52
        at /Users/eljinwhitehead/site-castle/playwright-test/main.spec.ts:478:18

    Error Context: test-results/main-Castle-com-Main-Page--f763f-eft-Navigation-Menu-Display-chromium-retry1/error-context.md

    attachment #2: trace (application/zip) ─────────────────────────────────────────────────────────
    test-results/main-Castle-com-Main-Page--f763f-eft-Navigation-Menu-Display-chromium-retry1/trace.zip
    Usage:

        npx playwright show-trace test-results/main-Castle-com-Main-Page--f763f-eft-Navigation-Menu-Display-chromium-retry1/trace.zip

    ────────────────────────────────────────────────────────────────────────────────────────────────


[1A[2K[chromium] › playwright-test/main.spec.ts:670:9 › Castle.com Main Page Tests › Original Games Section Test Cases › TC-012: Original Games Carousel
Starting main page test setup...

[1A[2K[chromium] › playwright-test/main.spec.ts:577:9 › Castle.com Main Page Tests › Search and Filter Test Cases › TC-008: Game Search Functionality
Navigated to main page

[1A[2KWaiting for page to be ready...

[1A[2K[chromium] › playwright-test/main.spec.ts:626:9 › Castle.com Main Page Tests › Featured Games Section Test Cases › TC-010: Featured Games Display
Navigated to main page

[1A[2KWaiting for page to be ready...

[1A[2K[20/99] [chromium] › playwright-test/main.spec.ts:697:9 › Castle.com Main Page Tests › Original Games Section Test Cases › TC-013: Original Games Navigation
[1A[2K[chromium] › playwright-test/main.spec.ts:503:9 › Castle.com Main Page Tests › Navigation Menu Test Cases › TC-005: Navigation Menu Links
Page ready check completed

[1A[2KVerifying main page load...

[1A[2KMain page verification complete

[1A[2KStarting TC-005: Navigation Menu Links

[1A[2KTesting Referrals link

[1A[2K[chromium] › playwright-test/main.spec.ts:697:9 › Castle.com Main Page Tests › Original Games Section Test Cases › TC-013: Original Games Navigation
Starting main page test setup...

[1A[2K[chromium] › playwright-test/main.spec.ts:670:9 › Castle.com Main Page Tests › Original Games Section Test Cases › TC-012: Original Games Carousel
Navigated to main page

[1A[2KWaiting for page to be ready...

[1A[2K[chromium] › playwright-test/main.spec.ts:503:9 › Castle.com Main Page Tests › Navigation Menu Test Cases › TC-005: Navigation Menu Links
Waiting for page to be ready...

[1A[2K[chromium] › playwright-test/main.spec.ts:697:9 › Castle.com Main Page Tests › Original Games Section Test Cases › TC-013: Original Games Navigation
Navigated to main page

[1A[2KWaiting for page to be ready...

[1A[2K[chromium] › playwright-test/main.spec.ts:644:9 › Castle.com Main Page Tests › Featured Games Section Test Cases › TC-011: Featured Game Launch
Page ready check completed

[1A[2K  3) [chromium] › playwright-test/main.spec.ts:536:9 › Castle.com Main Page Tests › Main Banner Test Cases › TC-006: Promotional Banner Display › Verify that the main promotional banner displays correctly 

    Error: [31mTimed out 5000ms waiting for [39m[2mexpect([22m[31mlocator[39m[2m).[22mtoHaveText[2m([22m[32mexpected[39m[2m)[22m

    Locator: locator('.HeroBanner h1:has-text("Shitcoin Crash")').first()
    Expected string: [32m"S[7mHITCOIN CRASH[27m"[39m
    Received string: [31m"S[7mhitcoin Crash[27m"[39m
    Call log:
    [2m  - Expect "toHaveText" with timeout 5000ms[22m
    [2m  - waiting for locator('.HeroBanner h1:has-text("Shitcoin Crash")').first()[22m
    [2m    9 × locator resolved to <h1 class="Heading _s _color-dark-brown _font-size-64 _line-height-56 _font-weight-regular _text-transform-uppercase">Shitcoin Crash</h1>[22m
    [2m      - unexpected value "Shitcoin Crash"[22m


      540 |         await expect(mainPage.mainBanner.banner).toBeVisible();
      541 |         await expect(mainPage.mainBanner.heading).toBeVisible();
    > 542 |         await expect(mainPage.mainBanner.heading).toHaveText('SHITCOIN CRASH');
          |                                                   ^
      543 |         
      544 |         await expect(mainPage.mainBanner.description).toBeVisible();
      545 |         await expect(mainPage.mainBanner.description).toContainText('Ride the pump and cash out before the dump!');
        at /Users/eljinwhitehead/site-castle/playwright-test/main.spec.ts:542:51
        at /Users/eljinwhitehead/site-castle/playwright-test/main.spec.ts:537:7

    Error Context: test-results/main-Castle-com-Main-Page--a1acb--Promotional-Banner-Display-chromium/error-context.md

    Retry #1 ───────────────────────────────────────────────────────────────────────────────────────

    Error: [31mTimed out 5000ms waiting for [39m[2mexpect([22m[31mlocator[39m[2m).[22mtoBeVisible[2m()[22m

    Locator: locator('.HeroBanner').first()
    Expected: visible
    Received: <element(s) not found>
    Call log:
    [2m  - Expect "toBeVisible" with timeout 5000ms[22m
    [2m  - waiting for locator('.HeroBanner').first()[22m


      538 |         console.log('Starting TC-006: Promotional Banner Display');
      539 |         
    > 540 |         await expect(mainPage.mainBanner.banner).toBeVisible();
          |                                                  ^
      541 |         await expect(mainPage.mainBanner.heading).toBeVisible();
      542 |         await expect(mainPage.mainBanner.heading).toHaveText('SHITCOIN CRASH');
      543 |         
        at /Users/eljinwhitehead/site-castle/playwright-test/main.spec.ts:540:50
        at /Users/eljinwhitehead/site-castle/playwright-test/main.spec.ts:537:18

    Error Context: test-results/main-Castle-com-Main-Page--a1acb--Promotional-Banner-Display-chromium-retry1/error-context.md

    attachment #2: trace (application/zip) ─────────────────────────────────────────────────────────
    test-results/main-Castle-com-Main-Page--a1acb--Promotional-Banner-Display-chromium-retry1/trace.zip
    Usage:

        npx playwright show-trace test-results/main-Castle-com-Main-Page--a1acb--Promotional-Banner-Display-chromium-retry1/trace.zip

    ────────────────────────────────────────────────────────────────────────────────────────────────


[1A[2KTC-011 completed

[1A[2K[21/99] [chromium] › playwright-test/main.spec.ts:746:9 › Castle.com Main Page Tests › Hot Games Section Test Cases › TC-015: Recently Added Section
[1A[2K[chromium] › playwright-test/main.spec.ts:746:9 › Castle.com Main Page Tests › Hot Games Section Test Cases › TC-015: Recently Added Section
Starting main page test setup...

[1A[2K[chromium] › playwright-test/main.spec.ts:577:9 › Castle.com Main Page Tests › Search and Filter Test Cases › TC-008: Game Search Functionality
Page ready check completed

[1A[2KVerifying main page load...

[1A[2KMain page verification complete

[1A[2KStarting TC-008: Game Search Functionality

[1A[2KSearching for game: Crash

[1A[2K[22/99] [chromium] › playwright-test/main.spec.ts:724:9 › Castle.com Main Page Tests › Hot Games Section Test Cases › TC-014: Hot Games Display
[1A[2K[chromium] › playwright-test/main.spec.ts:724:9 › Castle.com Main Page Tests › Hot Games Section Test Cases › TC-014: Hot Games Display
Starting main page test setup...

[1A[2K[chromium] › playwright-test/main.spec.ts:626:9 › Castle.com Main Page Tests › Featured Games Section Test Cases › TC-010: Featured Games Display
Page ready check completed

[1A[2KVerifying main page load...

[1A[2KMain page verification complete

[1A[2KStarting TC-010: Featured Games Display

[1A[2K[chromium] › playwright-test/main.spec.ts:746:9 › Castle.com Main Page Tests › Hot Games Section Test Cases › TC-015: Recently Added Section
Navigated to main page

[1A[2KWaiting for page to be ready...

[1A[2K[chromium] › playwright-test/main.spec.ts:670:9 › Castle.com Main Page Tests › Original Games Section Test Cases › TC-012: Original Games Carousel
Page ready check completed

[1A[2KVerifying main page load...

[1A[2KMain page verification complete

[1A[2KStarting TC-012: Original Games Carousel

[1A[2K[chromium] › playwright-test/main.spec.ts:503:9 › Castle.com Main Page Tests › Navigation Menu Test Cases › TC-005: Navigation Menu Links
Page ready check completed

[1A[2KTesting Duel Game link

[1A[2K[chromium] › playwright-test/main.spec.ts:724:9 › Castle.com Main Page Tests › Hot Games Section Test Cases › TC-014: Hot Games Display
Navigated to main page

[1A[2KWaiting for page to be ready...

[1A[2K[chromium] › playwright-test/main.spec.ts:577:9 › Castle.com Main Page Tests › Search and Filter Test Cases › TC-008: Game Search Functionality
Search completed for: Crash

[1A[2K  4) [chromium] › playwright-test/main.spec.ts:670:9 › Castle.com Main Page Tests › Original Games Section Test Cases › TC-012: Original Games Carousel › Verify that the Original Games carousel functions correctly 

    Error: [2mexpect([22m[31mreceived[39m[2m).[22mtoBeGreaterThan[2m([22m[32mexpected[39m[2m)[22m

    Expected: > [32m0[39m
    Received:   [31m0[39m

      675 |         
      676 |         const gameCards = await mainPage.originalGames.gameCards.count();
    > 677 |         expect(gameCards).toBeGreaterThan(0);
          |                           ^
      678 |         
      679 |         // Test navigation arrows
      680 |         const nextArrow = mainPage.originalGames.navigationArrows.next;
        at /Users/eljinwhitehead/site-castle/playwright-test/main.spec.ts:677:27
        at /Users/eljinwhitehead/site-castle/playwright-test/main.spec.ts:671:7

    Error Context: test-results/main-Castle-com-Main-Page--8878f-012-Original-Games-Carousel-chromium/error-context.md

    Retry #1 ───────────────────────────────────────────────────────────────────────────────────────

    Error: [2mexpect([22m[31mreceived[39m[2m).[22mtoBeGreaterThan[2m([22m[32mexpected[39m[2m)[22m

    Expected: > [32m0[39m
    Received:   [31m0[39m

      675 |         
      676 |         const gameCards = await mainPage.originalGames.gameCards.count();
    > 677 |         expect(gameCards).toBeGreaterThan(0);
          |                           ^
      678 |         
      679 |         // Test navigation arrows
      680 |         const nextArrow = mainPage.originalGames.navigationArrows.next;
        at /Users/eljinwhitehead/site-castle/playwright-test/main.spec.ts:677:27
        at /Users/eljinwhitehead/site-castle/playwright-test/main.spec.ts:671:7

    Error Context: test-results/main-Castle-com-Main-Page--8878f-012-Original-Games-Carousel-chromium-retry1/error-context.md

    attachment #2: trace (application/zip) ─────────────────────────────────────────────────────────
    test-results/main-Castle-com-Main-Page--8878f-012-Original-Games-Carousel-chromium-retry1/trace.zip
    Usage:

        npx playwright show-trace test-results/main-Castle-com-Main-Page--8878f-012-Original-Games-Carousel-chromium-retry1/trace.zip

    ────────────────────────────────────────────────────────────────────────────────────────────────


[1A[2K[chromium] › playwright-test/main.spec.ts:503:9 › Castle.com Main Page Tests › Navigation Menu Test Cases › TC-005: Navigation Menu Links
Waiting for page to be ready...

[1A[2K[23/99] [chromium] › playwright-test/main.spec.ts:769:9 › Castle.com Main Page Tests › Providers Section Test Cases › TC-016: Game Providers Display
[1A[2K[chromium] › playwright-test/main.spec.ts:697:9 › Castle.com Main Page Tests › Original Games Section Test Cases › TC-013: Original Games Navigation
Page ready check completed

[1A[2KVerifying main page load...

[1A[2KMain page verification complete

[1A[2KStarting TC-013: Original Games Navigation

[1A[2K[chromium] › playwright-test/main.spec.ts:769:9 › Castle.com Main Page Tests › Providers Section Test Cases › TC-016: Game Providers Display
Starting main page test setup...

[1A[2K[chromium] › playwright-test/main.spec.ts:577:9 › Castle.com Main Page Tests › Search and Filter Test Cases › TC-008: Game Search Functionality
TC-008 completed

[1A[2K  5) [chromium] › playwright-test/main.spec.ts:577:9 › Castle.com Main Page Tests › Search and Filter Test Cases › TC-008: Game Search Functionality › Verify that the search bar allows users to search for games 

    Error: [31mTimed out 5000ms waiting for [39m[2mexpect([22m[31mlocator[39m[2m).[22mtoBeVisible[2m()[22m

    Locator: locator('input[placeholder="Search for a game or provider"]').first()
    Expected: visible
    Received: <element(s) not found>
    Call log:
    [2m  - Expect "toBeVisible" with timeout 5000ms[22m
    [2m  - waiting for locator('input[placeholder="Search for a game or provider"]').first()[22m


      579 |         console.log('Starting TC-008: Game Search Functionality');
      580 |         
    > 581 |         await expect(mainPage.searchFilter.searchBar).toBeVisible();
          |                                                       ^
      582 |         
      583 |         // Test search functionality
      584 |         await mainPage.searchForGame('Crash');
        at /Users/eljinwhitehead/site-castle/playwright-test/main.spec.ts:581:55
        at /Users/eljinwhitehead/site-castle/playwright-test/main.spec.ts:578:18

    Error Context: test-results/main-Castle-com-Main-Page--34c8a-8-Game-Search-Functionality-chromium/error-context.md


[1A[2K[24/99] [chromium] › playwright-test/main.spec.ts:796:9 › Castle.com Main Page Tests › Providers Section Test Cases › TC-017: Provider Filtering
[1A[2K[chromium] › playwright-test/main.spec.ts:796:9 › Castle.com Main Page Tests › Providers Section Test Cases › TC-017: Provider Filtering
Starting main page test setup...

[1A[2K[chromium] › playwright-test/main.spec.ts:769:9 › Castle.com Main Page Tests › Providers Section Test Cases › TC-016: Game Providers Display
Navigated to main page

[1A[2KWaiting for page to be ready...

[1A[2K[chromium] › playwright-test/main.spec.ts:796:9 › Castle.com Main Page Tests › Providers Section Test Cases › TC-017: Provider Filtering
Navigated to main page

[1A[2KWaiting for page to be ready...

[1A[2K  6) [chromium] › playwright-test/main.spec.ts:626:9 › Castle.com Main Page Tests › Featured Games Section Test Cases › TC-010: Featured Games Display › Verify that the Featured Games section displays games correctly 

    Error: [31mTimed out 5000ms waiting for [39m[2mexpect([22m[31mlocator[39m[2m).[22mtoBeVisible[2m()[22m

    Locator: locator('h2:has-text("Featured Games")').first()
    Expected: visible
    Received: <element(s) not found>
    Call log:
    [2m  - Expect "toBeVisible" with timeout 5000ms[22m
    [2m  - waiting for locator('h2:has-text("Featured Games")').first()[22m


      628 |         console.log('Starting TC-010: Featured Games Display');
      629 |         
    > 630 |         await expect(mainPage.featuredGames.sectionTitle).toBeVisible();
          |                                                           ^
      631 |         await expect(mainPage.featuredGames.sectionTitle).toHaveText('FEATURED GAMES');
      632 |         
      633 |         const gameCards = await mainPage.featuredGames.gameCards.count();
        at /Users/eljinwhitehead/site-castle/playwright-test/main.spec.ts:630:59
        at /Users/eljinwhitehead/site-castle/playwright-test/main.spec.ts:627:18

    Error Context: test-results/main-Castle-com-Main-Page--b1915--010-Featured-Games-Display-chromium/error-context.md

    Retry #1 ───────────────────────────────────────────────────────────────────────────────────────

    Error: [31mTimed out 5000ms waiting for [39m[2mexpect([22m[31mlocator[39m[2m).[22mtoHaveText[2m([22m[32mexpected[39m[2m)[22m

    Locator: locator('h2:has-text("Featured Games")').first()
    Expected string: [32m"FEATURED GAMES"[39m
    Received: <element(s) not found>
    Call log:
    [2m  - Expect "toHaveText" with timeout 5000ms[22m
    [2m  - waiting for locator('h2:has-text("Featured Games")').first()[22m
    [2m    5 × locator resolved to <h2 class="Heading _s _font-size-20 _font-weight-regular _text-transform-uppercase">Featured Games</h2>[22m
    [2m      - unexpected value "Featured Games"[22m


      629 |         
      630 |         await expect(mainPage.featuredGames.sectionTitle).toBeVisible();
    > 631 |         await expect(mainPage.featuredGames.sectionTitle).toHaveText('FEATURED GAMES');
          |                                                           ^
      632 |         
      633 |         const gameCards = await mainPage.featuredGames.gameCards.count();
      634 |         expect(gameCards).toBeGreaterThan(0);
        at /Users/eljinwhitehead/site-castle/playwright-test/main.spec.ts:631:59
        at /Users/eljinwhitehead/site-castle/playwright-test/main.spec.ts:627:7

    Error Context: test-results/main-Castle-com-Main-Page--b1915--010-Featured-Games-Display-chromium-retry1/error-context.md

    attachment #2: trace (application/zip) ─────────────────────────────────────────────────────────
    test-results/main-Castle-com-Main-Page--b1915--010-Featured-Games-Display-chromium-retry1/trace.zip
    Usage:

        npx playwright show-trace test-results/main-Castle-com-Main-Page--b1915--010-Featured-Games-Display-chromium-retry1/trace.zip

    ────────────────────────────────────────────────────────────────────────────────────────────────


[1A[2K[25/99] [chromium] › playwright-test/main.spec.ts:819:9 › Castle.com Main Page Tests › Categories Section Test Cases › TC-018: Game Categories Display
[1A[2K[chromium] › playwright-test/main.spec.ts:819:9 › Castle.com Main Page Tests › Categories Section Test Cases › TC-018: Game Categories Display
Starting main page test setup...

[1A[2KNavigated to main page

[1A[2KWaiting for page to be ready...

[1A[2KPage ready check completed

[1A[2KVerifying main page load...

[1A[2KMain page verification complete

[1A[2KStarting TC-018: Game Categories Display

[1A[2K[chromium] › playwright-test/main.spec.ts:746:9 › Castle.com Main Page Tests › Hot Games Section Test Cases › TC-015: Recently Added Section
Page ready check had issues: page.waitForSelector: Timeout 10000ms exceeded.
Call log:
[2m  - waiting for locator('.AppMain') to be visible[22m

    at MainPageTest.waitForPageReady [90m(/Users/eljinwhitehead/site-castle/[39mplaywright-test/main.spec.ts:250:23[90m)[39m
    at [90m/Users/eljinwhitehead/site-castle/[39mplaywright-test/main.spec.ts:387:7 {
  name: [32m'TimeoutError'[39m,
  [32mSymbol(step)[39m: {
    stepId: [32m'pw:api@11'[39m,
    location: {
      file: [32m'/Users/eljinwhitehead/site-castle/playwright-test/main.spec.ts'[39m,
      line: [33m250[39m,
      column: [33m23[39m,
      function: [32m'MainPageTest.waitForPageReady'[39m
    },
    category: [32m'pw:api'[39m,
    title: [32m"Wait for selector locator('.AppMain')"[39m,
    apiName: [32m'page.waitForSelector'[39m,
    params: { selector: [32m'.AppMain'[39m, state: [32m'visible'[39m, timeout: [33m10000[39m },
    boxedStack: [90mundefined[39m,
    steps: [],
    attachmentIndices: [],
    info: TestStepInfoImpl {
      annotations: [],
      _testInfo: [36m[TestInfoImpl][39m,
      _stepId: [32m'pw:api@11'[39m,
      skip: [36m[Function (anonymous)][39m
    },
    complete: [36m[Function: complete][39m,
    endWallTime: [33m1753895570161[39m,
    error: {
      message: [32m'TimeoutError: page.waitForSelector: Timeout 10000ms exceeded.\n'[39m +
        [32m'Call log:\n'[39m +
        [32m"\x1B[2m  - waiting for locator('.AppMain') to be visible\x1B[22m\n"[39m,
      stack: [32m'TimeoutError: page.waitForSelector: Timeout 10000ms exceeded.\n'[39m +
        [32m'Call log:\n'[39m +
        [32m"\x1B[2m  - waiting for locator('.AppMain') to be visible\x1B[22m\n"[39m +
        [32m'\n'[39m +
        [32m'    at MainPageTest.waitForPageReady (/Users/eljinwhitehead/site-castle/playwright-test/main.spec.ts:250:23)\n'[39m +
        [32m'    at /Users/eljinwhitehead/site-castle/playwright-test/main.spec.ts:387:7'[39m,
      cause: [90mundefined[39m
    }
  }
}

[1A[2KVerifying main page load...

[1A[2K[chromium] › playwright-test/main.spec.ts:503:9 › Castle.com Main Page Tests › Navigation Menu Test Cases › TC-005: Navigation Menu Links
Page ready check had issues: page.waitForSelector: Timeout 10000ms exceeded.
Call log:
[2m  - waiting for locator('.AppMain') to be visible[22m

    at MainPageTest.waitForPageReady [90m(/Users/eljinwhitehead/site-castle/[39mplaywright-test/main.spec.ts:250:23[90m)[39m
    at [90m/Users/eljinwhitehead/site-castle/[39mplaywright-test/main.spec.ts:527:11
    at [90m/Users/eljinwhitehead/site-castle/[39mplaywright-test/main.spec.ts:504:7 {
  name: [32m'TimeoutError'[39m,
  [32mSymbol(step)[39m: {
    stepId: [32m'pw:api@35'[39m,
    location: {
      file: [32m'/Users/eljinwhitehead/site-castle/playwright-test/main.spec.ts'[39m,
      line: [33m250[39m,
      column: [33m23[39m,
      function: [32m'MainPageTest.waitForPageReady'[39m
    },
    category: [32m'pw:api'[39m,
    title: [32m"Wait for selector locator('.AppMain')"[39m,
    apiName: [32m'page.waitForSelector'[39m,
    params: { selector: [32m'.AppMain'[39m, state: [32m'visible'[39m, timeout: [33m10000[39m },
    boxedStack: [90mundefined[39m,
    steps: [],
    attachmentIndices: [],
    info: TestStepInfoImpl {
      annotations: [],
      _testInfo: [36m[TestInfoImpl][39m,
      _stepId: [32m'pw:api@35'[39m,
      skip: [36m[Function (anonymous)][39m
    },
    complete: [36m[Function: complete][39m,
    endWallTime: [33m1753895570445[39m,
    error: {
      message: [32m'TimeoutError: page.waitForSelector: Timeout 10000ms exceeded.\n'[39m +
        [32m'Call log:\n'[39m +
        [32m"\x1B[2m  - waiting for locator('.AppMain') to be visible\x1B[22m\n"[39m,
      stack: [32m'TimeoutError: page.waitForSelector: Timeout 10000ms exceeded.\n'[39m +
        [32m'Call log:\n'[39m +
        [32m"\x1B[2m  - waiting for locator('.AppMain') to be visible\x1B[22m\n"[39m +
        [32m'\n'[39m +
        [32m'    at MainPageTest.waitForPageReady (/Users/eljinwhitehead/site-castle/playwright-test/main.spec.ts:250:23)\n'[39m +
        [32m'    at /Users/eljinwhitehead/site-castle/playwright-test/main.spec.ts:527:11\n'[39m +
        [32m'    at /Users/eljinwhitehead/site-castle/playwright-test/main.spec.ts:504:7'[39m,
      cause: [90mundefined[39m
    }
  }
}

[1A[2KTesting Cases Battles link

[1A[2K[chromium] › playwright-test/main.spec.ts:724:9 › Castle.com Main Page Tests › Hot Games Section Test Cases › TC-014: Hot Games Display
Page ready check had issues: page.waitForSelector: Timeout 10000ms exceeded.
Call log:
[2m  - waiting for locator('.AppMain') to be visible[22m

    at MainPageTest.waitForPageReady [90m(/Users/eljinwhitehead/site-castle/[39mplaywright-test/main.spec.ts:250:23[90m)[39m
    at [90m/Users/eljinwhitehead/site-castle/[39mplaywright-test/main.spec.ts:387:7 {
  name: [32m'TimeoutError'[39m,
  [32mSymbol(step)[39m: {
    stepId: [32m'pw:api@13'[39m,
    location: {
      file: [32m'/Users/eljinwhitehead/site-castle/playwright-test/main.spec.ts'[39m,
      line: [33m250[39m,
      column: [33m23[39m,
      function: [32m'MainPageTest.waitForPageReady'[39m
    },
    category: [32m'pw:api'[39m,
    title: [32m"Wait for selector locator('.AppMain')"[39m,
    apiName: [32m'page.waitForSelector'[39m,
    params: { selector: [32m'.AppMain'[39m, state: [32m'visible'[39m, timeout: [33m10000[39m },
    boxedStack: [90mundefined[39m,
    steps: [],
    attachmentIndices: [],
    info: TestStepInfoImpl {
      annotations: [],
      _testInfo: [36m[TestInfoImpl][39m,
      _stepId: [32m'pw:api@13'[39m,
      skip: [36m[Function (anonymous)][39m
    },
    complete: [36m[Function: complete][39m,
    endWallTime: [33m1753895570448[39m,
    error: {
      message: [32m'TimeoutError: page.waitForSelector: Timeout 10000ms exceeded.\n'[39m +
        [32m'Call log:\n'[39m +
        [32m"\x1B[2m  - waiting for locator('.AppMain') to be visible\x1B[22m\n"[39m,
      stack: [32m'TimeoutError: page.waitForSelector: Timeout 10000ms exceeded.\n'[39m +
        [32m'Call log:\n'[39m +
        [32m"\x1B[2m  - waiting for locator('.AppMain') to be visible\x1B[22m\n"[39m +
        [32m'\n'[39m +
        [32m'    at MainPageTest.waitForPageReady (/Users/eljinwhitehead/site-castle/playwright-test/main.spec.ts:250:23)\n'[39m +
        [32m'    at /Users/eljinwhitehead/site-castle/playwright-test/main.spec.ts:387:7'[39m,
      cause: [90mundefined[39m
    }
  }
}

[1A[2KVerifying main page load...

[1A[2K[chromium] › playwright-test/main.spec.ts:769:9 › Castle.com Main Page Tests › Providers Section Test Cases › TC-016: Game Providers Display
Page ready check had issues: page.waitForSelector: Timeout 10000ms exceeded.
Call log:
[2m  - waiting for locator('.AppMain') to be visible[22m

    at MainPageTest.waitForPageReady [90m(/Users/eljinwhitehead/site-castle/[39mplaywright-test/main.spec.ts:250:23[90m)[39m
    at [90m/Users/eljinwhitehead/site-castle/[39mplaywright-test/main.spec.ts:387:7 {
  name: [32m'TimeoutError'[39m,
  [32mSymbol(step)[39m: {
    stepId: [32m'pw:api@13'[39m,
    location: {
      file: [32m'/Users/eljinwhitehead/site-castle/playwright-test/main.spec.ts'[39m,
      line: [33m250[39m,
      column: [33m23[39m,
      function: [32m'MainPageTest.waitForPageReady'[39m
    },
    category: [32m'pw:api'[39m,
    title: [32m"Wait for selector locator('.AppMain')"[39m,
    apiName: [32m'page.waitForSelector'[39m,
    params: { selector: [32m'.AppMain'[39m, state: [32m'visible'[39m, timeout: [33m10000[39m },
    boxedStack: [90mundefined[39m,
    steps: [],
    attachmentIndices: [],
    info: TestStepInfoImpl {
      annotations: [],
      _testInfo: [36m[TestInfoImpl][39m,
      _stepId: [32m'pw:api@13'[39m,
      skip: [36m[Function (anonymous)][39m
    },
    complete: [36m[Function: complete][39m,
    endWallTime: [33m1753895571891[39m,
    error: {
      message: [32m'TimeoutError: page.waitForSelector: Timeout 10000ms exceeded.\n'[39m +
        [32m'Call log:\n'[39m +
        [32m"\x1B[2m  - waiting for locator('.AppMain') to be visible\x1B[22m\n"[39m,
      stack: [32m'TimeoutError: page.waitForSelector: Timeout 10000ms exceeded.\n'[39m +
        [32m'Call log:\n'[39m +
        [32m"\x1B[2m  - waiting for locator('.AppMain') to be visible\x1B[22m\n"[39m +
        [32m'\n'[39m +
        [32m'    at MainPageTest.waitForPageReady (/Users/eljinwhitehead/site-castle/playwright-test/main.spec.ts:250:23)\n'[39m +
        [32m'    at /Users/eljinwhitehead/site-castle/playwright-test/main.spec.ts:387:7'[39m,
      cause: [90mundefined[39m
    }
  }
}

[1A[2KVerifying main page load...

[1A[2K[chromium] › playwright-test/main.spec.ts:796:9 › Castle.com Main Page Tests › Providers Section Test Cases › TC-017: Provider Filtering
Page ready check had issues: page.waitForSelector: Timeout 10000ms exceeded.
Call log:
[2m  - waiting for locator('.AppMain') to be visible[22m

    at MainPageTest.waitForPageReady [90m(/Users/eljinwhitehead/site-castle/[39mplaywright-test/main.spec.ts:250:23[90m)[39m
    at [90m/Users/eljinwhitehead/site-castle/[39mplaywright-test/main.spec.ts:387:7 {
  name: [32m'TimeoutError'[39m,
  [32mSymbol(step)[39m: {
    stepId: [32m'pw:api@11'[39m,
    location: {
      file: [32m'/Users/eljinwhitehead/site-castle/playwright-test/main.spec.ts'[39m,
      line: [33m250[39m,
      column: [33m23[39m,
      function: [32m'MainPageTest.waitForPageReady'[39m
    },
    category: [32m'pw:api'[39m,
    title: [32m"Wait for selector locator('.AppMain')"[39m,
    apiName: [32m'page.waitForSelector'[39m,
    params: { selector: [32m'.AppMain'[39m, state: [32m'visible'[39m, timeout: [33m10000[39m },
    boxedStack: [90mundefined[39m,
    steps: [],
    attachmentIndices: [],
    info: TestStepInfoImpl {
      annotations: [],
      _testInfo: [36m[TestInfoImpl][39m,
      _stepId: [32m'pw:api@11'[39m,
      skip: [36m[Function (anonymous)][39m
    },
    complete: [36m[Function: complete][39m,
    endWallTime: [33m1753895572012[39m,
    error: {
      message: [32m'TimeoutError: page.waitForSelector: Timeout 10000ms exceeded.\n'[39m +
        [32m'Call log:\n'[39m +
        [32m"\x1B[2m  - waiting for locator('.AppMain') to be visible\x1B[22m\n"[39m,
      stack: [32m'TimeoutError: page.waitForSelector: Timeout 10000ms exceeded.\n'[39m +
        [32m'Call log:\n'[39m +
        [32m"\x1B[2m  - waiting for locator('.AppMain') to be visible\x1B[22m\n"[39m +
        [32m'\n'[39m +
        [32m'    at MainPageTest.waitForPageReady (/Users/eljinwhitehead/site-castle/playwright-test/main.spec.ts:250:23)\n'[39m +
        [32m'    at /Users/eljinwhitehead/site-castle/playwright-test/main.spec.ts:387:7'[39m,
      cause: [90mundefined[39m
    }
  }
}

[1A[2KVerifying main page load...

[1A[2K[26/99] [chromium] › playwright-test/main.spec.ts:819:9 › Castle.com Main Page Tests › Categories Section Test Cases › TC-018: Game Categories Display (retry #1)
[1A[2K[chromium] › playwright-test/main.spec.ts:819:9 › Castle.com Main Page Tests › Categories Section Test Cases › TC-018: Game Categories Display
Starting main page test setup...

[1A[2KNavigated to main page

[1A[2KWaiting for page to be ready...

[1A[2KPage ready check completed

[1A[2KVerifying main page load...

[1A[2KMain page verification complete

[1A[2KStarting TC-018: Game Categories Display

[1A[2K[27/99] [chromium] › playwright-test/main.spec.ts:697:9 › Castle.com Main Page Tests › Original Games Section Test Cases › TC-013: Original Games Navigation (retry #1)
[1A[2K[chromium] › playwright-test/main.spec.ts:697:9 › Castle.com Main Page Tests › Original Games Section Test Cases › TC-013: Original Games Navigation
Starting main page test setup...

[1A[2K[chromium] › playwright-test/main.spec.ts:746:9 › Castle.com Main Page Tests › Hot Games Section Test Cases › TC-015: Recently Added Section
Error in test setup: ExpectError: [31mTimed out 10000ms waiting for [39m[2mexpect([22m[31mlocator[39m[2m).[22mtoBeVisible[2m()[22m

Locator: locator('.Vector.site-logo, svg:has(path[d*="M44.6064"])').first()
Expected: visible
Received: <element(s) not found>
Call log:
[2m  - Expect "toBeVisible" with timeout 10000ms[22m
[2m  - waiting for locator('.Vector.site-logo, svg:has(path[d*="M44.6064"])').first()[22m

    at MainPageTest.verifyPageLoad [90m(/Users/eljinwhitehead/site-castle/[39mplaywright-test/main.spec.ts:366:36[90m)[39m
    at [90m/Users/eljinwhitehead/site-castle/[39mplaywright-test/main.spec.ts:394:7 {
  matcherResult: {
    message: [32m'\x1B[31mTimed out 10000ms waiting for \x1B[39m\x1B[2mexpect(\x1B[22m\x1B[31mlocator\x1B[39m\x1B[2m).\x1B[22mtoBeVisible\x1B[2m()\x1B[22m\n'[39m +
      [32m'\n'[39m +
      [32m`Locator: locator('.Vector.site-logo, svg:has(path[d*="M44.6064"])').first()\n`[39m +
      [32m'Expected: visible\n'[39m +
      [32m'Received: <element(s) not found>\n'[39m +
      [32m'Call log:\n'[39m +
      [32m'\x1B[2m  - Expect "toBeVisible" with timeout 10000ms\x1B[22m\n'[39m +
      [32m`\x1B[2m  - waiting for locator('.Vector.site-logo, svg:has(path[d*="M44.6064"])').first()\x1B[22m\n`[39m,
    pass: [33mfalse[39m,
    actual: [32m'<element(s) not found>'[39m,
    name: [32m'toBeVisible'[39m,
    expected: [32m'visible'[39m,
    log: [
      [32m'  - Expect "toBeVisible" with timeout 10000ms'[39m,
      [32m`  - waiting for locator('.Vector.site-logo, svg:has(path[d*="M44.6064"])').first()`[39m
    ],
    timeout: [33m10000[39m
  },
  [32mSymbol(step)[39m: {
    stepId: [32m'expect@13'[39m,
    category: [32m'expect'[39m,
    apiName: [32m'expect.toBeVisible'[39m,
    title: [32m'toBeVisible'[39m,
    params: { expected: [36m[Object][39m },
    infectParentStepsWithError: [90mundefined[39m,
    boxedStack: [90mundefined[39m,
    location: {
      file: [32m'/Users/eljinwhitehead/site-castle/playwright-test/main.spec.ts'[39m,
      line: [33m366[39m,
      column: [33m36[39m,
      function: [32m'MainPageTest.verifyPageLoad'[39m
    },
    steps: [],
    attachmentIndices: [],
    info: TestStepInfoImpl {
      annotations: [],
      _testInfo: [36m[TestInfoImpl][39m,
      _stepId: [32m'expect@13'[39m,
      skip: [36m[Function (anonymous)][39m
    },
    complete: [36m[Function: complete][39m,
    endWallTime: [33m1753895580165[39m,
    error: {
      message: [32m'Error: \x1B[31mTimed out 10000ms waiting for \x1B[39m\x1B[2mexpect(\x1B[22m\x1B[31mlocator\x1B[39m\x1B[2m).\x1B[22mtoBeVisible\x1B[2m()\x1B[22m\n'[39m +
        [32m'\n'[39m +
        [32m`Locator: locator('.Vector.site-logo, svg:has(path[d*="M44.6064"])').first()\n`[39m +
        [32m'Expected: visible\n'[39m +
        [32m'Received: <element(s) not found>\n'[39m +
        [32m'Call log:\n'[39m +
        [32m'\x1B[2m  - Expect "toBeVisible" with timeout 10000ms\x1B[22m\n'[39m +
        [32m`\x1B[2m  - waiting for locator('.Vector.site-logo, svg:has(path[d*="M44.6064"])').first()\x1B[22m\n`[39m,
      stack: [32m'Error: \x1B[31mTimed out 10000ms waiting for \x1B[39m\x1B[2mexpect(\x1B[22m\x1B[31mlocator\x1B[39m\x1B[2m).\x1B[22mtoBeVisible\x1B[2m()\x1B[22m\n'[39m +
        [32m'\n'[39m +
        [32m`Locator: locator('.Vector.site-logo, svg:has(path[d*="M44.6064"])').first()\n`[39m +
        [32m'Expected: visible\n'[39m +
        [32m'Received: <element(s) not found>\n'[39m +
        [32m'Call log:\n'[39m +
        [32m'\x1B[2m  - Expect "toBeVisible" with timeout 10000ms\x1B[22m\n'[39m +
        [32m`\x1B[2m  - waiting for locator('.Vector.site-logo, svg:has(path[d*="M44.6064"])').first()\x1B[22m\n`[39m +
        [32m'\n'[39m +
        [32m'    at MainPageTest.verifyPageLoad (/Users/eljinwhitehead/site-castle/playwright-test/main.spec.ts:366:36)\n'[39m +
        [32m'    at /Users/eljinwhitehead/site-castle/playwright-test/main.spec.ts:394:7'[39m,
      cause: [90mundefined[39m
    }
  }
}

[1A[2KStarting TC-015: Recently Added Section

[1A[2K[chromium] › playwright-test/main.spec.ts:724:9 › Castle.com Main Page Tests › Hot Games Section Test Cases › TC-014: Hot Games Display
Error in test setup: ExpectError: [31mTimed out 10000ms waiting for [39m[2mexpect([22m[31mlocator[39m[2m).[22mtoBeVisible[2m()[22m

Locator: locator('.Vector.site-logo, svg:has(path[d*="M44.6064"])').first()
Expected: visible
Received: <element(s) not found>
Call log:
[2m  - Expect "toBeVisible" with timeout 10000ms[22m
[2m  - waiting for locator('.Vector.site-logo, svg:has(path[d*="M44.6064"])').first()[22m

    at MainPageTest.verifyPageLoad [90m(/Users/eljinwhitehead/site-castle/[39mplaywright-test/main.spec.ts:366:36[90m)[39m
    at [90m/Users/eljinwhitehead/site-castle/[39mplaywright-test/main.spec.ts:394:7 {
  matcherResult: {
    message: [32m'\x1B[31mTimed out 10000ms waiting for \x1B[39m\x1B[2mexpect(\x1B[22m\x1B[31mlocator\x1B[39m\x1B[2m).\x1B[22mtoBeVisible\x1B[2m()\x1B[22m\n'[39m +
      [32m'\n'[39m +
      [32m`Locator: locator('.Vector.site-logo, svg:has(path[d*="M44.6064"])').first()\n`[39m +
      [32m'Expected: visible\n'[39m +
      [32m'Received: <element(s) not found>\n'[39m +
      [32m'Call log:\n'[39m +
      [32m'\x1B[2m  - Expect "toBeVisible" with timeout 10000ms\x1B[22m\n'[39m +
      [32m`\x1B[2m  - waiting for locator('.Vector.site-logo, svg:has(path[d*="M44.6064"])').first()\x1B[22m\n`[39m,
    pass: [33mfalse[39m,
    actual: [32m'<element(s) not found>'[39m,
    name: [32m'toBeVisible'[39m,
    expected: [32m'visible'[39m,
    log: [
      [32m'  - Expect "toBeVisible" with timeout 10000ms'[39m,
      [32m`  - waiting for locator('.Vector.site-logo, svg:has(path[d*="M44.6064"])').first()`[39m
    ],
    timeout: [33m10000[39m
  },
  [32mSymbol(step)[39m: {
    stepId: [32m'expect@15'[39m,
    category: [32m'expect'[39m,
    apiName: [32m'expect.toBeVisible'[39m,
    title: [32m'toBeVisible'[39m,
    params: { expected: [36m[Object][39m },
    infectParentStepsWithError: [90mundefined[39m,
    boxedStack: [90mundefined[39m,
    location: {
      file: [32m'/Users/eljinwhitehead/site-castle/playwright-test/main.spec.ts'[39m,
      line: [33m366[39m,
      column: [33m36[39m,
      function: [32m'MainPageTest.verifyPageLoad'[39m
    },
    steps: [],
    attachmentIndices: [],
    info: TestStepInfoImpl {
      annotations: [],
      _testInfo: [36m[TestInfoImpl][39m,
      _stepId: [32m'expect@15'[39m,
      skip: [36m[Function (anonymous)][39m
    },
    complete: [36m[Function: complete][39m,
    endWallTime: [33m1753895580459[39m,
    error: {
      message: [32m'Error: \x1B[31mTimed out 10000ms waiting for \x1B[39m\x1B[2mexpect(\x1B[22m\x1B[31mlocator\x1B[39m\x1B[2m).\x1B[22mtoBeVisible\x1B[2m()\x1B[22m\n'[39m +
        [32m'\n'[39m +
        [32m`Locator: locator('.Vector.site-logo, svg:has(path[d*="M44.6064"])').first()\n`[39m +
        [32m'Expected: visible\n'[39m +
        [32m'Received: <element(s) not found>\n'[39m +
        [32m'Call log:\n'[39m +
        [32m'\x1B[2m  - Expect "toBeVisible" with timeout 10000ms\x1B[22m\n'[39m +
        [32m`\x1B[2m  - waiting for locator('.Vector.site-logo, svg:has(path[d*="M44.6064"])').first()\x1B[22m\n`[39m,
      stack: [32m'Error: \x1B[31mTimed out 10000ms waiting for \x1B[39m\x1B[2mexpect(\x1B[22m\x1B[31mlocator\x1B[39m\x1B[2m).\x1B[22mtoBeVisible\x1B[2m()\x1B[22m\n'[39m +
        [32m'\n'[39m +
        [32m`Locator: locator('.Vector.site-logo, svg:has(path[d*="M44.6064"])').first()\n`[39m +
        [32m'Expected: visible\n'[39m +
        [32m'Received: <element(s) not found>\n'[39m +
        [32m'Call log:\n'[39m +
        [32m'\x1B[2m  - Expect "toBeVisible" with timeout 10000ms\x1B[22m\n'[39m +
        [32m`\x1B[2m  - waiting for locator('.Vector.site-logo, svg:has(path[d*="M44.6064"])').first()\x1B[22m\n`[39m +
        [32m'\n'[39m +
        [32m'    at MainPageTest.verifyPageLoad (/Users/eljinwhitehead/site-castle/playwright-test/main.spec.ts:366:36)\n'[39m +
        [32m'    at /Users/eljinwhitehead/site-castle/playwright-test/main.spec.ts:394:7'[39m,
      cause: [90mundefined[39m
    }
  }
}

[1A[2KStarting TC-014: Hot Games Display

[1A[2K[chromium] › playwright-test/main.spec.ts:697:9 › Castle.com Main Page Tests › Original Games Section Test Cases › TC-013: Original Games Navigation
Navigated to main page

[1A[2KWaiting for page to be ready...

[1A[2K  7) [chromium] › playwright-test/main.spec.ts:503:9 › Castle.com Main Page Tests › Navigation Menu Test Cases › TC-005: Navigation Menu Links › Verify that all navigation menu links navigate to correct sections 

    TimeoutError: locator.click: Timeout 10000ms exceeded.
    Call log:
    [2m  - waiting for locator('a[href="/case-battles"]').first()[22m


      518 |           console.log(`Testing ${link.name} link`);
      519 |           
    > 520 |           await link.element.click();
          |                              ^
      521 |           await mainPage.page.waitForLoadState('networkidle');
      522 |           
      523 |           expect(mainPage.page.url()).toContain(link.url);
        at /Users/eljinwhitehead/site-castle/playwright-test/main.spec.ts:520:30
        at /Users/eljinwhitehead/site-castle/playwright-test/main.spec.ts:504:7

    Error Context: test-results/main-Castle-com-Main-Page--04da2-C-005-Navigation-Menu-Links-chromium/error-context.md

    Retry #1 ───────────────────────────────────────────────────────────────────────────────────────

    TimeoutError: locator.click: Timeout 10000ms exceeded.
    Call log:
    [2m  - waiting for locator('a[href="/case-battles"]').first()[22m


      518 |           console.log(`Testing ${link.name} link`);
      519 |           
    > 520 |           await link.element.click();
          |                              ^
      521 |           await mainPage.page.waitForLoadState('networkidle');
      522 |           
      523 |           expect(mainPage.page.url()).toContain(link.url);
        at /Users/eljinwhitehead/site-castle/playwright-test/main.spec.ts:520:30
        at /Users/eljinwhitehead/site-castle/playwright-test/main.spec.ts:504:7

    Error Context: test-results/main-Castle-com-Main-Page--04da2-C-005-Navigation-Menu-Links-chromium-retry1/error-context.md

    attachment #2: trace (application/zip) ─────────────────────────────────────────────────────────
    test-results/main-Castle-com-Main-Page--04da2-C-005-Navigation-Menu-Links-chromium-retry1/trace.zip
    Usage:

        npx playwright show-trace test-results/main-Castle-com-Main-Page--04da2-C-005-Navigation-Menu-Links-chromium-retry1/trace.zip

    ────────────────────────────────────────────────────────────────────────────────────────────────


[1A[2K[28/99] [chromium] › playwright-test/main.spec.ts:840:9 › Castle.com Main Page Tests › Categories Section Test Cases › TC-019: Category Navigation
[1A[2K[chromium] › playwright-test/main.spec.ts:840:9 › Castle.com Main Page Tests › Categories Section Test Cases › TC-019: Category Navigation
Starting main page test setup...

[1A[2K[chromium] › playwright-test/main.spec.ts:769:9 › Castle.com Main Page Tests › Providers Section Test Cases › TC-016: Game Providers Display
Error in test setup: ExpectError: [31mTimed out 10000ms waiting for [39m[2mexpect([22m[31mlocator[39m[2m).[22mtoBeVisible[2m()[22m

Locator: locator('.Vector.site-logo, svg:has(path[d*="M44.6064"])').first()
Expected: visible
Received: <element(s) not found>
Call log:
[2m  - Expect "toBeVisible" with timeout 10000ms[22m
[2m  - waiting for locator('.Vector.site-logo, svg:has(path[d*="M44.6064"])').first()[22m

    at MainPageTest.verifyPageLoad [90m(/Users/eljinwhitehead/site-castle/[39mplaywright-test/main.spec.ts:366:36[90m)[39m
    at [90m/Users/eljinwhitehead/site-castle/[39mplaywright-test/main.spec.ts:394:7 {
  matcherResult: {
    message: [32m'\x1B[31mTimed out 10000ms waiting for \x1B[39m\x1B[2mexpect(\x1B[22m\x1B[31mlocator\x1B[39m\x1B[2m).\x1B[22mtoBeVisible\x1B[2m()\x1B[22m\n'[39m +
      [32m'\n'[39m +
      [32m`Locator: locator('.Vector.site-logo, svg:has(path[d*="M44.6064"])').first()\n`[39m +
      [32m'Expected: visible\n'[39m +
      [32m'Received: <element(s) not found>\n'[39m +
      [32m'Call log:\n'[39m +
      [32m'\x1B[2m  - Expect "toBeVisible" with timeout 10000ms\x1B[22m\n'[39m +
      [32m`\x1B[2m  - waiting for locator('.Vector.site-logo, svg:has(path[d*="M44.6064"])').first()\x1B[22m\n`[39m,
    pass: [33mfalse[39m,
    actual: [32m'<element(s) not found>'[39m,
    name: [32m'toBeVisible'[39m,
    expected: [32m'visible'[39m,
    log: [
      [32m'  - Expect "toBeVisible" with timeout 10000ms'[39m,
      [32m`  - waiting for locator('.Vector.site-logo, svg:has(path[d*="M44.6064"])').first()`[39m
    ],
    timeout: [33m10000[39m
  },
  [32mSymbol(step)[39m: {
    stepId: [32m'expect@15'[39m,
    category: [32m'expect'[39m,
    apiName: [32m'expect.toBeVisible'[39m,
    title: [32m'toBeVisible'[39m,
    params: { expected: [36m[Object][39m },
    infectParentStepsWithError: [90mundefined[39m,
    boxedStack: [90mundefined[39m,
    location: {
      file: [32m'/Users/eljinwhitehead/site-castle/playwright-test/main.spec.ts'[39m,
      line: [33m366[39m,
      column: [33m36[39m,
      function: [32m'MainPageTest.verifyPageLoad'[39m
    },
    steps: [],
    attachmentIndices: [],
    info: TestStepInfoImpl {
      annotations: [],
      _testInfo: [36m[TestInfoImpl][39m,
      _stepId: [32m'expect@15'[39m,
      skip: [36m[Function (anonymous)][39m
    },
    complete: [36m[Function: complete][39m,
    endWallTime: [33m1753895581900[39m,
    error: {
      message: [32m'Error: \x1B[31mTimed out 10000ms waiting for \x1B[39m\x1B[2mexpect(\x1B[22m\x1B[31mlocator\x1B[39m\x1B[2m).\x1B[22mtoBeVisible\x1B[2m()\x1B[22m\n'[39m +
        [32m'\n'[39m +
        [32m`Locator: locator('.Vector.site-logo, svg:has(path[d*="M44.6064"])').first()\n`[39m +
        [32m'Expected: visible\n'[39m +
        [32m'Received: <element(s) not found>\n'[39m +
        [32m'Call log:\n'[39m +
        [32m'\x1B[2m  - Expect "toBeVisible" with timeout 10000ms\x1B[22m\n'[39m +
        [32m`\x1B[2m  - waiting for locator('.Vector.site-logo, svg:has(path[d*="M44.6064"])').first()\x1B[22m\n`[39m,
      stack: [32m'Error: \x1B[31mTimed out 10000ms waiting for \x1B[39m\x1B[2mexpect(\x1B[22m\x1B[31mlocator\x1B[39m\x1B[2m).\x1B[22mtoBeVisible\x1B[2m()\x1B[22m\n'[39m +
        [32m'\n'[39m +
        [32m`Locator: locator('.Vector.site-logo, svg:has(path[d*="M44.6064"])').first()\n`[39m +
        [32m'Expected: visible\n'[39m +
        [32m'Received: <element(s) not found>\n'[39m +
        [32m'Call log:\n'[39m +
        [32m'\x1B[2m  - Expect "toBeVisible" with timeout 10000ms\x1B[22m\n'[39m +
        [32m`\x1B[2m  - waiting for locator('.Vector.site-logo, svg:has(path[d*="M44.6064"])').first()\x1B[22m\n`[39m +
        [32m'\n'[39m +
        [32m'    at MainPageTest.verifyPageLoad (/Users/eljinwhitehead/site-castle/playwright-test/main.spec.ts:366:36)\n'[39m +
        [32m'    at /Users/eljinwhitehead/site-castle/playwright-test/main.spec.ts:394:7'[39m,
      cause: [90mundefined[39m
    }
  }
}

[1A[2KStarting TC-016: Game Providers Display

[1A[2K[chromium] › playwright-test/main.spec.ts:796:9 › Castle.com Main Page Tests › Providers Section Test Cases › TC-017: Provider Filtering
Error in test setup: ExpectError: [31mTimed out 10000ms waiting for [39m[2mexpect([22m[31mlocator[39m[2m).[22mtoBeVisible[2m()[22m

Locator: locator('.Vector.site-logo, svg:has(path[d*="M44.6064"])').first()
Expected: visible
Received: <element(s) not found>
Call log:
[2m  - Expect "toBeVisible" with timeout 10000ms[22m
[2m  - waiting for locator('.Vector.site-logo, svg:has(path[d*="M44.6064"])').first()[22m

    at MainPageTest.verifyPageLoad [90m(/Users/eljinwhitehead/site-castle/[39mplaywright-test/main.spec.ts:366:36[90m)[39m
    at [90m/Users/eljinwhitehead/site-castle/[39mplaywright-test/main.spec.ts:394:7 {
  matcherResult: {
    message: [32m'\x1B[31mTimed out 10000ms waiting for \x1B[39m\x1B[2mexpect(\x1B[22m\x1B[31mlocator\x1B[39m\x1B[2m).\x1B[22mtoBeVisible\x1B[2m()\x1B[22m\n'[39m +
      [32m'\n'[39m +
      [32m`Locator: locator('.Vector.site-logo, svg:has(path[d*="M44.6064"])').first()\n`[39m +
      [32m'Expected: visible\n'[39m +
      [32m'Received: <element(s) not found>\n'[39m +
      [32m'Call log:\n'[39m +
      [32m'\x1B[2m  - Expect "toBeVisible" with timeout 10000ms\x1B[22m\n'[39m +
      [32m`\x1B[2m  - waiting for locator('.Vector.site-logo, svg:has(path[d*="M44.6064"])').first()\x1B[22m\n`[39m,
    pass: [33mfalse[39m,
    actual: [32m'<element(s) not found>'[39m,
    name: [32m'toBeVisible'[39m,
    expected: [32m'visible'[39m,
    log: [
      [32m'  - Expect "toBeVisible" with timeout 10000ms'[39m,
      [32m`  - waiting for locator('.Vector.site-logo, svg:has(path[d*="M44.6064"])').first()`[39m
    ],
    timeout: [33m10000[39m
  },
  [32mSymbol(step)[39m: {
    stepId: [32m'expect@13'[39m,
    category: [32m'expect'[39m,
    apiName: [32m'expect.toBeVisible'[39m,
    title: [32m'toBeVisible'[39m,
    params: { expected: [36m[Object][39m },
    infectParentStepsWithError: [90mundefined[39m,
    boxedStack: [90mundefined[39m,
    location: {
      file: [32m'/Users/eljinwhitehead/site-castle/playwright-test/main.spec.ts'[39m,
      line: [33m366[39m,
      column: [33m36[39m,
      function: [32m'MainPageTest.verifyPageLoad'[39m
    },
    steps: [],
    attachmentIndices: [],
    info: TestStepInfoImpl {
      annotations: [],
      _testInfo: [36m[TestInfoImpl][39m,
      _stepId: [32m'expect@13'[39m,
      skip: [36m[Function (anonymous)][39m
    },
    complete: [36m[Function: complete][39m,
    endWallTime: [33m1753895582018[39m,
    error: {
      message: [32m'Error: \x1B[31mTimed out 10000ms waiting for \x1B[39m\x1B[2mexpect(\x1B[22m\x1B[31mlocator\x1B[39m\x1B[2m).\x1B[22mtoBeVisible\x1B[2m()\x1B[22m\n'[39m +
        [32m'\n'[39m +
        [32m`Locator: locator('.Vector.site-logo, svg:has(path[d*="M44.6064"])').first()\n`[39m +
        [32m'Expected: visible\n'[39m +
        [32m'Received: <element(s) not found>\n'[39m +
        [32m'Call log:\n'[39m +
        [32m'\x1B[2m  - Expect "toBeVisible" with timeout 10000ms\x1B[22m\n'[39m +
        [32m`\x1B[2m  - waiting for locator('.Vector.site-logo, svg:has(path[d*="M44.6064"])').first()\x1B[22m\n`[39m,
      stack: [32m'Error: \x1B[31mTimed out 10000ms waiting for \x1B[39m\x1B[2mexpect(\x1B[22m\x1B[31mlocator\x1B[39m\x1B[2m).\x1B[22mtoBeVisible\x1B[2m()\x1B[22m\n'[39m +
        [32m'\n'[39m +
        [32m`Locator: locator('.Vector.site-logo, svg:has(path[d*="M44.6064"])').first()\n`[39m +
        [32m'Expected: visible\n'[39m +
        [32m'Received: <element(s) not found>\n'[39m +
        [32m'Call log:\n'[39m +
        [32m'\x1B[2m  - Expect "toBeVisible" with timeout 10000ms\x1B[22m\n'[39m +
        [32m`\x1B[2m  - waiting for locator('.Vector.site-logo, svg:has(path[d*="M44.6064"])').first()\x1B[22m\n`[39m +
        [32m'\n'[39m +
        [32m'    at MainPageTest.verifyPageLoad (/Users/eljinwhitehead/site-castle/playwright-test/main.spec.ts:366:36)\n'[39m +
        [32m'    at /Users/eljinwhitehead/site-castle/playwright-test/main.spec.ts:394:7'[39m,
      cause: [90mundefined[39m
    }
  }
}

[1A[2KStarting TC-017: Provider Filtering

[1A[2KClicking provider logo: Evolution

[1A[2K[chromium] › playwright-test/main.spec.ts:840:9 › Castle.com Main Page Tests › Categories Section Test Cases › TC-019: Category Navigation
Navigated to main page

[1A[2KWaiting for page to be ready...

[1A[2K  8) [chromium] › playwright-test/main.spec.ts:819:9 › Castle.com Main Page Tests › Categories Section Test Cases › TC-018: Game Categories Display › Verify that game category cards are displayed correctly 

    Error: [31mTimed out 5000ms waiting for [39m[2mexpect([22m[31mlocator[39m[2m).[22mtoHaveText[2m([22m[32mexpected[39m[2m)[22m

    Locator: locator('h2:has-text("Categories")').first()
    Expected string: [32m"C[7mATEGORIES[27m"[39m
    Received string: [31m"C[7mategories[27m"[39m
    Call log:
    [2m  - Expect "toHaveText" with timeout 5000ms[22m
    [2m  - waiting for locator('h2:has-text("Categories")').first()[22m
    [2m    9 × locator resolved to <h2 class="Heading _s _font-size-20 _font-weight-regular _text-transform-uppercase">Categories</h2>[22m
    [2m      - unexpected value "Categories"[22m


      822 |         
      823 |         await expect(mainPage.categories.sectionTitle).toBeVisible();
    > 824 |         await expect(mainPage.categories.sectionTitle).toHaveText('CATEGORIES');
          |                                                        ^
      825 |         
      826 |         const categoryCards = await mainPage.categories.gameCards.count();
      827 |         expect(categoryCards).toBe(4);
        at /Users/eljinwhitehead/site-castle/playwright-test/main.spec.ts:824:56
        at /Users/eljinwhitehead/site-castle/playwright-test/main.spec.ts:820:7

    Error Context: test-results/main-Castle-com-Main-Page--db172-018-Game-Categories-Display-chromium/error-context.md

    Retry #1 ───────────────────────────────────────────────────────────────────────────────────────

    Error: [31mTimed out 5000ms waiting for [39m[2mexpect([22m[31mlocator[39m[2m).[22mtoHaveText[2m([22m[32mexpected[39m[2m)[22m

    Locator: locator('h2:has-text("Categories")').first()
    Expected string: [32m"C[7mATEGORIES[27m"[39m
    Received string: [31m"C[7mategories[27m"[39m
    Call log:
    [2m  - Expect "toHaveText" with timeout 5000ms[22m
    [2m  - waiting for locator('h2:has-text("Categories")').first()[22m
    [2m    9 × locator resolved to <h2 class="Heading _s _font-size-20 _font-weight-regular _text-transform-uppercase">Categories</h2>[22m
    [2m      - unexpected value "Categories"[22m


      822 |         
      823 |         await expect(mainPage.categories.sectionTitle).toBeVisible();
    > 824 |         await expect(mainPage.categories.sectionTitle).toHaveText('CATEGORIES');
          |                                                        ^
      825 |         
      826 |         const categoryCards = await mainPage.categories.gameCards.count();
      827 |         expect(categoryCards).toBe(4);
        at /Users/eljinwhitehead/site-castle/playwright-test/main.spec.ts:824:56
        at /Users/eljinwhitehead/site-castle/playwright-test/main.spec.ts:820:7

    Error Context: test-results/main-Castle-com-Main-Page--db172-018-Game-Categories-Display-chromium-retry1/error-context.md

    attachment #2: trace (application/zip) ─────────────────────────────────────────────────────────
    test-results/main-Castle-com-Main-Page--db172-018-Game-Categories-Display-chromium-retry1/trace.zip
    Usage:

        npx playwright show-trace test-results/main-Castle-com-Main-Page--db172-018-Game-Categories-Display-chromium-retry1/trace.zip

    ────────────────────────────────────────────────────────────────────────────────────────────────


[1A[2K[29/99] [chromium] › playwright-test/main.spec.ts:856:9 › Castle.com Main Page Tests › Bets & Races Section Test Cases › TC-020: Bets & Races Tabs
[1A[2K[chromium] › playwright-test/main.spec.ts:856:9 › Castle.com Main Page Tests › Bets & Races Section Test Cases › TC-020: Bets & Races Tabs
Starting main page test setup...

[1A[2K[chromium] › playwright-test/main.spec.ts:697:9 › Castle.com Main Page Tests › Original Games Section Test Cases › TC-013: Original Games Navigation
Page ready check completed

[1A[2KVerifying main page load...

[1A[2KMain page verification complete

[1A[2KStarting TC-013: Original Games Navigation

[1A[2K[chromium] › playwright-test/main.spec.ts:856:9 › Castle.com Main Page Tests › Bets & Races Section Test Cases › TC-020: Bets & Races Tabs
Navigated to main page

[1A[2KWaiting for page to be ready...

[1A[2K[30/99] [chromium] › playwright-test/main.spec.ts:746:9 › Castle.com Main Page Tests › Hot Games Section Test Cases › TC-015: Recently Added Section (retry #1)
[1A[2K[chromium] › playwright-test/main.spec.ts:746:9 › Castle.com Main Page Tests › Hot Games Section Test Cases › TC-015: Recently Added Section
Starting main page test setup...

[1A[2K[chromium] › playwright-test/main.spec.ts:840:9 › Castle.com Main Page Tests › Categories Section Test Cases › TC-019: Category Navigation
Page ready check completed

[1A[2KVerifying main page load...

[1A[2KMain page verification complete

[1A[2KStarting TC-019: Category Navigation

[1A[2KTC-019 completed

[1A[2K[31/99] [chromium] › playwright-test/main.spec.ts:882:9 › Castle.com Main Page Tests › Bets & Races Section Test Cases › TC-021: All Bets Display
[1A[2K[chromium] › playwright-test/main.spec.ts:882:9 › Castle.com Main Page Tests › Bets & Races Section Test Cases › TC-021: All Bets Display
Starting main page test setup...

[1A[2K[32/99] [chromium] › playwright-test/main.spec.ts:724:9 › Castle.com Main Page Tests › Hot Games Section Test Cases › TC-014: Hot Games Display (retry #1)
[1A[2K[chromium] › playwright-test/main.spec.ts:724:9 › Castle.com Main Page Tests › Hot Games Section Test Cases › TC-014: Hot Games Display
Starting main page test setup...

[1A[2K[chromium] › playwright-test/main.spec.ts:746:9 › Castle.com Main Page Tests › Hot Games Section Test Cases › TC-015: Recently Added Section
Navigated to main page

[1A[2KWaiting for page to be ready...

[1A[2K[chromium] › playwright-test/main.spec.ts:882:9 › Castle.com Main Page Tests › Bets & Races Section Test Cases › TC-021: All Bets Display
Navigated to main page

[1A[2KWaiting for page to be ready...

[1A[2K[chromium] › playwright-test/main.spec.ts:724:9 › Castle.com Main Page Tests › Hot Games Section Test Cases › TC-014: Hot Games Display
Navigated to main page

[1A[2KWaiting for page to be ready...

[1A[2K[33/99] [chromium] › playwright-test/main.spec.ts:769:9 › Castle.com Main Page Tests › Providers Section Test Cases › TC-016: Game Providers Display (retry #1)
[1A[2K[chromium] › playwright-test/main.spec.ts:769:9 › Castle.com Main Page Tests › Providers Section Test Cases › TC-016: Game Providers Display
Starting main page test setup...

[1A[2K[chromium] › playwright-test/main.spec.ts:856:9 › Castle.com Main Page Tests › Bets & Races Section Test Cases › TC-020: Bets & Races Tabs
Page ready check completed

[1A[2KVerifying main page load...

[1A[2KMain page verification complete

[1A[2KStarting TC-020: Bets & Races Tabs

[1A[2K[chromium] › playwright-test/main.spec.ts:769:9 › Castle.com Main Page Tests › Providers Section Test Cases › TC-016: Game Providers Display
Navigated to main page

[1A[2KWaiting for page to be ready...

[1A[2K[chromium] › playwright-test/main.spec.ts:746:9 › Castle.com Main Page Tests › Hot Games Section Test Cases › TC-015: Recently Added Section
Page ready check completed

[1A[2KVerifying main page load...

[1A[2KMain page verification complete

[1A[2KStarting TC-015: Recently Added Section

[1A[2K[chromium] › playwright-test/main.spec.ts:882:9 › Castle.com Main Page Tests › Bets & Races Section Test Cases › TC-021: All Bets Display
Page ready check completed

[1A[2KVerifying main page load...

[1A[2KMain page verification complete

[1A[2KStarting TC-021: All Bets Display

[1A[2K[chromium] › playwright-test/main.spec.ts:724:9 › Castle.com Main Page Tests › Hot Games Section Test Cases › TC-014: Hot Games Display
Page ready check completed

[1A[2KVerifying main page load...

[1A[2KMain page verification complete

[1A[2KStarting TC-014: Hot Games Display

[1A[2K[chromium] › playwright-test/main.spec.ts:769:9 › Castle.com Main Page Tests › Providers Section Test Cases › TC-016: Game Providers Display
Page ready check completed

[1A[2KVerifying main page load...

[1A[2KMain page verification complete

[1A[2KStarting TC-016: Game Providers Display

[1A[2K[chromium] › playwright-test/main.spec.ts:796:9 › Castle.com Main Page Tests › Providers Section Test Cases › TC-017: Provider Filtering
Error clicking provider Evolution: locator.click: Timeout 10000ms exceeded.
Call log:
[2m  - waiting for locator('img[src*="evolution"]').first()[22m

    at MainPageTest.clickProviderLogo [90m(/Users/eljinwhitehead/site-castle/[39mplaywright-test/main.spec.ts:339:22[90m)[39m
    at [90m/Users/eljinwhitehead/site-castle/[39mplaywright-test/main.spec.ts:801:26
    at [90m/Users/eljinwhitehead/site-castle/[39mplaywright-test/main.spec.ts:797:18 {
  name: [32m'TimeoutError'[39m,
  [32mSymbol(step)[39m: {
    stepId: [32m'pw:api@15'[39m,
    location: {
      file: [32m'/Users/eljinwhitehead/site-castle/playwright-test/main.spec.ts'[39m,
      line: [33m339[39m,
      column: [33m22[39m,
      function: [32m'MainPageTest.clickProviderLogo'[39m
    },
    category: [32m'pw:api'[39m,
    title: [32m`Click locator('img[src*="evolution"]').first()`[39m,
    apiName: [32m'locator.click'[39m,
    params: {
      selector: [32m'img[src*="evolution"] >> nth=0'[39m,
      strict: [33mtrue[39m,
      timeout: [33m10000[39m
    },
    boxedStack: [90mundefined[39m,
    steps: [],
    attachmentIndices: [],
    info: TestStepInfoImpl {
      annotations: [],
      _testInfo: [36m[TestInfoImpl][39m,
      _stepId: [32m'pw:api@15'[39m,
      skip: [36m[Function (anonymous)][39m
    },
    complete: [36m[Function: complete][39m,
    endWallTime: [33m1753895592020[39m,
    error: {
      message: [32m'TimeoutError: locator.click: Timeout 10000ms exceeded.\n'[39m +
        [32m'Call log:\n'[39m +
        [32m`\x1B[2m  - waiting for locator('img[src*="evolution"]').first()\x1B[22m\n`[39m,
      stack: [32m'TimeoutError: locator.click: Timeout 10000ms exceeded.\n'[39m +
        [32m'Call log:\n'[39m +
        [32m`\x1B[2m  - waiting for locator('img[src*="evolution"]').first()\x1B[22m\n`[39m +
        [32m'\n'[39m +
        [32m'    at MainPageTest.clickProviderLogo (/Users/eljinwhitehead/site-castle/playwright-test/main.spec.ts:339:22)\n'[39m +
        [32m'    at /Users/eljinwhitehead/site-castle/playwright-test/main.spec.ts:801:26\n'[39m +
        [32m'    at /Users/eljinwhitehead/site-castle/playwright-test/main.spec.ts:797:18'[39m,
      cause: [90mundefined[39m
    }
  }
}

[1A[2KProvider filtering test failed: locator.click: Timeout 10000ms exceeded.
Call log:
[2m  - waiting for locator('img[src*="evolution"]').first()[22m

    at MainPageTest.clickProviderLogo [90m(/Users/eljinwhitehead/site-castle/[39mplaywright-test/main.spec.ts:339:22[90m)[39m
    at [90m/Users/eljinwhitehead/site-castle/[39mplaywright-test/main.spec.ts:801:26
    at [90m/Users/eljinwhitehead/site-castle/[39mplaywright-test/main.spec.ts:797:18 {
  name: [32m'TimeoutError'[39m,
  [32mSymbol(step)[39m: {
    stepId: [32m'pw:api@15'[39m,
    location: {
      file: [32m'/Users/eljinwhitehead/site-castle/playwright-test/main.spec.ts'[39m,
      line: [33m339[39m,
      column: [33m22[39m,
      function: [32m'MainPageTest.clickProviderLogo'[39m
    },
    category: [32m'pw:api'[39m,
    title: [32m`Click locator('img[src*="evolution"]').first()`[39m,
    apiName: [32m'locator.click'[39m,
    params: {
      selector: [32m'img[src*="evolution"] >> nth=0'[39m,
      strict: [33mtrue[39m,
      timeout: [33m10000[39m
    },
    boxedStack: [90mundefined[39m,
    steps: [],
    attachmentIndices: [],
    info: TestStepInfoImpl {
      annotations: [],
      _testInfo: [36m[TestInfoImpl][39m,
      _stepId: [32m'pw:api@15'[39m,
      skip: [36m[Function (anonymous)][39m
    },
    complete: [36m[Function: complete][39m,
    endWallTime: [33m1753895592020[39m,
    error: {
      message: [32m'TimeoutError: locator.click: Timeout 10000ms exceeded.\n'[39m +
        [32m'Call log:\n'[39m +
        [32m`\x1B[2m  - waiting for locator('img[src*="evolution"]').first()\x1B[22m\n`[39m,
      stack: [32m'TimeoutError: locator.click: Timeout 10000ms exceeded.\n'[39m +
        [32m'Call log:\n'[39m +
        [32m`\x1B[2m  - waiting for locator('img[src*="evolution"]').first()\x1B[22m\n`[39m +
        [32m'\n'[39m +
        [32m'    at MainPageTest.clickProviderLogo (/Users/eljinwhitehead/site-castle/playwright-test/main.spec.ts:339:22)\n'[39m +
        [32m'    at /Users/eljinwhitehead/site-castle/playwright-test/main.spec.ts:801:26\n'[39m +
        [32m'    at /Users/eljinwhitehead/site-castle/playwright-test/main.spec.ts:797:18'[39m,
      cause: [90mundefined[39m
    }
  }
}

[1A[2KTC-017 completed

[1A[2K[34/99] [chromium] › playwright-test/main.spec.ts:909:9 › Castle.com Main Page Tests › Bets & Races Section Test Cases › TC-022: Live Bet Updates
[1A[2K[chromium] › playwright-test/main.spec.ts:909:9 › Castle.com Main Page Tests › Bets & Races Section Test Cases › TC-022: Live Bet Updates
Starting main page test setup...

[1A[2KNavigated to main page

[1A[2KWaiting for page to be ready...

[1A[2K  9) [chromium] › playwright-test/main.spec.ts:746:9 › Castle.com Main Page Tests › Hot Games Section Test Cases › TC-015: Recently Added Section › Verify that Recently Added section displays new games 

    Error: [31mTimed out 5000ms waiting for [39m[2mexpect([22m[31mlocator[39m[2m).[22mtoBeVisible[2m()[22m

    Locator: locator('h2:has-text("Recently Added")').first()
    Expected: visible
    Received: <element(s) not found>
    Call log:
    [2m  - Expect "toBeVisible" with timeout 5000ms[22m
    [2m  - waiting for locator('h2:has-text("Recently Added")').first()[22m


      748 |         console.log('Starting TC-015: Recently Added Section');
      749 |         
    > 750 |         await expect(mainPage.recentlyAdded.sectionTitle).toBeVisible();
          |                                                           ^
      751 |         await expect(mainPage.recentlyAdded.sectionTitle).toHaveText('RECENTLY ADDED');
      752 |         
      753 |         const gameCards = await mainPage.recentlyAdded.gameCards.count();
        at /Users/eljinwhitehead/site-castle/playwright-test/main.spec.ts:750:59
        at /Users/eljinwhitehead/site-castle/playwright-test/main.spec.ts:747:18

    Error Context: test-results/main-Castle-com-Main-Page--02a20--015-Recently-Added-Section-chromium/error-context.md

    Retry #1 ───────────────────────────────────────────────────────────────────────────────────────

    Error: [31mTimed out 5000ms waiting for [39m[2mexpect([22m[31mlocator[39m[2m).[22mtoHaveText[2m([22m[32mexpected[39m[2m)[22m

    Locator: locator('h2:has-text("Recently Added")').first()
    Expected string: [32m"R[7mECENTLY ADDED[27m"[39m
    Received string: [31m"R[7mecently Added[27m"[39m
    Call log:
    [2m  - Expect "toHaveText" with timeout 5000ms[22m
    [2m  - waiting for locator('h2:has-text("Recently Added")').first()[22m
    [2m    9 × locator resolved to <h2 class="Heading _s _font-size-20 _font-weight-regular _text-transform-uppercase">Recently Added</h2>[22m
    [2m      - unexpected value "Recently Added"[22m


      749 |         
      750 |         await expect(mainPage.recentlyAdded.sectionTitle).toBeVisible();
    > 751 |         await expect(mainPage.recentlyAdded.sectionTitle).toHaveText('RECENTLY ADDED');
          |                                                           ^
      752 |         
      753 |         const gameCards = await mainPage.recentlyAdded.gameCards.count();
      754 |         expect(gameCards).toBeGreaterThan(0);
        at /Users/eljinwhitehead/site-castle/playwright-test/main.spec.ts:751:59
        at /Users/eljinwhitehead/site-castle/playwright-test/main.spec.ts:747:7

    Error Context: test-results/main-Castle-com-Main-Page--02a20--015-Recently-Added-Section-chromium-retry1/error-context.md

    attachment #2: trace (application/zip) ─────────────────────────────────────────────────────────
    test-results/main-Castle-com-Main-Page--02a20--015-Recently-Added-Section-chromium-retry1/trace.zip
    Usage:

        npx playwright show-trace test-results/main-Castle-com-Main-Page--02a20--015-Recently-Added-Section-chromium-retry1/trace.zip

    ────────────────────────────────────────────────────────────────────────────────────────────────


[1A[2K[35/99] [chromium] › playwright-test/main.spec.ts:931:9 › Castle.com Main Page Tests › Footer Section Test Cases › TC-023: Footer Information Display
[1A[2K[chromium] › playwright-test/main.spec.ts:931:9 › Castle.com Main Page Tests › Footer Section Test Cases › TC-023: Footer Information Display
Starting main page test setup...

[1A[2K  10) [chromium] › playwright-test/main.spec.ts:724:9 › Castle.com Main Page Tests › Hot Games Section Test Cases › TC-014: Hot Games Display › Verify that Hot Games section displays popular games 

    Error: [31mTimed out 5000ms waiting for [39m[2mexpect([22m[31mlocator[39m[2m).[22mtoBeVisible[2m()[22m

    Locator: locator('h2:has-text("Hot Games")').first()
    Expected: visible
    Received: <element(s) not found>
    Call log:
    [2m  - Expect "toBeVisible" with timeout 5000ms[22m
    [2m  - waiting for locator('h2:has-text("Hot Games")').first()[22m


      726 |         console.log('Starting TC-014: Hot Games Display');
      727 |         
    > 728 |         await expect(mainPage.hotGames.sectionTitle).toBeVisible();
          |                                                      ^
      729 |         await expect(mainPage.hotGames.sectionTitle).toHaveText('HOT GAMES');
      730 |         
      731 |         const gameCards = await mainPage.hotGames.gameCards.count();
        at /Users/eljinwhitehead/site-castle/playwright-test/main.spec.ts:728:54
        at /Users/eljinwhitehead/site-castle/playwright-test/main.spec.ts:725:18

    Error Context: test-results/main-Castle-com-Main-Page--8842d-es-TC-014-Hot-Games-Display-chromium/error-context.md

    Retry #1 ───────────────────────────────────────────────────────────────────────────────────────

    Error: [31mTimed out 5000ms waiting for [39m[2mexpect([22m[31mlocator[39m[2m).[22mtoHaveText[2m([22m[32mexpected[39m[2m)[22m

    Locator: locator('h2:has-text("Hot Games")').first()
    Expected string: [32m"H[7mOT GAMES[27m"[39m
    Received string: [31m"H[7mot Games[27m"[39m
    Call log:
    [2m  - Expect "toHaveText" with timeout 5000ms[22m
    [2m  - waiting for locator('h2:has-text("Hot Games")').first()[22m
    [2m    9 × locator resolved to <h2 class="Heading _s _font-size-20 _font-weight-regular _text-transform-uppercase">Hot Games</h2>[22m
    [2m      - unexpected value "Hot Games"[22m


      727 |         
      728 |         await expect(mainPage.hotGames.sectionTitle).toBeVisible();
    > 729 |         await expect(mainPage.hotGames.sectionTitle).toHaveText('HOT GAMES');
          |                                                      ^
      730 |         
      731 |         const gameCards = await mainPage.hotGames.gameCards.count();
      732 |         expect(gameCards).toBeGreaterThan(0);
        at /Users/eljinwhitehead/site-castle/playwright-test/main.spec.ts:729:54
        at /Users/eljinwhitehead/site-castle/playwright-test/main.spec.ts:725:7

    Error Context: test-results/main-Castle-com-Main-Page--8842d-es-TC-014-Hot-Games-Display-chromium-retry1/error-context.md

    attachment #2: trace (application/zip) ─────────────────────────────────────────────────────────
    test-results/main-Castle-com-Main-Page--8842d-es-TC-014-Hot-Games-Display-chromium-retry1/trace.zip
    Usage:

        npx playwright show-trace test-results/main-Castle-com-Main-Page--8842d-es-TC-014-Hot-Games-Display-chromium-retry1/trace.zip

    ────────────────────────────────────────────────────────────────────────────────────────────────


[1A[2K[36/99] [chromium] › playwright-test/main.spec.ts:952:9 › Castle.com Main Page Tests › Footer Section Test Cases › TC-024: Footer Platform Links
[1A[2K[chromium] › playwright-test/main.spec.ts:952:9 › Castle.com Main Page Tests › Footer Section Test Cases › TC-024: Footer Platform Links
Starting main page test setup...

[1A[2K[chromium] › playwright-test/main.spec.ts:909:9 › Castle.com Main Page Tests › Bets & Races Section Test Cases › TC-022: Live Bet Updates
Page ready check completed

[1A[2KVerifying main page load...

[1A[2KMain page verification complete

[1A[2KStarting TC-022: Live Bet Updates

[1A[2K[chromium] › playwright-test/main.spec.ts:931:9 › Castle.com Main Page Tests › Footer Section Test Cases › TC-023: Footer Information Display
Navigated to main page

[1A[2KWaiting for page to be ready...

[1A[2K  11) [chromium] › playwright-test/main.spec.ts:769:9 › Castle.com Main Page Tests › Providers Section Test Cases › TC-016: Game Providers Display › Verify that game providers are displayed correctly 

    Error: [31mTimed out 5000ms waiting for [39m[2mexpect([22m[31mlocator[39m[2m).[22mtoBeVisible[2m()[22m

    Locator: locator('h2:has-text("Providers")').first()
    Expected: visible
    Received: <element(s) not found>
    Call log:
    [2m  - Expect "toBeVisible" with timeout 5000ms[22m
    [2m  - waiting for locator('h2:has-text("Providers")').first()[22m


      771 |         console.log('Starting TC-016: Game Providers Display');
      772 |         
    > 773 |         await expect(mainPage.providers.sectionTitle).toBeVisible();
          |                                                       ^
      774 |         await expect(mainPage.providers.sectionTitle).toHaveText('PROVIDERS');
      775 |         
      776 |         // Check for provider logos
        at /Users/eljinwhitehead/site-castle/playwright-test/main.spec.ts:773:55
        at /Users/eljinwhitehead/site-castle/playwright-test/main.spec.ts:770:18

    Error Context: test-results/main-Castle-com-Main-Page--f181c--016-Game-Providers-Display-chromium/error-context.md

    Retry #1 ───────────────────────────────────────────────────────────────────────────────────────

    Error: [31mTimed out 5000ms waiting for [39m[2mexpect([22m[31mlocator[39m[2m).[22mtoHaveText[2m([22m[32mexpected[39m[2m)[22m

    Locator: locator('h2:has-text("Providers")').first()
    Expected string: [32m"P[7mROVIDERS[27m"[39m
    Received string: [31m"P[7mroviders[27m"[39m
    Call log:
    [2m  - Expect "toHaveText" with timeout 5000ms[22m
    [2m  - waiting for locator('h2:has-text("Providers")').first()[22m
    [2m    9 × locator resolved to <h2 class="Heading _s _font-size-20 _font-weight-regular _text-transform-uppercase">Providers</h2>[22m
    [2m      - unexpected value "Providers"[22m


      772 |         
      773 |         await expect(mainPage.providers.sectionTitle).toBeVisible();
    > 774 |         await expect(mainPage.providers.sectionTitle).toHaveText('PROVIDERS');
          |                                                       ^
      775 |         
      776 |         // Check for provider logos
      777 |         const expectedProviders = ['evolution', 'pragmatic', 'playngo', 'netent', 'bigtime'];
        at /Users/eljinwhitehead/site-castle/playwright-test/main.spec.ts:774:55
        at /Users/eljinwhitehead/site-castle/playwright-test/main.spec.ts:770:7

    Error Context: test-results/main-Castle-com-Main-Page--f181c--016-Game-Providers-Display-chromium-retry1/error-context.md

    attachment #2: trace (application/zip) ─────────────────────────────────────────────────────────
    test-results/main-Castle-com-Main-Page--f181c--016-Game-Providers-Display-chromium-retry1/trace.zip
    Usage:

        npx playwright show-trace test-results/main-Castle-com-Main-Page--f181c--016-Game-Providers-Display-chromium-retry1/trace.zip

    ────────────────────────────────────────────────────────────────────────────────────────────────


[1A[2K[chromium] › playwright-test/main.spec.ts:952:9 › Castle.com Main Page Tests › Footer Section Test Cases › TC-024: Footer Platform Links
Navigated to main page

[1A[2KWaiting for page to be ready...

[1A[2K[37/99] [chromium] › playwright-test/main.spec.ts:971:9 › Castle.com Main Page Tests › Footer Section Test Cases › TC-025: Footer About Us Links
[1A[2K[chromium] › playwright-test/main.spec.ts:971:9 › Castle.com Main Page Tests › Footer Section Test Cases › TC-025: Footer About Us Links
Starting main page test setup...

[1A[2KNavigated to main page

[1A[2KWaiting for page to be ready...

[1A[2K[38/99] [chromium] › playwright-test/main.spec.ts:856:9 › Castle.com Main Page Tests › Bets & Races Section Test Cases › TC-020: Bets & Races Tabs (retry #1)
[1A[2K[chromium] › playwright-test/main.spec.ts:856:9 › Castle.com Main Page Tests › Bets & Races Section Test Cases › TC-020: Bets & Races Tabs
Starting main page test setup...

[1A[2KNavigated to main page

[1A[2KWaiting for page to be ready...

[1A[2K[chromium] › playwright-test/main.spec.ts:931:9 › Castle.com Main Page Tests › Footer Section Test Cases › TC-023: Footer Information Display
Page ready check completed

[1A[2KVerifying main page load...

[1A[2KMain page verification complete

[1A[2KStarting TC-023: Footer Information Display

[1A[2K[chromium] › playwright-test/main.spec.ts:952:9 › Castle.com Main Page Tests › Footer Section Test Cases › TC-024: Footer Platform Links
Page ready check completed

[1A[2KVerifying main page load...

[1A[2KMain page verification complete

[1A[2KStarting TC-024: Footer Platform Links

[1A[2KPlatform link Home visible: true

[1A[2KPlatform link Crash visible: true

[1A[2KPlatform link Duel Game visible: false

[1A[2KPlatform link Dice visible: true

[1A[2KPlatform link Referrals visible: true

[1A[2KPlatform link Wallet visible: true

[1A[2KPlatform link Token visible: true

[1A[2KPlatform link Blog visible: true

[1A[2KPlatform link Fairness visible: true

[1A[2KTC-024 completed

[1A[2K[39/99] [chromium] › playwright-test/main.spec.ts:990:9 › Castle.com Main Page Tests › Footer Section Test Cases › TC-026: Social Media Links
[1A[2K[40/99] [chromium] › playwright-test/main.spec.ts:882:9 › Castle.com Main Page Tests › Bets & Races Section Test Cases › TC-021: All Bets Display (retry #1)
[1A[2K[chromium] › playwright-test/main.spec.ts:990:9 › Castle.com Main Page Tests › Footer Section Test Cases › TC-026: Social Media Links
Starting main page test setup...

[1A[2K[chromium] › playwright-test/main.spec.ts:882:9 › Castle.com Main Page Tests › Bets & Races Section Test Cases › TC-021: All Bets Display
Starting main page test setup...

[1A[2K[chromium] › playwright-test/main.spec.ts:990:9 › Castle.com Main Page Tests › Footer Section Test Cases › TC-026: Social Media Links
Navigated to main page

[1A[2KWaiting for page to be ready...

[1A[2K[chromium] › playwright-test/main.spec.ts:971:9 › Castle.com Main Page Tests › Footer Section Test Cases › TC-025: Footer About Us Links
Page ready check completed

[1A[2KVerifying main page load...

[1A[2KMain page verification complete

[1A[2KStarting TC-025: Footer About Us Links

[1A[2K[chromium] › playwright-test/main.spec.ts:882:9 › Castle.com Main Page Tests › Bets & Races Section Test Cases › TC-021: All Bets Display
Navigated to main page

[1A[2KWaiting for page to be ready...

[1A[2K[chromium] › playwright-test/main.spec.ts:971:9 › Castle.com Main Page Tests › Footer Section Test Cases › TC-025: Footer About Us Links
About Us link Support visible: false

[1A[2KAbout Us link FAQ's visible: true

[1A[2KAbout Us link Terms of Service visible: true

[1A[2KAbout Us link Privacy Policy visible: true

[1A[2KAbout Us link Gaming Hotline visible: true

[1A[2KAbout Us link Self Exclusion visible: true

[1A[2KAbout Us link Trustpilot visible: true

[1A[2KTC-025 completed

[1A[2K[41/99] [chromium] › playwright-test/main.spec.ts:1010:9 › Castle.com Main Page Tests › Footer Section Test Cases › TC-027: Accepted Tokens Display
[1A[2K[42/99] [chromium] › playwright-test/main.spec.ts:931:9 › Castle.com Main Page Tests › Footer Section Test Cases › TC-023: Footer Information Display (retry #1)
[1A[2K[chromium] › playwright-test/main.spec.ts:1010:9 › Castle.com Main Page Tests › Footer Section Test Cases › TC-027: Accepted Tokens Display
Starting main page test setup...

[1A[2K[chromium] › playwright-test/main.spec.ts:931:9 › Castle.com Main Page Tests › Footer Section Test Cases › TC-023: Footer Information Display
Starting main page test setup...

[1A[2K[chromium] › playwright-test/main.spec.ts:856:9 › Castle.com Main Page Tests › Bets & Races Section Test Cases › TC-020: Bets & Races Tabs
Page ready check completed

[1A[2KVerifying main page load...

[1A[2K[chromium] › playwright-test/main.spec.ts:1010:9 › Castle.com Main Page Tests › Footer Section Test Cases › TC-027: Accepted Tokens Display
Navigated to main page

[1A[2KWaiting for page to be ready...

[1A[2K[chromium] › playwright-test/main.spec.ts:856:9 › Castle.com Main Page Tests › Bets & Races Section Test Cases › TC-020: Bets & Races Tabs
Main page verification complete

[1A[2KStarting TC-020: Bets & Races Tabs

[1A[2K[chromium] › playwright-test/main.spec.ts:931:9 › Castle.com Main Page Tests › Footer Section Test Cases › TC-023: Footer Information Display
Navigated to main page

[1A[2KWaiting for page to be ready...

[1A[2K  12) [chromium] › playwright-test/main.spec.ts:697:9 › Castle.com Main Page Tests › Original Games Section Test Cases › TC-013: Original Games Navigation › Verify carousel navigation controls work properly 

    TimeoutError: locator.isEnabled: Timeout 10000ms exceeded.
    Call log:
    [2m  - waiting for locator('h2:has-text("Original Games") ~ div button:not([disabled])').last()[22m


      707 |         
      708 |         // Navigate forward if possible
    > 709 |         if (await nextArrow.isEnabled()) {
          |                             ^
      710 |           await nextArrow.click();
      711 |           await mainPage.page.waitForTimeout(1000);
      712 |           
        at /Users/eljinwhitehead/site-castle/playwright-test/main.spec.ts:709:29
        at /Users/eljinwhitehead/site-castle/playwright-test/main.spec.ts:698:7

    Error Context: test-results/main-Castle-com-Main-Page--a8d43-3-Original-Games-Navigation-chromium/error-context.md

    Retry #1 ───────────────────────────────────────────────────────────────────────────────────────

    TimeoutError: locator.isEnabled: Timeout 10000ms exceeded.
    Call log:
    [2m  - waiting for locator('h2:has-text("Original Games") ~ div button:not([disabled])').last()[22m


      707 |         
      708 |         // Navigate forward if possible
    > 709 |         if (await nextArrow.isEnabled()) {
          |                             ^
      710 |           await nextArrow.click();
      711 |           await mainPage.page.waitForTimeout(1000);
      712 |           
        at /Users/eljinwhitehead/site-castle/playwright-test/main.spec.ts:709:29
        at /Users/eljinwhitehead/site-castle/playwright-test/main.spec.ts:698:7

    Error Context: test-results/main-Castle-com-Main-Page--a8d43-3-Original-Games-Navigation-chromium-retry1/error-context.md

    attachment #2: trace (application/zip) ─────────────────────────────────────────────────────────
    test-results/main-Castle-com-Main-Page--a8d43-3-Original-Games-Navigation-chromium-retry1/trace.zip
    Usage:

        npx playwright show-trace test-results/main-Castle-com-Main-Page--a8d43-3-Original-Games-Navigation-chromium-retry1/trace.zip

    ────────────────────────────────────────────────────────────────────────────────────────────────


[1A[2K[chromium] › playwright-test/main.spec.ts:990:9 › Castle.com Main Page Tests › Footer Section Test Cases › TC-026: Social Media Links
Page ready check completed

[1A[2KVerifying main page load...

[1A[2KMain page verification complete

[1A[2KStarting TC-026: Social Media Links

[1A[2KX link: https://x.com/chickendotgg

[1A[2K[43/99] [chromium] › playwright-test/main.spec.ts:1025:9 › Castle.com Main Page Tests › Footer Section Test Cases › TC-028: Footer Contact Information
[1A[2KTelegram link: https://t.me/chickendotgg

[1A[2KKick link: https://x.com/chickendotgg

[1A[2KTC-026 completed

[1A[2K[44/99] [chromium] › playwright-test/main.spec.ts:1046:9 › Castle.com Main Page Tests › Responsive Design Test Cases › TC-029: Mobile Responsiveness
[1A[2K[chromium] › playwright-test/main.spec.ts:1046:9 › Castle.com Main Page Tests › Responsive Design Test Cases › TC-029: Mobile Responsiveness
Starting main page test setup...

[1A[2K[chromium] › playwright-test/main.spec.ts:882:9 › Castle.com Main Page Tests › Bets & Races Section Test Cases › TC-021: All Bets Display
Page ready check completed

[1A[2KVerifying main page load...

[1A[2KMain page verification complete

[1A[2KStarting TC-021: All Bets Display

[1A[2K[chromium] › playwright-test/main.spec.ts:1025:9 › Castle.com Main Page Tests › Footer Section Test Cases › TC-028: Footer Contact Information
Starting main page test setup...

[1A[2K[chromium] › playwright-test/main.spec.ts:1046:9 › Castle.com Main Page Tests › Responsive Design Test Cases › TC-029: Mobile Responsiveness
Navigated to main page

[1A[2KWaiting for page to be ready...

[1A[2K[chromium] › playwright-test/main.spec.ts:1025:9 › Castle.com Main Page Tests › Footer Section Test Cases › TC-028: Footer Contact Information
Navigated to main page

[1A[2KWaiting for page to be ready...

[1A[2K[chromium] › playwright-test/main.spec.ts:1010:9 › Castle.com Main Page Tests › Footer Section Test Cases › TC-027: Accepted Tokens Display
Page ready check completed

[1A[2KVerifying main page load...

[1A[2KMain page verification complete

[1A[2KStarting TC-027: Accepted Tokens Display

[1A[2KFound 21 token icons

[1A[2KTC-027 completed

[1A[2K[45/99] [chromium] › playwright-test/main.spec.ts:1070:9 › Castle.com Main Page Tests › Responsive Design Test Cases › TC-030: Tablet Responsiveness
[1A[2K[chromium] › playwright-test/main.spec.ts:1070:9 › Castle.com Main Page Tests › Responsive Design Test Cases › TC-030: Tablet Responsiveness
Starting main page test setup...

[1A[2K[chromium] › playwright-test/main.spec.ts:931:9 › Castle.com Main Page Tests › Footer Section Test Cases › TC-023: Footer Information Display
Page ready check completed

[1A[2KVerifying main page load...

[1A[2KMain page verification complete

[1A[2KStarting TC-023: Footer Information Display

[1A[2K[46/99] [chromium] › playwright-test/main.spec.ts:909:9 › Castle.com Main Page Tests › Bets & Races Section Test Cases › TC-022: Live Bet Updates (retry #1)
[1A[2K[chromium] › playwright-test/main.spec.ts:909:9 › Castle.com Main Page Tests › Bets & Races Section Test Cases › TC-022: Live Bet Updates
Starting main page test setup...

[1A[2K[chromium] › playwright-test/main.spec.ts:1070:9 › Castle.com Main Page Tests › Responsive Design Test Cases › TC-030: Tablet Responsiveness
Navigated to main page

[1A[2KWaiting for page to be ready...

[1A[2K[chromium] › playwright-test/main.spec.ts:909:9 › Castle.com Main Page Tests › Bets & Races Section Test Cases › TC-022: Live Bet Updates
Navigated to main page

[1A[2KWaiting for page to be ready...

[1A[2K  13) [chromium] › playwright-test/main.spec.ts:931:9 › Castle.com Main Page Tests › Footer Section Test Cases › TC-023: Footer Information Display › Verify that footer displays all required information 

    Error: expect.toBeVisible: Error: strict mode violation: locator('*:has-text("PLATFORM")') resolved to 16 elements:
        1) <html lang="en">…</html> aka locator('html')
        2) <body id="index">…</body> aka locator('#index')
        3) <div id="root">…</div> aka locator('#root')
        4) <div class="AppBody laptop _s _display-flex _overflow-hidden _flex-flow-column _h-full _w-full _bg-brown-7">…</div> aka locator('div').filter({ hasText: 'HomeReferralsRacesGamesDuel' }).nth(1)
        5) <div class="_s _display-flex _overflow-hidden _h-full">…</div> aka locator('div').filter({ hasText: 'HomeReferralsRacesGamesDuel' }).nth(2)
        6) <main class="AppMain mobile _s _display-flex _overflow-auto _flex-flow-column _align-items-center _flex-grow-true">…</main> aka getByText('enLog InRegisterPlay First')
        7) <footer class="AppFooter _s _display-flex _align-items-center _justify-content-center _w-full _bg-black-hover">…</footer> aka locator('footer')
        8) <div class="inner-content _s _display-flex _w-full">…</div> aka locator('.AppFooter > div')
        9) <div class="_s _display-flex _flex-flow-column _w-full">…</div> aka locator('.AppFooter > div > div')
        10) <div class="_s _display-flex _flex-flow-column _pl-20 _pr-20 _bg-brown-6">…</div> aka locator('._s._display-flex._flex-flow-column._pl-20._pr-20._bg-brown-6')
        ...

    Call log:
    [2m  - Expect "toBeVisible" with timeout 5000ms[22m
    [2m  - waiting for locator('*:has-text("PLATFORM")')[22m


      942 |         
      943 |         // Check three columns
    > 944 |         await expect(page.locator('*:has-text("PLATFORM")')).toBeVisible();
          |                                                              ^
      945 |         await expect(page.locator('*:has-text("ABOUT US")')).toBeVisible();
      946 |         await expect(page.locator('*:has-text("SOCIALS")')).toBeVisible();
      947 |         
        at /Users/eljinwhitehead/site-castle/playwright-test/main.spec.ts:944:62
        at /Users/eljinwhitehead/site-castle/playwright-test/main.spec.ts:932:7

    Error Context: test-results/main-Castle-com-Main-Page--afd47--Footer-Information-Display-chromium/error-context.md

    Retry #1 ───────────────────────────────────────────────────────────────────────────────────────

    Error: expect.toBeVisible: Error: strict mode violation: locator('*:has-text("PLATFORM")') resolved to 16 elements:
        1) <html lang="en">…</html> aka locator('html')
        2) <body id="index">…</body> aka locator('#index')
        3) <div id="root">…</div> aka locator('#root')
        4) <div class="AppBody laptop _s _display-flex _overflow-hidden _flex-flow-column _h-full _w-full _bg-brown-7">…</div> aka locator('div').filter({ hasText: 'HomeReferralsRacesGamesDuel' }).nth(1)
        5) <div class="_s _display-flex _overflow-hidden _h-full">…</div> aka locator('div').filter({ hasText: 'HomeReferralsRacesGamesDuel' }).nth(2)
        6) <main class="AppMain mobile _s _display-flex _overflow-auto _flex-flow-column _align-items-center _flex-grow-true">…</main> aka getByText('enLog InRegisterPlay First')
        7) <footer class="AppFooter _s _display-flex _align-items-center _justify-content-center _w-full _bg-black-hover">…</footer> aka locator('footer')
        8) <div class="inner-content _s _display-flex _w-full">…</div> aka locator('.AppFooter > div')
        9) <div class="_s _display-flex _flex-flow-column _w-full">…</div> aka locator('.AppFooter > div > div')
        10) <div class="_s _display-flex _flex-flow-column _pl-20 _pr-20 _bg-brown-6">…</div> aka locator('._s._display-flex._flex-flow-column._pl-20._pr-20._bg-brown-6')
        ...

    Call log:
    [2m  - Expect "toBeVisible" with timeout 5000ms[22m
    [2m  - waiting for locator('*:has-text("PLATFORM")')[22m


      942 |         
      943 |         // Check three columns
    > 944 |         await expect(page.locator('*:has-text("PLATFORM")')).toBeVisible();
          |                                                              ^
      945 |         await expect(page.locator('*:has-text("ABOUT US")')).toBeVisible();
      946 |         await expect(page.locator('*:has-text("SOCIALS")')).toBeVisible();
      947 |         
        at /Users/eljinwhitehead/site-castle/playwright-test/main.spec.ts:944:62
        at /Users/eljinwhitehead/site-castle/playwright-test/main.spec.ts:932:7

    Error Context: test-results/main-Castle-com-Main-Page--afd47--Footer-Information-Display-chromium-retry1/error-context.md

    attachment #2: trace (application/zip) ─────────────────────────────────────────────────────────
    test-results/main-Castle-com-Main-Page--afd47--Footer-Information-Display-chromium-retry1/trace.zip
    Usage:

        npx playwright show-trace test-results/main-Castle-com-Main-Page--afd47--Footer-Information-Display-chromium-retry1/trace.zip

    ────────────────────────────────────────────────────────────────────────────────────────────────


[1A[2K[47/99] [chromium] › playwright-test/main.spec.ts:1113:9 › Castle.com Main Page Tests › Performance Test Cases › TC-031: Page Load Performance
[1A[2K[chromium] › playwright-test/main.spec.ts:1113:9 › Castle.com Main Page Tests › Performance Test Cases › TC-031: Page Load Performance
Starting main page test setup...

[1A[2KNavigated to main page

[1A[2KWaiting for page to be ready...

[1A[2K  14) [chromium] › playwright-test/main.spec.ts:856:9 › Castle.com Main Page Tests › Bets & Races Section Test Cases › TC-020: Bets & Races Tabs › Verify that Bets & Races section tabs function correctly 

    TimeoutError: locator.scrollIntoViewIfNeeded: Timeout 10000ms exceeded.
    Call log:
    [2m  - waiting for locator('*:has-text("BETS & RACES")')[22m


      859 |         
      860 |         // Scroll to Bets & Races section
    > 861 |         await page.locator('*:has-text("BETS & RACES")').scrollIntoViewIfNeeded();
          |                                                          ^
      862 |         await page.waitForTimeout(1000);
      863 |         
      864 |         const tabs = ['My Bets', 'All Bets', 'High Rollers', 'Lucky Bets', 'Races'];
        at /Users/eljinwhitehead/site-castle/playwright-test/main.spec.ts:861:58
        at /Users/eljinwhitehead/site-castle/playwright-test/main.spec.ts:857:18

    Error Context: test-results/main-Castle-com-Main-Page--618db-ases-TC-020-Bets-Races-Tabs-chromium/error-context.md

    Retry #1 ───────────────────────────────────────────────────────────────────────────────────────

    TimeoutError: locator.scrollIntoViewIfNeeded: Timeout 10000ms exceeded.
    Call log:
    [2m  - waiting for locator('*:has-text("BETS & RACES")')[22m


      859 |         
      860 |         // Scroll to Bets & Races section
    > 861 |         await page.locator('*:has-text("BETS & RACES")').scrollIntoViewIfNeeded();
          |                                                          ^
      862 |         await page.waitForTimeout(1000);
      863 |         
      864 |         const tabs = ['My Bets', 'All Bets', 'High Rollers', 'Lucky Bets', 'Races'];
        at /Users/eljinwhitehead/site-castle/playwright-test/main.spec.ts:861:58
        at /Users/eljinwhitehead/site-castle/playwright-test/main.spec.ts:857:18

    Error Context: test-results/main-Castle-com-Main-Page--618db-ases-TC-020-Bets-Races-Tabs-chromium-retry1/error-context.md

    attachment #2: trace (application/zip) ─────────────────────────────────────────────────────────
    test-results/main-Castle-com-Main-Page--618db-ases-TC-020-Bets-Races-Tabs-chromium-retry1/trace.zip
    Usage:

        npx playwright show-trace test-results/main-Castle-com-Main-Page--618db-ases-TC-020-Bets-Races-Tabs-chromium-retry1/trace.zip

    ────────────────────────────────────────────────────────────────────────────────────────────────


[1A[2K[48/99] [chromium] › playwright-test/main.spec.ts:1146:9 › Castle.com Main Page Tests › Performance Test Cases › TC-032: Game Thumbnail Loading
[1A[2K[chromium] › playwright-test/main.spec.ts:1146:9 › Castle.com Main Page Tests › Performance Test Cases › TC-032: Game Thumbnail Loading
Starting main page test setup...

[1A[2KNavigated to main page

[1A[2KWaiting for page to be ready...

[1A[2K  15) [chromium] › playwright-test/main.spec.ts:882:9 › Castle.com Main Page Tests › Bets & Races Section Test Cases › TC-021: All Bets Display › Verify that the All Bets tab displays recent betting activity 

    TimeoutError: locator.scrollIntoViewIfNeeded: Timeout 10000ms exceeded.
    Call log:
    [2m  - waiting for locator('*:has-text("BETS & RACES")')[22m


      885 |         
      886 |         // Scroll to section
    > 887 |         await page.locator('*:has-text("BETS & RACES")').scrollIntoViewIfNeeded();
          |                                                          ^
      888 |         await page.waitForTimeout(1000);
      889 |         
      890 |         // Click All Bets tab
        at /Users/eljinwhitehead/site-castle/playwright-test/main.spec.ts:887:58
        at /Users/eljinwhitehead/site-castle/playwright-test/main.spec.ts:883:18

    Error Context: test-results/main-Castle-com-Main-Page--cbf5b-ses-TC-021-All-Bets-Display-chromium/error-context.md

    Retry #1 ───────────────────────────────────────────────────────────────────────────────────────

    TimeoutError: locator.scrollIntoViewIfNeeded: Timeout 10000ms exceeded.
    Call log:
    [2m  - waiting for locator('*:has-text("BETS & RACES")')[22m


      885 |         
      886 |         // Scroll to section
    > 887 |         await page.locator('*:has-text("BETS & RACES")').scrollIntoViewIfNeeded();
          |                                                          ^
      888 |         await page.waitForTimeout(1000);
      889 |         
      890 |         // Click All Bets tab
        at /Users/eljinwhitehead/site-castle/playwright-test/main.spec.ts:887:58
        at /Users/eljinwhitehead/site-castle/playwright-test/main.spec.ts:883:18

    Error Context: test-results/main-Castle-com-Main-Page--cbf5b-ses-TC-021-All-Bets-Display-chromium-retry1/error-context.md

    attachment #2: trace (application/zip) ─────────────────────────────────────────────────────────
    test-results/main-Castle-com-Main-Page--cbf5b-ses-TC-021-All-Bets-Display-chromium-retry1/trace.zip
    Usage:

        npx playwright show-trace test-results/main-Castle-com-Main-Page--cbf5b-ses-TC-021-All-Bets-Display-chromium-retry1/trace.zip

    ────────────────────────────────────────────────────────────────────────────────────────────────


[1A[2K[49/99] [chromium] › playwright-test/main.spec.ts:1184:9 › Castle.com Main Page Tests › Security Test Cases › TC-033: HTTPS Implementation
[1A[2K[chromium] › playwright-test/main.spec.ts:1184:9 › Castle.com Main Page Tests › Security Test Cases › TC-033: HTTPS Implementation
Starting main page test setup...

[1A[2KNavigated to main page

[1A[2KWaiting for page to be ready...

[1A[2K[chromium] › playwright-test/main.spec.ts:1146:9 › Castle.com Main Page Tests › Performance Test Cases › TC-032: Game Thumbnail Loading
Page ready check completed

[1A[2KVerifying main page load...

[1A[2K[chromium] › playwright-test/main.spec.ts:1046:9 › Castle.com Main Page Tests › Responsive Design Test Cases › TC-029: Mobile Responsiveness
Page ready check had issues: page.waitForSelector: Timeout 10000ms exceeded.
Call log:
[2m  - waiting for locator('.AppMain') to be visible[22m

    at MainPageTest.waitForPageReady [90m(/Users/eljinwhitehead/site-castle/[39mplaywright-test/main.spec.ts:250:23[90m)[39m
    at [90m/Users/eljinwhitehead/site-castle/[39mplaywright-test/main.spec.ts:387:7 {
  name: [32m'TimeoutError'[39m,
  [32mSymbol(step)[39m: {
    stepId: [32m'pw:api@11'[39m,
    location: {
      file: [32m'/Users/eljinwhitehead/site-castle/playwright-test/main.spec.ts'[39m,
      line: [33m250[39m,
      column: [33m23[39m,
      function: [32m'MainPageTest.waitForPageReady'[39m
    },
    category: [32m'pw:api'[39m,
    title: [32m"Wait for selector locator('.AppMain')"[39m,
    apiName: [32m'page.waitForSelector'[39m,
    params: { selector: [32m'.AppMain'[39m, state: [32m'visible'[39m, timeout: [33m10000[39m },
    boxedStack: [90mundefined[39m,
    steps: [],
    attachmentIndices: [],
    info: TestStepInfoImpl {
      annotations: [],
      _testInfo: [36m[TestInfoImpl][39m,
      _stepId: [32m'pw:api@11'[39m,
      skip: [36m[Function (anonymous)][39m
    },
    complete: [36m[Function: complete][39m,
    endWallTime: [33m1753895617208[39m,
    error: {
      message: [32m'TimeoutError: page.waitForSelector: Timeout 10000ms exceeded.\n'[39m +
        [32m'Call log:\n'[39m +
        [32m"\x1B[2m  - waiting for locator('.AppMain') to be visible\x1B[22m\n"[39m,
      stack: [32m'TimeoutError: page.waitForSelector: Timeout 10000ms exceeded.\n'[39m +
        [32m'Call log:\n'[39m +
        [32m"\x1B[2m  - waiting for locator('.AppMain') to be visible\x1B[22m\n"[39m +
        [32m'\n'[39m +
        [32m'    at MainPageTest.waitForPageReady (/Users/eljinwhitehead/site-castle/playwright-test/main.spec.ts:250:23)\n'[39m +
        [32m'    at /Users/eljinwhitehead/site-castle/playwright-test/main.spec.ts:387:7'[39m,
      cause: [90mundefined[39m
    }
  }
}

[1A[2KVerifying main page load...

[1A[2K[chromium] › playwright-test/main.spec.ts:1146:9 › Castle.com Main Page Tests › Performance Test Cases › TC-032: Game Thumbnail Loading
Main page verification complete

[1A[2KStarting TC-032: Game Thumbnail Loading

[1A[2KLazy loaded images: 0

[1A[2K[chromium] › playwright-test/main.spec.ts:1025:9 › Castle.com Main Page Tests › Footer Section Test Cases › TC-028: Footer Contact Information
Page ready check had issues: page.waitForSelector: Timeout 10000ms exceeded.
Call log:
[2m  - waiting for locator('.AppMain') to be visible[22m

    at MainPageTest.waitForPageReady [90m(/Users/eljinwhitehead/site-castle/[39mplaywright-test/main.spec.ts:250:23[90m)[39m
    at [90m/Users/eljinwhitehead/site-castle/[39mplaywright-test/main.spec.ts:387:7 {
  name: [32m'TimeoutError'[39m,
  [32mSymbol(step)[39m: {
    stepId: [32m'pw:api@13'[39m,
    location: {
      file: [32m'/Users/eljinwhitehead/site-castle/playwright-test/main.spec.ts'[39m,
      line: [33m250[39m,
      column: [33m23[39m,
      function: [32m'MainPageTest.waitForPageReady'[39m
    },
    category: [32m'pw:api'[39m,
    title: [32m"Wait for selector locator('.AppMain')"[39m,
    apiName: [32m'page.waitForSelector'[39m,
    params: { selector: [32m'.AppMain'[39m, state: [32m'visible'[39m, timeout: [33m10000[39m },
    boxedStack: [90mundefined[39m,
    steps: [],
    attachmentIndices: [],
    info: TestStepInfoImpl {
      annotations: [],
      _testInfo: [36m[TestInfoImpl][39m,
      _stepId: [32m'pw:api@13'[39m,
      skip: [36m[Function (anonymous)][39m
    },
    complete: [36m[Function: complete][39m,
    endWallTime: [33m1753895617230[39m,
    error: {
      message: [32m'TimeoutError: page.waitForSelector: Timeout 10000ms exceeded.\n'[39m +
        [32m'Call log:\n'[39m +
        [32m"\x1B[2m  - waiting for locator('.AppMain') to be visible\x1B[22m\n"[39m,
      stack: [32m'TimeoutError: page.waitForSelector: Timeout 10000ms exceeded.\n'[39m +
        [32m'Call log:\n'[39m +
        [32m"\x1B[2m  - waiting for locator('.AppMain') to be visible\x1B[22m\n"[39m +
        [32m'\n'[39m +
        [32m'    at MainPageTest.waitForPageReady (/Users/eljinwhitehead/site-castle/playwright-test/main.spec.ts:250:23)\n'[39m +
        [32m'    at /Users/eljinwhitehead/site-castle/playwright-test/main.spec.ts:387:7'[39m,
      cause: [90mundefined[39m
    }
  }
}

[1A[2KVerifying main page load...

[1A[2K[chromium] › playwright-test/main.spec.ts:1070:9 › Castle.com Main Page Tests › Responsive Design Test Cases › TC-030: Tablet Responsiveness
Page ready check had issues: page.waitForSelector: Timeout 10000ms exceeded.
Call log:
[2m  - waiting for locator('.AppMain') to be visible[22m

    at MainPageTest.waitForPageReady [90m(/Users/eljinwhitehead/site-castle/[39mplaywright-test/main.spec.ts:250:23[90m)[39m
    at [90m/Users/eljinwhitehead/site-castle/[39mplaywright-test/main.spec.ts:387:7 {
  name: [32m'TimeoutError'[39m,
  [32mSymbol(step)[39m: {
    stepId: [32m'pw:api@11'[39m,
    location: {
      file: [32m'/Users/eljinwhitehead/site-castle/playwright-test/main.spec.ts'[39m,
      line: [33m250[39m,
      column: [33m23[39m,
      function: [32m'MainPageTest.waitForPageReady'[39m
    },
    category: [32m'pw:api'[39m,
    title: [32m"Wait for selector locator('.AppMain')"[39m,
    apiName: [32m'page.waitForSelector'[39m,
    params: { selector: [32m'.AppMain'[39m, state: [32m'visible'[39m, timeout: [33m10000[39m },
    boxedStack: [90mundefined[39m,
    steps: [],
    attachmentIndices: [],
    info: TestStepInfoImpl {
      annotations: [],
      _testInfo: [36m[TestInfoImpl][39m,
      _stepId: [32m'pw:api@11'[39m,
      skip: [36m[Function (anonymous)][39m
    },
    complete: [36m[Function: complete][39m,
    endWallTime: [33m1753895618484[39m,
    error: {
      message: [32m'TimeoutError: page.waitForSelector: Timeout 10000ms exceeded.\n'[39m +
        [32m'Call log:\n'[39m +
        [32m"\x1B[2m  - waiting for locator('.AppMain') to be visible\x1B[22m\n"[39m,
      stack: [32m'TimeoutError: page.waitForSelector: Timeout 10000ms exceeded.\n'[39m +
        [32m'Call log:\n'[39m +
        [32m"\x1B[2m  - waiting for locator('.AppMain') to be visible\x1B[22m\n"[39m +
        [32m'\n'[39m +
        [32m'    at MainPageTest.waitForPageReady (/Users/eljinwhitehead/site-castle/playwright-test/main.spec.ts:250:23)\n'[39m +
        [32m'    at /Users/eljinwhitehead/site-castle/playwright-test/main.spec.ts:387:7'[39m,
      cause: [90mundefined[39m
    }
  }
}

[1A[2KVerifying main page load...

[1A[2K[chromium] › playwright-test/main.spec.ts:909:9 › Castle.com Main Page Tests › Bets & Races Section Test Cases › TC-022: Live Bet Updates
Page ready check had issues: page.waitForSelector: Timeout 10000ms exceeded.
Call log:
[2m  - waiting for locator('.AppMain') to be visible[22m

    at MainPageTest.waitForPageReady [90m(/Users/eljinwhitehead/site-castle/[39mplaywright-test/main.spec.ts:250:23[90m)[39m
    at [90m/Users/eljinwhitehead/site-castle/[39mplaywright-test/main.spec.ts:387:7 {
  name: [32m'TimeoutError'[39m,
  [32mSymbol(step)[39m: {
    stepId: [32m'pw:api@13'[39m,
    location: {
      file: [32m'/Users/eljinwhitehead/site-castle/playwright-test/main.spec.ts'[39m,
      line: [33m250[39m,
      column: [33m23[39m,
      function: [32m'MainPageTest.waitForPageReady'[39m
    },
    category: [32m'pw:api'[39m,
    title: [32m"Wait for selector locator('.AppMain')"[39m,
    apiName: [32m'page.waitForSelector'[39m,
    params: { selector: [32m'.AppMain'[39m, state: [32m'visible'[39m, timeout: [33m10000[39m },
    boxedStack: [90mundefined[39m,
    steps: [],
    attachmentIndices: [],
    info: TestStepInfoImpl {
      annotations: [],
      _testInfo: [36m[TestInfoImpl][39m,
      _stepId: [32m'pw:api@13'[39m,
      skip: [36m[Function (anonymous)][39m
    },
    complete: [36m[Function: complete][39m,
    endWallTime: [33m1753895618672[39m,
    error: {
      message: [32m'TimeoutError: page.waitForSelector: Timeout 10000ms exceeded.\n'[39m +
        [32m'Call log:\n'[39m +
        [32m"\x1B[2m  - waiting for locator('.AppMain') to be visible\x1B[22m\n"[39m,
      stack: [32m'TimeoutError: page.waitForSelector: Timeout 10000ms exceeded.\n'[39m +
        [32m'Call log:\n'[39m +
        [32m"\x1B[2m  - waiting for locator('.AppMain') to be visible\x1B[22m\n"[39m +
        [32m'\n'[39m +
        [32m'    at MainPageTest.waitForPageReady (/Users/eljinwhitehead/site-castle/playwright-test/main.spec.ts:250:23)\n'[39m +
        [32m'    at /Users/eljinwhitehead/site-castle/playwright-test/main.spec.ts:387:7'[39m,
      cause: [90mundefined[39m
    }
  }
}

[1A[2KVerifying main page load...

[1A[2K[chromium] › playwright-test/main.spec.ts:1184:9 › Castle.com Main Page Tests › Security Test Cases › TC-033: HTTPS Implementation
Page ready check completed

[1A[2KVerifying main page load...

[1A[2KMain page verification complete

[1A[2KStarting TC-033: HTTPS Implementation

[1A[2KLocal environment detected, skipping HTTPS check

[1A[2KTC-033 completed

[1A[2K[chromium] › playwright-test/main.spec.ts:1113:9 › Castle.com Main Page Tests › Performance Test Cases › TC-031: Page Load Performance
Page ready check had issues: page.waitForSelector: Timeout 10000ms exceeded.
Call log:
[2m  - waiting for locator('.AppMain') to be visible[22m

    at MainPageTest.waitForPageReady [90m(/Users/eljinwhitehead/site-castle/[39mplaywright-test/main.spec.ts:250:23[90m)[39m
    at [90m/Users/eljinwhitehead/site-castle/[39mplaywright-test/main.spec.ts:387:7 {
  name: [32m'TimeoutError'[39m,
  [32mSymbol(step)[39m: {
    stepId: [32m'pw:api@13'[39m,
    location: {
      file: [32m'/Users/eljinwhitehead/site-castle/playwright-test/main.spec.ts'[39m,
      line: [33m250[39m,
      column: [33m23[39m,
      function: [32m'MainPageTest.waitForPageReady'[39m
    },
    category: [32m'pw:api'[39m,
    title: [32m"Wait for selector locator('.AppMain')"[39m,
    apiName: [32m'page.waitForSelector'[39m,
    params: { selector: [32m'.AppMain'[39m, state: [32m'visible'[39m, timeout: [33m10000[39m },
    boxedStack: [90mundefined[39m,
    steps: [],
    attachmentIndices: [],
    info: TestStepInfoImpl {
      annotations: [],
      _testInfo: [36m[TestInfoImpl][39m,
      _stepId: [32m'pw:api@13'[39m,
      skip: [36m[Function (anonymous)][39m
    },
    complete: [36m[Function: complete][39m,
    endWallTime: [33m1753895620089[39m,
    error: {
      message: [32m'TimeoutError: page.waitForSelector: Timeout 10000ms exceeded.\n'[39m +
        [32m'Call log:\n'[39m +
        [32m"\x1B[2m  - waiting for locator('.AppMain') to be visible\x1B[22m\n"[39m,
      stack: [32m'TimeoutError: page.waitForSelector: Timeout 10000ms exceeded.\n'[39m +
        [32m'Call log:\n'[39m +
        [32m"\x1B[2m  - waiting for locator('.AppMain') to be visible\x1B[22m\n"[39m +
        [32m'\n'[39m +
        [32m'    at MainPageTest.waitForPageReady (/Users/eljinwhitehead/site-castle/playwright-test/main.spec.ts:250:23)\n'[39m +
        [32m'    at /Users/eljinwhitehead/site-castle/playwright-test/main.spec.ts:387:7'[39m,
      cause: [90mundefined[39m
    }
  }
}

[1A[2KVerifying main page load...

[1A[2K[chromium] › playwright-test/main.spec.ts:1146:9 › Castle.com Main Page Tests › Performance Test Cases › TC-032: Game Thumbnail Loading
Cumulative Layout Shift: 0

[1A[2KTC-032 completed

[1A[2K[50/99] [firefox] › playwright-test/main.spec.ts:402:9 › Castle.com Main Page Tests › Header Section Test Cases › TC-001: Header Elements Display
[1A[2K[51/99] [firefox] › playwright-test/main.spec.ts:426:9 › Castle.com Main Page Tests › Header Section Test Cases › TC-002: Wallet Button Functionality
[1A[2K[firefox] › playwright-test/main.spec.ts:402:9 › Castle.com Main Page Tests › Header Section Test Cases › TC-001: Header Elements Display
Starting main page test setup...

[1A[2K[firefox] › playwright-test/main.spec.ts:426:9 › Castle.com Main Page Tests › Header Section Test Cases › TC-002: Wallet Button Functionality
Starting main page test setup...

[1A[2K[firefox] › playwright-test/main.spec.ts:402:9 › Castle.com Main Page Tests › Header Section Test Cases › TC-001: Header Elements Display
Navigated to main page

[1A[2KWaiting for page to be ready...

[1A[2K[firefox] › playwright-test/main.spec.ts:426:9 › Castle.com Main Page Tests › Header Section Test Cases › TC-002: Wallet Button Functionality
Navigated to main page

[1A[2KWaiting for page to be ready...

[1A[2K[chromium] › playwright-test/main.spec.ts:1046:9 › Castle.com Main Page Tests › Responsive Design Test Cases › TC-029: Mobile Responsiveness
Error in test setup: ExpectError: [31mTimed out 10000ms waiting for [39m[2mexpect([22m[31mlocator[39m[2m).[22mtoBeVisible[2m()[22m

Locator: locator('.Vector.site-logo, svg:has(path[d*="M44.6064"])').first()
Expected: visible
Received: <element(s) not found>
Call log:
[2m  - Expect "toBeVisible" with timeout 10000ms[22m
[2m  - waiting for locator('.Vector.site-logo, svg:has(path[d*="M44.6064"])').first()[22m

    at MainPageTest.verifyPageLoad [90m(/Users/eljinwhitehead/site-castle/[39mplaywright-test/main.spec.ts:366:36[90m)[39m
    at [90m/Users/eljinwhitehead/site-castle/[39mplaywright-test/main.spec.ts:394:7 {
  matcherResult: {
    message: [32m'\x1B[31mTimed out 10000ms waiting for \x1B[39m\x1B[2mexpect(\x1B[22m\x1B[31mlocator\x1B[39m\x1B[2m).\x1B[22mtoBeVisible\x1B[2m()\x1B[22m\n'[39m +
      [32m'\n'[39m +
      [32m`Locator: locator('.Vector.site-logo, svg:has(path[d*="M44.6064"])').first()\n`[39m +
      [32m'Expected: visible\n'[39m +
      [32m'Received: <element(s) not found>\n'[39m +
      [32m'Call log:\n'[39m +
      [32m'\x1B[2m  - Expect "toBeVisible" with timeout 10000ms\x1B[22m\n'[39m +
      [32m`\x1B[2m  - waiting for locator('.Vector.site-logo, svg:has(path[d*="M44.6064"])').first()\x1B[22m\n`[39m,
    pass: [33mfalse[39m,
    actual: [32m'<element(s) not found>'[39m,
    name: [32m'toBeVisible'[39m,
    expected: [32m'visible'[39m,
    log: [
      [32m'  - Expect "toBeVisible" with timeout 10000ms'[39m,
      [32m`  - waiting for locator('.Vector.site-logo, svg:has(path[d*="M44.6064"])').first()`[39m
    ],
    timeout: [33m10000[39m
  },
  [32mSymbol(step)[39m: {
    stepId: [32m'expect@13'[39m,
    category: [32m'expect'[39m,
    apiName: [32m'expect.toBeVisible'[39m,
    title: [32m'toBeVisible'[39m,
    params: { expected: [36m[Object][39m },
    infectParentStepsWithError: [90mundefined[39m,
    boxedStack: [90mundefined[39m,
    location: {
      file: [32m'/Users/eljinwhitehead/site-castle/playwright-test/main.spec.ts'[39m,
      line: [33m366[39m,
      column: [33m36[39m,
      function: [32m'MainPageTest.verifyPageLoad'[39m
    },
    steps: [],
    attachmentIndices: [],
    info: TestStepInfoImpl {
      annotations: [],
      _testInfo: [36m[TestInfoImpl][39m,
      _stepId: [32m'expect@13'[39m,
      skip: [36m[Function (anonymous)][39m
    },
    complete: [36m[Function: complete][39m,
    endWallTime: [33m1753895627214[39m,
    error: {
      message: [32m'Error: \x1B[31mTimed out 10000ms waiting for \x1B[39m\x1B[2mexpect(\x1B[22m\x1B[31mlocator\x1B[39m\x1B[2m).\x1B[22mtoBeVisible\x1B[2m()\x1B[22m\n'[39m +
        [32m'\n'[39m +
        [32m`Locator: locator('.Vector.site-logo, svg:has(path[d*="M44.6064"])').first()\n`[39m +
        [32m'Expected: visible\n'[39m +
        [32m'Received: <element(s) not found>\n'[39m +
        [32m'Call log:\n'[39m +
        [32m'\x1B[2m  - Expect "toBeVisible" with timeout 10000ms\x1B[22m\n'[39m +
        [32m`\x1B[2m  - waiting for locator('.Vector.site-logo, svg:has(path[d*="M44.6064"])').first()\x1B[22m\n`[39m,
      stack: [32m'Error: \x1B[31mTimed out 10000ms waiting for \x1B[39m\x1B[2mexpect(\x1B[22m\x1B[31mlocator\x1B[39m\x1B[2m).\x1B[22mtoBeVisible\x1B[2m()\x1B[22m\n'[39m +
        [32m'\n'[39m +
        [32m`Locator: locator('.Vector.site-logo, svg:has(path[d*="M44.6064"])').first()\n`[39m +
        [32m'Expected: visible\n'[39m +
        [32m'Received: <element(s) not found>\n'[39m +
        [32m'Call log:\n'[39m +
        [32m'\x1B[2m  - Expect "toBeVisible" with timeout 10000ms\x1B[22m\n'[39m +
        [32m`\x1B[2m  - waiting for locator('.Vector.site-logo, svg:has(path[d*="M44.6064"])').first()\x1B[22m\n`[39m +
        [32m'\n'[39m +
        [32m'    at MainPageTest.verifyPageLoad (/Users/eljinwhitehead/site-castle/playwright-test/main.spec.ts:366:36)\n'[39m +
        [32m'    at /Users/eljinwhitehead/site-castle/playwright-test/main.spec.ts:394:7'[39m,
      cause: [90mundefined[39m
    }
  }
}

[1A[2KStarting TC-029: Mobile Responsiveness

[1A[2K[chromium] › playwright-test/main.spec.ts:1025:9 › Castle.com Main Page Tests › Footer Section Test Cases › TC-028: Footer Contact Information
Error in test setup: ExpectError: [31mTimed out 10000ms waiting for [39m[2mexpect([22m[31mlocator[39m[2m).[22mtoBeVisible[2m()[22m

Locator: locator('.Vector.site-logo, svg:has(path[d*="M44.6064"])').first()
Expected: visible
Received: <element(s) not found>
Call log:
[2m  - Expect "toBeVisible" with timeout 10000ms[22m
[2m  - waiting for locator('.Vector.site-logo, svg:has(path[d*="M44.6064"])').first()[22m

    at MainPageTest.verifyPageLoad [90m(/Users/eljinwhitehead/site-castle/[39mplaywright-test/main.spec.ts:366:36[90m)[39m
    at [90m/Users/eljinwhitehead/site-castle/[39mplaywright-test/main.spec.ts:394:7 {
  matcherResult: {
    message: [32m'\x1B[31mTimed out 10000ms waiting for \x1B[39m\x1B[2mexpect(\x1B[22m\x1B[31mlocator\x1B[39m\x1B[2m).\x1B[22mtoBeVisible\x1B[2m()\x1B[22m\n'[39m +
      [32m'\n'[39m +
      [32m`Locator: locator('.Vector.site-logo, svg:has(path[d*="M44.6064"])').first()\n`[39m +
      [32m'Expected: visible\n'[39m +
      [32m'Received: <element(s) not found>\n'[39m +
      [32m'Call log:\n'[39m +
      [32m'\x1B[2m  - Expect "toBeVisible" with timeout 10000ms\x1B[22m\n'[39m +
      [32m`\x1B[2m  - waiting for locator('.Vector.site-logo, svg:has(path[d*="M44.6064"])').first()\x1B[22m\n`[39m,
    pass: [33mfalse[39m,
    actual: [32m'<element(s) not found>'[39m,
    name: [32m'toBeVisible'[39m,
    expected: [32m'visible'[39m,
    log: [
      [32m'  - Expect "toBeVisible" with timeout 10000ms'[39m,
      [32m`  - waiting for locator('.Vector.site-logo, svg:has(path[d*="M44.6064"])').first()`[39m
    ],
    timeout: [33m10000[39m
  },
  [32mSymbol(step)[39m: {
    stepId: [32m'expect@15'[39m,
    category: [32m'expect'[39m,
    apiName: [32m'expect.toBeVisible'[39m,
    title: [32m'toBeVisible'[39m,
    params: { expected: [36m[Object][39m },
    infectParentStepsWithError: [90mundefined[39m,
    boxedStack: [90mundefined[39m,
    location: {
      file: [32m'/Users/eljinwhitehead/site-castle/playwright-test/main.spec.ts'[39m,
      line: [33m366[39m,
      column: [33m36[39m,
      function: [32m'MainPageTest.verifyPageLoad'[39m
    },
    steps: [],
    attachmentIndices: [],
    info: TestStepInfoImpl {
      annotations: [],
      _testInfo: [36m[TestInfoImpl][39m,
      _stepId: [32m'expect@15'[39m,
      skip: [36m[Function (anonymous)][39m
    },
    complete: [36m[Function: complete][39m,
    endWallTime: [33m1753895627237[39m,
    error: {
      message: [32m'Error: \x1B[31mTimed out 10000ms waiting for \x1B[39m\x1B[2mexpect(\x1B[22m\x1B[31mlocator\x1B[39m\x1B[2m).\x1B[22mtoBeVisible\x1B[2m()\x1B[22m\n'[39m +
        [32m'\n'[39m +
        [32m`Locator: locator('.Vector.site-logo, svg:has(path[d*="M44.6064"])').first()\n`[39m +
        [32m'Expected: visible\n'[39m +
        [32m'Received: <element(s) not found>\n'[39m +
        [32m'Call log:\n'[39m +
        [32m'\x1B[2m  - Expect "toBeVisible" with timeout 10000ms\x1B[22m\n'[39m +
        [32m`\x1B[2m  - waiting for locator('.Vector.site-logo, svg:has(path[d*="M44.6064"])').first()\x1B[22m\n`[39m,
      stack: [32m'Error: \x1B[31mTimed out 10000ms waiting for \x1B[39m\x1B[2mexpect(\x1B[22m\x1B[31mlocator\x1B[39m\x1B[2m).\x1B[22mtoBeVisible\x1B[2m()\x1B[22m\n'[39m +
        [32m'\n'[39m +
        [32m`Locator: locator('.Vector.site-logo, svg:has(path[d*="M44.6064"])').first()\n`[39m +
        [32m'Expected: visible\n'[39m +
        [32m'Received: <element(s) not found>\n'[39m +
        [32m'Call log:\n'[39m +
        [32m'\x1B[2m  - Expect "toBeVisible" with timeout 10000ms\x1B[22m\n'[39m +
        [32m`\x1B[2m  - waiting for locator('.Vector.site-logo, svg:has(path[d*="M44.6064"])').first()\x1B[22m\n`[39m +
        [32m'\n'[39m +
        [32m'    at MainPageTest.verifyPageLoad (/Users/eljinwhitehead/site-castle/playwright-test/main.spec.ts:366:36)\n'[39m +
        [32m'    at /Users/eljinwhitehead/site-castle/playwright-test/main.spec.ts:394:7'[39m,
      cause: [90mundefined[39m
    }
  }
}

[1A[2KStarting TC-028: Footer Contact Information

[1A[2K[firefox] › playwright-test/main.spec.ts:402:9 › Castle.com Main Page Tests › Header Section Test Cases › TC-001: Header Elements Display
Page ready check completed

[1A[2KVerifying main page load...

[1A[2KMain page verification complete

[1A[2KStarting TC-001: Header Elements Display

[1A[2KTC-001 completed

[1A[2K[52/99] [firefox] › playwright-test/main.spec.ts:450:9 › Castle.com Main Page Tests › Header Section Test Cases › TC-003: User Avatar Dropdown
[1A[2K[firefox] › playwright-test/main.spec.ts:450:9 › Castle.com Main Page Tests › Header Section Test Cases › TC-003: User Avatar Dropdown
Starting main page test setup...

[1A[2K[chromium] › playwright-test/main.spec.ts:1070:9 › Castle.com Main Page Tests › Responsive Design Test Cases › TC-030: Tablet Responsiveness
Error in test setup: ExpectError: [31mTimed out 10000ms waiting for [39m[2mexpect([22m[31mlocator[39m[2m).[22mtoBeVisible[2m()[22m

Locator: locator('.Vector.site-logo, svg:has(path[d*="M44.6064"])').first()
Expected: visible
Received: <element(s) not found>
Call log:
[2m  - Expect "toBeVisible" with timeout 10000ms[22m
[2m  - waiting for locator('.Vector.site-logo, svg:has(path[d*="M44.6064"])').first()[22m

    at MainPageTest.verifyPageLoad [90m(/Users/eljinwhitehead/site-castle/[39mplaywright-test/main.spec.ts:366:36[90m)[39m
    at [90m/Users/eljinwhitehead/site-castle/[39mplaywright-test/main.spec.ts:394:7 {
  matcherResult: {
    message: [32m'\x1B[31mTimed out 10000ms waiting for \x1B[39m\x1B[2mexpect(\x1B[22m\x1B[31mlocator\x1B[39m\x1B[2m).\x1B[22mtoBeVisible\x1B[2m()\x1B[22m\n'[39m +
      [32m'\n'[39m +
      [32m`Locator: locator('.Vector.site-logo, svg:has(path[d*="M44.6064"])').first()\n`[39m +
      [32m'Expected: visible\n'[39m +
      [32m'Received: <element(s) not found>\n'[39m +
      [32m'Call log:\n'[39m +
      [32m'\x1B[2m  - Expect "toBeVisible" with timeout 10000ms\x1B[22m\n'[39m +
      [32m`\x1B[2m  - waiting for locator('.Vector.site-logo, svg:has(path[d*="M44.6064"])').first()\x1B[22m\n`[39m,
    pass: [33mfalse[39m,
    actual: [32m'<element(s) not found>'[39m,
    name: [32m'toBeVisible'[39m,
    expected: [32m'visible'[39m,
    log: [
      [32m'  - Expect "toBeVisible" with timeout 10000ms'[39m,
      [32m`  - waiting for locator('.Vector.site-logo, svg:has(path[d*="M44.6064"])').first()`[39m
    ],
    timeout: [33m10000[39m
  },
  [32mSymbol(step)[39m: {
    stepId: [32m'expect@13'[39m,
    category: [32m'expect'[39m,
    apiName: [32m'expect.toBeVisible'[39m,
    title: [32m'toBeVisible'[39m,
    params: { expected: [36m[Object][39m },
    infectParentStepsWithError: [90mundefined[39m,
    boxedStack: [90mundefined[39m,
    location: {
      file: [32m'/Users/eljinwhitehead/site-castle/playwright-test/main.spec.ts'[39m,
      line: [33m366[39m,
      column: [33m36[39m,
      function: [32m'MainPageTest.verifyPageLoad'[39m
    },
    steps: [],
    attachmentIndices: [],
    info: TestStepInfoImpl {
      annotations: [],
      _testInfo: [36m[TestInfoImpl][39m,
      _stepId: [32m'expect@13'[39m,
      skip: [36m[Function (anonymous)][39m
    },
    complete: [36m[Function: complete][39m,
    endWallTime: [33m1753895628489[39m,
    error: {
      message: [32m'Error: \x1B[31mTimed out 10000ms waiting for \x1B[39m\x1B[2mexpect(\x1B[22m\x1B[31mlocator\x1B[39m\x1B[2m).\x1B[22mtoBeVisible\x1B[2m()\x1B[22m\n'[39m +
        [32m'\n'[39m +
        [32m`Locator: locator('.Vector.site-logo, svg:has(path[d*="M44.6064"])').first()\n`[39m +
        [32m'Expected: visible\n'[39m +
        [32m'Received: <element(s) not found>\n'[39m +
        [32m'Call log:\n'[39m +
        [32m'\x1B[2m  - Expect "toBeVisible" with timeout 10000ms\x1B[22m\n'[39m +
        [32m`\x1B[2m  - waiting for locator('.Vector.site-logo, svg:has(path[d*="M44.6064"])').first()\x1B[22m\n`[39m,
      stack: [32m'Error: \x1B[31mTimed out 10000ms waiting for \x1B[39m\x1B[2mexpect(\x1B[22m\x1B[31mlocator\x1B[39m\x1B[2m).\x1B[22mtoBeVisible\x1B[2m()\x1B[22m\n'[39m +
        [32m'\n'[39m +
        [32m`Locator: locator('.Vector.site-logo, svg:has(path[d*="M44.6064"])').first()\n`[39m +
        [32m'Expected: visible\n'[39m +
        [32m'Received: <element(s) not found>\n'[39m +
        [32m'Call log:\n'[39m +
        [32m'\x1B[2m  - Expect "toBeVisible" with timeout 10000ms\x1B[22m\n'[39m +
        [32m`\x1B[2m  - waiting for locator('.Vector.site-logo, svg:has(path[d*="M44.6064"])').first()\x1B[22m\n`[39m +
        [32m'\n'[39m +
        [32m'    at MainPageTest.verifyPageLoad (/Users/eljinwhitehead/site-castle/playwright-test/main.spec.ts:366:36)\n'[39m +
        [32m'    at /Users/eljinwhitehead/site-castle/playwright-test/main.spec.ts:394:7'[39m,
      cause: [90mundefined[39m
    }
  }
}

[1A[2KStarting TC-030: Tablet Responsiveness

[1A[2K[firefox] › playwright-test/main.spec.ts:426:9 › Castle.com Main Page Tests › Header Section Test Cases › TC-002: Wallet Button Functionality
Page ready check completed

[1A[2KVerifying main page load...

[1A[2KMain page verification complete

[1A[2KStarting TC-002: Wallet Button Functionality

[1A[2KUser not logged in, skipping wallet test

[1A[2KTC-002 completed

[1A[2K[53/99] [firefox] › playwright-test/main.spec.ts:477:9 › Castle.com Main Page Tests › Navigation Menu Test Cases › TC-004: Left Navigation Menu Display
[1A[2K[chromium] › playwright-test/main.spec.ts:909:9 › Castle.com Main Page Tests › Bets & Races Section Test Cases › TC-022: Live Bet Updates
Error in test setup: ExpectError: [31mTimed out 10000ms waiting for [39m[2mexpect([22m[31mlocator[39m[2m).[22mtoBeVisible[2m()[22m

Locator: locator('.Vector.site-logo, svg:has(path[d*="M44.6064"])').first()
Expected: visible
Received: <element(s) not found>
Call log:
[2m  - Expect "toBeVisible" with timeout 10000ms[22m
[2m  - waiting for locator('.Vector.site-logo, svg:has(path[d*="M44.6064"])').first()[22m

    at MainPageTest.verifyPageLoad [90m(/Users/eljinwhitehead/site-castle/[39mplaywright-test/main.spec.ts:366:36[90m)[39m
    at [90m/Users/eljinwhitehead/site-castle/[39mplaywright-test/main.spec.ts:394:7 {
  matcherResult: {
    message: [32m'\x1B[31mTimed out 10000ms waiting for \x1B[39m\x1B[2mexpect(\x1B[22m\x1B[31mlocator\x1B[39m\x1B[2m).\x1B[22mtoBeVisible\x1B[2m()\x1B[22m\n'[39m +
      [32m'\n'[39m +
      [32m`Locator: locator('.Vector.site-logo, svg:has(path[d*="M44.6064"])').first()\n`[39m +
      [32m'Expected: visible\n'[39m +
      [32m'Received: <element(s) not found>\n'[39m +
      [32m'Call log:\n'[39m +
      [32m'\x1B[2m  - Expect "toBeVisible" with timeout 10000ms\x1B[22m\n'[39m +
      [32m`\x1B[2m  - waiting for locator('.Vector.site-logo, svg:has(path[d*="M44.6064"])').first()\x1B[22m\n`[39m,
    pass: [33mfalse[39m,
    actual: [32m'<element(s) not found>'[39m,
    name: [32m'toBeVisible'[39m,
    expected: [32m'visible'[39m,
    log: [
      [32m'  - Expect "toBeVisible" with timeout 10000ms'[39m,
      [32m`  - waiting for locator('.Vector.site-logo, svg:has(path[d*="M44.6064"])').first()`[39m
    ],
    timeout: [33m10000[39m
  },
  [32mSymbol(step)[39m: {
    stepId: [32m'expect@15'[39m,
    category: [32m'expect'[39m,
    apiName: [32m'expect.toBeVisible'[39m,
    title: [32m'toBeVisible'[39m,
    params: { expected: [36m[Object][39m },
    infectParentStepsWithError: [90mundefined[39m,
    boxedStack: [90mundefined[39m,
    location: {
      file: [32m'/Users/eljinwhitehead/site-castle/playwright-test/main.spec.ts'[39m,
      line: [33m366[39m,
      column: [33m36[39m,
      function: [32m'MainPageTest.verifyPageLoad'[39m
    },
    steps: [],
    attachmentIndices: [],
    info: TestStepInfoImpl {
      annotations: [],
      _testInfo: [36m[TestInfoImpl][39m,
      _stepId: [32m'expect@15'[39m,
      skip: [36m[Function (anonymous)][39m
    },
    complete: [36m[Function: complete][39m,
    endWallTime: [33m1753895628684[39m,
    error: {
      message: [32m'Error: \x1B[31mTimed out 10000ms waiting for \x1B[39m\x1B[2mexpect(\x1B[22m\x1B[31mlocator\x1B[39m\x1B[2m).\x1B[22mtoBeVisible\x1B[2m()\x1B[22m\n'[39m +
        [32m'\n'[39m +
        [32m`Locator: locator('.Vector.site-logo, svg:has(path[d*="M44.6064"])').first()\n`[39m +
        [32m'Expected: visible\n'[39m +
        [32m'Received: <element(s) not found>\n'[39m +
        [32m'Call log:\n'[39m +
        [32m'\x1B[2m  - Expect "toBeVisible" with timeout 10000ms\x1B[22m\n'[39m +
        [32m`\x1B[2m  - waiting for locator('.Vector.site-logo, svg:has(path[d*="M44.6064"])').first()\x1B[22m\n`[39m,
      stack: [32m'Error: \x1B[31mTimed out 10000ms waiting for \x1B[39m\x1B[2mexpect(\x1B[22m\x1B[31mlocator\x1B[39m\x1B[2m).\x1B[22mtoBeVisible\x1B[2m()\x1B[22m\n'[39m +
        [32m'\n'[39m +
        [32m`Locator: locator('.Vector.site-logo, svg:has(path[d*="M44.6064"])').first()\n`[39m +
        [32m'Expected: visible\n'[39m +
        [32m'Received: <element(s) not found>\n'[39m +
        [32m'Call log:\n'[39m +
        [32m'\x1B[2m  - Expect "toBeVisible" with timeout 10000ms\x1B[22m\n'[39m +
        [32m`\x1B[2m  - waiting for locator('.Vector.site-logo, svg:has(path[d*="M44.6064"])').first()\x1B[22m\n`[39m +
        [32m'\n'[39m +
        [32m'    at MainPageTest.verifyPageLoad (/Users/eljinwhitehead/site-castle/playwright-test/main.spec.ts:366:36)\n'[39m +
        [32m'    at /Users/eljinwhitehead/site-castle/playwright-test/main.spec.ts:394:7'[39m,
      cause: [90mundefined[39m
    }
  }
}

[1A[2KStarting TC-022: Live Bet Updates

[1A[2K[firefox] › playwright-test/main.spec.ts:477:9 › Castle.com Main Page Tests › Navigation Menu Test Cases › TC-004: Left Navigation Menu Display
Starting main page test setup...

[1A[2K[chromium] › playwright-test/main.spec.ts:1113:9 › Castle.com Main Page Tests › Performance Test Cases › TC-031: Page Load Performance
Error in test setup: ExpectError: [31mTimed out 10000ms waiting for [39m[2mexpect([22m[31mlocator[39m[2m).[22mtoBeVisible[2m()[22m

Locator: locator('.Vector.site-logo, svg:has(path[d*="M44.6064"])').first()
Expected: visible
Received: <element(s) not found>
Call log:
[2m  - Expect "toBeVisible" with timeout 10000ms[22m
[2m  - waiting for locator('.Vector.site-logo, svg:has(path[d*="M44.6064"])').first()[22m

    at MainPageTest.verifyPageLoad [90m(/Users/eljinwhitehead/site-castle/[39mplaywright-test/main.spec.ts:366:36[90m)[39m
    at [90m/Users/eljinwhitehead/site-castle/[39mplaywright-test/main.spec.ts:394:7 {
  matcherResult: {
    message: [32m'\x1B[31mTimed out 10000ms waiting for \x1B[39m\x1B[2mexpect(\x1B[22m\x1B[31mlocator\x1B[39m\x1B[2m).\x1B[22mtoBeVisible\x1B[2m()\x1B[22m\n'[39m +
      [32m'\n'[39m +
      [32m`Locator: locator('.Vector.site-logo, svg:has(path[d*="M44.6064"])').first()\n`[39m +
      [32m'Expected: visible\n'[39m +
      [32m'Received: <element(s) not found>\n'[39m +
      [32m'Call log:\n'[39m +
      [32m'\x1B[2m  - Expect "toBeVisible" with timeout 10000ms\x1B[22m\n'[39m +
      [32m`\x1B[2m  - waiting for locator('.Vector.site-logo, svg:has(path[d*="M44.6064"])').first()\x1B[22m\n`[39m,
    pass: [33mfalse[39m,
    actual: [32m'<element(s) not found>'[39m,
    name: [32m'toBeVisible'[39m,
    expected: [32m'visible'[39m,
    log: [
      [32m'  - Expect "toBeVisible" with timeout 10000ms'[39m,
      [32m`  - waiting for locator('.Vector.site-logo, svg:has(path[d*="M44.6064"])').first()`[39m
    ],
    timeout: [33m10000[39m
  },
  [32mSymbol(step)[39m: {
    stepId: [32m'expect@15'[39m,
    category: [32m'expect'[39m,
    apiName: [32m'expect.toBeVisible'[39m,
    title: [32m'toBeVisible'[39m,
    params: { expected: [36m[Object][39m },
    infectParentStepsWithError: [90mundefined[39m,
    boxedStack: [90mundefined[39m,
    location: {
      file: [32m'/Users/eljinwhitehead/site-castle/playwright-test/main.spec.ts'[39m,
      line: [33m366[39m,
      column: [33m36[39m,
      function: [32m'MainPageTest.verifyPageLoad'[39m
    },
    steps: [],
    attachmentIndices: [],
    info: TestStepInfoImpl {
      annotations: [],
      _testInfo: [36m[TestInfoImpl][39m,
      _stepId: [32m'expect@15'[39m,
      skip: [36m[Function (anonymous)][39m
    },
    complete: [36m[Function: complete][39m,
    endWallTime: [33m1753895630095[39m,
    error: {
      message: [32m'Error: \x1B[31mTimed out 10000ms waiting for \x1B[39m\x1B[2mexpect(\x1B[22m\x1B[31mlocator\x1B[39m\x1B[2m).\x1B[22mtoBeVisible\x1B[2m()\x1B[22m\n'[39m +
        [32m'\n'[39m +
        [32m`Locator: locator('.Vector.site-logo, svg:has(path[d*="M44.6064"])').first()\n`[39m +
        [32m'Expected: visible\n'[39m +
        [32m'Received: <element(s) not found>\n'[39m +
        [32m'Call log:\n'[39m +
        [32m'\x1B[2m  - Expect "toBeVisible" with timeout 10000ms\x1B[22m\n'[39m +
        [32m`\x1B[2m  - waiting for locator('.Vector.site-logo, svg:has(path[d*="M44.6064"])').first()\x1B[22m\n`[39m,
      stack: [32m'Error: \x1B[31mTimed out 10000ms waiting for \x1B[39m\x1B[2mexpect(\x1B[22m\x1B[31mlocator\x1B[39m\x1B[2m).\x1B[22mtoBeVisible\x1B[2m()\x1B[22m\n'[39m +
        [32m'\n'[39m +
        [32m`Locator: locator('.Vector.site-logo, svg:has(path[d*="M44.6064"])').first()\n`[39m +
        [32m'Expected: visible\n'[39m +
        [32m'Received: <element(s) not found>\n'[39m +
        [32m'Call log:\n'[39m +
        [32m'\x1B[2m  - Expect "toBeVisible" with timeout 10000ms\x1B[22m\n'[39m +
        [32m`\x1B[2m  - waiting for locator('.Vector.site-logo, svg:has(path[d*="M44.6064"])').first()\x1B[22m\n`[39m +
        [32m'\n'[39m +
        [32m'    at MainPageTest.verifyPageLoad (/Users/eljinwhitehead/site-castle/playwright-test/main.spec.ts:366:36)\n'[39m +
        [32m'    at /Users/eljinwhitehead/site-castle/playwright-test/main.spec.ts:394:7'[39m,
      cause: [90mundefined[39m
    }
  }
}

[1A[2KStarting TC-031: Page Load Performance

[1A[2KDOM load time: 350ms

[1A[2KFull load time: 357ms

[1A[2KTC-031 completed

[1A[2K[firefox] › playwright-test/main.spec.ts:450:9 › Castle.com Main Page Tests › Header Section Test Cases › TC-003: User Avatar Dropdown
Navigated to main page

[1A[2KWaiting for page to be ready...

[1A[2K[54/99] [firefox] › playwright-test/main.spec.ts:503:9 › Castle.com Main Page Tests › Navigation Menu Test Cases › TC-005: Navigation Menu Links
[1A[2K[firefox] › playwright-test/main.spec.ts:477:9 › Castle.com Main Page Tests › Navigation Menu Test Cases › TC-004: Left Navigation Menu Display
Navigated to main page

[1A[2KWaiting for page to be ready...

[1A[2K[firefox] › playwright-test/main.spec.ts:503:9 › Castle.com Main Page Tests › Navigation Menu Test Cases › TC-005: Navigation Menu Links
Starting main page test setup...

[1A[2K[55/99] [chromium] › playwright-test/main.spec.ts:1025:9 › Castle.com Main Page Tests › Footer Section Test Cases › TC-028: Footer Contact Information (retry #1)
[1A[2K[chromium] › playwright-test/main.spec.ts:1025:9 › Castle.com Main Page Tests › Footer Section Test Cases › TC-028: Footer Contact Information
Starting main page test setup...

[1A[2KNavigated to main page

[1A[2KWaiting for page to be ready...

[1A[2K[firefox] › playwright-test/main.spec.ts:503:9 › Castle.com Main Page Tests › Navigation Menu Test Cases › TC-005: Navigation Menu Links
Navigated to main page

[1A[2KWaiting for page to be ready...

[1A[2K[56/99] [chromium] › playwright-test/main.spec.ts:1046:9 › Castle.com Main Page Tests › Responsive Design Test Cases › TC-029: Mobile Responsiveness (retry #1)
[1A[2K[chromium] › playwright-test/main.spec.ts:1046:9 › Castle.com Main Page Tests › Responsive Design Test Cases › TC-029: Mobile Responsiveness
Starting main page test setup...

[1A[2K[57/99] [chromium] › playwright-test/main.spec.ts:1070:9 › Castle.com Main Page Tests › Responsive Design Test Cases › TC-030: Tablet Responsiveness (retry #1)
[1A[2K[chromium] › playwright-test/main.spec.ts:1070:9 › Castle.com Main Page Tests › Responsive Design Test Cases › TC-030: Tablet Responsiveness
Starting main page test setup...

[1A[2K[firefox] › playwright-test/main.spec.ts:477:9 › Castle.com Main Page Tests › Navigation Menu Test Cases › TC-004: Left Navigation Menu Display
Page ready check completed

[1A[2KVerifying main page load...

[1A[2K[chromium] › playwright-test/main.spec.ts:1046:9 › Castle.com Main Page Tests › Responsive Design Test Cases › TC-029: Mobile Responsiveness
Navigated to main page

[1A[2KWaiting for page to be ready...

[1A[2K[firefox] › playwright-test/main.spec.ts:477:9 › Castle.com Main Page Tests › Navigation Menu Test Cases › TC-004: Left Navigation Menu Display
Main page verification complete

[1A[2KStarting TC-004: Left Navigation Menu Display

[1A[2K[chromium] › playwright-test/main.spec.ts:1070:9 › Castle.com Main Page Tests › Responsive Design Test Cases › TC-030: Tablet Responsiveness
Navigated to main page

[1A[2KWaiting for page to be ready...

[1A[2K[firefox] › playwright-test/main.spec.ts:450:9 › Castle.com Main Page Tests › Header Section Test Cases › TC-003: User Avatar Dropdown
Page ready check completed

[1A[2KVerifying main page load...

[1A[2KMain page verification complete

[1A[2KStarting TC-003: User Avatar Dropdown

[1A[2K[58/99] [firefox] › playwright-test/main.spec.ts:477:9 › Castle.com Main Page Tests › Navigation Menu Test Cases › TC-004: Left Navigation Menu Display (retry #1)
[1A[2K[firefox] › playwright-test/main.spec.ts:477:9 › Castle.com Main Page Tests › Navigation Menu Test Cases › TC-004: Left Navigation Menu Display
Starting main page test setup...

[1A[2K[59/99] [firefox] › playwright-test/main.spec.ts:450:9 › Castle.com Main Page Tests › Header Section Test Cases › TC-003: User Avatar Dropdown (retry #1)
[1A[2K[chromium] › playwright-test/main.spec.ts:1025:9 › Castle.com Main Page Tests › Footer Section Test Cases › TC-028: Footer Contact Information
Page ready check completed

[1A[2KVerifying main page load...

[1A[2KMain page verification complete

[1A[2KStarting TC-028: Footer Contact Information

[1A[2K[firefox] › playwright-test/main.spec.ts:503:9 › Castle.com Main Page Tests › Navigation Menu Test Cases › TC-005: Navigation Menu Links
Page ready check completed

[1A[2KVerifying main page load...

[1A[2KMain page verification complete

[1A[2KStarting TC-005: Navigation Menu Links

[1A[2KTesting Referrals link

[1A[2K  16) [chromium] › playwright-test/main.spec.ts:1025:9 › Castle.com Main Page Tests › Footer Section Test Cases › TC-028: Footer Contact Information › Verify that footer contact information is displayed 

    Error: [31mTimed out 5000ms waiting for [39m[2mexpect([22m[31mlocator[39m[2m).[22mtoBeVisible[2m()[22m

    Locator: locator('*:has-text("Copyright © 2025 Castle")').first()
    Expected: visible
    Received: <element(s) not found>
    Call log:
    [2m  - Expect "toBeVisible" with timeout 5000ms[22m
    [2m  - waiting for locator('*:has-text("Copyright © 2025 Castle")').first()[22m


      1027 |         console.log('Starting TC-028: Footer Contact Information');
      1028 |         
    > 1029 |         await expect(mainPage.footer.copyright).toBeVisible();
           |                                                 ^
      1030 |         await expect(mainPage.footer.copyright).toContainText('Copyright © 2025 Castle');
      1031 |         
      1032 |         // Check email addresses
        at /Users/eljinwhitehead/site-castle/playwright-test/main.spec.ts:1029:49
        at /Users/eljinwhitehead/site-castle/playwright-test/main.spec.ts:1026:18

    Error Context: test-results/main-Castle-com-Main-Page--e933d--Footer-Contact-Information-chromium/error-context.md

    Retry #1 ───────────────────────────────────────────────────────────────────────────────────────

    Error: expect.toBeVisible: Error: strict mode violation: locator('*:has-text("support@castle.com")') resolved to 14 elements:
        1) <html lang="en">…</html> aka locator('html')
        2) <body id="index">…</body> aka locator('#index')
        3) <div id="root">…</div> aka locator('#root')
        4) <div class="AppBody laptop _s _display-flex _overflow-hidden _flex-flow-column _h-full _w-full _bg-brown-7">…</div> aka locator('div').filter({ hasText: 'HomeReferralsRacesGamesDuel' }).nth(1)
        5) <div class="_s _display-flex _overflow-hidden _h-full">…</div> aka locator('div').filter({ hasText: 'HomeReferralsRacesGamesDuel' }).nth(2)
        6) <main class="AppMain mobile _s _display-flex _overflow-auto _flex-flow-column _align-items-center _flex-grow-true">…</main> aka getByText('enLog InRegisterPlay First')
        7) <footer class="AppFooter _s _display-flex _align-items-center _justify-content-center _w-full _bg-black-hover">…</footer> aka locator('footer')
        8) <div class="inner-content _s _display-flex _w-full">…</div> aka locator('.AppFooter > div')
        9) <div class="_s _display-flex _flex-flow-column _w-full">…</div> aka locator('.AppFooter > div > div')
        10) <div class="_s _display-flex _flex-flow-column _pl-20 _pr-20 _bg-brown-6">…</div> aka locator('._s._display-flex._flex-flow-column._pl-20._pr-20._bg-brown-6')
        ...

    Call log:
    [2m  - Expect "toBeVisible" with timeout 5000ms[22m
    [2m  - waiting for locator('*:has-text("support@castle.com")')[22m


      1035 |         for (const email of emails) {
      1036 |           const emailElement = mainPage.page.locator(`*:has-text("${email}")`);
    > 1037 |           await expect(emailElement).toBeVisible();
           |                                      ^
      1038 |         }
      1039 |         
      1040 |         console.log('TC-028 completed');
        at /Users/eljinwhitehead/site-castle/playwright-test/main.spec.ts:1037:38
        at /Users/eljinwhitehead/site-castle/playwright-test/main.spec.ts:1026:7

    Error Context: test-results/main-Castle-com-Main-Page--e933d--Footer-Contact-Information-chromium-retry1/error-context.md

    attachment #2: trace (application/zip) ─────────────────────────────────────────────────────────
    test-results/main-Castle-com-Main-Page--e933d--Footer-Contact-Information-chromium-retry1/trace.zip
    Usage:

        npx playwright show-trace test-results/main-Castle-com-Main-Page--e933d--Footer-Contact-Information-chromium-retry1/trace.zip

    ────────────────────────────────────────────────────────────────────────────────────────────────


[1A[2K[60/99] [firefox] › playwright-test/main.spec.ts:536:9 › Castle.com Main Page Tests › Main Banner Test Cases › TC-006: Promotional Banner Display
[1A[2K[firefox] › playwright-test/main.spec.ts:450:9 › Castle.com Main Page Tests › Header Section Test Cases › TC-003: User Avatar Dropdown
Starting main page test setup...

[1A[2K  17) [chromium] › playwright-test/main.spec.ts:909:9 › Castle.com Main Page Tests › Bets & Races Section Test Cases › TC-022: Live Bet Updates › Verify that bet information updates in real-time 

    TimeoutError: locator.scrollIntoViewIfNeeded: Timeout 10000ms exceeded.
    Call log:
    [2m  - waiting for locator('*:has-text("BETS & RACES")')[22m


      912 |         
      913 |         // Scroll to section
    > 914 |         await page.locator('*:has-text("BETS & RACES")').scrollIntoViewIfNeeded();
          |                                                          ^
      915 |         await page.waitForTimeout(1000);
      916 |         
      917 |         // Observe for 5 seconds for updates
        at /Users/eljinwhitehead/site-castle/playwright-test/main.spec.ts:914:58
        at /Users/eljinwhitehead/site-castle/playwright-test/main.spec.ts:910:18

    Error Context: test-results/main-Castle-com-Main-Page--65a36-ses-TC-022-Live-Bet-Updates-chromium/error-context.md

    Retry #1 ───────────────────────────────────────────────────────────────────────────────────────

    TimeoutError: locator.scrollIntoViewIfNeeded: Timeout 10000ms exceeded.
    Call log:
    [2m  - waiting for locator('*:has-text("BETS & RACES")')[22m


      912 |         
      913 |         // Scroll to section
    > 914 |         await page.locator('*:has-text("BETS & RACES")').scrollIntoViewIfNeeded();
          |                                                          ^
      915 |         await page.waitForTimeout(1000);
      916 |         
      917 |         // Observe for 5 seconds for updates
        at /Users/eljinwhitehead/site-castle/playwright-test/main.spec.ts:914:58
        at /Users/eljinwhitehead/site-castle/playwright-test/main.spec.ts:910:18

    Error Context: test-results/main-Castle-com-Main-Page--65a36-ses-TC-022-Live-Bet-Updates-chromium-retry1/error-context.md

    attachment #2: trace (application/zip) ─────────────────────────────────────────────────────────
    test-results/main-Castle-com-Main-Page--65a36-ses-TC-022-Live-Bet-Updates-chromium-retry1/trace.zip
    Usage:

        npx playwright show-trace test-results/main-Castle-com-Main-Page--65a36-ses-TC-022-Live-Bet-Updates-chromium-retry1/trace.zip

    ────────────────────────────────────────────────────────────────────────────────────────────────


[1A[2K[chromium] › playwright-test/main.spec.ts:1046:9 › Castle.com Main Page Tests › Responsive Design Test Cases › TC-029: Mobile Responsiveness
Page ready check completed

[1A[2KVerifying main page load...

[1A[2KMain page verification complete

[1A[2KStarting TC-029: Mobile Responsiveness

[1A[2K[61/99] [firefox] › playwright-test/main.spec.ts:559:9 › Castle.com Main Page Tests › Main Banner Test Cases › TC-007: Play Crash Button Functionality
[1A[2K[chromium] › playwright-test/main.spec.ts:1070:9 › Castle.com Main Page Tests › Responsive Design Test Cases › TC-030: Tablet Responsiveness
Page ready check completed

[1A[2KVerifying main page load...

[1A[2KMain page verification complete

[1A[2KStarting TC-030: Tablet Responsiveness

[1A[2K[firefox] › playwright-test/main.spec.ts:536:9 › Castle.com Main Page Tests › Main Banner Test Cases › TC-006: Promotional Banner Display
Starting main page test setup...

[1A[2K[firefox] › playwright-test/main.spec.ts:477:9 › Castle.com Main Page Tests › Navigation Menu Test Cases › TC-004: Left Navigation Menu Display
Navigated to main page

[1A[2KWaiting for page to be ready...

[1A[2K[firefox] › playwright-test/main.spec.ts:559:9 › Castle.com Main Page Tests › Main Banner Test Cases › TC-007: Play Crash Button Functionality
Starting main page test setup...

[1A[2K[chromium] › playwright-test/main.spec.ts:1070:9 › Castle.com Main Page Tests › Responsive Design Test Cases › TC-030: Tablet Responsiveness
Portrait games per row: 4

[1A[2K[firefox] › playwright-test/main.spec.ts:503:9 › Castle.com Main Page Tests › Navigation Menu Test Cases › TC-005: Navigation Menu Links
Waiting for page to be ready...

[1A[2K[chromium] › playwright-test/main.spec.ts:1046:9 › Castle.com Main Page Tests › Responsive Design Test Cases › TC-029: Mobile Responsiveness
Has hamburger menu: [33mfalse[39m

[1A[2KTC-029 completed

[1A[2K  18) [chromium] › playwright-test/main.spec.ts:1046:9 › Castle.com Main Page Tests › Responsive Design Test Cases › TC-029: Mobile Responsiveness › Verify that home screen is fully responsive on mobile devices 

    Error: [31mTimed out 5000ms waiting for [39m[2mexpect([22m[31mlocator[39m[2m).[22mtoBeVisible[2m()[22m

    Locator: locator('.Vector.site-logo, svg:has(path[d*="M44.6064"])').first()
    Expected: visible
    Received: <element(s) not found>
    Call log:
    [2m  - Expect "toBeVisible" with timeout 5000ms[22m
    [2m  - waiting for locator('.Vector.site-logo, svg:has(path[d*="M44.6064"])').first()[22m


      1052 |         
      1053 |         // Check key elements are still visible
    > 1054 |         await expect(mainPage.header.logo).toBeVisible();
           |                                            ^
      1055 |         
      1056 |         // Check for hamburger menu
      1057 |         const hamburgerMenu = page.locator('.hamburger-menu, [class*="hamburger"], button[aria-label*="menu"]');
        at /Users/eljinwhitehead/site-castle/playwright-test/main.spec.ts:1054:44
        at /Users/eljinwhitehead/site-castle/playwright-test/main.spec.ts:1047:7

    Error Context: test-results/main-Castle-com-Main-Page--d0874-C-029-Mobile-Responsiveness-chromium/error-context.md


[1A[2K[firefox] › playwright-test/main.spec.ts:450:9 › Castle.com Main Page Tests › Header Section Test Cases › TC-003: User Avatar Dropdown
Navigated to main page

[1A[2KWaiting for page to be ready...

[1A[2K[chromium] › playwright-test/main.spec.ts:1070:9 › Castle.com Main Page Tests › Responsive Design Test Cases › TC-030: Tablet Responsiveness
Landscape games per row: 2

[1A[2KTC-030 completed

[1A[2K  19) [chromium] › playwright-test/main.spec.ts:1070:9 › Castle.com Main Page Tests › Responsive Design Test Cases › TC-030: Tablet Responsiveness › Verify that home screen displays correctly on tablet devices 

    Error: [31mTimed out 5000ms waiting for [39m[2mexpect([22m[31mlocator[39m[2m).[22mtoBeVisible[2m()[22m

    Locator: locator('.Vector.site-logo, svg:has(path[d*="M44.6064"])').first()
    Expected: visible
    Received: <element(s) not found>
    Call log:
    [2m  - Expect "toBeVisible" with timeout 5000ms[22m
    [2m  - waiting for locator('.Vector.site-logo, svg:has(path[d*="M44.6064"])').first()[22m


      1076 |         await page.waitForTimeout(1000);
      1077 |         
    > 1078 |         await expect(mainPage.header.logo).toBeVisible();
           |                                            ^
      1079 |         const portraitGamesPerRow = await page.evaluate(() => {
      1080 |           const gameCard = document.querySelector('.BaseBanner') as HTMLElement;
      1081 |           if (!gameCard) return 0;
        at /Users/eljinwhitehead/site-castle/playwright-test/main.spec.ts:1078:44
        at /Users/eljinwhitehead/site-castle/playwright-test/main.spec.ts:1071:7

    Error Context: test-results/main-Castle-com-Main-Page--dabb3-C-030-Tablet-Responsiveness-chromium/error-context.md


[1A[2K[62/99] [firefox] › playwright-test/main.spec.ts:577:9 › Castle.com Main Page Tests › Search and Filter Test Cases › TC-008: Game Search Functionality
[1A[2K[63/99] [firefox] › playwright-test/main.spec.ts:597:9 › Castle.com Main Page Tests › Search and Filter Test Cases › TC-009: Game Category Tabs
[1A[2K[firefox] › playwright-test/main.spec.ts:536:9 › Castle.com Main Page Tests › Main Banner Test Cases › TC-006: Promotional Banner Display
Navigated to main page

[1A[2KWaiting for page to be ready...

[1A[2K[firefox] › playwright-test/main.spec.ts:577:9 › Castle.com Main Page Tests › Search and Filter Test Cases › TC-008: Game Search Functionality
Starting main page test setup...

[1A[2K[firefox] › playwright-test/main.spec.ts:559:9 › Castle.com Main Page Tests › Main Banner Test Cases › TC-007: Play Crash Button Functionality
Navigated to main page

[1A[2KWaiting for page to be ready...

[1A[2K[firefox] › playwright-test/main.spec.ts:597:9 › Castle.com Main Page Tests › Search and Filter Test Cases › TC-009: Game Category Tabs
Starting main page test setup...

[1A[2K[firefox] › playwright-test/main.spec.ts:477:9 › Castle.com Main Page Tests › Navigation Menu Test Cases › TC-004: Left Navigation Menu Display
Page ready check completed

[1A[2KVerifying main page load...

[1A[2KMain page verification complete

[1A[2KStarting TC-004: Left Navigation Menu Display

[1A[2K[firefox] › playwright-test/main.spec.ts:503:9 › Castle.com Main Page Tests › Navigation Menu Test Cases › TC-005: Navigation Menu Links
Page ready check completed

[1A[2KTesting Duel Game link

[1A[2K  20) [firefox] › playwright-test/main.spec.ts:477:9 › Castle.com Main Page Tests › Navigation Menu Test Cases › TC-004: Left Navigation Menu Display › Verify that the left navigation menu displays all required sections 

    Error: expect.toBeVisible: Error: strict mode violation: locator('span:has-text("GAMES")') resolved to 6 elements:
        1) <span class="Span fade-content _s _mb-24 _pl-24 _pr-24 _font-size-10 _font-weight-medium _text-transform-uppercase">Games</span> aka getByText('Games', { exact: true }).first()
        2) <span class="Span label _s _color-dark-sand _font-size-14 _line-height-16 _font-weight-medium">Original Games</span> aka getByRole('navigation').getByText('Original Games')
        3) <span class="Span label _s _color-dark-sand _font-size-14 _line-height-16 _font-weight-medium">Games</span> aka getByRole('link', { name: 'Games', exact: true })
        4) <span class="Span label _s _color-light-sand _font-size-14 _font-weight-thin">All Games</span> aka getByRole('button', { name: 'All Games' })
        5) <span class="Span label _s _color-light-sand _font-size-14 _font-weight-thin">Featured Games</span> aka getByRole('button', { name: 'Featured Games' })
        6) <span class="Span label _s _color-light-sand _font-size-14 _font-weight-thin">Original Games</span> aka getByRole('button', { name: 'Original Games' })

    Call log:
    [2m  - Expect "toBeVisible" with timeout 5000ms[22m
    [2m  - waiting for locator('span:has-text("GAMES")')[22m


      486 |         
      487 |         // Check GAMES section
    > 488 |         await expect(mainPage.page.locator('span:has-text("GAMES")')).toBeVisible();
          |                                                                       ^
      489 |         await expect(mainPage.navigation.duelGameLink).toBeVisible();
      490 |         await expect(mainPage.navigation.caseBattlesLink).toBeVisible();
      491 |         await expect(mainPage.navigation.originalGamesDropdown).toBeVisible();
        at /Users/eljinwhitehead/site-castle/playwright-test/main.spec.ts:488:71
        at /Users/eljinwhitehead/site-castle/playwright-test/main.spec.ts:478:7

    Error Context: test-results/main-Castle-com-Main-Page--f763f-eft-Navigation-Menu-Display-firefox/error-context.md

    Retry #1 ───────────────────────────────────────────────────────────────────────────────────────

    Error: expect.toBeVisible: Error: strict mode violation: locator('span:has-text("GAMES")') resolved to 6 elements:
        1) <span class="Span fade-content _s _mb-24 _pl-24 _pr-24 _font-size-10 _font-weight-medium _text-transform-uppercase">Games</span> aka getByText('Games', { exact: true }).first()
        2) <span class="Span label _s _color-dark-sand _font-size-14 _line-height-16 _font-weight-medium">Original Games</span> aka getByRole('navigation').getByText('Original Games')
        3) <span class="Span label _s _color-dark-sand _font-size-14 _line-height-16 _font-weight-medium">Games</span> aka getByRole('link', { name: 'Games', exact: true })
        4) <span class="Span label _s _color-light-sand _font-size-14 _font-weight-thin">All Games</span> aka getByRole('button', { name: 'All Games' })
        5) <span class="Span label _s _color-light-sand _font-size-14 _font-weight-thin">Featured Games</span> aka getByRole('button', { name: 'Featured Games' })
        6) <span class="Span label _s _color-light-sand _font-size-14 _font-weight-thin">Original Games</span> aka getByRole('button', { name: 'Original Games' })

    Call log:
    [2m  - Expect "toBeVisible" with timeout 5000ms[22m
    [2m  - waiting for locator('span:has-text("GAMES")')[22m


      486 |         
      487 |         // Check GAMES section
    > 488 |         await expect(mainPage.page.locator('span:has-text("GAMES")')).toBeVisible();
          |                                                                       ^
      489 |         await expect(mainPage.navigation.duelGameLink).toBeVisible();
      490 |         await expect(mainPage.navigation.caseBattlesLink).toBeVisible();
      491 |         await expect(mainPage.navigation.originalGamesDropdown).toBeVisible();
        at /Users/eljinwhitehead/site-castle/playwright-test/main.spec.ts:488:71
        at /Users/eljinwhitehead/site-castle/playwright-test/main.spec.ts:478:7

    Error Context: test-results/main-Castle-com-Main-Page--f763f-eft-Navigation-Menu-Display-firefox-retry1/error-context.md

    attachment #2: trace (application/zip) ─────────────────────────────────────────────────────────
    test-results/main-Castle-com-Main-Page--f763f-eft-Navigation-Menu-Display-firefox-retry1/trace.zip
    Usage:

        npx playwright show-trace test-results/main-Castle-com-Main-Page--f763f-eft-Navigation-Menu-Display-firefox-retry1/trace.zip

    ────────────────────────────────────────────────────────────────────────────────────────────────


[1A[2K[64/99] [firefox] › playwright-test/main.spec.ts:626:9 › Castle.com Main Page Tests › Featured Games Section Test Cases › TC-010: Featured Games Display
[1A[2K[firefox] › playwright-test/main.spec.ts:577:9 › Castle.com Main Page Tests › Search and Filter Test Cases › TC-008: Game Search Functionality
Navigated to main page

[1A[2KWaiting for page to be ready...

[1A[2K[firefox] › playwright-test/main.spec.ts:597:9 › Castle.com Main Page Tests › Search and Filter Test Cases › TC-009: Game Category Tabs
Navigated to main page

[1A[2KWaiting for page to be ready...

[1A[2K[firefox] › playwright-test/main.spec.ts:626:9 › Castle.com Main Page Tests › Featured Games Section Test Cases › TC-010: Featured Games Display
Starting main page test setup...

[1A[2K[firefox] › playwright-test/main.spec.ts:503:9 › Castle.com Main Page Tests › Navigation Menu Test Cases › TC-005: Navigation Menu Links
Waiting for page to be ready...

[1A[2K[firefox] › playwright-test/main.spec.ts:626:9 › Castle.com Main Page Tests › Featured Games Section Test Cases › TC-010: Featured Games Display
Navigated to main page

[1A[2KWaiting for page to be ready...

[1A[2K[firefox] › playwright-test/main.spec.ts:503:9 › Castle.com Main Page Tests › Navigation Menu Test Cases › TC-005: Navigation Menu Links
Page ready check completed

[1A[2KTesting Cases Battles link

[1A[2KWaiting for page to be ready...

[1A[2K[firefox] › playwright-test/main.spec.ts:626:9 › Castle.com Main Page Tests › Featured Games Section Test Cases › TC-010: Featured Games Display
Page ready check completed

[1A[2KVerifying main page load...

[1A[2KMain page verification complete

[1A[2KStarting TC-010: Featured Games Display

[1A[2K[firefox] › playwright-test/main.spec.ts:450:9 › Castle.com Main Page Tests › Header Section Test Cases › TC-003: User Avatar Dropdown
Page ready check had issues: page.waitForSelector: Timeout 10000ms exceeded.
Call log:
[2m  - waiting for locator('.AppMain') to be visible[22m

    at MainPageTest.waitForPageReady [90m(/Users/eljinwhitehead/site-castle/[39mplaywright-test/main.spec.ts:250:23[90m)[39m
    at [90m/Users/eljinwhitehead/site-castle/[39mplaywright-test/main.spec.ts:387:7 {
  name: [32m'TimeoutError'[39m,
  [32mSymbol(step)[39m: {
    stepId: [32m'pw:api@13'[39m,
    location: {
      file: [32m'/Users/eljinwhitehead/site-castle/playwright-test/main.spec.ts'[39m,
      line: [33m250[39m,
      column: [33m23[39m,
      function: [32m'MainPageTest.waitForPageReady'[39m
    },
    category: [32m'pw:api'[39m,
    title: [32m"Wait for selector locator('.AppMain')"[39m,
    apiName: [32m'page.waitForSelector'[39m,
    params: { selector: [32m'.AppMain'[39m, state: [32m'visible'[39m, timeout: [33m10000[39m },
    boxedStack: [90mundefined[39m,
    steps: [],
    attachmentIndices: [],
    info: TestStepInfoImpl {
      annotations: [],
      _testInfo: [36m[TestInfoImpl][39m,
      _stepId: [32m'pw:api@13'[39m,
      skip: [36m[Function (anonymous)][39m
    },
    complete: [36m[Function: complete][39m,
    endWallTime: [33m1753895653486[39m,
    error: {
      message: [32m'TimeoutError: page.waitForSelector: Timeout 10000ms exceeded.\n'[39m +
        [32m'Call log:\n'[39m +
        [32m"\x1B[2m  - waiting for locator('.AppMain') to be visible\x1B[22m\n"[39m,
      stack: [32m'TimeoutError: page.waitForSelector: Timeout 10000ms exceeded.\n'[39m +
        [32m'Call log:\n'[39m +
        [32m"\x1B[2m  - waiting for locator('.AppMain') to be visible\x1B[22m\n"[39m +
        [32m'\n'[39m +
        [32m'    at MainPageTest.waitForPageReady (/Users/eljinwhitehead/site-castle/playwright-test/main.spec.ts:250:23)\n'[39m +
        [32m'    at /Users/eljinwhitehead/site-castle/playwright-test/main.spec.ts:387:7'[39m,
      cause: [90mundefined[39m
    }
  }
}

[1A[2KVerifying main page load...

[1A[2K[firefox] › playwright-test/main.spec.ts:536:9 › Castle.com Main Page Tests › Main Banner Test Cases › TC-006: Promotional Banner Display
Page ready check had issues: page.waitForSelector: Timeout 10000ms exceeded.
Call log:
[2m  - waiting for locator('.AppMain') to be visible[22m

    at MainPageTest.waitForPageReady [90m(/Users/eljinwhitehead/site-castle/[39mplaywright-test/main.spec.ts:250:23[90m)[39m
    at [90m/Users/eljinwhitehead/site-castle/[39mplaywright-test/main.spec.ts:387:7 {
  name: [32m'TimeoutError'[39m,
  [32mSymbol(step)[39m: {
    stepId: [32m'pw:api@13'[39m,
    location: {
      file: [32m'/Users/eljinwhitehead/site-castle/playwright-test/main.spec.ts'[39m,
      line: [33m250[39m,
      column: [33m23[39m,
      function: [32m'MainPageTest.waitForPageReady'[39m
    },
    category: [32m'pw:api'[39m,
    title: [32m"Wait for selector locator('.AppMain')"[39m,
    apiName: [32m'page.waitForSelector'[39m,
    params: { selector: [32m'.AppMain'[39m, state: [32m'visible'[39m, timeout: [33m10000[39m },
    boxedStack: [90mundefined[39m,
    steps: [],
    attachmentIndices: [],
    info: TestStepInfoImpl {
      annotations: [],
      _testInfo: [36m[TestInfoImpl][39m,
      _stepId: [32m'pw:api@13'[39m,
      skip: [36m[Function (anonymous)][39m
    },
    complete: [36m[Function: complete][39m,
    endWallTime: [33m1753895654366[39m,
    error: {
      message: [32m'TimeoutError: page.waitForSelector: Timeout 10000ms exceeded.\n'[39m +
        [32m'Call log:\n'[39m +
        [32m"\x1B[2m  - waiting for locator('.AppMain') to be visible\x1B[22m\n"[39m,
      stack: [32m'TimeoutError: page.waitForSelector: Timeout 10000ms exceeded.\n'[39m +
        [32m'Call log:\n'[39m +
        [32m"\x1B[2m  - waiting for locator('.AppMain') to be visible\x1B[22m\n"[39m +
        [32m'\n'[39m +
        [32m'    at MainPageTest.waitForPageReady (/Users/eljinwhitehead/site-castle/playwright-test/main.spec.ts:250:23)\n'[39m +
        [32m'    at /Users/eljinwhitehead/site-castle/playwright-test/main.spec.ts:387:7'[39m,
      cause: [90mundefined[39m
    }
  }
}

[1A[2KVerifying main page load...

[1A[2K[firefox] › playwright-test/main.spec.ts:503:9 › Castle.com Main Page Tests › Navigation Menu Test Cases › TC-005: Navigation Menu Links
Page ready check completed

[1A[2KTesting Games link

[1A[2K[firefox] › playwright-test/main.spec.ts:559:9 › Castle.com Main Page Tests › Main Banner Test Cases › TC-007: Play Crash Button Functionality
Page ready check had issues: page.waitForSelector: Timeout 10000ms exceeded.
Call log:
[2m  - waiting for locator('.AppMain') to be visible[22m

    at MainPageTest.waitForPageReady [90m(/Users/eljinwhitehead/site-castle/[39mplaywright-test/main.spec.ts:250:23[90m)[39m
    at [90m/Users/eljinwhitehead/site-castle/[39mplaywright-test/main.spec.ts:387:7 {
  name: [32m'TimeoutError'[39m,
  [32mSymbol(step)[39m: {
    stepId: [32m'pw:api@13'[39m,
    location: {
      file: [32m'/Users/eljinwhitehead/site-castle/playwright-test/main.spec.ts'[39m,
      line: [33m250[39m,
      column: [33m23[39m,
      function: [32m'MainPageTest.waitForPageReady'[39m
    },
    category: [32m'pw:api'[39m,
    title: [32m"Wait for selector locator('.AppMain')"[39m,
    apiName: [32m'page.waitForSelector'[39m,
    params: { selector: [32m'.AppMain'[39m, state: [32m'visible'[39m, timeout: [33m10000[39m },
    boxedStack: [90mundefined[39m,
    steps: [],
    attachmentIndices: [],
    info: TestStepInfoImpl {
      annotations: [],
      _testInfo: [36m[TestInfoImpl][39m,
      _stepId: [32m'pw:api@13'[39m,
      skip: [36m[Function (anonymous)][39m
    },
    complete: [36m[Function: complete][39m,
    endWallTime: [33m1753895654845[39m,
    error: {
      message: [32m'TimeoutError: page.waitForSelector: Timeout 10000ms exceeded.\n'[39m +
        [32m'Call log:\n'[39m +
        [32m"\x1B[2m  - waiting for locator('.AppMain') to be visible\x1B[22m\n"[39m,
      stack: [32m'TimeoutError: page.waitForSelector: Timeout 10000ms exceeded.\n'[39m +
        [32m'Call log:\n'[39m +
        [32m"\x1B[2m  - waiting for locator('.AppMain') to be visible\x1B[22m\n"[39m +
        [32m'\n'[39m +
        [32m'    at MainPageTest.waitForPageReady (/Users/eljinwhitehead/site-castle/playwright-test/main.spec.ts:250:23)\n'[39m +
        [32m'    at /Users/eljinwhitehead/site-castle/playwright-test/main.spec.ts:387:7'[39m,
      cause: [90mundefined[39m
    }
  }
}

[1A[2KVerifying main page load...

[1A[2K[firefox] › playwright-test/main.spec.ts:503:9 › Castle.com Main Page Tests › Navigation Menu Test Cases › TC-005: Navigation Menu Links
Waiting for page to be ready...

[1A[2K[firefox] › playwright-test/main.spec.ts:577:9 › Castle.com Main Page Tests › Search and Filter Test Cases › TC-008: Game Search Functionality
Page ready check had issues: page.waitForSelector: Timeout 10000ms exceeded.
Call log:
[2m  - waiting for locator('.AppMain') to be visible[22m

    at MainPageTest.waitForPageReady [90m(/Users/eljinwhitehead/site-castle/[39mplaywright-test/main.spec.ts:250:23[90m)[39m
    at [90m/Users/eljinwhitehead/site-castle/[39mplaywright-test/main.spec.ts:387:7 {
  name: [32m'TimeoutError'[39m,
  [32mSymbol(step)[39m: {
    stepId: [32m'pw:api@13'[39m,
    location: {
      file: [32m'/Users/eljinwhitehead/site-castle/playwright-test/main.spec.ts'[39m,
      line: [33m250[39m,
      column: [33m23[39m,
      function: [32m'MainPageTest.waitForPageReady'[39m
    },
    category: [32m'pw:api'[39m,
    title: [32m"Wait for selector locator('.AppMain')"[39m,
    apiName: [32m'page.waitForSelector'[39m,
    params: { selector: [32m'.AppMain'[39m, state: [32m'visible'[39m, timeout: [33m10000[39m },
    boxedStack: [90mundefined[39m,
    steps: [],
    attachmentIndices: [],
    info: TestStepInfoImpl {
      annotations: [],
      _testInfo: [36m[TestInfoImpl][39m,
      _stepId: [32m'pw:api@13'[39m,
      skip: [36m[Function (anonymous)][39m
    },
    complete: [36m[Function: complete][39m,
    endWallTime: [33m1753895657043[39m,
    error: {
      message: [32m'TimeoutError: page.waitForSelector: Timeout 10000ms exceeded.\n'[39m +
        [32m'Call log:\n'[39m +
        [32m"\x1B[2m  - waiting for locator('.AppMain') to be visible\x1B[22m\n"[39m,
      stack: [32m'TimeoutError: page.waitForSelector: Timeout 10000ms exceeded.\n'[39m +
        [32m'Call log:\n'[39m +
        [32m"\x1B[2m  - waiting for locator('.AppMain') to be visible\x1B[22m\n"[39m +
        [32m'\n'[39m +
        [32m'    at MainPageTest.waitForPageReady (/Users/eljinwhitehead/site-castle/playwright-test/main.spec.ts:250:23)\n'[39m +
        [32m'    at /Users/eljinwhitehead/site-castle/playwright-test/main.spec.ts:387:7'[39m,
      cause: [90mundefined[39m
    }
  }
}

[1A[2KVerifying main page load...

[1A[2K[firefox] › playwright-test/main.spec.ts:597:9 › Castle.com Main Page Tests › Search and Filter Test Cases › TC-009: Game Category Tabs
Page ready check had issues: page.waitForSelector: Timeout 10000ms exceeded.
Call log:
[2m  - waiting for locator('.AppMain') to be visible[22m

    at MainPageTest.waitForPageReady [90m(/Users/eljinwhitehead/site-castle/[39mplaywright-test/main.spec.ts:250:23[90m)[39m
    at [90m/Users/eljinwhitehead/site-castle/[39mplaywright-test/main.spec.ts:387:7 {
  name: [32m'TimeoutError'[39m,
  [32mSymbol(step)[39m: {
    stepId: [32m'pw:api@13'[39m,
    location: {
      file: [32m'/Users/eljinwhitehead/site-castle/playwright-test/main.spec.ts'[39m,
      line: [33m250[39m,
      column: [33m23[39m,
      function: [32m'MainPageTest.waitForPageReady'[39m
    },
    category: [32m'pw:api'[39m,
    title: [32m"Wait for selector locator('.AppMain')"[39m,
    apiName: [32m'page.waitForSelector'[39m,
    params: { selector: [32m'.AppMain'[39m, state: [32m'visible'[39m, timeout: [33m10000[39m },
    boxedStack: [90mundefined[39m,
    steps: [],
    attachmentIndices: [],
    info: TestStepInfoImpl {
      annotations: [],
      _testInfo: [36m[TestInfoImpl][39m,
      _stepId: [32m'pw:api@13'[39m,
      skip: [36m[Function (anonymous)][39m
    },
    complete: [36m[Function: complete][39m,
    endWallTime: [33m1753895657666[39m,
    error: {
      message: [32m'TimeoutError: page.waitForSelector: Timeout 10000ms exceeded.\n'[39m +
        [32m'Call log:\n'[39m +
        [32m"\x1B[2m  - waiting for locator('.AppMain') to be visible\x1B[22m\n"[39m,
      stack: [32m'TimeoutError: page.waitForSelector: Timeout 10000ms exceeded.\n'[39m +
        [32m'Call log:\n'[39m +
        [32m"\x1B[2m  - waiting for locator('.AppMain') to be visible\x1B[22m\n"[39m +
        [32m'\n'[39m +
        [32m'    at MainPageTest.waitForPageReady (/Users/eljinwhitehead/site-castle/playwright-test/main.spec.ts:250:23)\n'[39m +
        [32m'    at /Users/eljinwhitehead/site-castle/playwright-test/main.spec.ts:387:7'[39m,
      cause: [90mundefined[39m
    }
  }
}

[1A[2KVerifying main page load...

[1A[2K[65/99] [firefox] › playwright-test/main.spec.ts:626:9 › Castle.com Main Page Tests › Featured Games Section Test Cases › TC-010: Featured Games Display (retry #1)
[1A[2K[firefox] › playwright-test/main.spec.ts:626:9 › Castle.com Main Page Tests › Featured Games Section Test Cases › TC-010: Featured Games Display
Starting main page test setup...

[1A[2K[firefox] › playwright-test/main.spec.ts:503:9 › Castle.com Main Page Tests › Navigation Menu Test Cases › TC-005: Navigation Menu Links
Page ready check completed

[1A[2KTesting Slots link

[1A[2K[firefox] › playwright-test/main.spec.ts:626:9 › Castle.com Main Page Tests › Featured Games Section Test Cases › TC-010: Featured Games Display
Navigated to main page

[1A[2KWaiting for page to be ready...

[1A[2K[firefox] › playwright-test/main.spec.ts:503:9 › Castle.com Main Page Tests › Navigation Menu Test Cases › TC-005: Navigation Menu Links
Waiting for page to be ready...

[1A[2K[firefox] › playwright-test/main.spec.ts:450:9 › Castle.com Main Page Tests › Header Section Test Cases › TC-003: User Avatar Dropdown
Error in test setup: ExpectError: [31mTimed out 10000ms waiting for [39m[2mexpect([22m[31mlocator[39m[2m).[22mtoBeVisible[2m()[22m

Locator: locator('.Vector.site-logo, svg:has(path[d*="M44.6064"])').first()
Expected: visible
Received: <element(s) not found>
Call log:
[2m  - Expect "toBeVisible" with timeout 10000ms[22m
[2m  - waiting for locator('.Vector.site-logo, svg:has(path[d*="M44.6064"])').first()[22m

    at MainPageTest.verifyPageLoad [90m(/Users/eljinwhitehead/site-castle/[39mplaywright-test/main.spec.ts:366:36[90m)[39m
    at [90m/Users/eljinwhitehead/site-castle/[39mplaywright-test/main.spec.ts:394:7 {
  matcherResult: {
    message: [32m'\x1B[31mTimed out 10000ms waiting for \x1B[39m\x1B[2mexpect(\x1B[22m\x1B[31mlocator\x1B[39m\x1B[2m).\x1B[22mtoBeVisible\x1B[2m()\x1B[22m\n'[39m +
      [32m'\n'[39m +
      [32m`Locator: locator('.Vector.site-logo, svg:has(path[d*="M44.6064"])').first()\n`[39m +
      [32m'Expected: visible\n'[39m +
      [32m'Received: <element(s) not found>\n'[39m +
      [32m'Call log:\n'[39m +
      [32m'\x1B[2m  - Expect "toBeVisible" with timeout 10000ms\x1B[22m\n'[39m +
      [32m`\x1B[2m  - waiting for locator('.Vector.site-logo, svg:has(path[d*="M44.6064"])').first()\x1B[22m\n`[39m,
    pass: [33mfalse[39m,
    actual: [32m'<element(s) not found>'[39m,
    name: [32m'toBeVisible'[39m,
    expected: [32m'visible'[39m,
    log: [
      [32m'  - Expect "toBeVisible" with timeout 10000ms'[39m,
      [32m`  - waiting for locator('.Vector.site-logo, svg:has(path[d*="M44.6064"])').first()`[39m
    ],
    timeout: [33m10000[39m
  },
  [32mSymbol(step)[39m: {
    stepId: [32m'expect@15'[39m,
    category: [32m'expect'[39m,
    apiName: [32m'expect.toBeVisible'[39m,
    title: [32m'toBeVisible'[39m,
    params: { expected: [36m[Object][39m },
    infectParentStepsWithError: [90mundefined[39m,
    boxedStack: [90mundefined[39m,
    location: {
      file: [32m'/Users/eljinwhitehead/site-castle/playwright-test/main.spec.ts'[39m,
      line: [33m366[39m,
      column: [33m36[39m,
      function: [32m'MainPageTest.verifyPageLoad'[39m
    },
    steps: [],
    attachmentIndices: [],
    info: TestStepInfoImpl {
      annotations: [],
      _testInfo: [36m[TestInfoImpl][39m,
      _stepId: [32m'expect@15'[39m,
      skip: [36m[Function (anonymous)][39m
    },
    complete: [36m[Function: complete][39m,
    endWallTime: [33m1753895663516[39m,
    error: {
      message: [32m'Error: \x1B[31mTimed out 10000ms waiting for \x1B[39m\x1B[2mexpect(\x1B[22m\x1B[31mlocator\x1B[39m\x1B[2m).\x1B[22mtoBeVisible\x1B[2m()\x1B[22m\n'[39m +
        [32m'\n'[39m +
        [32m`Locator: locator('.Vector.site-logo, svg:has(path[d*="M44.6064"])').first()\n`[39m +
        [32m'Expected: visible\n'[39m +
        [32m'Received: <element(s) not found>\n'[39m +
        [32m'Call log:\n'[39m +
        [32m'\x1B[2m  - Expect "toBeVisible" with timeout 10000ms\x1B[22m\n'[39m +
        [32m`\x1B[2m  - waiting for locator('.Vector.site-logo, svg:has(path[d*="M44.6064"])').first()\x1B[22m\n`[39m,
      stack: [32m'Error: \x1B[31mTimed out 10000ms waiting for \x1B[39m\x1B[2mexpect(\x1B[22m\x1B[31mlocator\x1B[39m\x1B[2m).\x1B[22mtoBeVisible\x1B[2m()\x1B[22m\n'[39m +
        [32m'\n'[39m +
        [32m`Locator: locator('.Vector.site-logo, svg:has(path[d*="M44.6064"])').first()\n`[39m +
        [32m'Expected: visible\n'[39m +
        [32m'Received: <element(s) not found>\n'[39m +
        [32m'Call log:\n'[39m +
        [32m'\x1B[2m  - Expect "toBeVisible" with timeout 10000ms\x1B[22m\n'[39m +
        [32m`\x1B[2m  - waiting for locator('.Vector.site-logo, svg:has(path[d*="M44.6064"])').first()\x1B[22m\n`[39m +
        [32m'\n'[39m +
        [32m'    at MainPageTest.verifyPageLoad (/Users/eljinwhitehead/site-castle/playwright-test/main.spec.ts:366:36)\n'[39m +
        [32m'    at /Users/eljinwhitehead/site-castle/playwright-test/main.spec.ts:394:7'[39m,
      cause: [90mundefined[39m
    }
  }
}

[1A[2KStarting TC-003: User Avatar Dropdown

[1A[2KUser not logged in, skipping avatar dropdown test

[1A[2KTC-003 completed

[1A[2K  21) [firefox] › playwright-test/main.spec.ts:450:9 › Castle.com Main Page Tests › Header Section Test Cases › TC-003: User Avatar Dropdown › Verify that clicking the user avatar displays the dropdown menu 

    Error: [2mexpect([22m[31mreceived[39m[2m).[22mtoBeTruthy[2m()[22m

    Received: [31mfalse[39m

      460 |           // Check for dropdown menu
      461 |           const dropdownVisible = await mainPage.page.locator('.dropdown-menu, [class*="dropdown"]').isVisible().catch(() => false);
    > 462 |           expect(dropdownVisible).toBeTruthy();
          |                                   ^
      463 |           
      464 |           // Click outside to close
      465 |           await mainPage.page.click('body', { position: { x: 0, y: 0 } });
        at /Users/eljinwhitehead/site-castle/playwright-test/main.spec.ts:462:35
        at /Users/eljinwhitehead/site-castle/playwright-test/main.spec.ts:451:7

    Error Context: test-results/main-Castle-com-Main-Page--bbe9b-TC-003-User-Avatar-Dropdown-firefox/error-context.md


[1A[2K[66/99] [firefox] › playwright-test/main.spec.ts:644:9 › Castle.com Main Page Tests › Featured Games Section Test Cases › TC-011: Featured Game Launch
[1A[2K[firefox] › playwright-test/main.spec.ts:644:9 › Castle.com Main Page Tests › Featured Games Section Test Cases › TC-011: Featured Game Launch
Starting main page test setup...

[1A[2K[firefox] › playwright-test/main.spec.ts:536:9 › Castle.com Main Page Tests › Main Banner Test Cases › TC-006: Promotional Banner Display
Error in test setup: ExpectError: [31mTimed out 10000ms waiting for [39m[2mexpect([22m[31mlocator[39m[2m).[22mtoBeVisible[2m()[22m

Locator: locator('.Vector.site-logo, svg:has(path[d*="M44.6064"])').first()
Expected: visible
Received: <element(s) not found>
Call log:
[2m  - Expect "toBeVisible" with timeout 10000ms[22m
[2m  - waiting for locator('.Vector.site-logo, svg:has(path[d*="M44.6064"])').first()[22m

    at MainPageTest.verifyPageLoad [90m(/Users/eljinwhitehead/site-castle/[39mplaywright-test/main.spec.ts:366:36[90m)[39m
    at [90m/Users/eljinwhitehead/site-castle/[39mplaywright-test/main.spec.ts:394:7 {
  matcherResult: {
    message: [32m'\x1B[31mTimed out 10000ms waiting for \x1B[39m\x1B[2mexpect(\x1B[22m\x1B[31mlocator\x1B[39m\x1B[2m).\x1B[22mtoBeVisible\x1B[2m()\x1B[22m\n'[39m +
      [32m'\n'[39m +
      [32m`Locator: locator('.Vector.site-logo, svg:has(path[d*="M44.6064"])').first()\n`[39m +
      [32m'Expected: visible\n'[39m +
      [32m'Received: <element(s) not found>\n'[39m +
      [32m'Call log:\n'[39m +
      [32m'\x1B[2m  - Expect "toBeVisible" with timeout 10000ms\x1B[22m\n'[39m +
      [32m`\x1B[2m  - waiting for locator('.Vector.site-logo, svg:has(path[d*="M44.6064"])').first()\x1B[22m\n`[39m,
    pass: [33mfalse[39m,
    actual: [32m'<element(s) not found>'[39m,
    name: [32m'toBeVisible'[39m,
    expected: [32m'visible'[39m,
    log: [
      [32m'  - Expect "toBeVisible" with timeout 10000ms'[39m,
      [32m`  - waiting for locator('.Vector.site-logo, svg:has(path[d*="M44.6064"])').first()`[39m
    ],
    timeout: [33m10000[39m
  },
  [32mSymbol(step)[39m: {
    stepId: [32m'expect@15'[39m,
    category: [32m'expect'[39m,
    apiName: [32m'expect.toBeVisible'[39m,
    title: [32m'toBeVisible'[39m,
    params: { expected: [36m[Object][39m },
    infectParentStepsWithError: [90mundefined[39m,
    boxedStack: [90mundefined[39m,
    location: {
      file: [32m'/Users/eljinwhitehead/site-castle/playwright-test/main.spec.ts'[39m,
      line: [33m366[39m,
      column: [33m36[39m,
      function: [32m'MainPageTest.verifyPageLoad'[39m
    },
    steps: [],
    attachmentIndices: [],
    info: TestStepInfoImpl {
      annotations: [],
      _testInfo: [36m[TestInfoImpl][39m,
      _stepId: [32m'expect@15'[39m,
      skip: [36m[Function (anonymous)][39m
    },
    complete: [36m[Function: complete][39m,
    endWallTime: [33m1753895664382[39m,
    error: {
      message: [32m'Error: \x1B[31mTimed out 10000ms waiting for \x1B[39m\x1B[2mexpect(\x1B[22m\x1B[31mlocator\x1B[39m\x1B[2m).\x1B[22mtoBeVisible\x1B[2m()\x1B[22m\n'[39m +
        [32m'\n'[39m +
        [32m`Locator: locator('.Vector.site-logo, svg:has(path[d*="M44.6064"])').first()\n`[39m +
        [32m'Expected: visible\n'[39m +
        [32m'Received: <element(s) not found>\n'[39m +
        [32m'Call log:\n'[39m +
        [32m'\x1B[2m  - Expect "toBeVisible" with timeout 10000ms\x1B[22m\n'[39m +
        [32m`\x1B[2m  - waiting for locator('.Vector.site-logo, svg:has(path[d*="M44.6064"])').first()\x1B[22m\n`[39m,
      stack: [32m'Error: \x1B[31mTimed out 10000ms waiting for \x1B[39m\x1B[2mexpect(\x1B[22m\x1B[31mlocator\x1B[39m\x1B[2m).\x1B[22mtoBeVisible\x1B[2m()\x1B[22m\n'[39m +
        [32m'\n'[39m +
        [32m`Locator: locator('.Vector.site-logo, svg:has(path[d*="M44.6064"])').first()\n`[39m +
        [32m'Expected: visible\n'[39m +
        [32m'Received: <element(s) not found>\n'[39m +
        [32m'Call log:\n'[39m +
        [32m'\x1B[2m  - Expect "toBeVisible" with timeout 10000ms\x1B[22m\n'[39m +
        [32m`\x1B[2m  - waiting for locator('.Vector.site-logo, svg:has(path[d*="M44.6064"])').first()\x1B[22m\n`[39m +
        [32m'\n'[39m +
        [32m'    at MainPageTest.verifyPageLoad (/Users/eljinwhitehead/site-castle/playwright-test/main.spec.ts:366:36)\n'[39m +
        [32m'    at /Users/eljinwhitehead/site-castle/playwright-test/main.spec.ts:394:7'[39m,
      cause: [90mundefined[39m
    }
  }
}

[1A[2KStarting TC-006: Promotional Banner Display

[1A[2K[firefox] › playwright-test/main.spec.ts:626:9 › Castle.com Main Page Tests › Featured Games Section Test Cases › TC-010: Featured Games Display
Page ready check completed

[1A[2KVerifying main page load...

[1A[2KMain page verification complete

[1A[2KStarting TC-010: Featured Games Display

[1A[2K[firefox] › playwright-test/main.spec.ts:503:9 › Castle.com Main Page Tests › Navigation Menu Test Cases › TC-005: Navigation Menu Links
Page ready check completed

[1A[2KTesting Game Shows link

[1A[2K[firefox] › playwright-test/main.spec.ts:559:9 › Castle.com Main Page Tests › Main Banner Test Cases › TC-007: Play Crash Button Functionality
Error in test setup: ExpectError: [31mTimed out 10000ms waiting for [39m[2mexpect([22m[31mlocator[39m[2m).[22mtoBeVisible[2m()[22m

Locator: locator('.Vector.site-logo, svg:has(path[d*="M44.6064"])').first()
Expected: visible
Received: <element(s) not found>
Call log:
[2m  - Expect "toBeVisible" with timeout 10000ms[22m
[2m  - waiting for locator('.Vector.site-logo, svg:has(path[d*="M44.6064"])').first()[22m

    at MainPageTest.verifyPageLoad [90m(/Users/eljinwhitehead/site-castle/[39mplaywright-test/main.spec.ts:366:36[90m)[39m
    at [90m/Users/eljinwhitehead/site-castle/[39mplaywright-test/main.spec.ts:394:7 {
  matcherResult: {
    message: [32m'\x1B[31mTimed out 10000ms waiting for \x1B[39m\x1B[2mexpect(\x1B[22m\x1B[31mlocator\x1B[39m\x1B[2m).\x1B[22mtoBeVisible\x1B[2m()\x1B[22m\n'[39m +
      [32m'\n'[39m +
      [32m`Locator: locator('.Vector.site-logo, svg:has(path[d*="M44.6064"])').first()\n`[39m +
      [32m'Expected: visible\n'[39m +
      [32m'Received: <element(s) not found>\n'[39m +
      [32m'Call log:\n'[39m +
      [32m'\x1B[2m  - Expect "toBeVisible" with timeout 10000ms\x1B[22m\n'[39m +
      [32m`\x1B[2m  - waiting for locator('.Vector.site-logo, svg:has(path[d*="M44.6064"])').first()\x1B[22m\n`[39m,
    pass: [33mfalse[39m,
    actual: [32m'<element(s) not found>'[39m,
    name: [32m'toBeVisible'[39m,
    expected: [32m'visible'[39m,
    log: [
      [32m'  - Expect "toBeVisible" with timeout 10000ms'[39m,
      [32m`  - waiting for locator('.Vector.site-logo, svg:has(path[d*="M44.6064"])').first()`[39m
    ],
    timeout: [33m10000[39m
  },
  [32mSymbol(step)[39m: {
    stepId: [32m'expect@15'[39m,
    category: [32m'expect'[39m,
    apiName: [32m'expect.toBeVisible'[39m,
    title: [32m'toBeVisible'[39m,
    params: { expected: [36m[Object][39m },
    infectParentStepsWithError: [90mundefined[39m,
    boxedStack: [90mundefined[39m,
    location: {
      file: [32m'/Users/eljinwhitehead/site-castle/playwright-test/main.spec.ts'[39m,
      line: [33m366[39m,
      column: [33m36[39m,
      function: [32m'MainPageTest.verifyPageLoad'[39m
    },
    steps: [],
    attachmentIndices: [],
    info: TestStepInfoImpl {
      annotations: [],
      _testInfo: [36m[TestInfoImpl][39m,
      _stepId: [32m'expect@15'[39m,
      skip: [36m[Function (anonymous)][39m
    },
    complete: [36m[Function: complete][39m,
    endWallTime: [33m1753895664854[39m,
    error: {
      message: [32m'Error: \x1B[31mTimed out 10000ms waiting for \x1B[39m\x1B[2mexpect(\x1B[22m\x1B[31mlocator\x1B[39m\x1B[2m).\x1B[22mtoBeVisible\x1B[2m()\x1B[22m\n'[39m +
        [32m'\n'[39m +
        [32m`Locator: locator('.Vector.site-logo, svg:has(path[d*="M44.6064"])').first()\n`[39m +
        [32m'Expected: visible\n'[39m +
        [32m'Received: <element(s) not found>\n'[39m +
        [32m'Call log:\n'[39m +
        [32m'\x1B[2m  - Expect "toBeVisible" with timeout 10000ms\x1B[22m\n'[39m +
        [32m`\x1B[2m  - waiting for locator('.Vector.site-logo, svg:has(path[d*="M44.6064"])').first()\x1B[22m\n`[39m,
      stack: [32m'Error: \x1B[31mTimed out 10000ms waiting for \x1B[39m\x1B[2mexpect(\x1B[22m\x1B[31mlocator\x1B[39m\x1B[2m).\x1B[22mtoBeVisible\x1B[2m()\x1B[22m\n'[39m +
        [32m'\n'[39m +
        [32m`Locator: locator('.Vector.site-logo, svg:has(path[d*="M44.6064"])').first()\n`[39m +
        [32m'Expected: visible\n'[39m +
        [32m'Received: <element(s) not found>\n'[39m +
        [32m'Call log:\n'[39m +
        [32m'\x1B[2m  - Expect "toBeVisible" with timeout 10000ms\x1B[22m\n'[39m +
        [32m`\x1B[2m  - waiting for locator('.Vector.site-logo, svg:has(path[d*="M44.6064"])').first()\x1B[22m\n`[39m +
        [32m'\n'[39m +
        [32m'    at MainPageTest.verifyPageLoad (/Users/eljinwhitehead/site-castle/playwright-test/main.spec.ts:366:36)\n'[39m +
        [32m'    at /Users/eljinwhitehead/site-castle/playwright-test/main.spec.ts:394:7'[39m,
      cause: [90mundefined[39m
    }
  }
}

[1A[2KStarting TC-007: Play Crash Button Functionality

[1A[2K[firefox] › playwright-test/main.spec.ts:644:9 › Castle.com Main Page Tests › Featured Games Section Test Cases › TC-011: Featured Game Launch
Navigated to main page

[1A[2KWaiting for page to be ready...

[1A[2K[firefox] › playwright-test/main.spec.ts:577:9 › Castle.com Main Page Tests › Search and Filter Test Cases › TC-008: Game Search Functionality
Error in test setup: ExpectError: [31mTimed out 10000ms waiting for [39m[2mexpect([22m[31mlocator[39m[2m).[22mtoBeVisible[2m()[22m

Locator: locator('.Vector.site-logo, svg:has(path[d*="M44.6064"])').first()
Expected: visible
Received: <element(s) not found>
Call log:
[2m  - Expect "toBeVisible" with timeout 10000ms[22m
[2m  - waiting for locator('.Vector.site-logo, svg:has(path[d*="M44.6064"])').first()[22m

    at MainPageTest.verifyPageLoad [90m(/Users/eljinwhitehead/site-castle/[39mplaywright-test/main.spec.ts:366:36[90m)[39m
    at [90m/Users/eljinwhitehead/site-castle/[39mplaywright-test/main.spec.ts:394:7 {
  matcherResult: {
    message: [32m'\x1B[31mTimed out 10000ms waiting for \x1B[39m\x1B[2mexpect(\x1B[22m\x1B[31mlocator\x1B[39m\x1B[2m).\x1B[22mtoBeVisible\x1B[2m()\x1B[22m\n'[39m +
      [32m'\n'[39m +
      [32m`Locator: locator('.Vector.site-logo, svg:has(path[d*="M44.6064"])').first()\n`[39m +
      [32m'Expected: visible\n'[39m +
      [32m'Received: <element(s) not found>\n'[39m +
      [32m'Call log:\n'[39m +
      [32m'\x1B[2m  - Expect "toBeVisible" with timeout 10000ms\x1B[22m\n'[39m +
      [32m`\x1B[2m  - waiting for locator('.Vector.site-logo, svg:has(path[d*="M44.6064"])').first()\x1B[22m\n`[39m,
    pass: [33mfalse[39m,
    actual: [32m'<element(s) not found>'[39m,
    name: [32m'toBeVisible'[39m,
    expected: [32m'visible'[39m,
    log: [
      [32m'  - Expect "toBeVisible" with timeout 10000ms'[39m,
      [32m`  - waiting for locator('.Vector.site-logo, svg:has(path[d*="M44.6064"])').first()`[39m
    ],
    timeout: [33m10000[39m
  },
  [32mSymbol(step)[39m: {
    stepId: [32m'expect@15'[39m,
    category: [32m'expect'[39m,
    apiName: [32m'expect.toBeVisible'[39m,
    title: [32m'toBeVisible'[39m,
    params: { expected: [36m[Object][39m },
    infectParentStepsWithError: [90mundefined[39m,
    boxedStack: [90mundefined[39m,
    location: {
      file: [32m'/Users/eljinwhitehead/site-castle/playwright-test/main.spec.ts'[39m,
      line: [33m366[39m,
      column: [33m36[39m,
      function: [32m'MainPageTest.verifyPageLoad'[39m
    },
    steps: [],
    attachmentIndices: [],
    info: TestStepInfoImpl {
      annotations: [],
      _testInfo: [36m[TestInfoImpl][39m,
      _stepId: [32m'expect@15'[39m,
      skip: [36m[Function (anonymous)][39m
    },
    complete: [36m[Function: complete][39m,
    endWallTime: [33m1753895667052[39m,
    error: {
      message: [32m'Error: \x1B[31mTimed out 10000ms waiting for \x1B[39m\x1B[2mexpect(\x1B[22m\x1B[31mlocator\x1B[39m\x1B[2m).\x1B[22mtoBeVisible\x1B[2m()\x1B[22m\n'[39m +
        [32m'\n'[39m +
        [32m`Locator: locator('.Vector.site-logo, svg:has(path[d*="M44.6064"])').first()\n`[39m +
        [32m'Expected: visible\n'[39m +
        [32m'Received: <element(s) not found>\n'[39m +
        [32m'Call log:\n'[39m +
        [32m'\x1B[2m  - Expect "toBeVisible" with timeout 10000ms\x1B[22m\n'[39m +
        [32m`\x1B[2m  - waiting for locator('.Vector.site-logo, svg:has(path[d*="M44.6064"])').first()\x1B[22m\n`[39m,
      stack: [32m'Error: \x1B[31mTimed out 10000ms waiting for \x1B[39m\x1B[2mexpect(\x1B[22m\x1B[31mlocator\x1B[39m\x1B[2m).\x1B[22mtoBeVisible\x1B[2m()\x1B[22m\n'[39m +
        [32m'\n'[39m +
        [32m`Locator: locator('.Vector.site-logo, svg:has(path[d*="M44.6064"])').first()\n`[39m +
        [32m'Expected: visible\n'[39m +
        [32m'Received: <element(s) not found>\n'[39m +
        [32m'Call log:\n'[39m +
        [32m'\x1B[2m  - Expect "toBeVisible" with timeout 10000ms\x1B[22m\n'[39m +
        [32m`\x1B[2m  - waiting for locator('.Vector.site-logo, svg:has(path[d*="M44.6064"])').first()\x1B[22m\n`[39m +
        [32m'\n'[39m +
        [32m'    at MainPageTest.verifyPageLoad (/Users/eljinwhitehead/site-castle/playwright-test/main.spec.ts:366:36)\n'[39m +
        [32m'    at /Users/eljinwhitehead/site-castle/playwright-test/main.spec.ts:394:7'[39m,
      cause: [90mundefined[39m
    }
  }
}

[1A[2KStarting TC-008: Game Search Functionality

[1A[2K[firefox] › playwright-test/main.spec.ts:503:9 › Castle.com Main Page Tests › Navigation Menu Test Cases › TC-005: Navigation Menu Links
Waiting for page to be ready...

[1A[2K[firefox] › playwright-test/main.spec.ts:597:9 › Castle.com Main Page Tests › Search and Filter Test Cases › TC-009: Game Category Tabs
Error in test setup: ExpectError: [31mTimed out 10000ms waiting for [39m[2mexpect([22m[31mlocator[39m[2m).[22mtoBeVisible[2m()[22m

Locator: locator('.Vector.site-logo, svg:has(path[d*="M44.6064"])').first()
Expected: visible
Received: <element(s) not found>
Call log:
[2m  - Expect "toBeVisible" with timeout 10000ms[22m
[2m  - waiting for locator('.Vector.site-logo, svg:has(path[d*="M44.6064"])').first()[22m

    at MainPageTest.verifyPageLoad [90m(/Users/eljinwhitehead/site-castle/[39mplaywright-test/main.spec.ts:366:36[90m)[39m
    at [90m/Users/eljinwhitehead/site-castle/[39mplaywright-test/main.spec.ts:394:7 {
  matcherResult: {
    message: [32m'\x1B[31mTimed out 10000ms waiting for \x1B[39m\x1B[2mexpect(\x1B[22m\x1B[31mlocator\x1B[39m\x1B[2m).\x1B[22mtoBeVisible\x1B[2m()\x1B[22m\n'[39m +
      [32m'\n'[39m +
      [32m`Locator: locator('.Vector.site-logo, svg:has(path[d*="M44.6064"])').first()\n`[39m +
      [32m'Expected: visible\n'[39m +
      [32m'Received: <element(s) not found>\n'[39m +
      [32m'Call log:\n'[39m +
      [32m'\x1B[2m  - Expect "toBeVisible" with timeout 10000ms\x1B[22m\n'[39m +
      [32m`\x1B[2m  - waiting for locator('.Vector.site-logo, svg:has(path[d*="M44.6064"])').first()\x1B[22m\n`[39m,
    pass: [33mfalse[39m,
    actual: [32m'<element(s) not found>'[39m,
    name: [32m'toBeVisible'[39m,
    expected: [32m'visible'[39m,
    log: [
      [32m'  - Expect "toBeVisible" with timeout 10000ms'[39m,
      [32m`  - waiting for locator('.Vector.site-logo, svg:has(path[d*="M44.6064"])').first()`[39m
    ],
    timeout: [33m10000[39m
  },
  [32mSymbol(step)[39m: {
    stepId: [32m'expect@15'[39m,
    category: [32m'expect'[39m,
    apiName: [32m'expect.toBeVisible'[39m,
    title: [32m'toBeVisible'[39m,
    params: { expected: [36m[Object][39m },
    infectParentStepsWithError: [90mundefined[39m,
    boxedStack: [90mundefined[39m,
    location: {
      file: [32m'/Users/eljinwhitehead/site-castle/playwright-test/main.spec.ts'[39m,
      line: [33m366[39m,
      column: [33m36[39m,
      function: [32m'MainPageTest.verifyPageLoad'[39m
    },
    steps: [],
    attachmentIndices: [],
    info: TestStepInfoImpl {
      annotations: [],
      _testInfo: [36m[TestInfoImpl][39m,
      _stepId: [32m'expect@15'[39m,
      skip: [36m[Function (anonymous)][39m
    },
    complete: [36m[Function: complete][39m,
    endWallTime: [33m1753895667675[39m,
    error: {
      message: [32m'Error: \x1B[31mTimed out 10000ms waiting for \x1B[39m\x1B[2mexpect(\x1B[22m\x1B[31mlocator\x1B[39m\x1B[2m).\x1B[22mtoBeVisible\x1B[2m()\x1B[22m\n'[39m +
        [32m'\n'[39m +
        [32m`Locator: locator('.Vector.site-logo, svg:has(path[d*="M44.6064"])').first()\n`[39m +
        [32m'Expected: visible\n'[39m +
        [32m'Received: <element(s) not found>\n'[39m +
        [32m'Call log:\n'[39m +
        [32m'\x1B[2m  - Expect "toBeVisible" with timeout 10000ms\x1B[22m\n'[39m +
        [32m`\x1B[2m  - waiting for locator('.Vector.site-logo, svg:has(path[d*="M44.6064"])').first()\x1B[22m\n`[39m,
      stack: [32m'Error: \x1B[31mTimed out 10000ms waiting for \x1B[39m\x1B[2mexpect(\x1B[22m\x1B[31mlocator\x1B[39m\x1B[2m).\x1B[22mtoBeVisible\x1B[2m()\x1B[22m\n'[39m +
        [32m'\n'[39m +
        [32m`Locator: locator('.Vector.site-logo, svg:has(path[d*="M44.6064"])').first()\n`[39m +
        [32m'Expected: visible\n'[39m +
        [32m'Received: <element(s) not found>\n'[39m +
        [32m'Call log:\n'[39m +
        [32m'\x1B[2m  - Expect "toBeVisible" with timeout 10000ms\x1B[22m\n'[39m +
        [32m`\x1B[2m  - waiting for locator('.Vector.site-logo, svg:has(path[d*="M44.6064"])').first()\x1B[22m\n`[39m +
        [32m'\n'[39m +
        [32m'    at MainPageTest.verifyPageLoad (/Users/eljinwhitehead/site-castle/playwright-test/main.spec.ts:366:36)\n'[39m +
        [32m'    at /Users/eljinwhitehead/site-castle/playwright-test/main.spec.ts:394:7'[39m,
      cause: [90mundefined[39m
    }
  }
}

[1A[2KStarting TC-009: Game Category Tabs

[1A[2KTC-009 completed

[1A[2K[67/99] [firefox] › playwright-test/main.spec.ts:670:9 › Castle.com Main Page Tests › Original Games Section Test Cases › TC-012: Original Games Carousel
[1A[2K[firefox] › playwright-test/main.spec.ts:670:9 › Castle.com Main Page Tests › Original Games Section Test Cases › TC-012: Original Games Carousel
Starting main page test setup...

[1A[2K[firefox] › playwright-test/main.spec.ts:644:9 › Castle.com Main Page Tests › Featured Games Section Test Cases › TC-011: Featured Game Launch
Page ready check completed

[1A[2KVerifying main page load...

[1A[2KMain page verification complete

[1A[2KStarting TC-011: Featured Game Launch

[1A[2K[firefox] › playwright-test/main.spec.ts:503:9 › Castle.com Main Page Tests › Navigation Menu Test Cases › TC-005: Navigation Menu Links
Page ready check completed

[1A[2KTesting VIP link

[1A[2K[firefox] › playwright-test/main.spec.ts:670:9 › Castle.com Main Page Tests › Original Games Section Test Cases › TC-012: Original Games Carousel
Navigated to main page

[1A[2KWaiting for page to be ready...

[1A[2K[68/99] [firefox] › playwright-test/main.spec.ts:536:9 › Castle.com Main Page Tests › Main Banner Test Cases › TC-006: Promotional Banner Display (retry #1)
[1A[2K  22) [firefox] › playwright-test/main.spec.ts:626:9 › Castle.com Main Page Tests › Featured Games Section Test Cases › TC-010: Featured Games Display › Verify that the Featured Games section displays games correctly 

    Error: [31mTimed out 5000ms waiting for [39m[2mexpect([22m[31mlocator[39m[2m).[22mtoHaveText[2m([22m[32mexpected[39m[2m)[22m

    Locator: locator('h2:has-text("Featured Games")').first()
    Expected string: [32m"F[7mEATURED GAMES[27m"[39m
    Received string: [31m"F[7meatured Games[27m"[39m
    Call log:
    [2m  - Expect "toHaveText" with timeout 5000ms[22m
    [2m  - waiting for locator('h2:has-text("Featured Games")').first()[22m
    [2m    9 × locator resolved to <h2 class="Heading _s _font-size-20 _font-weight-regular _text-transform-uppercase">Featured Games</h2>[22m
    [2m      - unexpected value "Featured Games"[22m


      629 |         
      630 |         await expect(mainPage.featuredGames.sectionTitle).toBeVisible();
    > 631 |         await expect(mainPage.featuredGames.sectionTitle).toHaveText('FEATURED GAMES');
          |                                                           ^
      632 |         
      633 |         const gameCards = await mainPage.featuredGames.gameCards.count();
      634 |         expect(gameCards).toBeGreaterThan(0);
        at /Users/eljinwhitehead/site-castle/playwright-test/main.spec.ts:631:59
        at /Users/eljinwhitehead/site-castle/playwright-test/main.spec.ts:627:7

    Error Context: test-results/main-Castle-com-Main-Page--b1915--010-Featured-Games-Display-firefox/error-context.md

    Retry #1 ───────────────────────────────────────────────────────────────────────────────────────

    Error: [31mTimed out 5000ms waiting for [39m[2mexpect([22m[31mlocator[39m[2m).[22mtoHaveText[2m([22m[32mexpected[39m[2m)[22m

    Locator: locator('h2:has-text("Featured Games")').first()
    Expected string: [32m"F[7mEATURED GAMES[27m"[39m
    Received string: [31m"F[7meatured Games[27m"[39m
    Call log:
    [2m  - Expect "toHaveText" with timeout 5000ms[22m
    [2m  - waiting for locator('h2:has-text("Featured Games")').first()[22m
    [2m    9 × locator resolved to <h2 class="Heading _s _font-size-20 _font-weight-regular _text-transform-uppercase">Featured Games</h2>[22m
    [2m      - unexpected value "Featured Games"[22m


      629 |         
      630 |         await expect(mainPage.featuredGames.sectionTitle).toBeVisible();
    > 631 |         await expect(mainPage.featuredGames.sectionTitle).toHaveText('FEATURED GAMES');
          |                                                           ^
      632 |         
      633 |         const gameCards = await mainPage.featuredGames.gameCards.count();
      634 |         expect(gameCards).toBeGreaterThan(0);
        at /Users/eljinwhitehead/site-castle/playwright-test/main.spec.ts:631:59
        at /Users/eljinwhitehead/site-castle/playwright-test/main.spec.ts:627:7

    Error Context: test-results/main-Castle-com-Main-Page--b1915--010-Featured-Games-Display-firefox-retry1/error-context.md

    attachment #2: trace (application/zip) ─────────────────────────────────────────────────────────
    test-results/main-Castle-com-Main-Page--b1915--010-Featured-Games-Display-firefox-retry1/trace.zip
    Usage:

        npx playwright show-trace test-results/main-Castle-com-Main-Page--b1915--010-Featured-Games-Display-firefox-retry1/trace.zip

    ────────────────────────────────────────────────────────────────────────────────────────────────


[1A[2K[69/99] [firefox] › playwright-test/main.spec.ts:697:9 › Castle.com Main Page Tests › Original Games Section Test Cases › TC-013: Original Games Navigation
[1A[2K[firefox] › playwright-test/main.spec.ts:536:9 › Castle.com Main Page Tests › Main Banner Test Cases › TC-006: Promotional Banner Display
Starting main page test setup...

[1A[2K[firefox] › playwright-test/main.spec.ts:697:9 › Castle.com Main Page Tests › Original Games Section Test Cases › TC-013: Original Games Navigation
Starting main page test setup...

[1A[2K[firefox] › playwright-test/main.spec.ts:644:9 › Castle.com Main Page Tests › Featured Games Section Test Cases › TC-011: Featured Game Launch
Waiting for page to be ready...

[1A[2K[firefox] › playwright-test/main.spec.ts:503:9 › Castle.com Main Page Tests › Navigation Menu Test Cases › TC-005: Navigation Menu Links
Waiting for page to be ready...

[1A[2K[70/99] [firefox] › playwright-test/main.spec.ts:577:9 › Castle.com Main Page Tests › Search and Filter Test Cases › TC-008: Game Search Functionality (retry #1)
[1A[2K[firefox] › playwright-test/main.spec.ts:536:9 › Castle.com Main Page Tests › Main Banner Test Cases › TC-006: Promotional Banner Display
Navigated to main page

[1A[2KWaiting for page to be ready...

[1A[2K[firefox] › playwright-test/main.spec.ts:577:9 › Castle.com Main Page Tests › Search and Filter Test Cases › TC-008: Game Search Functionality
Starting main page test setup...

[1A[2K[firefox] › playwright-test/main.spec.ts:670:9 › Castle.com Main Page Tests › Original Games Section Test Cases › TC-012: Original Games Carousel
Page ready check completed

[1A[2KVerifying main page load...

[1A[2KMain page verification complete

[1A[2KStarting TC-012: Original Games Carousel

[1A[2K[firefox] › playwright-test/main.spec.ts:697:9 › Castle.com Main Page Tests › Original Games Section Test Cases › TC-013: Original Games Navigation
Navigated to main page

[1A[2KWaiting for page to be ready...

[1A[2K[firefox] › playwright-test/main.spec.ts:644:9 › Castle.com Main Page Tests › Featured Games Section Test Cases › TC-011: Featured Game Launch
Page ready check completed

[1A[2K[71/99] [firefox] › playwright-test/main.spec.ts:670:9 › Castle.com Main Page Tests › Original Games Section Test Cases › TC-012: Original Games Carousel (retry #1)
[1A[2KTC-011 completed

[1A[2K[72/99] [firefox] › playwright-test/main.spec.ts:724:9 › Castle.com Main Page Tests › Hot Games Section Test Cases › TC-014: Hot Games Display
[1A[2K[firefox] › playwright-test/main.spec.ts:724:9 › Castle.com Main Page Tests › Hot Games Section Test Cases › TC-014: Hot Games Display
Starting main page test setup...

[1A[2K[firefox] › playwright-test/main.spec.ts:503:9 › Castle.com Main Page Tests › Navigation Menu Test Cases › TC-005: Navigation Menu Links
Page ready check completed

[1A[2KTC-005 completed

[1A[2K[73/99] [firefox] › playwright-test/main.spec.ts:746:9 › Castle.com Main Page Tests › Hot Games Section Test Cases › TC-015: Recently Added Section
[1A[2K[74/99] [firefox] › playwright-test/main.spec.ts:559:9 › Castle.com Main Page Tests › Main Banner Test Cases › TC-007: Play Crash Button Functionality (retry #1)
[1A[2K[firefox] › playwright-test/main.spec.ts:746:9 › Castle.com Main Page Tests › Hot Games Section Test Cases › TC-015: Recently Added Section
Starting main page test setup...

[1A[2K[firefox] › playwright-test/main.spec.ts:670:9 › Castle.com Main Page Tests › Original Games Section Test Cases › TC-012: Original Games Carousel
Starting main page test setup...

[1A[2K[firefox] › playwright-test/main.spec.ts:577:9 › Castle.com Main Page Tests › Search and Filter Test Cases › TC-008: Game Search Functionality
Navigated to main page

[1A[2KWaiting for page to be ready...

[1A[2K[firefox] › playwright-test/main.spec.ts:559:9 › Castle.com Main Page Tests › Main Banner Test Cases › TC-007: Play Crash Button Functionality
Starting main page test setup...

[1A[2K[firefox] › playwright-test/main.spec.ts:536:9 › Castle.com Main Page Tests › Main Banner Test Cases › TC-006: Promotional Banner Display
Page ready check completed

[1A[2KVerifying main page load...

[1A[2KMain page verification complete

[1A[2KStarting TC-006: Promotional Banner Display

[1A[2K[firefox] › playwright-test/main.spec.ts:724:9 › Castle.com Main Page Tests › Hot Games Section Test Cases › TC-014: Hot Games Display
Navigated to main page

[1A[2KWaiting for page to be ready...

[1A[2K[firefox] › playwright-test/main.spec.ts:697:9 › Castle.com Main Page Tests › Original Games Section Test Cases › TC-013: Original Games Navigation
Page ready check completed

[1A[2KVerifying main page load...

[1A[2KMain page verification complete

[1A[2KStarting TC-013: Original Games Navigation

[1A[2K[firefox] › playwright-test/main.spec.ts:746:9 › Castle.com Main Page Tests › Hot Games Section Test Cases › TC-015: Recently Added Section
Navigated to main page

[1A[2KWaiting for page to be ready...

[1A[2K[firefox] › playwright-test/main.spec.ts:670:9 › Castle.com Main Page Tests › Original Games Section Test Cases › TC-012: Original Games Carousel
Navigated to main page

[1A[2KWaiting for page to be ready...

[1A[2K[firefox] › playwright-test/main.spec.ts:559:9 › Castle.com Main Page Tests › Main Banner Test Cases › TC-007: Play Crash Button Functionality
Navigated to main page

[1A[2KWaiting for page to be ready...

[1A[2K[firefox] › playwright-test/main.spec.ts:724:9 › Castle.com Main Page Tests › Hot Games Section Test Cases › TC-014: Hot Games Display
Page ready check completed

[1A[2KVerifying main page load...

[1A[2KMain page verification complete

[1A[2KStarting TC-014: Hot Games Display

[1A[2K  23) [firefox] › playwright-test/main.spec.ts:536:9 › Castle.com Main Page Tests › Main Banner Test Cases › TC-006: Promotional Banner Display › Verify that the main promotional banner displays correctly 

    Error: [31mTimed out 5000ms waiting for [39m[2mexpect([22m[31mlocator[39m[2m).[22mtoBeVisible[2m()[22m

    Locator: locator('.HeroBanner').first()
    Expected: visible
    Received: <element(s) not found>
    Call log:
    [2m  - Expect "toBeVisible" with timeout 5000ms[22m
    [2m  - waiting for locator('.HeroBanner').first()[22m


      538 |         console.log('Starting TC-006: Promotional Banner Display');
      539 |         
    > 540 |         await expect(mainPage.mainBanner.banner).toBeVisible();
          |                                                  ^
      541 |         await expect(mainPage.mainBanner.heading).toBeVisible();
      542 |         await expect(mainPage.mainBanner.heading).toHaveText('SHITCOIN CRASH');
      543 |         
        at /Users/eljinwhitehead/site-castle/playwright-test/main.spec.ts:540:50
        at /Users/eljinwhitehead/site-castle/playwright-test/main.spec.ts:537:18

    Error Context: test-results/main-Castle-com-Main-Page--a1acb--Promotional-Banner-Display-firefox/error-context.md

    Retry #1 ───────────────────────────────────────────────────────────────────────────────────────

    Error: [31mTimed out 5000ms waiting for [39m[2mexpect([22m[31mlocator[39m[2m).[22mtoHaveText[2m([22m[32mexpected[39m[2m)[22m

    Locator: locator('.HeroBanner h1:has-text("Shitcoin Crash")').first()
    Expected string: [32m"S[7mHITCOIN CRASH[27m"[39m
    Received string: [31m"S[7mhitcoin Crash[27m"[39m
    Call log:
    [2m  - Expect "toHaveText" with timeout 5000ms[22m
    [2m  - waiting for locator('.HeroBanner h1:has-text("Shitcoin Crash")').first()[22m
    [2m    9 × locator resolved to <h1 class="Heading _s _color-dark-brown _font-size-64 _line-height-56 _font-weight-regular _text-transform-uppercase">Shitcoin Crash</h1>[22m
    [2m      - unexpected value "Shitcoin Crash"[22m


      540 |         await expect(mainPage.mainBanner.banner).toBeVisible();
      541 |         await expect(mainPage.mainBanner.heading).toBeVisible();
    > 542 |         await expect(mainPage.mainBanner.heading).toHaveText('SHITCOIN CRASH');
          |                                                   ^
      543 |         
      544 |         await expect(mainPage.mainBanner.description).toBeVisible();
      545 |         await expect(mainPage.mainBanner.description).toContainText('Ride the pump and cash out before the dump!');
        at /Users/eljinwhitehead/site-castle/playwright-test/main.spec.ts:542:51
        at /Users/eljinwhitehead/site-castle/playwright-test/main.spec.ts:537:7

    Error Context: test-results/main-Castle-com-Main-Page--a1acb--Promotional-Banner-Display-firefox-retry1/error-context.md

    attachment #2: trace (application/zip) ─────────────────────────────────────────────────────────
    test-results/main-Castle-com-Main-Page--a1acb--Promotional-Banner-Display-firefox-retry1/trace.zip
    Usage:

        npx playwright show-trace test-results/main-Castle-com-Main-Page--a1acb--Promotional-Banner-Display-firefox-retry1/trace.zip

    ────────────────────────────────────────────────────────────────────────────────────────────────


[1A[2K[firefox] › playwright-test/main.spec.ts:746:9 › Castle.com Main Page Tests › Hot Games Section Test Cases › TC-015: Recently Added Section
Page ready check completed

[1A[2KVerifying main page load...

[1A[2KMain page verification complete

[1A[2KStarting TC-015: Recently Added Section

[1A[2K[75/99] [firefox] › playwright-test/main.spec.ts:769:9 › Castle.com Main Page Tests › Providers Section Test Cases › TC-016: Game Providers Display
[1A[2K[firefox] › playwright-test/main.spec.ts:670:9 › Castle.com Main Page Tests › Original Games Section Test Cases › TC-012: Original Games Carousel
Page ready check completed

[1A[2KVerifying main page load...

[1A[2K[firefox] › playwright-test/main.spec.ts:769:9 › Castle.com Main Page Tests › Providers Section Test Cases › TC-016: Game Providers Display
Starting main page test setup...

[1A[2K[firefox] › playwright-test/main.spec.ts:670:9 › Castle.com Main Page Tests › Original Games Section Test Cases › TC-012: Original Games Carousel
Main page verification complete

[1A[2KStarting TC-012: Original Games Carousel

[1A[2K  24) [firefox] › playwright-test/main.spec.ts:670:9 › Castle.com Main Page Tests › Original Games Section Test Cases › TC-012: Original Games Carousel › Verify that the Original Games carousel functions correctly 

    Error: [2mexpect([22m[31mreceived[39m[2m).[22mtoBeGreaterThan[2m([22m[32mexpected[39m[2m)[22m

    Expected: > [32m0[39m
    Received:   [31m0[39m

      675 |         
      676 |         const gameCards = await mainPage.originalGames.gameCards.count();
    > 677 |         expect(gameCards).toBeGreaterThan(0);
          |                           ^
      678 |         
      679 |         // Test navigation arrows
      680 |         const nextArrow = mainPage.originalGames.navigationArrows.next;
        at /Users/eljinwhitehead/site-castle/playwright-test/main.spec.ts:677:27
        at /Users/eljinwhitehead/site-castle/playwright-test/main.spec.ts:671:7

    Error Context: test-results/main-Castle-com-Main-Page--8878f-012-Original-Games-Carousel-firefox/error-context.md

    Retry #1 ───────────────────────────────────────────────────────────────────────────────────────

    Error: [2mexpect([22m[31mreceived[39m[2m).[22mtoBeGreaterThan[2m([22m[32mexpected[39m[2m)[22m

    Expected: > [32m0[39m
    Received:   [31m0[39m

      675 |         
      676 |         const gameCards = await mainPage.originalGames.gameCards.count();
    > 677 |         expect(gameCards).toBeGreaterThan(0);
          |                           ^
      678 |         
      679 |         // Test navigation arrows
      680 |         const nextArrow = mainPage.originalGames.navigationArrows.next;
        at /Users/eljinwhitehead/site-castle/playwright-test/main.spec.ts:677:27
        at /Users/eljinwhitehead/site-castle/playwright-test/main.spec.ts:671:7

    Error Context: test-results/main-Castle-com-Main-Page--8878f-012-Original-Games-Carousel-firefox-retry1/error-context.md

    attachment #2: trace (application/zip) ─────────────────────────────────────────────────────────
    test-results/main-Castle-com-Main-Page--8878f-012-Original-Games-Carousel-firefox-retry1/trace.zip
    Usage:

        npx playwright show-trace test-results/main-Castle-com-Main-Page--8878f-012-Original-Games-Carousel-firefox-retry1/trace.zip

    ────────────────────────────────────────────────────────────────────────────────────────────────


[1A[2K[76/99] [firefox] › playwright-test/main.spec.ts:796:9 › Castle.com Main Page Tests › Providers Section Test Cases › TC-017: Provider Filtering
[1A[2K[firefox] › playwright-test/main.spec.ts:559:9 › Castle.com Main Page Tests › Main Banner Test Cases › TC-007: Play Crash Button Functionality
Page ready check completed

[1A[2KVerifying main page load...

[1A[2KMain page verification complete

[1A[2KStarting TC-007: Play Crash Button Functionality

[1A[2KTC-007 completed

[1A[2K  25) [firefox] › playwright-test/main.spec.ts:559:9 › Castle.com Main Page Tests › Main Banner Test Cases › TC-007: Play Crash Button Functionality › Verify that the Play Crash button launches the game 

    TimeoutError: locator.click: Timeout 10000ms exceeded.
    Call log:
    [2m  - waiting for locator('.HeroBanner button:has-text("Play Crash")').first()[22m


      561 |         console.log('Starting TC-007: Play Crash Button Functionality');
      562 |         
    > 563 |         await mainPage.mainBanner.playButton.click();
          |                                              ^
      564 |         await mainPage.page.waitForLoadState('networkidle');
      565 |         
      566 |         expect(mainPage.page.url()).toContain('/crash');
        at /Users/eljinwhitehead/site-castle/playwright-test/main.spec.ts:563:46
        at /Users/eljinwhitehead/site-castle/playwright-test/main.spec.ts:560:18

    Error Context: test-results/main-Castle-com-Main-Page--c9984--Crash-Button-Functionality-firefox/error-context.md


[1A[2K[77/99] [firefox] › playwright-test/main.spec.ts:819:9 › Castle.com Main Page Tests › Categories Section Test Cases › TC-018: Game Categories Display
[1A[2K[firefox] › playwright-test/main.spec.ts:819:9 › Castle.com Main Page Tests › Categories Section Test Cases › TC-018: Game Categories Display
Starting main page test setup...

[1A[2K[firefox] › playwright-test/main.spec.ts:796:9 › Castle.com Main Page Tests › Providers Section Test Cases › TC-017: Provider Filtering
Starting main page test setup...

[1A[2K[firefox] › playwright-test/main.spec.ts:769:9 › Castle.com Main Page Tests › Providers Section Test Cases › TC-016: Game Providers Display
Navigated to main page

[1A[2KWaiting for page to be ready...

[1A[2K[firefox] › playwright-test/main.spec.ts:577:9 › Castle.com Main Page Tests › Search and Filter Test Cases › TC-008: Game Search Functionality
Page ready check had issues: page.waitForSelector: Timeout 10000ms exceeded.
Call log:
[2m  - waiting for locator('.AppMain') to be visible[22m

    at MainPageTest.waitForPageReady [90m(/Users/eljinwhitehead/site-castle/[39mplaywright-test/main.spec.ts:250:23[90m)[39m
    at [90m/Users/eljinwhitehead/site-castle/[39mplaywright-test/main.spec.ts:387:7 {
  name: [32m'TimeoutError'[39m,
  [32mSymbol(step)[39m: {
    stepId: [32m'pw:api@13'[39m,
    location: {
      file: [32m'/Users/eljinwhitehead/site-castle/playwright-test/main.spec.ts'[39m,
      line: [33m250[39m,
      column: [33m23[39m,
      function: [32m'MainPageTest.waitForPageReady'[39m
    },
    category: [32m'pw:api'[39m,
    title: [32m"Wait for selector locator('.AppMain')"[39m,
    apiName: [32m'page.waitForSelector'[39m,
    params: { selector: [32m'.AppMain'[39m, state: [32m'visible'[39m, timeout: [33m10000[39m },
    boxedStack: [90mundefined[39m,
    steps: [],
    attachmentIndices: [],
    info: TestStepInfoImpl {
      annotations: [],
      _testInfo: [36m[TestInfoImpl][39m,
      _stepId: [32m'pw:api@13'[39m,
      skip: [36m[Function (anonymous)][39m
    },
    complete: [36m[Function: complete][39m,
    endWallTime: [33m1753895688498[39m,
    error: {
      message: [32m'TimeoutError: page.waitForSelector: Timeout 10000ms exceeded.\n'[39m +
        [32m'Call log:\n'[39m +
        [32m"\x1B[2m  - waiting for locator('.AppMain') to be visible\x1B[22m\n"[39m,
      stack: [32m'TimeoutError: page.waitForSelector: Timeout 10000ms exceeded.\n'[39m +
        [32m'Call log:\n'[39m +
        [32m"\x1B[2m  - waiting for locator('.AppMain') to be visible\x1B[22m\n"[39m +
        [32m'\n'[39m +
        [32m'    at MainPageTest.waitForPageReady (/Users/eljinwhitehead/site-castle/playwright-test/main.spec.ts:250:23)\n'[39m +
        [32m'    at /Users/eljinwhitehead/site-castle/playwright-test/main.spec.ts:387:7'[39m,
      cause: [90mundefined[39m
    }
  }
}

[1A[2KVerifying main page load...

[1A[2K[firefox] › playwright-test/main.spec.ts:819:9 › Castle.com Main Page Tests › Categories Section Test Cases › TC-018: Game Categories Display
Navigated to main page

[1A[2KWaiting for page to be ready...

[1A[2K[78/99] [firefox] › playwright-test/main.spec.ts:724:9 › Castle.com Main Page Tests › Hot Games Section Test Cases › TC-014: Hot Games Display (retry #1)
[1A[2K[firefox] › playwright-test/main.spec.ts:796:9 › Castle.com Main Page Tests › Providers Section Test Cases › TC-017: Provider Filtering
Navigated to main page

[1A[2KWaiting for page to be ready...

[1A[2K[79/99] [firefox] › playwright-test/main.spec.ts:746:9 › Castle.com Main Page Tests › Hot Games Section Test Cases › TC-015: Recently Added Section (retry #1)
[1A[2K[firefox] › playwright-test/main.spec.ts:724:9 › Castle.com Main Page Tests › Hot Games Section Test Cases › TC-014: Hot Games Display
Starting main page test setup...

[1A[2K[firefox] › playwright-test/main.spec.ts:746:9 › Castle.com Main Page Tests › Hot Games Section Test Cases › TC-015: Recently Added Section
Starting main page test setup...

[1A[2K[firefox] › playwright-test/main.spec.ts:769:9 › Castle.com Main Page Tests › Providers Section Test Cases › TC-016: Game Providers Display
Page ready check completed

[1A[2KVerifying main page load...

[1A[2KMain page verification complete

[1A[2KStarting TC-016: Game Providers Display

[1A[2K[firefox] › playwright-test/main.spec.ts:724:9 › Castle.com Main Page Tests › Hot Games Section Test Cases › TC-014: Hot Games Display
Navigated to main page

[1A[2KWaiting for page to be ready...

[1A[2K[firefox] › playwright-test/main.spec.ts:746:9 › Castle.com Main Page Tests › Hot Games Section Test Cases › TC-015: Recently Added Section
Navigated to main page

[1A[2KWaiting for page to be ready...

[1A[2K[firefox] › playwright-test/main.spec.ts:819:9 › Castle.com Main Page Tests › Categories Section Test Cases › TC-018: Game Categories Display
Page ready check completed

[1A[2KVerifying main page load...

[1A[2KMain page verification complete

[1A[2KStarting TC-018: Game Categories Display

[1A[2K[firefox] › playwright-test/main.spec.ts:796:9 › Castle.com Main Page Tests › Providers Section Test Cases › TC-017: Provider Filtering
Page ready check completed

[1A[2KVerifying main page load...

[1A[2KMain page verification complete

[1A[2KStarting TC-017: Provider Filtering

[1A[2KClicking provider logo: Evolution

[1A[2KClicked Evolution provider

[1A[2KFilter applied: false

[1A[2KTC-017 completed

[1A[2K[80/99] [firefox] › playwright-test/main.spec.ts:840:9 › Castle.com Main Page Tests › Categories Section Test Cases › TC-019: Category Navigation
[1A[2K[firefox] › playwright-test/main.spec.ts:840:9 › Castle.com Main Page Tests › Categories Section Test Cases › TC-019: Category Navigation
Starting main page test setup...

[1A[2K[81/99] [firefox] › playwright-test/main.spec.ts:769:9 › Castle.com Main Page Tests › Providers Section Test Cases › TC-016: Game Providers Display (retry #1)
[1A[2K[firefox] › playwright-test/main.spec.ts:769:9 › Castle.com Main Page Tests › Providers Section Test Cases › TC-016: Game Providers Display
Starting main page test setup...

[1A[2K[firefox] › playwright-test/main.spec.ts:577:9 › Castle.com Main Page Tests › Search and Filter Test Cases › TC-008: Game Search Functionality
Error in test setup: ExpectError: [31mTimed out 10000ms waiting for [39m[2mexpect([22m[31mlocator[39m[2m).[22mtoBeVisible[2m()[22m

Locator: locator('.Vector.site-logo, svg:has(path[d*="M44.6064"])').first()
Expected: visible
Received: <element(s) not found>
Call log:
[2m  - Expect "toBeVisible" with timeout 10000ms[22m
[2m  - waiting for locator('.Vector.site-logo, svg:has(path[d*="M44.6064"])').first()[22m

    at MainPageTest.verifyPageLoad [90m(/Users/eljinwhitehead/site-castle/[39mplaywright-test/main.spec.ts:366:36[90m)[39m
    at [90m/Users/eljinwhitehead/site-castle/[39mplaywright-test/main.spec.ts:394:7 {
  matcherResult: {
    message: [32m'\x1B[31mTimed out 10000ms waiting for \x1B[39m\x1B[2mexpect(\x1B[22m\x1B[31mlocator\x1B[39m\x1B[2m).\x1B[22mtoBeVisible\x1B[2m()\x1B[22m\n'[39m +
      [32m'\n'[39m +
      [32m`Locator: locator('.Vector.site-logo, svg:has(path[d*="M44.6064"])').first()\n`[39m +
      [32m'Expected: visible\n'[39m +
      [32m'Received: <element(s) not found>\n'[39m +
      [32m'Call log:\n'[39m +
      [32m'\x1B[2m  - Expect "toBeVisible" with timeout 10000ms\x1B[22m\n'[39m +
      [32m`\x1B[2m  - waiting for locator('.Vector.site-logo, svg:has(path[d*="M44.6064"])').first()\x1B[22m\n`[39m,
    pass: [33mfalse[39m,
    actual: [32m'<element(s) not found>'[39m,
    name: [32m'toBeVisible'[39m,
    expected: [32m'visible'[39m,
    log: [
      [32m'  - Expect "toBeVisible" with timeout 10000ms'[39m,
      [32m`  - waiting for locator('.Vector.site-logo, svg:has(path[d*="M44.6064"])').first()`[39m
    ],
    timeout: [33m10000[39m
  },
  [32mSymbol(step)[39m: {
    stepId: [32m'expect@15'[39m,
    category: [32m'expect'[39m,
    apiName: [32m'expect.toBeVisible'[39m,
    title: [32m'toBeVisible'[39m,
    params: { expected: [36m[Object][39m },
    infectParentStepsWithError: [90mundefined[39m,
    boxedStack: [90mundefined[39m,
    location: {
      file: [32m'/Users/eljinwhitehead/site-castle/playwright-test/main.spec.ts'[39m,
      line: [33m366[39m,
      column: [33m36[39m,
      function: [32m'MainPageTest.verifyPageLoad'[39m
    },
    steps: [],
    attachmentIndices: [],
    info: TestStepInfoImpl {
      annotations: [],
      _testInfo: [36m[TestInfoImpl][39m,
      _stepId: [32m'expect@15'[39m,
      skip: [36m[Function (anonymous)][39m
    },
    complete: [36m[Function: complete][39m,
    endWallTime: [33m1753895698510[39m,
    error: {
      message: [32m'Error: \x1B[31mTimed out 10000ms waiting for \x1B[39m\x1B[2mexpect(\x1B[22m\x1B[31mlocator\x1B[39m\x1B[2m).\x1B[22mtoBeVisible\x1B[2m()\x1B[22m\n'[39m +
        [32m'\n'[39m +
        [32m`Locator: locator('.Vector.site-logo, svg:has(path[d*="M44.6064"])').first()\n`[39m +
        [32m'Expected: visible\n'[39m +
        [32m'Received: <element(s) not found>\n'[39m +
        [32m'Call log:\n'[39m +
        [32m'\x1B[2m  - Expect "toBeVisible" with timeout 10000ms\x1B[22m\n'[39m +
        [32m`\x1B[2m  - waiting for locator('.Vector.site-logo, svg:has(path[d*="M44.6064"])').first()\x1B[22m\n`[39m,
      stack: [32m'Error: \x1B[31mTimed out 10000ms waiting for \x1B[39m\x1B[2mexpect(\x1B[22m\x1B[31mlocator\x1B[39m\x1B[2m).\x1B[22mtoBeVisible\x1B[2m()\x1B[22m\n'[39m +
        [32m'\n'[39m +
        [32m`Locator: locator('.Vector.site-logo, svg:has(path[d*="M44.6064"])').first()\n`[39m +
        [32m'Expected: visible\n'[39m +
        [32m'Received: <element(s) not found>\n'[39m +
        [32m'Call log:\n'[39m +
        [32m'\x1B[2m  - Expect "toBeVisible" with timeout 10000ms\x1B[22m\n'[39m +
        [32m`\x1B[2m  - waiting for locator('.Vector.site-logo, svg:has(path[d*="M44.6064"])').first()\x1B[22m\n`[39m +
        [32m'\n'[39m +
        [32m'    at MainPageTest.verifyPageLoad (/Users/eljinwhitehead/site-castle/playwright-test/main.spec.ts:366:36)\n'[39m +
        [32m'    at /Users/eljinwhitehead/site-castle/playwright-test/main.spec.ts:394:7'[39m,
      cause: [90mundefined[39m
    }
  }
}

[1A[2KStarting TC-008: Game Search Functionality

[1A[2K[82/99] [firefox] › playwright-test/main.spec.ts:819:9 › Castle.com Main Page Tests › Categories Section Test Cases › TC-018: Game Categories Display (retry #1)
[1A[2K[83/99] [firefox] › playwright-test/main.spec.ts:697:9 › Castle.com Main Page Tests › Original Games Section Test Cases › TC-013: Original Games Navigation (retry #1)
[1A[2K[firefox] › playwright-test/main.spec.ts:840:9 › Castle.com Main Page Tests › Categories Section Test Cases › TC-019: Category Navigation
Navigated to main page

[1A[2KWaiting for page to be ready...

[1A[2K[firefox] › playwright-test/main.spec.ts:819:9 › Castle.com Main Page Tests › Categories Section Test Cases › TC-018: Game Categories Display
Starting main page test setup...

[1A[2K[firefox] › playwright-test/main.spec.ts:697:9 › Castle.com Main Page Tests › Original Games Section Test Cases › TC-013: Original Games Navigation
Starting main page test setup...

[1A[2K[firefox] › playwright-test/main.spec.ts:769:9 › Castle.com Main Page Tests › Providers Section Test Cases › TC-016: Game Providers Display
Navigated to main page

[1A[2KWaiting for page to be ready...

[1A[2K[firefox] › playwright-test/main.spec.ts:819:9 › Castle.com Main Page Tests › Categories Section Test Cases › TC-018: Game Categories Display
Navigated to main page

[1A[2KWaiting for page to be ready...

[1A[2K[firefox] › playwright-test/main.spec.ts:697:9 › Castle.com Main Page Tests › Original Games Section Test Cases › TC-013: Original Games Navigation
Navigated to main page

[1A[2KWaiting for page to be ready...

[1A[2K[firefox] › playwright-test/main.spec.ts:840:9 › Castle.com Main Page Tests › Categories Section Test Cases › TC-019: Category Navigation
Page ready check completed

[1A[2KVerifying main page load...

[1A[2KMain page verification complete

[1A[2KStarting TC-019: Category Navigation

[1A[2KTC-019 completed

[1A[2K[84/99] [firefox] › playwright-test/main.spec.ts:856:9 › Castle.com Main Page Tests › Bets & Races Section Test Cases › TC-020: Bets & Races Tabs
[1A[2K  26) [firefox] › playwright-test/main.spec.ts:577:9 › Castle.com Main Page Tests › Search and Filter Test Cases › TC-008: Game Search Functionality › Verify that the search bar allows users to search for games 

    Error: [31mTimed out 5000ms waiting for [39m[2mexpect([22m[31mlocator[39m[2m).[22mtoBeVisible[2m()[22m

    Locator: locator('input[placeholder="Search for a game or provider"]').first()
    Expected: visible
    Received: <element(s) not found>
    Call log:
    [2m  - Expect "toBeVisible" with timeout 5000ms[22m
    [2m  - waiting for locator('input[placeholder="Search for a game or provider"]').first()[22m


      579 |         console.log('Starting TC-008: Game Search Functionality');
      580 |         
    > 581 |         await expect(mainPage.searchFilter.searchBar).toBeVisible();
          |                                                       ^
      582 |         
      583 |         // Test search functionality
      584 |         await mainPage.searchForGame('Crash');
        at /Users/eljinwhitehead/site-castle/playwright-test/main.spec.ts:581:55
        at /Users/eljinwhitehead/site-castle/playwright-test/main.spec.ts:578:18

    Error Context: test-results/main-Castle-com-Main-Page--34c8a-8-Game-Search-Functionality-firefox/error-context.md

    Retry #1 ───────────────────────────────────────────────────────────────────────────────────────

    Error: [31mTimed out 5000ms waiting for [39m[2mexpect([22m[31mlocator[39m[2m).[22mtoBeVisible[2m()[22m

    Locator: locator('input[placeholder="Search for a game or provider"]').first()
    Expected: visible
    Received: <element(s) not found>
    Call log:
    [2m  - Expect "toBeVisible" with timeout 5000ms[22m
    [2m  - waiting for locator('input[placeholder="Search for a game or provider"]').first()[22m


      579 |         console.log('Starting TC-008: Game Search Functionality');
      580 |         
    > 581 |         await expect(mainPage.searchFilter.searchBar).toBeVisible();
          |                                                       ^
      582 |         
      583 |         // Test search functionality
      584 |         await mainPage.searchForGame('Crash');
        at /Users/eljinwhitehead/site-castle/playwright-test/main.spec.ts:581:55
        at /Users/eljinwhitehead/site-castle/playwright-test/main.spec.ts:578:18

    Error Context: test-results/main-Castle-com-Main-Page--34c8a-8-Game-Search-Functionality-firefox-retry1/error-context.md

    attachment #2: trace (application/zip) ─────────────────────────────────────────────────────────
    test-results/main-Castle-com-Main-Page--34c8a-8-Game-Search-Functionality-firefox-retry1/trace.zip
    Usage:

        npx playwright show-trace test-results/main-Castle-com-Main-Page--34c8a-8-Game-Search-Functionality-firefox-retry1/trace.zip

    ────────────────────────────────────────────────────────────────────────────────────────────────


[1A[2K[firefox] › playwright-test/main.spec.ts:856:9 › Castle.com Main Page Tests › Bets & Races Section Test Cases › TC-020: Bets & Races Tabs
Starting main page test setup...

[1A[2K[85/99] [firefox] › playwright-test/main.spec.ts:882:9 › Castle.com Main Page Tests › Bets & Races Section Test Cases › TC-021: All Bets Display
[1A[2K[firefox] › playwright-test/main.spec.ts:724:9 › Castle.com Main Page Tests › Hot Games Section Test Cases › TC-014: Hot Games Display
Page ready check had issues: page.waitForSelector: Timeout 10000ms exceeded.
Call log:
[2m  - waiting for locator('.AppMain') to be visible[22m

    at MainPageTest.waitForPageReady [90m(/Users/eljinwhitehead/site-castle/[39mplaywright-test/main.spec.ts:250:23[90m)[39m
    at [90m/Users/eljinwhitehead/site-castle/[39mplaywright-test/main.spec.ts:387:7 {
  name: [32m'TimeoutError'[39m,
  [32mSymbol(step)[39m: {
    stepId: [32m'pw:api@13'[39m,
    location: {
      file: [32m'/Users/eljinwhitehead/site-castle/playwright-test/main.spec.ts'[39m,
      line: [33m250[39m,
      column: [33m23[39m,
      function: [32m'MainPageTest.waitForPageReady'[39m
    },
    category: [32m'pw:api'[39m,
    title: [32m"Wait for selector locator('.AppMain')"[39m,
    apiName: [32m'page.waitForSelector'[39m,
    params: { selector: [32m'.AppMain'[39m, state: [32m'visible'[39m, timeout: [33m10000[39m },
    boxedStack: [90mundefined[39m,
    steps: [],
    attachmentIndices: [],
    info: TestStepInfoImpl {
      annotations: [],
      _testInfo: [36m[TestInfoImpl][39m,
      _stepId: [32m'pw:api@13'[39m,
      skip: [36m[Function (anonymous)][39m
    },
    complete: [36m[Function: complete][39m,
    endWallTime: [33m1753895704834[39m,
    error: {
      message: [32m'TimeoutError: page.waitForSelector: Timeout 10000ms exceeded.\n'[39m +
        [32m'Call log:\n'[39m +
        [32m"\x1B[2m  - waiting for locator('.AppMain') to be visible\x1B[22m\n"[39m,
      stack: [32m'TimeoutError: page.waitForSelector: Timeout 10000ms exceeded.\n'[39m +
        [32m'Call log:\n'[39m +
        [32m"\x1B[2m  - waiting for locator('.AppMain') to be visible\x1B[22m\n"[39m +
        [32m'\n'[39m +
        [32m'    at MainPageTest.waitForPageReady (/Users/eljinwhitehead/site-castle/playwright-test/main.spec.ts:250:23)\n'[39m +
        [32m'    at /Users/eljinwhitehead/site-castle/playwright-test/main.spec.ts:387:7'[39m,
      cause: [90mundefined[39m
    }
  }
}

[1A[2KVerifying main page load...

[1A[2K[firefox] › playwright-test/main.spec.ts:882:9 › Castle.com Main Page Tests › Bets & Races Section Test Cases › TC-021: All Bets Display
Starting main page test setup...

[1A[2K[firefox] › playwright-test/main.spec.ts:746:9 › Castle.com Main Page Tests › Hot Games Section Test Cases › TC-015: Recently Added Section
Page ready check had issues: page.waitForSelector: Timeout 10000ms exceeded.
Call log:
[2m  - waiting for locator('.AppMain') to be visible[22m

    at MainPageTest.waitForPageReady [90m(/Users/eljinwhitehead/site-castle/[39mplaywright-test/main.spec.ts:250:23[90m)[39m
    at [90m/Users/eljinwhitehead/site-castle/[39mplaywright-test/main.spec.ts:387:7 {
  name: [32m'TimeoutError'[39m,
  [32mSymbol(step)[39m: {
    stepId: [32m'pw:api@13'[39m,
    location: {
      file: [32m'/Users/eljinwhitehead/site-castle/playwright-test/main.spec.ts'[39m,
      line: [33m250[39m,
      column: [33m23[39m,
      function: [32m'MainPageTest.waitForPageReady'[39m
    },
    category: [32m'pw:api'[39m,
    title: [32m"Wait for selector locator('.AppMain')"[39m,
    apiName: [32m'page.waitForSelector'[39m,
    params: { selector: [32m'.AppMain'[39m, state: [32m'visible'[39m, timeout: [33m10000[39m },
    boxedStack: [90mundefined[39m,
    steps: [],
    attachmentIndices: [],
    info: TestStepInfoImpl {
      annotations: [],
      _testInfo: [36m[TestInfoImpl][39m,
      _stepId: [32m'pw:api@13'[39m,
      skip: [36m[Function (anonymous)][39m
    },
    complete: [36m[Function: complete][39m,
    endWallTime: [33m1753895706620[39m,
    error: {
      message: [32m'TimeoutError: page.waitForSelector: Timeout 10000ms exceeded.\n'[39m +
        [32m'Call log:\n'[39m +
        [32m"\x1B[2m  - waiting for locator('.AppMain') to be visible\x1B[22m\n"[39m,
      stack: [32m'TimeoutError: page.waitForSelector: Timeout 10000ms exceeded.\n'[39m +
        [32m'Call log:\n'[39m +
        [32m"\x1B[2m  - waiting for locator('.AppMain') to be visible\x1B[22m\n"[39m +
        [32m'\n'[39m +
        [32m'    at MainPageTest.waitForPageReady (/Users/eljinwhitehead/site-castle/playwright-test/main.spec.ts:250:23)\n'[39m +
        [32m'    at /Users/eljinwhitehead/site-castle/playwright-test/main.spec.ts:387:7'[39m,
      cause: [90mundefined[39m
    }
  }
}

[1A[2KVerifying main page load...

[1A[2K[firefox] › playwright-test/main.spec.ts:856:9 › Castle.com Main Page Tests › Bets & Races Section Test Cases › TC-020: Bets & Races Tabs
Navigated to main page

[1A[2KWaiting for page to be ready...

[1A[2K[firefox] › playwright-test/main.spec.ts:882:9 › Castle.com Main Page Tests › Bets & Races Section Test Cases › TC-021: All Bets Display
Navigated to main page

[1A[2KWaiting for page to be ready...

[1A[2K[firefox] › playwright-test/main.spec.ts:697:9 › Castle.com Main Page Tests › Original Games Section Test Cases › TC-013: Original Games Navigation
Page ready check completed

[1A[2KVerifying main page load...

[1A[2KMain page verification complete

[1A[2KStarting TC-013: Original Games Navigation

[1A[2K[firefox] › playwright-test/main.spec.ts:769:9 › Castle.com Main Page Tests › Providers Section Test Cases › TC-016: Game Providers Display
Page ready check completed

[1A[2KVerifying main page load...

[1A[2KMain page verification complete

[1A[2KStarting TC-016: Game Providers Display

[1A[2K[firefox] › playwright-test/main.spec.ts:819:9 › Castle.com Main Page Tests › Categories Section Test Cases › TC-018: Game Categories Display
Page ready check completed

[1A[2KVerifying main page load...

[1A[2KMain page verification complete

[1A[2KStarting TC-018: Game Categories Display

[1A[2K[firefox] › playwright-test/main.spec.ts:856:9 › Castle.com Main Page Tests › Bets & Races Section Test Cases › TC-020: Bets & Races Tabs
Page ready check completed

[1A[2KVerifying main page load...

[1A[2KMain page verification complete

[1A[2KStarting TC-020: Bets & Races Tabs

[1A[2K[firefox] › playwright-test/main.spec.ts:882:9 › Castle.com Main Page Tests › Bets & Races Section Test Cases › TC-021: All Bets Display
Page ready check completed

[1A[2KVerifying main page load...

[1A[2KMain page verification complete

[1A[2KStarting TC-021: All Bets Display

[1A[2K[firefox] › playwright-test/main.spec.ts:724:9 › Castle.com Main Page Tests › Hot Games Section Test Cases › TC-014: Hot Games Display
Error in test setup: ExpectError: [31mTimed out 10000ms waiting for [39m[2mexpect([22m[31mlocator[39m[2m).[22mtoBeVisible[2m()[22m

Locator: locator('.Vector.site-logo, svg:has(path[d*="M44.6064"])').first()
Expected: visible
Received: <element(s) not found>
Call log:
[2m  - Expect "toBeVisible" with timeout 10000ms[22m
[2m  - waiting for locator('.Vector.site-logo, svg:has(path[d*="M44.6064"])').first()[22m

    at MainPageTest.verifyPageLoad [90m(/Users/eljinwhitehead/site-castle/[39mplaywright-test/main.spec.ts:366:36[90m)[39m
    at [90m/Users/eljinwhitehead/site-castle/[39mplaywright-test/main.spec.ts:394:7 {
  matcherResult: {
    message: [32m'\x1B[31mTimed out 10000ms waiting for \x1B[39m\x1B[2mexpect(\x1B[22m\x1B[31mlocator\x1B[39m\x1B[2m).\x1B[22mtoBeVisible\x1B[2m()\x1B[22m\n'[39m +
      [32m'\n'[39m +
      [32m`Locator: locator('.Vector.site-logo, svg:has(path[d*="M44.6064"])').first()\n`[39m +
      [32m'Expected: visible\n'[39m +
      [32m'Received: <element(s) not found>\n'[39m +
      [32m'Call log:\n'[39m +
      [32m'\x1B[2m  - Expect "toBeVisible" with timeout 10000ms\x1B[22m\n'[39m +
      [32m`\x1B[2m  - waiting for locator('.Vector.site-logo, svg:has(path[d*="M44.6064"])').first()\x1B[22m\n`[39m,
    pass: [33mfalse[39m,
    actual: [32m'<element(s) not found>'[39m,
    name: [32m'toBeVisible'[39m,
    expected: [32m'visible'[39m,
    log: [
      [32m'  - Expect "toBeVisible" with timeout 10000ms'[39m,
      [32m`  - waiting for locator('.Vector.site-logo, svg:has(path[d*="M44.6064"])').first()`[39m
    ],
    timeout: [33m10000[39m
  },
  [32mSymbol(step)[39m: {
    stepId: [32m'expect@15'[39m,
    category: [32m'expect'[39m,
    apiName: [32m'expect.toBeVisible'[39m,
    title: [32m'toBeVisible'[39m,
    params: { expected: [36m[Object][39m },
    infectParentStepsWithError: [90mundefined[39m,
    boxedStack: [90mundefined[39m,
    location: {
      file: [32m'/Users/eljinwhitehead/site-castle/playwright-test/main.spec.ts'[39m,
      line: [33m366[39m,
      column: [33m36[39m,
      function: [32m'MainPageTest.verifyPageLoad'[39m
    },
    steps: [],
    attachmentIndices: [],
    info: TestStepInfoImpl {
      annotations: [],
      _testInfo: [36m[TestInfoImpl][39m,
      _stepId: [32m'expect@15'[39m,
      skip: [36m[Function (anonymous)][39m
    },
    complete: [36m[Function: complete][39m,
    endWallTime: [33m1753895714850[39m,
    error: {
      message: [32m'Error: \x1B[31mTimed out 10000ms waiting for \x1B[39m\x1B[2mexpect(\x1B[22m\x1B[31mlocator\x1B[39m\x1B[2m).\x1B[22mtoBeVisible\x1B[2m()\x1B[22m\n'[39m +
        [32m'\n'[39m +
        [32m`Locator: locator('.Vector.site-logo, svg:has(path[d*="M44.6064"])').first()\n`[39m +
        [32m'Expected: visible\n'[39m +
        [32m'Received: <element(s) not found>\n'[39m +
        [32m'Call log:\n'[39m +
        [32m'\x1B[2m  - Expect "toBeVisible" with timeout 10000ms\x1B[22m\n'[39m +
        [32m`\x1B[2m  - waiting for locator('.Vector.site-logo, svg:has(path[d*="M44.6064"])').first()\x1B[22m\n`[39m,
      stack: [32m'Error: \x1B[31mTimed out 10000ms waiting for \x1B[39m\x1B[2mexpect(\x1B[22m\x1B[31mlocator\x1B[39m\x1B[2m).\x1B[22mtoBeVisible\x1B[2m()\x1B[22m\n'[39m +
        [32m'\n'[39m +
        [32m`Locator: locator('.Vector.site-logo, svg:has(path[d*="M44.6064"])').first()\n`[39m +
        [32m'Expected: visible\n'[39m +
        [32m'Received: <element(s) not found>\n'[39m +
        [32m'Call log:\n'[39m +
        [32m'\x1B[2m  - Expect "toBeVisible" with timeout 10000ms\x1B[22m\n'[39m +
        [32m`\x1B[2m  - waiting for locator('.Vector.site-logo, svg:has(path[d*="M44.6064"])').first()\x1B[22m\n`[39m +
        [32m'\n'[39m +
        [32m'    at MainPageTest.verifyPageLoad (/Users/eljinwhitehead/site-castle/playwright-test/main.spec.ts:366:36)\n'[39m +
        [32m'    at /Users/eljinwhitehead/site-castle/playwright-test/main.spec.ts:394:7'[39m,
      cause: [90mundefined[39m
    }
  }
}

[1A[2KStarting TC-014: Hot Games Display

[1A[2K[firefox] › playwright-test/main.spec.ts:746:9 › Castle.com Main Page Tests › Hot Games Section Test Cases › TC-015: Recently Added Section
Error in test setup: ExpectError: [31mTimed out 10000ms waiting for [39m[2mexpect([22m[31mlocator[39m[2m).[22mtoBeVisible[2m()[22m

Locator: locator('.Vector.site-logo, svg:has(path[d*="M44.6064"])').first()
Expected: visible
Received: <element(s) not found>
Call log:
[2m  - Expect "toBeVisible" with timeout 10000ms[22m
[2m  - waiting for locator('.Vector.site-logo, svg:has(path[d*="M44.6064"])').first()[22m

    at MainPageTest.verifyPageLoad [90m(/Users/eljinwhitehead/site-castle/[39mplaywright-test/main.spec.ts:366:36[90m)[39m
    at [90m/Users/eljinwhitehead/site-castle/[39mplaywright-test/main.spec.ts:394:7 {
  matcherResult: {
    message: [32m'\x1B[31mTimed out 10000ms waiting for \x1B[39m\x1B[2mexpect(\x1B[22m\x1B[31mlocator\x1B[39m\x1B[2m).\x1B[22mtoBeVisible\x1B[2m()\x1B[22m\n'[39m +
      [32m'\n'[39m +
      [32m`Locator: locator('.Vector.site-logo, svg:has(path[d*="M44.6064"])').first()\n`[39m +
      [32m'Expected: visible\n'[39m +
      [32m'Received: <element(s) not found>\n'[39m +
      [32m'Call log:\n'[39m +
      [32m'\x1B[2m  - Expect "toBeVisible" with timeout 10000ms\x1B[22m\n'[39m +
      [32m`\x1B[2m  - waiting for locator('.Vector.site-logo, svg:has(path[d*="M44.6064"])').first()\x1B[22m\n`[39m,
    pass: [33mfalse[39m,
    actual: [32m'<element(s) not found>'[39m,
    name: [32m'toBeVisible'[39m,
    expected: [32m'visible'[39m,
    log: [
      [32m'  - Expect "toBeVisible" with timeout 10000ms'[39m,
      [32m`  - waiting for locator('.Vector.site-logo, svg:has(path[d*="M44.6064"])').first()`[39m
    ],
    timeout: [33m10000[39m
  },
  [32mSymbol(step)[39m: {
    stepId: [32m'expect@15'[39m,
    category: [32m'expect'[39m,
    apiName: [32m'expect.toBeVisible'[39m,
    title: [32m'toBeVisible'[39m,
    params: { expected: [36m[Object][39m },
    infectParentStepsWithError: [90mundefined[39m,
    boxedStack: [90mundefined[39m,
    location: {
      file: [32m'/Users/eljinwhitehead/site-castle/playwright-test/main.spec.ts'[39m,
      line: [33m366[39m,
      column: [33m36[39m,
      function: [32m'MainPageTest.verifyPageLoad'[39m
    },
    steps: [],
    attachmentIndices: [],
    info: TestStepInfoImpl {
      annotations: [],
      _testInfo: [36m[TestInfoImpl][39m,
      _stepId: [32m'expect@15'[39m,
      skip: [36m[Function (anonymous)][39m
    },
    complete: [36m[Function: complete][39m,
    endWallTime: [33m1753895716634[39m,
    error: {
      message: [32m'Error: \x1B[31mTimed out 10000ms waiting for \x1B[39m\x1B[2mexpect(\x1B[22m\x1B[31mlocator\x1B[39m\x1B[2m).\x1B[22mtoBeVisible\x1B[2m()\x1B[22m\n'[39m +
        [32m'\n'[39m +
        [32m`Locator: locator('.Vector.site-logo, svg:has(path[d*="M44.6064"])').first()\n`[39m +
        [32m'Expected: visible\n'[39m +
        [32m'Received: <element(s) not found>\n'[39m +
        [32m'Call log:\n'[39m +
        [32m'\x1B[2m  - Expect "toBeVisible" with timeout 10000ms\x1B[22m\n'[39m +
        [32m`\x1B[2m  - waiting for locator('.Vector.site-logo, svg:has(path[d*="M44.6064"])').first()\x1B[22m\n`[39m,
      stack: [32m'Error: \x1B[31mTimed out 10000ms waiting for \x1B[39m\x1B[2mexpect(\x1B[22m\x1B[31mlocator\x1B[39m\x1B[2m).\x1B[22mtoBeVisible\x1B[2m()\x1B[22m\n'[39m +
        [32m'\n'[39m +
        [32m`Locator: locator('.Vector.site-logo, svg:has(path[d*="M44.6064"])').first()\n`[39m +
        [32m'Expected: visible\n'[39m +
        [32m'Received: <element(s) not found>\n'[39m +
        [32m'Call log:\n'[39m +
        [32m'\x1B[2m  - Expect "toBeVisible" with timeout 10000ms\x1B[22m\n'[39m +
        [32m`\x1B[2m  - waiting for locator('.Vector.site-logo, svg:has(path[d*="M44.6064"])').first()\x1B[22m\n`[39m +
        [32m'\n'[39m +
        [32m'    at MainPageTest.verifyPageLoad (/Users/eljinwhitehead/site-castle/playwright-test/main.spec.ts:366:36)\n'[39m +
        [32m'    at /Users/eljinwhitehead/site-castle/playwright-test/main.spec.ts:394:7'[39m,
      cause: [90mundefined[39m
    }
  }
}

[1A[2KStarting TC-015: Recently Added Section

[1A[2K  27) [firefox] › playwright-test/main.spec.ts:769:9 › Castle.com Main Page Tests › Providers Section Test Cases › TC-016: Game Providers Display › Verify that game providers are displayed correctly 

    Error: [31mTimed out 5000ms waiting for [39m[2mexpect([22m[31mlocator[39m[2m).[22mtoHaveText[2m([22m[32mexpected[39m[2m)[22m

    Locator: locator('h2:has-text("Providers")').first()
    Expected string: [32m"P[7mROVIDERS[27m"[39m
    Received string: [31m"P[7mroviders[27m"[39m
    Call log:
    [2m  - Expect "toHaveText" with timeout 5000ms[22m
    [2m  - waiting for locator('h2:has-text("Providers")').first()[22m
    [2m    9 × locator resolved to <h2 class="Heading _s _font-size-20 _font-weight-regular _text-transform-uppercase">Providers</h2>[22m
    [2m      - unexpected value "Providers"[22m


      772 |         
      773 |         await expect(mainPage.providers.sectionTitle).toBeVisible();
    > 774 |         await expect(mainPage.providers.sectionTitle).toHaveText('PROVIDERS');
          |                                                       ^
      775 |         
      776 |         // Check for provider logos
      777 |         const expectedProviders = ['evolution', 'pragmatic', 'playngo', 'netent', 'bigtime'];
        at /Users/eljinwhitehead/site-castle/playwright-test/main.spec.ts:774:55
        at /Users/eljinwhitehead/site-castle/playwright-test/main.spec.ts:770:7

    Error Context: test-results/main-Castle-com-Main-Page--f181c--016-Game-Providers-Display-firefox/error-context.md

    Retry #1 ───────────────────────────────────────────────────────────────────────────────────────

    Error: [31mTimed out 5000ms waiting for [39m[2mexpect([22m[31mlocator[39m[2m).[22mtoHaveText[2m([22m[32mexpected[39m[2m)[22m

    Locator: locator('h2:has-text("Providers")').first()
    Expected string: [32m"P[7mROVIDERS[27m"[39m
    Received string: [31m"P[7mroviders[27m"[39m
    Call log:
    [2m  - Expect "toHaveText" with timeout 5000ms[22m
    [2m  - waiting for locator('h2:has-text("Providers")').first()[22m
    [2m    9 × locator resolved to <h2 class="Heading _s _font-size-20 _font-weight-regular _text-transform-uppercase">Providers</h2>[22m
    [2m      - unexpected value "Providers"[22m


      772 |         
      773 |         await expect(mainPage.providers.sectionTitle).toBeVisible();
    > 774 |         await expect(mainPage.providers.sectionTitle).toHaveText('PROVIDERS');
          |                                                       ^
      775 |         
      776 |         // Check for provider logos
      777 |         const expectedProviders = ['evolution', 'pragmatic', 'playngo', 'netent', 'bigtime'];
        at /Users/eljinwhitehead/site-castle/playwright-test/main.spec.ts:774:55
        at /Users/eljinwhitehead/site-castle/playwright-test/main.spec.ts:770:7

    Error Context: test-results/main-Castle-com-Main-Page--f181c--016-Game-Providers-Display-firefox-retry1/error-context.md

    attachment #2: trace (application/zip) ─────────────────────────────────────────────────────────
    test-results/main-Castle-com-Main-Page--f181c--016-Game-Providers-Display-firefox-retry1/trace.zip
    Usage:

        npx playwright show-trace test-results/main-Castle-com-Main-Page--f181c--016-Game-Providers-Display-firefox-retry1/trace.zip

    ────────────────────────────────────────────────────────────────────────────────────────────────


[1A[2K  28) [firefox] › playwright-test/main.spec.ts:819:9 › Castle.com Main Page Tests › Categories Section Test Cases › TC-018: Game Categories Display › Verify that game category cards are displayed correctly 

    Error: [31mTimed out 5000ms waiting for [39m[2mexpect([22m[31mlocator[39m[2m).[22mtoHaveText[2m([22m[32mexpected[39m[2m)[22m

    Locator: locator('h2:has-text("Categories")').first()
    Expected string: [32m"C[7mATEGORIES[27m"[39m
    Received string: [31m"C[7mategories[27m"[39m
    Call log:
    [2m  - Expect "toHaveText" with timeout 5000ms[22m
    [2m  - waiting for locator('h2:has-text("Categories")').first()[22m
    [2m    9 × locator resolved to <h2 class="Heading _s _font-size-20 _font-weight-regular _text-transform-uppercase">Categories</h2>[22m
    [2m      - unexpected value "Categories"[22m


      822 |         
      823 |         await expect(mainPage.categories.sectionTitle).toBeVisible();
    > 824 |         await expect(mainPage.categories.sectionTitle).toHaveText('CATEGORIES');
          |                                                        ^
      825 |         
      826 |         const categoryCards = await mainPage.categories.gameCards.count();
      827 |         expect(categoryCards).toBe(4);
        at /Users/eljinwhitehead/site-castle/playwright-test/main.spec.ts:824:56
        at /Users/eljinwhitehead/site-castle/playwright-test/main.spec.ts:820:7

    Error Context: test-results/main-Castle-com-Main-Page--db172-018-Game-Categories-Display-firefox/error-context.md

    Retry #1 ───────────────────────────────────────────────────────────────────────────────────────

    Error: [31mTimed out 5000ms waiting for [39m[2mexpect([22m[31mlocator[39m[2m).[22mtoHaveText[2m([22m[32mexpected[39m[2m)[22m

    Locator: locator('h2:has-text("Categories")').first()
    Expected string: [32m"C[7mATEGORIES[27m"[39m
    Received string: [31m"C[7mategories[27m"[39m
    Call log:
    [2m  - Expect "toHaveText" with timeout 5000ms[22m
    [2m  - waiting for locator('h2:has-text("Categories")').first()[22m
    [2m    9 × locator resolved to <h2 class="Heading _s _font-size-20 _font-weight-regular _text-transform-uppercase">Categories</h2>[22m
    [2m      - unexpected value "Categories"[22m


      822 |         
      823 |         await expect(mainPage.categories.sectionTitle).toBeVisible();
    > 824 |         await expect(mainPage.categories.sectionTitle).toHaveText('CATEGORIES');
          |                                                        ^
      825 |         
      826 |         const categoryCards = await mainPage.categories.gameCards.count();
      827 |         expect(categoryCards).toBe(4);
        at /Users/eljinwhitehead/site-castle/playwright-test/main.spec.ts:824:56
        at /Users/eljinwhitehead/site-castle/playwright-test/main.spec.ts:820:7

    Error Context: test-results/main-Castle-com-Main-Page--db172-018-Game-Categories-Display-firefox-retry1/error-context.md

    attachment #2: trace (application/zip) ─────────────────────────────────────────────────────────
    test-results/main-Castle-com-Main-Page--db172-018-Game-Categories-Display-firefox-retry1/trace.zip
    Usage:

        npx playwright show-trace test-results/main-Castle-com-Main-Page--db172-018-Game-Categories-Display-firefox-retry1/trace.zip

    ────────────────────────────────────────────────────────────────────────────────────────────────


[1A[2K[86/99] [firefox] › playwright-test/main.spec.ts:909:9 › Castle.com Main Page Tests › Bets & Races Section Test Cases › TC-022: Live Bet Updates
[1A[2K[87/99] [firefox] › playwright-test/main.spec.ts:931:9 › Castle.com Main Page Tests › Footer Section Test Cases › TC-023: Footer Information Display
[1A[2K[firefox] › playwright-test/main.spec.ts:909:9 › Castle.com Main Page Tests › Bets & Races Section Test Cases › TC-022: Live Bet Updates
Starting main page test setup...

[1A[2K[firefox] › playwright-test/main.spec.ts:931:9 › Castle.com Main Page Tests › Footer Section Test Cases › TC-023: Footer Information Display
Starting main page test setup...

[1A[2K  29) [firefox] › playwright-test/main.spec.ts:724:9 › Castle.com Main Page Tests › Hot Games Section Test Cases › TC-014: Hot Games Display › Verify that Hot Games section displays popular games 

    Error: [31mTimed out 5000ms waiting for [39m[2mexpect([22m[31mlocator[39m[2m).[22mtoHaveText[2m([22m[32mexpected[39m[2m)[22m

    Locator: locator('h2:has-text("Hot Games")').first()
    Expected string: [32m"H[7mOT GAMES[27m"[39m
    Received string: [31m"H[7mot Games[27m"[39m
    Call log:
    [2m  - Expect "toHaveText" with timeout 5000ms[22m
    [2m  - waiting for locator('h2:has-text("Hot Games")').first()[22m
    [2m    9 × locator resolved to <h2 class="Heading _s _font-size-20 _font-weight-regular _text-transform-uppercase">Hot Games</h2>[22m
    [2m      - unexpected value "Hot Games"[22m


      727 |         
      728 |         await expect(mainPage.hotGames.sectionTitle).toBeVisible();
    > 729 |         await expect(mainPage.hotGames.sectionTitle).toHaveText('HOT GAMES');
          |                                                      ^
      730 |         
      731 |         const gameCards = await mainPage.hotGames.gameCards.count();
      732 |         expect(gameCards).toBeGreaterThan(0);
        at /Users/eljinwhitehead/site-castle/playwright-test/main.spec.ts:729:54
        at /Users/eljinwhitehead/site-castle/playwright-test/main.spec.ts:725:7

    Error Context: test-results/main-Castle-com-Main-Page--8842d-es-TC-014-Hot-Games-Display-firefox/error-context.md

    Retry #1 ───────────────────────────────────────────────────────────────────────────────────────

    Error: [31mTimed out 5000ms waiting for [39m[2mexpect([22m[31mlocator[39m[2m).[22mtoBeVisible[2m()[22m

    Locator: locator('h2:has-text("Hot Games")').first()
    Expected: visible
    Received: <element(s) not found>
    Call log:
    [2m  - Expect "toBeVisible" with timeout 5000ms[22m
    [2m  - waiting for locator('h2:has-text("Hot Games")').first()[22m


      726 |         console.log('Starting TC-014: Hot Games Display');
      727 |         
    > 728 |         await expect(mainPage.hotGames.sectionTitle).toBeVisible();
          |                                                      ^
      729 |         await expect(mainPage.hotGames.sectionTitle).toHaveText('HOT GAMES');
      730 |         
      731 |         const gameCards = await mainPage.hotGames.gameCards.count();
        at /Users/eljinwhitehead/site-castle/playwright-test/main.spec.ts:728:54
        at /Users/eljinwhitehead/site-castle/playwright-test/main.spec.ts:725:18

    Error Context: test-results/main-Castle-com-Main-Page--8842d-es-TC-014-Hot-Games-Display-firefox-retry1/error-context.md

    attachment #2: trace (application/zip) ─────────────────────────────────────────────────────────
    test-results/main-Castle-com-Main-Page--8842d-es-TC-014-Hot-Games-Display-firefox-retry1/trace.zip
    Usage:

        npx playwright show-trace test-results/main-Castle-com-Main-Page--8842d-es-TC-014-Hot-Games-Display-firefox-retry1/trace.zip

    ────────────────────────────────────────────────────────────────────────────────────────────────


[1A[2K[88/99] [firefox] › playwright-test/main.spec.ts:952:9 › Castle.com Main Page Tests › Footer Section Test Cases › TC-024: Footer Platform Links
[1A[2K[firefox] › playwright-test/main.spec.ts:952:9 › Castle.com Main Page Tests › Footer Section Test Cases › TC-024: Footer Platform Links
Starting main page test setup...

[1A[2K[firefox] › playwright-test/main.spec.ts:909:9 › Castle.com Main Page Tests › Bets & Races Section Test Cases › TC-022: Live Bet Updates
Navigated to main page

[1A[2KWaiting for page to be ready...

[1A[2K[firefox] › playwright-test/main.spec.ts:931:9 › Castle.com Main Page Tests › Footer Section Test Cases › TC-023: Footer Information Display
Navigated to main page

[1A[2KWaiting for page to be ready...

[1A[2K  30) [firefox] › playwright-test/main.spec.ts:746:9 › Castle.com Main Page Tests › Hot Games Section Test Cases › TC-015: Recently Added Section › Verify that Recently Added section displays new games 

    Error: [31mTimed out 5000ms waiting for [39m[2mexpect([22m[31mlocator[39m[2m).[22mtoHaveText[2m([22m[32mexpected[39m[2m)[22m

    Locator: locator('h2:has-text("Recently Added")').first()
    Expected string: [32m"R[7mECENTLY ADDED[27m"[39m
    Received string: [31m"R[7mecently Added[27m"[39m
    Call log:
    [2m  - Expect "toHaveText" with timeout 5000ms[22m
    [2m  - waiting for locator('h2:has-text("Recently Added")').first()[22m
    [2m    9 × locator resolved to <h2 class="Heading _s _font-size-20 _font-weight-regular _text-transform-uppercase">Recently Added</h2>[22m
    [2m      - unexpected value "Recently Added"[22m


      749 |         
      750 |         await expect(mainPage.recentlyAdded.sectionTitle).toBeVisible();
    > 751 |         await expect(mainPage.recentlyAdded.sectionTitle).toHaveText('RECENTLY ADDED');
          |                                                           ^
      752 |         
      753 |         const gameCards = await mainPage.recentlyAdded.gameCards.count();
      754 |         expect(gameCards).toBeGreaterThan(0);
        at /Users/eljinwhitehead/site-castle/playwright-test/main.spec.ts:751:59
        at /Users/eljinwhitehead/site-castle/playwright-test/main.spec.ts:747:7

    Error Context: test-results/main-Castle-com-Main-Page--02a20--015-Recently-Added-Section-firefox/error-context.md

    Retry #1 ───────────────────────────────────────────────────────────────────────────────────────

    Error: [31mTimed out 5000ms waiting for [39m[2mexpect([22m[31mlocator[39m[2m).[22mtoBeVisible[2m()[22m

    Locator: locator('h2:has-text("Recently Added")').first()
    Expected: visible
    Received: <element(s) not found>
    Call log:
    [2m  - Expect "toBeVisible" with timeout 5000ms[22m
    [2m  - waiting for locator('h2:has-text("Recently Added")').first()[22m


      748 |         console.log('Starting TC-015: Recently Added Section');
      749 |         
    > 750 |         await expect(mainPage.recentlyAdded.sectionTitle).toBeVisible();
          |                                                           ^
      751 |         await expect(mainPage.recentlyAdded.sectionTitle).toHaveText('RECENTLY ADDED');
      752 |         
      753 |         const gameCards = await mainPage.recentlyAdded.gameCards.count();
        at /Users/eljinwhitehead/site-castle/playwright-test/main.spec.ts:750:59
        at /Users/eljinwhitehead/site-castle/playwright-test/main.spec.ts:747:18

    Error Context: test-results/main-Castle-com-Main-Page--02a20--015-Recently-Added-Section-firefox-retry1/error-context.md

    attachment #2: trace (application/zip) ─────────────────────────────────────────────────────────
    test-results/main-Castle-com-Main-Page--02a20--015-Recently-Added-Section-firefox-retry1/trace.zip
    Usage:

        npx playwright show-trace test-results/main-Castle-com-Main-Page--02a20--015-Recently-Added-Section-firefox-retry1/trace.zip

    ────────────────────────────────────────────────────────────────────────────────────────────────


[1A[2K[89/99] [firefox] › playwright-test/main.spec.ts:971:9 › Castle.com Main Page Tests › Footer Section Test Cases › TC-025: Footer About Us Links
[1A[2K[firefox] › playwright-test/main.spec.ts:971:9 › Castle.com Main Page Tests › Footer Section Test Cases › TC-025: Footer About Us Links
Starting main page test setup...

[1A[2K[firefox] › playwright-test/main.spec.ts:952:9 › Castle.com Main Page Tests › Footer Section Test Cases › TC-024: Footer Platform Links
Navigated to main page

[1A[2KWaiting for page to be ready...

[1A[2K[90/99] [firefox] › playwright-test/main.spec.ts:856:9 › Castle.com Main Page Tests › Bets & Races Section Test Cases › TC-020: Bets & Races Tabs (retry #1)
[1A[2K[91/99] [firefox] › playwright-test/main.spec.ts:882:9 › Castle.com Main Page Tests › Bets & Races Section Test Cases › TC-021: All Bets Display (retry #1)
[1A[2K[firefox] › playwright-test/main.spec.ts:856:9 › Castle.com Main Page Tests › Bets & Races Section Test Cases › TC-020: Bets & Races Tabs
Starting main page test setup...

[1A[2K[firefox] › playwright-test/main.spec.ts:882:9 › Castle.com Main Page Tests › Bets & Races Section Test Cases › TC-021: All Bets Display
Starting main page test setup...

[1A[2K[firefox] › playwright-test/main.spec.ts:971:9 › Castle.com Main Page Tests › Footer Section Test Cases › TC-025: Footer About Us Links
Navigated to main page

[1A[2KWaiting for page to be ready...

[1A[2K[firefox] › playwright-test/main.spec.ts:909:9 › Castle.com Main Page Tests › Bets & Races Section Test Cases › TC-022: Live Bet Updates
Page ready check completed

[1A[2KVerifying main page load...

[1A[2KMain page verification complete

[1A[2KStarting TC-022: Live Bet Updates

[1A[2K[firefox] › playwright-test/main.spec.ts:931:9 › Castle.com Main Page Tests › Footer Section Test Cases › TC-023: Footer Information Display
Page ready check completed

[1A[2KVerifying main page load...

[1A[2KMain page verification complete

[1A[2KStarting TC-023: Footer Information Display

[1A[2K[firefox] › playwright-test/main.spec.ts:856:9 › Castle.com Main Page Tests › Bets & Races Section Test Cases › TC-020: Bets & Races Tabs
Navigated to main page

[1A[2KWaiting for page to be ready...

[1A[2K[firefox] › playwright-test/main.spec.ts:882:9 › Castle.com Main Page Tests › Bets & Races Section Test Cases › TC-021: All Bets Display
Navigated to main page

[1A[2KWaiting for page to be ready...

[1A[2K[firefox] › playwright-test/main.spec.ts:952:9 › Castle.com Main Page Tests › Footer Section Test Cases › TC-024: Footer Platform Links
Page ready check completed

[1A[2KVerifying main page load...

[1A[2KMain page verification complete

[1A[2KStarting TC-024: Footer Platform Links

[1A[2KPlatform link Home visible: true

[1A[2KPlatform link Crash visible: true

[1A[2KPlatform link Duel Game visible: false

[1A[2KPlatform link Dice visible: true

[1A[2KPlatform link Referrals visible: true

[1A[2KPlatform link Wallet visible: true

[1A[2KPlatform link Token visible: true

[1A[2KPlatform link Blog visible: true

[1A[2KPlatform link Fairness visible: true

[1A[2KTC-024 completed

[1A[2K[92/99] [firefox] › playwright-test/main.spec.ts:990:9 › Castle.com Main Page Tests › Footer Section Test Cases › TC-026: Social Media Links
[1A[2K[firefox] › playwright-test/main.spec.ts:990:9 › Castle.com Main Page Tests › Footer Section Test Cases › TC-026: Social Media Links
Starting main page test setup...

[1A[2K[93/99] [firefox] › playwright-test/main.spec.ts:931:9 › Castle.com Main Page Tests › Footer Section Test Cases › TC-023: Footer Information Display (retry #1)
[1A[2K[firefox] › playwright-test/main.spec.ts:971:9 › Castle.com Main Page Tests › Footer Section Test Cases › TC-025: Footer About Us Links
Page ready check completed

[1A[2KVerifying main page load...

[1A[2KMain page verification complete

[1A[2KStarting TC-025: Footer About Us Links

[1A[2KAbout Us link Support visible: false

[1A[2KAbout Us link FAQ's visible: true

[1A[2KAbout Us link Terms of Service visible: true

[1A[2KAbout Us link Privacy Policy visible: true

[1A[2KAbout Us link Gaming Hotline visible: true

[1A[2K[firefox] › playwright-test/main.spec.ts:931:9 › Castle.com Main Page Tests › Footer Section Test Cases › TC-023: Footer Information Display
Starting main page test setup...

[1A[2K[firefox] › playwright-test/main.spec.ts:971:9 › Castle.com Main Page Tests › Footer Section Test Cases › TC-025: Footer About Us Links
About Us link Self Exclusion visible: true

[1A[2KAbout Us link Trustpilot visible: true

[1A[2KTC-025 completed

[1A[2K[94/99] [firefox] › playwright-test/main.spec.ts:1010:9 › Castle.com Main Page Tests › Footer Section Test Cases › TC-027: Accepted Tokens Display
[1A[2K[firefox] › playwright-test/main.spec.ts:1010:9 › Castle.com Main Page Tests › Footer Section Test Cases › TC-027: Accepted Tokens Display
Starting main page test setup...

[1A[2K[firefox] › playwright-test/main.spec.ts:990:9 › Castle.com Main Page Tests › Footer Section Test Cases › TC-026: Social Media Links
Navigated to main page

[1A[2KWaiting for page to be ready...

[1A[2K[firefox] › playwright-test/main.spec.ts:856:9 › Castle.com Main Page Tests › Bets & Races Section Test Cases › TC-020: Bets & Races Tabs
Page ready check completed

[1A[2KVerifying main page load...

[1A[2KMain page verification complete

[1A[2KStarting TC-020: Bets & Races Tabs

[1A[2K[firefox] › playwright-test/main.spec.ts:882:9 › Castle.com Main Page Tests › Bets & Races Section Test Cases › TC-021: All Bets Display
Page ready check completed

[1A[2KVerifying main page load...

[1A[2KMain page verification complete

[1A[2KStarting TC-021: All Bets Display

[1A[2K[firefox] › playwright-test/main.spec.ts:931:9 › Castle.com Main Page Tests › Footer Section Test Cases › TC-023: Footer Information Display
Navigated to main page

[1A[2KWaiting for page to be ready...

[1A[2K[firefox] › playwright-test/main.spec.ts:1010:9 › Castle.com Main Page Tests › Footer Section Test Cases › TC-027: Accepted Tokens Display
Navigated to main page

[1A[2KWaiting for page to be ready...

[1A[2K  31) [firefox] › playwright-test/main.spec.ts:697:9 › Castle.com Main Page Tests › Original Games Section Test Cases › TC-013: Original Games Navigation › Verify carousel navigation controls work properly 

    TimeoutError: locator.isEnabled: Timeout 10000ms exceeded.
    Call log:
    [2m  - waiting for locator('h2:has-text("Original Games") ~ div button:not([disabled])').last()[22m


      707 |         
      708 |         // Navigate forward if possible
    > 709 |         if (await nextArrow.isEnabled()) {
          |                             ^
      710 |           await nextArrow.click();
      711 |           await mainPage.page.waitForTimeout(1000);
      712 |           
        at /Users/eljinwhitehead/site-castle/playwright-test/main.spec.ts:709:29
        at /Users/eljinwhitehead/site-castle/playwright-test/main.spec.ts:698:7

    Error Context: test-results/main-Castle-com-Main-Page--a8d43-3-Original-Games-Navigation-firefox/error-context.md

    Retry #1 ───────────────────────────────────────────────────────────────────────────────────────

    TimeoutError: locator.isEnabled: Timeout 10000ms exceeded.
    Call log:
    [2m  - waiting for locator('h2:has-text("Original Games") ~ div button:not([disabled])').last()[22m


      707 |         
      708 |         // Navigate forward if possible
    > 709 |         if (await nextArrow.isEnabled()) {
          |                             ^
      710 |           await nextArrow.click();
      711 |           await mainPage.page.waitForTimeout(1000);
      712 |           
        at /Users/eljinwhitehead/site-castle/playwright-test/main.spec.ts:709:29
        at /Users/eljinwhitehead/site-castle/playwright-test/main.spec.ts:698:7

    Error Context: test-results/main-Castle-com-Main-Page--a8d43-3-Original-Games-Navigation-firefox-retry1/error-context.md

    attachment #2: trace (application/zip) ─────────────────────────────────────────────────────────
    test-results/main-Castle-com-Main-Page--a8d43-3-Original-Games-Navigation-firefox-retry1/trace.zip
    Usage:

        npx playwright show-trace test-results/main-Castle-com-Main-Page--a8d43-3-Original-Games-Navigation-firefox-retry1/trace.zip

    ────────────────────────────────────────────────────────────────────────────────────────────────


[1A[2K[95/99] [firefox] › playwright-test/main.spec.ts:1025:9 › Castle.com Main Page Tests › Footer Section Test Cases › TC-028: Footer Contact Information
[1A[2K[firefox] › playwright-test/main.spec.ts:990:9 › Castle.com Main Page Tests › Footer Section Test Cases › TC-026: Social Media Links
Page ready check completed

[1A[2KVerifying main page load...

[1A[2KMain page verification complete

[1A[2KStarting TC-026: Social Media Links

[1A[2KX link: https://x.com/chickendotgg

[1A[2KTelegram link: https://t.me/chickendotgg

[1A[2KKick link: https://x.com/chickendotgg

[1A[2KTC-026 completed

[1A[2K[96/99] [firefox] › playwright-test/main.spec.ts:1046:9 › Castle.com Main Page Tests › Responsive Design Test Cases › TC-029: Mobile Responsiveness
[1A[2K[firefox] › playwright-test/main.spec.ts:1046:9 › Castle.com Main Page Tests › Responsive Design Test Cases › TC-029: Mobile Responsiveness
Starting main page test setup...

[1A[2K[firefox] › playwright-test/main.spec.ts:1025:9 › Castle.com Main Page Tests › Footer Section Test Cases › TC-028: Footer Contact Information
Starting main page test setup...

[1A[2K[firefox] › playwright-test/main.spec.ts:1010:9 › Castle.com Main Page Tests › Footer Section Test Cases › TC-027: Accepted Tokens Display
Page ready check completed

[1A[2KVerifying main page load...

[1A[2KMain page verification complete

[1A[2KStarting TC-027: Accepted Tokens Display

[1A[2KFound 21 token icons

[1A[2KTC-027 completed

[1A[2K[97/99] [firefox] › playwright-test/main.spec.ts:1070:9 › Castle.com Main Page Tests › Responsive Design Test Cases › TC-030: Tablet Responsiveness
[1A[2K[firefox] › playwright-test/main.spec.ts:931:9 › Castle.com Main Page Tests › Footer Section Test Cases › TC-023: Footer Information Display
Page ready check completed

[1A[2KVerifying main page load...

[1A[2K[firefox] › playwright-test/main.spec.ts:1046:9 › Castle.com Main Page Tests › Responsive Design Test Cases › TC-029: Mobile Responsiveness
Navigated to main page

[1A[2KWaiting for page to be ready...

[1A[2K[firefox] › playwright-test/main.spec.ts:931:9 › Castle.com Main Page Tests › Footer Section Test Cases › TC-023: Footer Information Display
Main page verification complete

[1A[2KStarting TC-023: Footer Information Display

[1A[2K[firefox] › playwright-test/main.spec.ts:1070:9 › Castle.com Main Page Tests › Responsive Design Test Cases › TC-030: Tablet Responsiveness
Starting main page test setup...

[1A[2K[firefox] › playwright-test/main.spec.ts:1025:9 › Castle.com Main Page Tests › Footer Section Test Cases › TC-028: Footer Contact Information
Navigated to main page

[1A[2KWaiting for page to be ready...

[1A[2K[98/99] [firefox] › playwright-test/main.spec.ts:909:9 › Castle.com Main Page Tests › Bets & Races Section Test Cases › TC-022: Live Bet Updates (retry #1)
[1A[2K[firefox] › playwright-test/main.spec.ts:909:9 › Castle.com Main Page Tests › Bets & Races Section Test Cases › TC-022: Live Bet Updates
Starting main page test setup...

[1A[2K  32) [firefox] › playwright-test/main.spec.ts:931:9 › Castle.com Main Page Tests › Footer Section Test Cases › TC-023: Footer Information Display › Verify that footer displays all required information 

    Error: expect.toBeVisible: Error: strict mode violation: locator('*:has-text("PLATFORM")') resolved to 16 elements:
        1) <html lang="en">…</html> aka locator('html')
        2) <body id="index">…</body> aka locator('#index')
        3) <div id="root">…</div> aka locator('#root')
        4) <div class="AppBody laptop _s _display-flex _overflow-hidden _flex-flow-column _h-full _w-full _bg-brown-7">…</div> aka locator('div').filter({ hasText: 'HomeReferralsRacesGamesDuel' }).nth(1)
        5) <div class="_s _display-flex _overflow-hidden _h-full">…</div> aka locator('div').filter({ hasText: 'HomeReferralsRacesGamesDuel' }).nth(2)
        6) <main class="AppMain mobile _s _display-flex _overflow-auto _flex-flow-column _align-items-center _flex-grow-true">…</main> aka getByText('enLog InRegisterPlay First')
        7) <footer class="AppFooter _s _display-flex _align-items-center _justify-content-center _w-full _bg-black-hover">…</footer> aka locator('footer')
        8) <div class="inner-content _s _display-flex _w-full">…</div> aka locator('.AppFooter > div')
        9) <div class="_s _display-flex _flex-flow-column _w-full">…</div> aka locator('.AppFooter > div > div')
        10) <div class="_s _display-flex _flex-flow-column _pl-20 _pr-20 _bg-brown-6">…</div> aka locator('._s._display-flex._flex-flow-column._pl-20._pr-20._bg-brown-6')
        ...

    Call log:
    [2m  - Expect "toBeVisible" with timeout 5000ms[22m
    [2m  - waiting for locator('*:has-text("PLATFORM")')[22m


      942 |         
      943 |         // Check three columns
    > 944 |         await expect(page.locator('*:has-text("PLATFORM")')).toBeVisible();
          |                                                              ^
      945 |         await expect(page.locator('*:has-text("ABOUT US")')).toBeVisible();
      946 |         await expect(page.locator('*:has-text("SOCIALS")')).toBeVisible();
      947 |         
        at /Users/eljinwhitehead/site-castle/playwright-test/main.spec.ts:944:62
        at /Users/eljinwhitehead/site-castle/playwright-test/main.spec.ts:932:7

    Error Context: test-results/main-Castle-com-Main-Page--afd47--Footer-Information-Display-firefox/error-context.md

    Retry #1 ───────────────────────────────────────────────────────────────────────────────────────

    Error: expect.toBeVisible: Error: strict mode violation: locator('*:has-text("PLATFORM")') resolved to 16 elements:
        1) <html lang="en">…</html> aka locator('html')
        2) <body id="index">…</body> aka locator('#index')
        3) <div id="root">…</div> aka locator('#root')
        4) <div class="AppBody laptop _s _display-flex _overflow-hidden _flex-flow-column _h-full _w-full _bg-brown-7">…</div> aka locator('div').filter({ hasText: 'HomeReferralsRacesGamesDuel' }).nth(1)
        5) <div class="_s _display-flex _overflow-hidden _h-full">…</div> aka locator('div').filter({ hasText: 'HomeReferralsRacesGamesDuel' }).nth(2)
        6) <main class="AppMain mobile _s _display-flex _overflow-auto _flex-flow-column _align-items-center _flex-grow-true">…</main> aka getByText('enLog InRegisterPlay First')
        7) <footer class="AppFooter _s _display-flex _align-items-center _justify-content-center _w-full _bg-black-hover">…</footer> aka locator('footer')
        8) <div class="inner-content _s _display-flex _w-full">…</div> aka locator('.AppFooter > div')
        9) <div class="_s _display-flex _flex-flow-column _w-full">…</div> aka locator('.AppFooter > div > div')
        10) <div class="_s _display-flex _flex-flow-column _pl-20 _pr-20 _bg-brown-6">…</div> aka locator('._s._display-flex._flex-flow-column._pl-20._pr-20._bg-brown-6')
        ...

    Call log:
    [2m  - Expect "toBeVisible" with timeout 5000ms[22m
    [2m  - waiting for locator('*:has-text("PLATFORM")')[22m


      942 |         
      943 |         // Check three columns
    > 944 |         await expect(page.locator('*:has-text("PLATFORM")')).toBeVisible();
          |                                                              ^
      945 |         await expect(page.locator('*:has-text("ABOUT US")')).toBeVisible();
      946 |         await expect(page.locator('*:has-text("SOCIALS")')).toBeVisible();
      947 |         
        at /Users/eljinwhitehead/site-castle/playwright-test/main.spec.ts:944:62
        at /Users/eljinwhitehead/site-castle/playwright-test/main.spec.ts:932:7

    Error Context: test-results/main-Castle-com-Main-Page--afd47--Footer-Information-Display-firefox-retry1/error-context.md

    attachment #2: trace (application/zip) ─────────────────────────────────────────────────────────
    test-results/main-Castle-com-Main-Page--afd47--Footer-Information-Display-firefox-retry1/trace.zip
    Usage:

        npx playwright show-trace test-results/main-Castle-com-Main-Page--afd47--Footer-Information-Display-firefox-retry1/trace.zip

    ────────────────────────────────────────────────────────────────────────────────────────────────


[1A[2K[99/99] [firefox] › playwright-test/main.spec.ts:1113:9 › Castle.com Main Page Tests › Performance Test Cases › TC-031: Page Load Performance
[1A[2K[firefox] › playwright-test/main.spec.ts:1070:9 › Castle.com Main Page Tests › Responsive Design Test Cases › TC-030: Tablet Responsiveness
Navigated to main page

[1A[2KWaiting for page to be ready...

[1A[2K[firefox] › playwright-test/main.spec.ts:1113:9 › Castle.com Main Page Tests › Performance Test Cases › TC-031: Page Load Performance
Starting main page test setup...

[1A[2K[firefox] › playwright-test/main.spec.ts:909:9 › Castle.com Main Page Tests › Bets & Races Section Test Cases › TC-022: Live Bet Updates
Navigated to main page

[1A[2KWaiting for page to be ready...

[1A[2K  33) [firefox] › playwright-test/main.spec.ts:856:9 › Castle.com Main Page Tests › Bets & Races Section Test Cases › TC-020: Bets & Races Tabs › Verify that Bets & Races section tabs function correctly 

    TimeoutError: locator.scrollIntoViewIfNeeded: Timeout 10000ms exceeded.
    Call log:
    [2m  - waiting for locator('*:has-text("BETS & RACES")')[22m


      859 |         
      860 |         // Scroll to Bets & Races section
    > 861 |         await page.locator('*:has-text("BETS & RACES")').scrollIntoViewIfNeeded();
          |                                                          ^
      862 |         await page.waitForTimeout(1000);
      863 |         
      864 |         const tabs = ['My Bets', 'All Bets', 'High Rollers', 'Lucky Bets', 'Races'];
        at /Users/eljinwhitehead/site-castle/playwright-test/main.spec.ts:861:58
        at /Users/eljinwhitehead/site-castle/playwright-test/main.spec.ts:857:18

    Error Context: test-results/main-Castle-com-Main-Page--618db-ases-TC-020-Bets-Races-Tabs-firefox/error-context.md

    Retry #1 ───────────────────────────────────────────────────────────────────────────────────────

    TimeoutError: locator.scrollIntoViewIfNeeded: Timeout 10000ms exceeded.
    Call log:
    [2m  - waiting for locator('*:has-text("BETS & RACES")')[22m


      859 |         
      860 |         // Scroll to Bets & Races section
    > 861 |         await page.locator('*:has-text("BETS & RACES")').scrollIntoViewIfNeeded();
          |                                                          ^
      862 |         await page.waitForTimeout(1000);
      863 |         
      864 |         const tabs = ['My Bets', 'All Bets', 'High Rollers', 'Lucky Bets', 'Races'];
        at /Users/eljinwhitehead/site-castle/playwright-test/main.spec.ts:861:58
        at /Users/eljinwhitehead/site-castle/playwright-test/main.spec.ts:857:18

    Error Context: test-results/main-Castle-com-Main-Page--618db-ases-TC-020-Bets-Races-Tabs-firefox-retry1/error-context.md

    attachment #2: trace (application/zip) ─────────────────────────────────────────────────────────
    test-results/main-Castle-com-Main-Page--618db-ases-TC-020-Bets-Races-Tabs-firefox-retry1/trace.zip
    Usage:

        npx playwright show-trace test-results/main-Castle-com-Main-Page--618db-ases-TC-020-Bets-Races-Tabs-firefox-retry1/trace.zip

    ────────────────────────────────────────────────────────────────────────────────────────────────


[1A[2K[100/99] (retries) [firefox] › playwright-test/main.spec.ts:1146:9 › Castle.com Main Page Tests › Performance Test Cases › TC-032: Game Thumbnail Loading
[1A[2K  34) [firefox] › playwright-test/main.spec.ts:882:9 › Castle.com Main Page Tests › Bets & Races Section Test Cases › TC-021: All Bets Display › Verify that the All Bets tab displays recent betting activity 

    TimeoutError: locator.scrollIntoViewIfNeeded: Timeout 10000ms exceeded.
    Call log:
    [2m  - waiting for locator('*:has-text("BETS & RACES")')[22m


      885 |         
      886 |         // Scroll to section
    > 887 |         await page.locator('*:has-text("BETS & RACES")').scrollIntoViewIfNeeded();
          |                                                          ^
      888 |         await page.waitForTimeout(1000);
      889 |         
      890 |         // Click All Bets tab
        at /Users/eljinwhitehead/site-castle/playwright-test/main.spec.ts:887:58
        at /Users/eljinwhitehead/site-castle/playwright-test/main.spec.ts:883:18

    Error Context: test-results/main-Castle-com-Main-Page--cbf5b-ses-TC-021-All-Bets-Display-firefox/error-context.md

    Retry #1 ───────────────────────────────────────────────────────────────────────────────────────

    TimeoutError: locator.scrollIntoViewIfNeeded: Timeout 10000ms exceeded.
    Call log:
    [2m  - waiting for locator('*:has-text("BETS & RACES")')[22m


      885 |         
      886 |         // Scroll to section
    > 887 |         await page.locator('*:has-text("BETS & RACES")').scrollIntoViewIfNeeded();
          |                                                          ^
      888 |         await page.waitForTimeout(1000);
      889 |         
      890 |         // Click All Bets tab
        at /Users/eljinwhitehead/site-castle/playwright-test/main.spec.ts:887:58
        at /Users/eljinwhitehead/site-castle/playwright-test/main.spec.ts:883:18

    Error Context: test-results/main-Castle-com-Main-Page--cbf5b-ses-TC-021-All-Bets-Display-firefox-retry1/error-context.md

    attachment #2: trace (application/zip) ─────────────────────────────────────────────────────────
    test-results/main-Castle-com-Main-Page--cbf5b-ses-TC-021-All-Bets-Display-firefox-retry1/trace.zip
    Usage:

        npx playwright show-trace test-results/main-Castle-com-Main-Page--cbf5b-ses-TC-021-All-Bets-Display-firefox-retry1/trace.zip

    ────────────────────────────────────────────────────────────────────────────────────────────────


[1A[2K[101/99] (retries) [firefox] › playwright-test/main.spec.ts:1184:9 › Castle.com Main Page Tests › Security Test Cases › TC-033: HTTPS Implementation
[1A[2K[firefox] › playwright-test/main.spec.ts:1146:9 › Castle.com Main Page Tests › Performance Test Cases › TC-032: Game Thumbnail Loading
Starting main page test setup...

[1A[2K[firefox] › playwright-test/main.spec.ts:1184:9 › Castle.com Main Page Tests › Security Test Cases › TC-033: HTTPS Implementation
Starting main page test setup...

[1A[2K[firefox] › playwright-test/main.spec.ts:1046:9 › Castle.com Main Page Tests › Responsive Design Test Cases › TC-029: Mobile Responsiveness
Page ready check completed

[1A[2KVerifying main page load...

[1A[2KMain page verification complete

[1A[2KStarting TC-029: Mobile Responsiveness

[1A[2K[firefox] › playwright-test/main.spec.ts:1113:9 › Castle.com Main Page Tests › Performance Test Cases › TC-031: Page Load Performance
Navigated to main page

[1A[2KWaiting for page to be ready...

[1A[2K[firefox] › playwright-test/main.spec.ts:1025:9 › Castle.com Main Page Tests › Footer Section Test Cases › TC-028: Footer Contact Information
Page ready check completed

[1A[2KVerifying main page load...

[1A[2KMain page verification complete

[1A[2KStarting TC-028: Footer Contact Information

[1A[2K[firefox] › playwright-test/main.spec.ts:1046:9 › Castle.com Main Page Tests › Responsive Design Test Cases › TC-029: Mobile Responsiveness
Has hamburger menu: [33mfalse[39m

[1A[2KTC-029 completed

[1A[2K[firefox] › playwright-test/main.spec.ts:1146:9 › Castle.com Main Page Tests › Performance Test Cases › TC-032: Game Thumbnail Loading
Navigated to main page

[1A[2KWaiting for page to be ready...

[1A[2K[102/99] (retries) [firefox] › playwright-test/main.spec.ts:1025:9 › Castle.com Main Page Tests › Footer Section Test Cases › TC-028: Footer Contact Information (retry #1)
[1A[2K[103/99] (retries) [webkit] › playwright-test/main.spec.ts:402:9 › Castle.com Main Page Tests › Header Section Test Cases › TC-001: Header Elements Display
[1A[2K[firefox] › playwright-test/main.spec.ts:1184:9 › Castle.com Main Page Tests › Security Test Cases › TC-033: HTTPS Implementation
Navigated to main page

[1A[2KWaiting for page to be ready...

[1A[2K[webkit] › playwright-test/main.spec.ts:402:9 › Castle.com Main Page Tests › Header Section Test Cases › TC-001: Header Elements Display
Starting main page test setup...

[1A[2K[firefox] › playwright-test/main.spec.ts:1025:9 › Castle.com Main Page Tests › Footer Section Test Cases › TC-028: Footer Contact Information
Starting main page test setup...

[1A[2K[webkit] › playwright-test/main.spec.ts:402:9 › Castle.com Main Page Tests › Header Section Test Cases › TC-001: Header Elements Display
Navigated to main page

[1A[2KWaiting for page to be ready...

[1A[2K[firefox] › playwright-test/main.spec.ts:909:9 › Castle.com Main Page Tests › Bets & Races Section Test Cases › TC-022: Live Bet Updates
Page ready check completed

[1A[2KVerifying main page load...

[1A[2K[firefox] › playwright-test/main.spec.ts:1025:9 › Castle.com Main Page Tests › Footer Section Test Cases › TC-028: Footer Contact Information
Navigated to main page

[1A[2KWaiting for page to be ready...

[1A[2K[firefox] › playwright-test/main.spec.ts:909:9 › Castle.com Main Page Tests › Bets & Races Section Test Cases › TC-022: Live Bet Updates
Main page verification complete

[1A[2KStarting TC-022: Live Bet Updates

[1A[2K[firefox] › playwright-test/main.spec.ts:1113:9 › Castle.com Main Page Tests › Performance Test Cases › TC-031: Page Load Performance
Page ready check completed

[1A[2KVerifying main page load...

[1A[2KMain page verification complete

[1A[2KStarting TC-031: Page Load Performance

[1A[2K[firefox] › playwright-test/main.spec.ts:1146:9 › Castle.com Main Page Tests › Performance Test Cases › TC-032: Game Thumbnail Loading
Page ready check completed

[1A[2KVerifying main page load...

[1A[2KMain page verification complete

[1A[2KStarting TC-032: Game Thumbnail Loading

[1A[2KLazy loaded images: 0

[1A[2K[firefox] › playwright-test/main.spec.ts:1184:9 › Castle.com Main Page Tests › Security Test Cases › TC-033: HTTPS Implementation
Page ready check completed

[1A[2KVerifying main page load...

[1A[2KMain page verification complete

[1A[2KStarting TC-033: HTTPS Implementation

[1A[2KLocal environment detected, skipping HTTPS check

[1A[2KTC-033 completed

[1A[2K[104/99] (retries) [webkit] › playwright-test/main.spec.ts:426:9 › Castle.com Main Page Tests › Header Section Test Cases › TC-002: Wallet Button Functionality
[1A[2K[webkit] › playwright-test/main.spec.ts:426:9 › Castle.com Main Page Tests › Header Section Test Cases › TC-002: Wallet Button Functionality
Starting main page test setup...

[1A[2K[webkit] › playwright-test/main.spec.ts:402:9 › Castle.com Main Page Tests › Header Section Test Cases › TC-001: Header Elements Display
Page ready check completed

[1A[2KVerifying main page load...

[1A[2KMain page verification complete

[1A[2KStarting TC-001: Header Elements Display

[1A[2KTC-001 completed

[1A[2K[105/99] (retries) [webkit] › playwright-test/main.spec.ts:450:9 › Castle.com Main Page Tests › Header Section Test Cases › TC-003: User Avatar Dropdown
[1A[2K[webkit] › playwright-test/main.spec.ts:450:9 › Castle.com Main Page Tests › Header Section Test Cases › TC-003: User Avatar Dropdown
Starting main page test setup...

[1A[2K[firefox] › playwright-test/main.spec.ts:1025:9 › Castle.com Main Page Tests › Footer Section Test Cases › TC-028: Footer Contact Information
Page ready check completed

[1A[2KVerifying main page load...

[1A[2KMain page verification complete

[1A[2KStarting TC-028: Footer Contact Information

[1A[2K[firefox] › playwright-test/main.spec.ts:1113:9 › Castle.com Main Page Tests › Performance Test Cases › TC-031: Page Load Performance
DOM load time: 2341ms

[1A[2KFull load time: 2383ms

[1A[2K[webkit] › playwright-test/main.spec.ts:426:9 › Castle.com Main Page Tests › Header Section Test Cases › TC-002: Wallet Button Functionality
Navigated to main page

[1A[2KWaiting for page to be ready...

[1A[2K[firefox] › playwright-test/main.spec.ts:1146:9 › Castle.com Main Page Tests › Performance Test Cases › TC-032: Game Thumbnail Loading
Cumulative Layout Shift: 0

[1A[2KTC-032 completed

[1A[2K[webkit] › playwright-test/main.spec.ts:450:9 › Castle.com Main Page Tests › Header Section Test Cases › TC-003: User Avatar Dropdown
Navigated to main page

[1A[2KWaiting for page to be ready...

[1A[2K[106/99] (retries) [firefox] › playwright-test/main.spec.ts:1113:9 › Castle.com Main Page Tests › Performance Test Cases › TC-031: Page Load Performance (retry #1)
[1A[2K  35) [firefox] › playwright-test/main.spec.ts:1025:9 › Castle.com Main Page Tests › Footer Section Test Cases › TC-028: Footer Contact Information › Verify that footer contact information is displayed 

    Error: expect.toBeVisible: Error: strict mode violation: locator('*:has-text("support@castle.com")') resolved to 14 elements:
        1) <html lang="en">…</html> aka locator('html')
        2) <body id="index">…</body> aka locator('#index')
        3) <div id="root">…</div> aka locator('#root')
        4) <div class="AppBody laptop _s _display-flex _overflow-hidden _flex-flow-column _h-full _w-full _bg-brown-7">…</div> aka locator('div').filter({ hasText: 'HomeReferralsRacesGamesDuel' }).nth(1)
        5) <div class="_s _display-flex _overflow-hidden _h-full">…</div> aka locator('div').filter({ hasText: 'HomeReferralsRacesGamesDuel' }).nth(2)
        6) <main class="AppMain mobile _s _display-flex _overflow-auto _flex-flow-column _align-items-center _flex-grow-true">…</main> aka getByText('enLog InRegisterPlay First')
        7) <footer class="AppFooter _s _display-flex _align-items-center _justify-content-center _w-full _bg-black-hover">…</footer> aka locator('footer')
        8) <div class="inner-content _s _display-flex _w-full">…</div> aka locator('.AppFooter > div')
        9) <div class="_s _display-flex _flex-flow-column _w-full">…</div> aka locator('.AppFooter > div > div')
        10) <div class="_s _display-flex _flex-flow-column _pl-20 _pr-20 _bg-brown-6">…</div> aka locator('._s._display-flex._flex-flow-column._pl-20._pr-20._bg-brown-6')
        ...

    Call log:
    [2m  - Expect "toBeVisible" with timeout 5000ms[22m
    [2m  - waiting for locator('*:has-text("support@castle.com")')[22m


      1035 |         for (const email of emails) {
      1036 |           const emailElement = mainPage.page.locator(`*:has-text("${email}")`);
    > 1037 |           await expect(emailElement).toBeVisible();
           |                                      ^
      1038 |         }
      1039 |         
      1040 |         console.log('TC-028 completed');
        at /Users/eljinwhitehead/site-castle/playwright-test/main.spec.ts:1037:38
        at /Users/eljinwhitehead/site-castle/playwright-test/main.spec.ts:1026:7

    Error Context: test-results/main-Castle-com-Main-Page--e933d--Footer-Contact-Information-firefox/error-context.md

    Retry #1 ───────────────────────────────────────────────────────────────────────────────────────

    Error: expect.toBeVisible: Error: strict mode violation: locator('*:has-text("support@castle.com")') resolved to 14 elements:
        1) <html lang="en">…</html> aka locator('html')
        2) <body id="index">…</body> aka locator('#index')
        3) <div id="root">…</div> aka locator('#root')
        4) <div class="AppBody laptop _s _display-flex _overflow-hidden _flex-flow-column _h-full _w-full _bg-brown-7">…</div> aka locator('div').filter({ hasText: 'HomeReferralsRacesGamesDuel' }).nth(1)
        5) <div class="_s _display-flex _overflow-hidden _h-full">…</div> aka locator('div').filter({ hasText: 'HomeReferralsRacesGamesDuel' }).nth(2)
        6) <main class="AppMain mobile _s _display-flex _overflow-auto _flex-flow-column _align-items-center _flex-grow-true">…</main> aka getByText('enLog InRegisterPlay First')
        7) <footer class="AppFooter _s _display-flex _align-items-center _justify-content-center _w-full _bg-black-hover">…</footer> aka locator('footer')
        8) <div class="inner-content _s _display-flex _w-full">…</div> aka locator('.AppFooter > div')
        9) <div class="_s _display-flex _flex-flow-column _w-full">…</div> aka locator('.AppFooter > div > div')
        10) <div class="_s _display-flex _flex-flow-column _pl-20 _pr-20 _bg-brown-6">…</div> aka locator('._s._display-flex._flex-flow-column._pl-20._pr-20._bg-brown-6')
        ...

    Call log:
    [2m  - Expect "toBeVisible" with timeout 5000ms[22m
    [2m  - waiting for locator('*:has-text("support@castle.com")')[22m


      1035 |         for (const email of emails) {
      1036 |           const emailElement = mainPage.page.locator(`*:has-text("${email}")`);
    > 1037 |           await expect(emailElement).toBeVisible();
           |                                      ^
      1038 |         }
      1039 |         
      1040 |         console.log('TC-028 completed');
        at /Users/eljinwhitehead/site-castle/playwright-test/main.spec.ts:1037:38
        at /Users/eljinwhitehead/site-castle/playwright-test/main.spec.ts:1026:7

    Error Context: test-results/main-Castle-com-Main-Page--e933d--Footer-Contact-Information-firefox-retry1/error-context.md

    attachment #2: trace (application/zip) ─────────────────────────────────────────────────────────
    test-results/main-Castle-com-Main-Page--e933d--Footer-Contact-Information-firefox-retry1/trace.zip
    Usage:

        npx playwright show-trace test-results/main-Castle-com-Main-Page--e933d--Footer-Contact-Information-firefox-retry1/trace.zip

    ────────────────────────────────────────────────────────────────────────────────────────────────


[1A[2K[107/99] (retries) [webkit] › playwright-test/main.spec.ts:503:9 › Castle.com Main Page Tests › Navigation Menu Test Cases › TC-005: Navigation Menu Links
[1A[2K[108/99] (retries) [webkit] › playwright-test/main.spec.ts:477:9 › Castle.com Main Page Tests › Navigation Menu Test Cases › TC-004: Left Navigation Menu Display
[1A[2K[webkit] › playwright-test/main.spec.ts:503:9 › Castle.com Main Page Tests › Navigation Menu Test Cases › TC-005: Navigation Menu Links
Starting main page test setup...

[1A[2K[webkit] › playwright-test/main.spec.ts:477:9 › Castle.com Main Page Tests › Navigation Menu Test Cases › TC-004: Left Navigation Menu Display
Starting main page test setup...

[1A[2K[firefox] › playwright-test/main.spec.ts:1113:9 › Castle.com Main Page Tests › Performance Test Cases › TC-031: Page Load Performance
Starting main page test setup...

[1A[2K[firefox] › playwright-test/main.spec.ts:1070:9 › Castle.com Main Page Tests › Responsive Design Test Cases › TC-030: Tablet Responsiveness
Page ready check had issues: page.waitForSelector: Timeout 10000ms exceeded.
Call log:
[2m  - waiting for locator('.AppMain') to be visible[22m

    at MainPageTest.waitForPageReady [90m(/Users/eljinwhitehead/site-castle/[39mplaywright-test/main.spec.ts:250:23[90m)[39m
    at [90m/Users/eljinwhitehead/site-castle/[39mplaywright-test/main.spec.ts:387:7 {
  name: [32m'TimeoutError'[39m,
  [32mSymbol(step)[39m: {
    stepId: [32m'pw:api@11'[39m,
    location: {
      file: [32m'/Users/eljinwhitehead/site-castle/playwright-test/main.spec.ts'[39m,
      line: [33m250[39m,
      column: [33m23[39m,
      function: [32m'MainPageTest.waitForPageReady'[39m
    },
    category: [32m'pw:api'[39m,
    title: [32m"Wait for selector locator('.AppMain')"[39m,
    apiName: [32m'page.waitForSelector'[39m,
    params: { selector: [32m'.AppMain'[39m, state: [32m'visible'[39m, timeout: [33m10000[39m },
    boxedStack: [90mundefined[39m,
    steps: [],
    attachmentIndices: [],
    info: TestStepInfoImpl {
      annotations: [],
      _testInfo: [36m[TestInfoImpl][39m,
      _stepId: [32m'pw:api@11'[39m,
      skip: [36m[Function (anonymous)][39m
    },
    complete: [36m[Function: complete][39m,
    endWallTime: [33m1753895754942[39m,
    error: {
      message: [32m'TimeoutError: page.waitForSelector: Timeout 10000ms exceeded.\n'[39m +
        [32m'Call log:\n'[39m +
        [32m"\x1B[2m  - waiting for locator('.AppMain') to be visible\x1B[22m\n"[39m,
      stack: [32m'TimeoutError: page.waitForSelector: Timeout 10000ms exceeded.\n'[39m +
        [32m'Call log:\n'[39m +
        [32m"\x1B[2m  - waiting for locator('.AppMain') to be visible\x1B[22m\n"[39m +
        [32m'\n'[39m +
        [32m'    at MainPageTest.waitForPageReady (/Users/eljinwhitehead/site-castle/playwright-test/main.spec.ts:250:23)\n'[39m +
        [32m'    at /Users/eljinwhitehead/site-castle/playwright-test/main.spec.ts:387:7'[39m,
      cause: [90mundefined[39m
    }
  }
}

[1A[2KVerifying main page load...

[1A[2K[webkit] › playwright-test/main.spec.ts:503:9 › Castle.com Main Page Tests › Navigation Menu Test Cases › TC-005: Navigation Menu Links
Navigated to main page

[1A[2KWaiting for page to be ready...

[1A[2K[webkit] › playwright-test/main.spec.ts:477:9 › Castle.com Main Page Tests › Navigation Menu Test Cases › TC-004: Left Navigation Menu Display
Navigated to main page

[1A[2KWaiting for page to be ready...

[1A[2K[webkit] › playwright-test/main.spec.ts:426:9 › Castle.com Main Page Tests › Header Section Test Cases › TC-002: Wallet Button Functionality
Page ready check completed

[1A[2KVerifying main page load...

[1A[2KMain page verification complete

[1A[2KStarting TC-002: Wallet Button Functionality

[1A[2KUser not logged in, skipping wallet test

[1A[2KTC-002 completed

[1A[2K[109/99] (retries) [webkit] › playwright-test/main.spec.ts:536:9 › Castle.com Main Page Tests › Main Banner Test Cases › TC-006: Promotional Banner Display
[1A[2K[webkit] › playwright-test/main.spec.ts:536:9 › Castle.com Main Page Tests › Main Banner Test Cases › TC-006: Promotional Banner Display
Starting main page test setup...

[1A[2K[firefox] › playwright-test/main.spec.ts:1113:9 › Castle.com Main Page Tests › Performance Test Cases › TC-031: Page Load Performance
Navigated to main page

[1A[2KWaiting for page to be ready...

[1A[2K[webkit] › playwright-test/main.spec.ts:536:9 › Castle.com Main Page Tests › Main Banner Test Cases › TC-006: Promotional Banner Display
Navigated to main page

[1A[2KWaiting for page to be ready...

[1A[2K  36) [firefox] › playwright-test/main.spec.ts:909:9 › Castle.com Main Page Tests › Bets & Races Section Test Cases › TC-022: Live Bet Updates › Verify that bet information updates in real-time 

    TimeoutError: locator.scrollIntoViewIfNeeded: Timeout 10000ms exceeded.
    Call log:
    [2m  - waiting for locator('*:has-text("BETS & RACES")')[22m


      912 |         
      913 |         // Scroll to section
    > 914 |         await page.locator('*:has-text("BETS & RACES")').scrollIntoViewIfNeeded();
          |                                                          ^
      915 |         await page.waitForTimeout(1000);
      916 |         
      917 |         // Observe for 5 seconds for updates
        at /Users/eljinwhitehead/site-castle/playwright-test/main.spec.ts:914:58
        at /Users/eljinwhitehead/site-castle/playwright-test/main.spec.ts:910:18

    Error Context: test-results/main-Castle-com-Main-Page--65a36-ses-TC-022-Live-Bet-Updates-firefox/error-context.md

    Retry #1 ───────────────────────────────────────────────────────────────────────────────────────

    TimeoutError: locator.scrollIntoViewIfNeeded: Timeout 10000ms exceeded.
    Call log:
    [2m  - waiting for locator('*:has-text("BETS & RACES")')[22m


      912 |         
      913 |         // Scroll to section
    > 914 |         await page.locator('*:has-text("BETS & RACES")').scrollIntoViewIfNeeded();
          |                                                          ^
      915 |         await page.waitForTimeout(1000);
      916 |         
      917 |         // Observe for 5 seconds for updates
        at /Users/eljinwhitehead/site-castle/playwright-test/main.spec.ts:914:58
        at /Users/eljinwhitehead/site-castle/playwright-test/main.spec.ts:910:18

    Error Context: test-results/main-Castle-com-Main-Page--65a36-ses-TC-022-Live-Bet-Updates-firefox-retry1/error-context.md

    attachment #2: trace (application/zip) ─────────────────────────────────────────────────────────
    test-results/main-Castle-com-Main-Page--65a36-ses-TC-022-Live-Bet-Updates-firefox-retry1/trace.zip
    Usage:

        npx playwright show-trace test-results/main-Castle-com-Main-Page--65a36-ses-TC-022-Live-Bet-Updates-firefox-retry1/trace.zip

    ────────────────────────────────────────────────────────────────────────────────────────────────


[1A[2K[110/99] (retries) [webkit] › playwright-test/main.spec.ts:559:9 › Castle.com Main Page Tests › Main Banner Test Cases › TC-007: Play Crash Button Functionality
[1A[2K[webkit] › playwright-test/main.spec.ts:559:9 › Castle.com Main Page Tests › Main Banner Test Cases › TC-007: Play Crash Button Functionality
Starting main page test setup...

[1A[2K[firefox] › playwright-test/main.spec.ts:1113:9 › Castle.com Main Page Tests › Performance Test Cases › TC-031: Page Load Performance
Page ready check completed

[1A[2KVerifying main page load...

[1A[2KMain page verification complete

[1A[2KStarting TC-031: Page Load Performance

[1A[2K[webkit] › playwright-test/main.spec.ts:559:9 › Castle.com Main Page Tests › Main Banner Test Cases › TC-007: Play Crash Button Functionality
Navigated to main page

[1A[2KWaiting for page to be ready...

[1A[2K[webkit] › playwright-test/main.spec.ts:536:9 › Castle.com Main Page Tests › Main Banner Test Cases › TC-006: Promotional Banner Display
Page ready check completed

[1A[2KVerifying main page load...

[1A[2KMain page verification complete

[1A[2KStarting TC-006: Promotional Banner Display

[1A[2K[firefox] › playwright-test/main.spec.ts:1113:9 › Castle.com Main Page Tests › Performance Test Cases › TC-031: Page Load Performance
DOM load time: 2333ms

[1A[2KFull load time: 2352ms

[1A[2K  37) [firefox] › playwright-test/main.spec.ts:1113:9 › Castle.com Main Page Tests › Performance Test Cases › TC-031: Page Load Performance › Verify that home screen loads within acceptable time 

    Error: [2mexpect([22m[31mreceived[39m[2m).[22mtoBeLessThan[2m([22m[32mexpected[39m[2m)[22m

    Expected: < [32m2000[39m
    Received:   [31m2341[39m

      1127 |         
      1128 |         // Initial render should be within 2 seconds
    > 1129 |         expect(domLoadTime).toBeLessThan(2000);
           |                             ^
      1130 |         
      1131 |         // All images within 5 seconds
      1132 |         expect(fullLoadTime).toBeLessThan(5000);
        at /Users/eljinwhitehead/site-castle/playwright-test/main.spec.ts:1129:29
        at /Users/eljinwhitehead/site-castle/playwright-test/main.spec.ts:1114:7

    Error Context: test-results/main-Castle-com-Main-Page--64717-C-031-Page-Load-Performance-firefox/error-context.md

    Retry #1 ───────────────────────────────────────────────────────────────────────────────────────

    Error: [2mexpect([22m[31mreceived[39m[2m).[22mtoBeLessThan[2m([22m[32mexpected[39m[2m)[22m

    Expected: < [32m2000[39m
    Received:   [31m2333[39m

      1127 |         
      1128 |         // Initial render should be within 2 seconds
    > 1129 |         expect(domLoadTime).toBeLessThan(2000);
           |                             ^
      1130 |         
      1131 |         // All images within 5 seconds
      1132 |         expect(fullLoadTime).toBeLessThan(5000);
        at /Users/eljinwhitehead/site-castle/playwright-test/main.spec.ts:1129:29
        at /Users/eljinwhitehead/site-castle/playwright-test/main.spec.ts:1114:7

    Error Context: test-results/main-Castle-com-Main-Page--64717-C-031-Page-Load-Performance-firefox-retry1/error-context.md

    attachment #2: trace (application/zip) ─────────────────────────────────────────────────────────
    test-results/main-Castle-com-Main-Page--64717-C-031-Page-Load-Performance-firefox-retry1/trace.zip
    Usage:

        npx playwright show-trace test-results/main-Castle-com-Main-Page--64717-C-031-Page-Load-Performance-firefox-retry1/trace.zip

    ────────────────────────────────────────────────────────────────────────────────────────────────


[1A[2K[111/99] (retries) [webkit] › playwright-test/main.spec.ts:577:9 › Castle.com Main Page Tests › Search and Filter Test Cases › TC-008: Game Search Functionality
[1A[2K[firefox] › playwright-test/main.spec.ts:1070:9 › Castle.com Main Page Tests › Responsive Design Test Cases › TC-030: Tablet Responsiveness
Error in test setup: ExpectError: [31mTimed out 10000ms waiting for [39m[2mexpect([22m[31mlocator[39m[2m).[22mtoBeVisible[2m()[22m

Locator: locator('.Vector.site-logo, svg:has(path[d*="M44.6064"])').first()
Expected: visible
Received: <element(s) not found>
Call log:
[2m  - Expect "toBeVisible" with timeout 10000ms[22m
[2m  - waiting for locator('.Vector.site-logo, svg:has(path[d*="M44.6064"])').first()[22m

    at MainPageTest.verifyPageLoad [90m(/Users/eljinwhitehead/site-castle/[39mplaywright-test/main.spec.ts:366:36[90m)[39m
    at [90m/Users/eljinwhitehead/site-castle/[39mplaywright-test/main.spec.ts:394:7 {
  matcherResult: {
    message: [32m'\x1B[31mTimed out 10000ms waiting for \x1B[39m\x1B[2mexpect(\x1B[22m\x1B[31mlocator\x1B[39m\x1B[2m).\x1B[22mtoBeVisible\x1B[2m()\x1B[22m\n'[39m +
      [32m'\n'[39m +
      [32m`Locator: locator('.Vector.site-logo, svg:has(path[d*="M44.6064"])').first()\n`[39m +
      [32m'Expected: visible\n'[39m +
      [32m'Received: <element(s) not found>\n'[39m +
      [32m'Call log:\n'[39m +
      [32m'\x1B[2m  - Expect "toBeVisible" with timeout 10000ms\x1B[22m\n'[39m +
      [32m`\x1B[2m  - waiting for locator('.Vector.site-logo, svg:has(path[d*="M44.6064"])').first()\x1B[22m\n`[39m,
    pass: [33mfalse[39m,
    actual: [32m'<element(s) not found>'[39m,
    name: [32m'toBeVisible'[39m,
    expected: [32m'visible'[39m,
    log: [
      [32m'  - Expect "toBeVisible" with timeout 10000ms'[39m,
      [32m`  - waiting for locator('.Vector.site-logo, svg:has(path[d*="M44.6064"])').first()`[39m
    ],
    timeout: [33m10000[39m
  },
  [32mSymbol(step)[39m: {
    stepId: [32m'expect@13'[39m,
    category: [32m'expect'[39m,
    apiName: [32m'expect.toBeVisible'[39m,
    title: [32m'toBeVisible'[39m,
    params: { expected: [36m[Object][39m },
    infectParentStepsWithError: [90mundefined[39m,
    boxedStack: [90mundefined[39m,
    location: {
      file: [32m'/Users/eljinwhitehead/site-castle/playwright-test/main.spec.ts'[39m,
      line: [33m366[39m,
      column: [33m36[39m,
      function: [32m'MainPageTest.verifyPageLoad'[39m
    },
    steps: [],
    attachmentIndices: [],
    info: TestStepInfoImpl {
      annotations: [],
      _testInfo: [36m[TestInfoImpl][39m,
      _stepId: [32m'expect@13'[39m,
      skip: [36m[Function (anonymous)][39m
    },
    complete: [36m[Function: complete][39m,
    endWallTime: [33m1753895764948[39m,
    error: {
      message: [32m'Error: \x1B[31mTimed out 10000ms waiting for \x1B[39m\x1B[2mexpect(\x1B[22m\x1B[31mlocator\x1B[39m\x1B[2m).\x1B[22mtoBeVisible\x1B[2m()\x1B[22m\n'[39m +
        [32m'\n'[39m +
        [32m`Locator: locator('.Vector.site-logo, svg:has(path[d*="M44.6064"])').first()\n`[39m +
        [32m'Expected: visible\n'[39m +
        [32m'Received: <element(s) not found>\n'[39m +
        [32m'Call log:\n'[39m +
        [32m'\x1B[2m  - Expect "toBeVisible" with timeout 10000ms\x1B[22m\n'[39m +
        [32m`\x1B[2m  - waiting for locator('.Vector.site-logo, svg:has(path[d*="M44.6064"])').first()\x1B[22m\n`[39m,
      stack: [32m'Error: \x1B[31mTimed out 10000ms waiting for \x1B[39m\x1B[2mexpect(\x1B[22m\x1B[31mlocator\x1B[39m\x1B[2m).\x1B[22mtoBeVisible\x1B[2m()\x1B[22m\n'[39m +
        [32m'\n'[39m +
        [32m`Locator: locator('.Vector.site-logo, svg:has(path[d*="M44.6064"])').first()\n`[39m +
        [32m'Expected: visible\n'[39m +
        [32m'Received: <element(s) not found>\n'[39m +
        [32m'Call log:\n'[39m +
        [32m'\x1B[2m  - Expect "toBeVisible" with timeout 10000ms\x1B[22m\n'[39m +
        [32m`\x1B[2m  - waiting for locator('.Vector.site-logo, svg:has(path[d*="M44.6064"])').first()\x1B[22m\n`[39m +
        [32m'\n'[39m +
        [32m'    at MainPageTest.verifyPageLoad (/Users/eljinwhitehead/site-castle/playwright-test/main.spec.ts:366:36)\n'[39m +
        [32m'    at /Users/eljinwhitehead/site-castle/playwright-test/main.spec.ts:394:7'[39m,
      cause: [90mundefined[39m
    }
  }
}

[1A[2KStarting TC-030: Tablet Responsiveness

[1A[2K[webkit] › playwright-test/main.spec.ts:577:9 › Castle.com Main Page Tests › Search and Filter Test Cases › TC-008: Game Search Functionality
Starting main page test setup...

[1A[2K[webkit] › playwright-test/main.spec.ts:450:9 › Castle.com Main Page Tests › Header Section Test Cases › TC-003: User Avatar Dropdown
Page ready check had issues: page.waitForSelector: Timeout 10000ms exceeded.
Call log:
[2m  - waiting for locator('.AppMain') to be visible[22m

    at MainPageTest.waitForPageReady [90m(/Users/eljinwhitehead/site-castle/[39mplaywright-test/main.spec.ts:250:23[90m)[39m
    at [90m/Users/eljinwhitehead/site-castle/[39mplaywright-test/main.spec.ts:387:7 {
  name: [32m'TimeoutError'[39m,
  [32mSymbol(step)[39m: {
    stepId: [32m'pw:api@11'[39m,
    location: {
      file: [32m'/Users/eljinwhitehead/site-castle/playwright-test/main.spec.ts'[39m,
      line: [33m250[39m,
      column: [33m23[39m,
      function: [32m'MainPageTest.waitForPageReady'[39m
    },
    category: [32m'pw:api'[39m,
    title: [32m"Wait for selector locator('.AppMain')"[39m,
    apiName: [32m'page.waitForSelector'[39m,
    params: { selector: [32m'.AppMain'[39m, state: [32m'visible'[39m, timeout: [33m10000[39m },
    boxedStack: [90mundefined[39m,
    steps: [],
    attachmentIndices: [],
    info: TestStepInfoImpl {
      annotations: [],
      _testInfo: [36m[TestInfoImpl][39m,
      _stepId: [32m'pw:api@11'[39m,
      skip: [36m[Function (anonymous)][39m
    },
    complete: [36m[Function: complete][39m,
    endWallTime: [33m1753895765645[39m,
    error: {
      message: [32m'TimeoutError: page.waitForSelector: Timeout 10000ms exceeded.\n'[39m +
        [32m'Call log:\n'[39m +
        [32m"\x1B[2m  - waiting for locator('.AppMain') to be visible\x1B[22m\n"[39m,
      stack: [32m'TimeoutError: page.waitForSelector: Timeout 10000ms exceeded.\n'[39m +
        [32m'Call log:\n'[39m +
        [32m"\x1B[2m  - waiting for locator('.AppMain') to be visible\x1B[22m\n"[39m +
        [32m'\n'[39m +
        [32m'    at MainPageTest.waitForPageReady (/Users/eljinwhitehead/site-castle/playwright-test/main.spec.ts:250:23)\n'[39m +
        [32m'    at /Users/eljinwhitehead/site-castle/playwright-test/main.spec.ts:387:7'[39m,
      cause: [90mundefined[39m
    }
  }
}

[1A[2KVerifying main page load...

[1A[2K[webkit] › playwright-test/main.spec.ts:559:9 › Castle.com Main Page Tests › Main Banner Test Cases › TC-007: Play Crash Button Functionality
Page ready check completed

[1A[2KVerifying main page load...

[1A[2KMain page verification complete

[1A[2KStarting TC-007: Play Crash Button Functionality

[1A[2KTC-007 completed

[1A[2K[112/99] (retries) [webkit] › playwright-test/main.spec.ts:597:9 › Castle.com Main Page Tests › Search and Filter Test Cases › TC-009: Game Category Tabs
[1A[2K[webkit] › playwright-test/main.spec.ts:597:9 › Castle.com Main Page Tests › Search and Filter Test Cases › TC-009: Game Category Tabs
Starting main page test setup...

[1A[2K[webkit] › playwright-test/main.spec.ts:577:9 › Castle.com Main Page Tests › Search and Filter Test Cases › TC-008: Game Search Functionality
Navigated to main page

[1A[2KWaiting for page to be ready...

[1A[2K[webkit] › playwright-test/main.spec.ts:597:9 › Castle.com Main Page Tests › Search and Filter Test Cases › TC-009: Game Category Tabs
Navigated to main page

[1A[2KWaiting for page to be ready...

[1A[2K[113/99] (retries) [webkit] › playwright-test/main.spec.ts:536:9 › Castle.com Main Page Tests › Main Banner Test Cases › TC-006: Promotional Banner Display (retry #1)
[1A[2K[webkit] › playwright-test/main.spec.ts:536:9 › Castle.com Main Page Tests › Main Banner Test Cases › TC-006: Promotional Banner Display
Starting main page test setup...

[1A[2K[webkit] › playwright-test/main.spec.ts:503:9 › Castle.com Main Page Tests › Navigation Menu Test Cases › TC-005: Navigation Menu Links
Page ready check had issues: page.waitForSelector: Timeout 10000ms exceeded.
Call log:
[2m  - waiting for locator('.AppMain') to be visible[22m

    at MainPageTest.waitForPageReady [90m(/Users/eljinwhitehead/site-castle/[39mplaywright-test/main.spec.ts:250:23[90m)[39m
    at [90m/Users/eljinwhitehead/site-castle/[39mplaywright-test/main.spec.ts:387:7 {
  name: [32m'TimeoutError'[39m,
  [32mSymbol(step)[39m: {
    stepId: [32m'pw:api@13'[39m,
    location: {
      file: [32m'/Users/eljinwhitehead/site-castle/playwright-test/main.spec.ts'[39m,
      line: [33m250[39m,
      column: [33m23[39m,
      function: [32m'MainPageTest.waitForPageReady'[39m
    },
    category: [32m'pw:api'[39m,
    title: [32m"Wait for selector locator('.AppMain')"[39m,
    apiName: [32m'page.waitForSelector'[39m,
    params: { selector: [32m'.AppMain'[39m, state: [32m'visible'[39m, timeout: [33m10000[39m },
    boxedStack: [90mundefined[39m,
    steps: [],
    attachmentIndices: [],
    info: TestStepInfoImpl {
      annotations: [],
      _testInfo: [36m[TestInfoImpl][39m,
      _stepId: [32m'pw:api@13'[39m,
      skip: [36m[Function (anonymous)][39m
    },
    complete: [36m[Function: complete][39m,
    endWallTime: [33m1753895767922[39m,
    error: {
      message: [32m'TimeoutError: page.waitForSelector: Timeout 10000ms exceeded.\n'[39m +
        [32m'Call log:\n'[39m +
        [32m"\x1B[2m  - waiting for locator('.AppMain') to be visible\x1B[22m\n"[39m,
      stack: [32m'TimeoutError: page.waitForSelector: Timeout 10000ms exceeded.\n'[39m +
        [32m'Call log:\n'[39m +
        [32m"\x1B[2m  - waiting for locator('.AppMain') to be visible\x1B[22m\n"[39m +
        [32m'\n'[39m +
        [32m'    at MainPageTest.waitForPageReady (/Users/eljinwhitehead/site-castle/playwright-test/main.spec.ts:250:23)\n'[39m +
        [32m'    at /Users/eljinwhitehead/site-castle/playwright-test/main.spec.ts:387:7'[39m,
      cause: [90mundefined[39m
    }
  }
}

[1A[2KVerifying main page load...

[1A[2K[webkit] › playwright-test/main.spec.ts:477:9 › Castle.com Main Page Tests › Navigation Menu Test Cases › TC-004: Left Navigation Menu Display
Page ready check had issues: page.waitForSelector: Timeout 10000ms exceeded.
Call log:
[2m  - waiting for locator('.AppMain') to be visible[22m

    at MainPageTest.waitForPageReady [90m(/Users/eljinwhitehead/site-castle/[39mplaywright-test/main.spec.ts:250:23[90m)[39m
    at [90m/Users/eljinwhitehead/site-castle/[39mplaywright-test/main.spec.ts:387:7 {
  name: [32m'TimeoutError'[39m,
  [32mSymbol(step)[39m: {
    stepId: [32m'pw:api@13'[39m,
    location: {
      file: [32m'/Users/eljinwhitehead/site-castle/playwright-test/main.spec.ts'[39m,
      line: [33m250[39m,
      column: [33m23[39m,
      function: [32m'MainPageTest.waitForPageReady'[39m
    },
    category: [32m'pw:api'[39m,
    title: [32m"Wait for selector locator('.AppMain')"[39m,
    apiName: [32m'page.waitForSelector'[39m,
    params: { selector: [32m'.AppMain'[39m, state: [32m'visible'[39m, timeout: [33m10000[39m },
    boxedStack: [90mundefined[39m,
    steps: [],
    attachmentIndices: [],
    info: TestStepInfoImpl {
      annotations: [],
      _testInfo: [36m[TestInfoImpl][39m,
      _stepId: [32m'pw:api@13'[39m,
      skip: [36m[Function (anonymous)][39m
    },
    complete: [36m[Function: complete][39m,
    endWallTime: [33m1753895768097[39m,
    error: {
      message: [32m'TimeoutError: page.waitForSelector: Timeout 10000ms exceeded.\n'[39m +
        [32m'Call log:\n'[39m +
        [32m"\x1B[2m  - waiting for locator('.AppMain') to be visible\x1B[22m\n"[39m,
      stack: [32m'TimeoutError: page.waitForSelector: Timeout 10000ms exceeded.\n'[39m +
        [32m'Call log:\n'[39m +
        [32m"\x1B[2m  - waiting for locator('.AppMain') to be visible\x1B[22m\n"[39m +
        [32m'\n'[39m +
        [32m'    at MainPageTest.waitForPageReady (/Users/eljinwhitehead/site-castle/playwright-test/main.spec.ts:250:23)\n'[39m +
        [32m'    at /Users/eljinwhitehead/site-castle/playwright-test/main.spec.ts:387:7'[39m,
      cause: [90mundefined[39m
    }
  }
}

[1A[2KVerifying main page load...

[1A[2K[webkit] › playwright-test/main.spec.ts:536:9 › Castle.com Main Page Tests › Main Banner Test Cases › TC-006: Promotional Banner Display
Navigated to main page

[1A[2KWaiting for page to be ready...

[1A[2K[webkit] › playwright-test/main.spec.ts:577:9 › Castle.com Main Page Tests › Search and Filter Test Cases › TC-008: Game Search Functionality
Page ready check completed

[1A[2KVerifying main page load...

[1A[2KMain page verification complete

[1A[2KStarting TC-008: Game Search Functionality

[1A[2KSearching for game: Crash

[1A[2K[webkit] › playwright-test/main.spec.ts:597:9 › Castle.com Main Page Tests › Search and Filter Test Cases › TC-009: Game Category Tabs
Page ready check completed

[1A[2KVerifying main page load...

[1A[2KMain page verification complete

[1A[2KStarting TC-009: Game Category Tabs

[1A[2K[webkit] › playwright-test/main.spec.ts:577:9 › Castle.com Main Page Tests › Search and Filter Test Cases › TC-008: Game Search Functionality
Search completed for: Crash

[1A[2KTC-008 completed

[1A[2K[114/99] (retries) [webkit] › playwright-test/main.spec.ts:626:9 › Castle.com Main Page Tests › Featured Games Section Test Cases › TC-010: Featured Games Display
[1A[2K[webkit] › playwright-test/main.spec.ts:626:9 › Castle.com Main Page Tests › Featured Games Section Test Cases › TC-010: Featured Games Display
Starting main page test setup...

[1A[2K[115/99] (retries) [firefox] › playwright-test/main.spec.ts:1070:9 › Castle.com Main Page Tests › Responsive Design Test Cases › TC-030: Tablet Responsiveness (retry #1)
[1A[2K[webkit] › playwright-test/main.spec.ts:536:9 › Castle.com Main Page Tests › Main Banner Test Cases › TC-006: Promotional Banner Display
Page ready check completed

[1A[2KVerifying main page load...

[1A[2KMain page verification complete

[1A[2KStarting TC-006: Promotional Banner Display

[1A[2K[firefox] › playwright-test/main.spec.ts:1070:9 › Castle.com Main Page Tests › Responsive Design Test Cases › TC-030: Tablet Responsiveness
Starting main page test setup...

[1A[2K[webkit] › playwright-test/main.spec.ts:626:9 › Castle.com Main Page Tests › Featured Games Section Test Cases › TC-010: Featured Games Display
Navigated to main page

[1A[2KWaiting for page to be ready...

[1A[2K[firefox] › playwright-test/main.spec.ts:1070:9 › Castle.com Main Page Tests › Responsive Design Test Cases › TC-030: Tablet Responsiveness
Navigated to main page

[1A[2KWaiting for page to be ready...

[1A[2K[webkit] › playwright-test/main.spec.ts:450:9 › Castle.com Main Page Tests › Header Section Test Cases › TC-003: User Avatar Dropdown
Error in test setup: ExpectError: [31mTimed out 10000ms waiting for [39m[2mexpect([22m[31mlocator[39m[2m).[22mtoBeVisible[2m()[22m

Locator: locator('.Vector.site-logo, svg:has(path[d*="M44.6064"])').first()
Expected: visible
Received: <element(s) not found>
Call log:
[2m  - Expect "toBeVisible" with timeout 10000ms[22m
[2m  - waiting for locator('.Vector.site-logo, svg:has(path[d*="M44.6064"])').first()[22m

    at MainPageTest.verifyPageLoad [90m(/Users/eljinwhitehead/site-castle/[39mplaywright-test/main.spec.ts:366:36[90m)[39m
    at [90m/Users/eljinwhitehead/site-castle/[39mplaywright-test/main.spec.ts:394:7 {
  matcherResult: {
    message: [32m'\x1B[31mTimed out 10000ms waiting for \x1B[39m\x1B[2mexpect(\x1B[22m\x1B[31mlocator\x1B[39m\x1B[2m).\x1B[22mtoBeVisible\x1B[2m()\x1B[22m\n'[39m +
      [32m'\n'[39m +
      [32m`Locator: locator('.Vector.site-logo, svg:has(path[d*="M44.6064"])').first()\n`[39m +
      [32m'Expected: visible\n'[39m +
      [32m'Received: <element(s) not found>\n'[39m +
      [32m'Call log:\n'[39m +
      [32m'\x1B[2m  - Expect "toBeVisible" with timeout 10000ms\x1B[22m\n'[39m +
      [32m`\x1B[2m  - waiting for locator('.Vector.site-logo, svg:has(path[d*="M44.6064"])').first()\x1B[22m\n`[39m,
    pass: [33mfalse[39m,
    actual: [32m'<element(s) not found>'[39m,
    name: [32m'toBeVisible'[39m,
    expected: [32m'visible'[39m,
    log: [
      [32m'  - Expect "toBeVisible" with timeout 10000ms'[39m,
      [32m`  - waiting for locator('.Vector.site-logo, svg:has(path[d*="M44.6064"])').first()`[39m
    ],
    timeout: [33m10000[39m
  },
  [32mSymbol(step)[39m: {
    stepId: [32m'expect@13'[39m,
    category: [32m'expect'[39m,
    apiName: [32m'expect.toBeVisible'[39m,
    title: [32m'toBeVisible'[39m,
    params: { expected: [36m[Object][39m },
    infectParentStepsWithError: [90mundefined[39m,
    boxedStack: [90mundefined[39m,
    location: {
      file: [32m'/Users/eljinwhitehead/site-castle/playwright-test/main.spec.ts'[39m,
      line: [33m366[39m,
      column: [33m36[39m,
      function: [32m'MainPageTest.verifyPageLoad'[39m
    },
    steps: [],
    attachmentIndices: [],
    info: TestStepInfoImpl {
      annotations: [],
      _testInfo: [36m[TestInfoImpl][39m,
      _stepId: [32m'expect@13'[39m,
      skip: [36m[Function (anonymous)][39m
    },
    complete: [36m[Function: complete][39m,
    endWallTime: [33m1753895775651[39m,
    error: {
      message: [32m'Error: \x1B[31mTimed out 10000ms waiting for \x1B[39m\x1B[2mexpect(\x1B[22m\x1B[31mlocator\x1B[39m\x1B[2m).\x1B[22mtoBeVisible\x1B[2m()\x1B[22m\n'[39m +
        [32m'\n'[39m +
        [32m`Locator: locator('.Vector.site-logo, svg:has(path[d*="M44.6064"])').first()\n`[39m +
        [32m'Expected: visible\n'[39m +
        [32m'Received: <element(s) not found>\n'[39m +
        [32m'Call log:\n'[39m +
        [32m'\x1B[2m  - Expect "toBeVisible" with timeout 10000ms\x1B[22m\n'[39m +
        [32m`\x1B[2m  - waiting for locator('.Vector.site-logo, svg:has(path[d*="M44.6064"])').first()\x1B[22m\n`[39m,
      stack: [32m'Error: \x1B[31mTimed out 10000ms waiting for \x1B[39m\x1B[2mexpect(\x1B[22m\x1B[31mlocator\x1B[39m\x1B[2m).\x1B[22mtoBeVisible\x1B[2m()\x1B[22m\n'[39m +
        [32m'\n'[39m +
        [32m`Locator: locator('.Vector.site-logo, svg:has(path[d*="M44.6064"])').first()\n`[39m +
        [32m'Expected: visible\n'[39m +
        [32m'Received: <element(s) not found>\n'[39m +
        [32m'Call log:\n'[39m +
        [32m'\x1B[2m  - Expect "toBeVisible" with timeout 10000ms\x1B[22m\n'[39m +
        [32m`\x1B[2m  - waiting for locator('.Vector.site-logo, svg:has(path[d*="M44.6064"])').first()\x1B[22m\n`[39m +
        [32m'\n'[39m +
        [32m'    at MainPageTest.verifyPageLoad (/Users/eljinwhitehead/site-castle/playwright-test/main.spec.ts:366:36)\n'[39m +
        [32m'    at /Users/eljinwhitehead/site-castle/playwright-test/main.spec.ts:394:7'[39m,
      cause: [90mundefined[39m
    }
  }
}

[1A[2KStarting TC-003: User Avatar Dropdown

[1A[2KUser not logged in, skipping avatar dropdown test

[1A[2KTC-003 completed

[1A[2K[116/99] (retries) [webkit] › playwright-test/main.spec.ts:644:9 › Castle.com Main Page Tests › Featured Games Section Test Cases › TC-011: Featured Game Launch
[1A[2K[webkit] › playwright-test/main.spec.ts:644:9 › Castle.com Main Page Tests › Featured Games Section Test Cases › TC-011: Featured Game Launch
Starting main page test setup...

[1A[2K[webkit] › playwright-test/main.spec.ts:597:9 › Castle.com Main Page Tests › Search and Filter Test Cases › TC-009: Game Category Tabs
TC-009 completed

[1A[2K[117/99] (retries) [webkit] › playwright-test/main.spec.ts:670:9 › Castle.com Main Page Tests › Original Games Section Test Cases › TC-012: Original Games Carousel
[1A[2K[webkit] › playwright-test/main.spec.ts:670:9 › Castle.com Main Page Tests › Original Games Section Test Cases › TC-012: Original Games Carousel
Starting main page test setup...

[1A[2K[webkit] › playwright-test/main.spec.ts:626:9 › Castle.com Main Page Tests › Featured Games Section Test Cases › TC-010: Featured Games Display
Page ready check completed

[1A[2KVerifying main page load...

[1A[2KMain page verification complete

[1A[2KStarting TC-010: Featured Games Display

[1A[2K[webkit] › playwright-test/main.spec.ts:644:9 › Castle.com Main Page Tests › Featured Games Section Test Cases › TC-011: Featured Game Launch
Navigated to main page

[1A[2KWaiting for page to be ready...

[1A[2K[webkit] › playwright-test/main.spec.ts:670:9 › Castle.com Main Page Tests › Original Games Section Test Cases › TC-012: Original Games Carousel
Navigated to main page

[1A[2KWaiting for page to be ready...

[1A[2K  38) [webkit] › playwright-test/main.spec.ts:536:9 › Castle.com Main Page Tests › Main Banner Test Cases › TC-006: Promotional Banner Display › Verify that the main promotional banner displays correctly 

    Error: [31mTimed out 5000ms waiting for [39m[2mexpect([22m[31mlocator[39m[2m).[22mtoHaveText[2m([22m[32mexpected[39m[2m)[22m

    Locator: locator('.HeroBanner h1:has-text("Shitcoin Crash")').first()
    Expected string: [32m"S[7mHITCOIN CRASH[27m"[39m
    Received string: [31m"S[7mhitcoin Crash[27m"[39m
    Call log:
    [2m  - Expect "toHaveText" with timeout 5000ms[22m
    [2m  - waiting for locator('.HeroBanner h1:has-text("Shitcoin Crash")').first()[22m
    [2m    9 × locator resolved to <h1 class="Heading _s _color-dark-brown _font-size-64 _line-height-56 _font-weight-regular _text-transform-uppercase">Shitcoin Crash</h1>[22m
    [2m      - unexpected value "Shitcoin Crash"[22m


      540 |         await expect(mainPage.mainBanner.banner).toBeVisible();
      541 |         await expect(mainPage.mainBanner.heading).toBeVisible();
    > 542 |         await expect(mainPage.mainBanner.heading).toHaveText('SHITCOIN CRASH');
          |                                                   ^
      543 |         
      544 |         await expect(mainPage.mainBanner.description).toBeVisible();
      545 |         await expect(mainPage.mainBanner.description).toContainText('Ride the pump and cash out before the dump!');
        at /Users/eljinwhitehead/site-castle/playwright-test/main.spec.ts:542:51
        at /Users/eljinwhitehead/site-castle/playwright-test/main.spec.ts:537:7

    Error Context: test-results/main-Castle-com-Main-Page--a1acb--Promotional-Banner-Display-webkit/error-context.md

    Retry #1 ───────────────────────────────────────────────────────────────────────────────────────

    Error: [31mTimed out 5000ms waiting for [39m[2mexpect([22m[31mlocator[39m[2m).[22mtoHaveText[2m([22m[32mexpected[39m[2m)[22m

    Locator: locator('.HeroBanner h1:has-text("Shitcoin Crash")').first()
    Expected string: [32m"S[7mHITCOIN CRASH[27m"[39m
    Received string: [31m"S[7mhitcoin Crash[27m"[39m
    Call log:
    [2m  - Expect "toHaveText" with timeout 5000ms[22m
    [2m  - waiting for locator('.HeroBanner h1:has-text("Shitcoin Crash")').first()[22m
    [2m    9 × locator resolved to <h1 class="Heading _s _color-dark-brown _font-size-64 _line-height-56 _font-weight-regular _text-transform-uppercase">Shitcoin Crash</h1>[22m
    [2m      - unexpected value "Shitcoin Crash"[22m


      540 |         await expect(mainPage.mainBanner.banner).toBeVisible();
      541 |         await expect(mainPage.mainBanner.heading).toBeVisible();
    > 542 |         await expect(mainPage.mainBanner.heading).toHaveText('SHITCOIN CRASH');
          |                                                   ^
      543 |         
      544 |         await expect(mainPage.mainBanner.description).toBeVisible();
      545 |         await expect(mainPage.mainBanner.description).toContainText('Ride the pump and cash out before the dump!');
        at /Users/eljinwhitehead/site-castle/playwright-test/main.spec.ts:542:51
        at /Users/eljinwhitehead/site-castle/playwright-test/main.spec.ts:537:7

    Error Context: test-results/main-Castle-com-Main-Page--a1acb--Promotional-Banner-Display-webkit-retry1/error-context.md

    attachment #2: trace (application/zip) ─────────────────────────────────────────────────────────
    test-results/main-Castle-com-Main-Page--a1acb--Promotional-Banner-Display-webkit-retry1/trace.zip
    Usage:

        npx playwright show-trace test-results/main-Castle-com-Main-Page--a1acb--Promotional-Banner-Display-webkit-retry1/trace.zip

    ────────────────────────────────────────────────────────────────────────────────────────────────


[1A[2K[webkit] › playwright-test/main.spec.ts:503:9 › Castle.com Main Page Tests › Navigation Menu Test Cases › TC-005: Navigation Menu Links
Error in test setup: ExpectError: [31mTimed out 10000ms waiting for [39m[2mexpect([22m[31mlocator[39m[2m).[22mtoBeVisible[2m()[22m

Locator: locator('.Vector.site-logo, svg:has(path[d*="M44.6064"])').first()
Expected: visible
Received: <element(s) not found>
Call log:
[2m  - Expect "toBeVisible" with timeout 10000ms[22m
[2m  - waiting for locator('.Vector.site-logo, svg:has(path[d*="M44.6064"])').first()[22m

    at MainPageTest.verifyPageLoad [90m(/Users/eljinwhitehead/site-castle/[39mplaywright-test/main.spec.ts:366:36[90m)[39m
    at [90m/Users/eljinwhitehead/site-castle/[39mplaywright-test/main.spec.ts:394:7 {
  matcherResult: {
    message: [32m'\x1B[31mTimed out 10000ms waiting for \x1B[39m\x1B[2mexpect(\x1B[22m\x1B[31mlocator\x1B[39m\x1B[2m).\x1B[22mtoBeVisible\x1B[2m()\x1B[22m\n'[39m +
      [32m'\n'[39m +
      [32m`Locator: locator('.Vector.site-logo, svg:has(path[d*="M44.6064"])').first()\n`[39m +
      [32m'Expected: visible\n'[39m +
      [32m'Received: <element(s) not found>\n'[39m +
      [32m'Call log:\n'[39m +
      [32m'\x1B[2m  - Expect "toBeVisible" with timeout 10000ms\x1B[22m\n'[39m +
      [32m`\x1B[2m  - waiting for locator('.Vector.site-logo, svg:has(path[d*="M44.6064"])').first()\x1B[22m\n`[39m,
    pass: [33mfalse[39m,
    actual: [32m'<element(s) not found>'[39m,
    name: [32m'toBeVisible'[39m,
    expected: [32m'visible'[39m,
    log: [
      [32m'  - Expect "toBeVisible" with timeout 10000ms'[39m,
      [32m`  - waiting for locator('.Vector.site-logo, svg:has(path[d*="M44.6064"])').first()`[39m
    ],
    timeout: [33m10000[39m
  },
  [32mSymbol(step)[39m: {
    stepId: [32m'expect@15'[39m,
    category: [32m'expect'[39m,
    apiName: [32m'expect.toBeVisible'[39m,
    title: [32m'toBeVisible'[39m,
    params: { expected: [36m[Object][39m },
    infectParentStepsWithError: [90mundefined[39m,
    boxedStack: [90mundefined[39m,
    location: {
      file: [32m'/Users/eljinwhitehead/site-castle/playwright-test/main.spec.ts'[39m,
      line: [33m366[39m,
      column: [33m36[39m,
      function: [32m'MainPageTest.verifyPageLoad'[39m
    },
    steps: [],
    attachmentIndices: [],
    info: TestStepInfoImpl {
      annotations: [],
      _testInfo: [36m[TestInfoImpl][39m,
      _stepId: [32m'expect@15'[39m,
      skip: [36m[Function (anonymous)][39m
    },
    complete: [36m[Function: complete][39m,
    endWallTime: [33m1753895777928[39m,
    error: {
      message: [32m'Error: \x1B[31mTimed out 10000ms waiting for \x1B[39m\x1B[2mexpect(\x1B[22m\x1B[31mlocator\x1B[39m\x1B[2m).\x1B[22mtoBeVisible\x1B[2m()\x1B[22m\n'[39m +
        [32m'\n'[39m +
        [32m`Locator: locator('.Vector.site-logo, svg:has(path[d*="M44.6064"])').first()\n`[39m +
        [32m'Expected: visible\n'[39m +
        [32m'Received: <element(s) not found>\n'[39m +
        [32m'Call log:\n'[39m +
        [32m'\x1B[2m  - Expect "toBeVisible" with timeout 10000ms\x1B[22m\n'[39m +
        [32m`\x1B[2m  - waiting for locator('.Vector.site-logo, svg:has(path[d*="M44.6064"])').first()\x1B[22m\n`[39m,
      stack: [32m'Error: \x1B[31mTimed out 10000ms waiting for \x1B[39m\x1B[2mexpect(\x1B[22m\x1B[31mlocator\x1B[39m\x1B[2m).\x1B[22mtoBeVisible\x1B[2m()\x1B[22m\n'[39m +
        [32m'\n'[39m +
        [32m`Locator: locator('.Vector.site-logo, svg:has(path[d*="M44.6064"])').first()\n`[39m +
        [32m'Expected: visible\n'[39m +
        [32m'Received: <element(s) not found>\n'[39m +
        [32m'Call log:\n'[39m +
        [32m'\x1B[2m  - Expect "toBeVisible" with timeout 10000ms\x1B[22m\n'[39m +
        [32m`\x1B[2m  - waiting for locator('.Vector.site-logo, svg:has(path[d*="M44.6064"])').first()\x1B[22m\n`[39m +
        [32m'\n'[39m +
        [32m'    at MainPageTest.verifyPageLoad (/Users/eljinwhitehead/site-castle/playwright-test/main.spec.ts:366:36)\n'[39m +
        [32m'    at /Users/eljinwhitehead/site-castle/playwright-test/main.spec.ts:394:7'[39m,
      cause: [90mundefined[39m
    }
  }
}

[1A[2KStarting TC-005: Navigation Menu Links

[1A[2KTesting Referrals link

[1A[2K[118/99] (retries) [webkit] › playwright-test/main.spec.ts:697:9 › Castle.com Main Page Tests › Original Games Section Test Cases › TC-013: Original Games Navigation
[1A[2K[webkit] › playwright-test/main.spec.ts:477:9 › Castle.com Main Page Tests › Navigation Menu Test Cases › TC-004: Left Navigation Menu Display
Error in test setup: ExpectError: [31mTimed out 10000ms waiting for [39m[2mexpect([22m[31mlocator[39m[2m).[22mtoBeVisible[2m()[22m

Locator: locator('.Vector.site-logo, svg:has(path[d*="M44.6064"])').first()
Expected: visible
Received: <element(s) not found>
Call log:
[2m  - Expect "toBeVisible" with timeout 10000ms[22m
[2m  - waiting for locator('.Vector.site-logo, svg:has(path[d*="M44.6064"])').first()[22m

    at MainPageTest.verifyPageLoad [90m(/Users/eljinwhitehead/site-castle/[39mplaywright-test/main.spec.ts:366:36[90m)[39m
    at [90m/Users/eljinwhitehead/site-castle/[39mplaywright-test/main.spec.ts:394:7 {
  matcherResult: {
    message: [32m'\x1B[31mTimed out 10000ms waiting for \x1B[39m\x1B[2mexpect(\x1B[22m\x1B[31mlocator\x1B[39m\x1B[2m).\x1B[22mtoBeVisible\x1B[2m()\x1B[22m\n'[39m +
      [32m'\n'[39m +
      [32m`Locator: locator('.Vector.site-logo, svg:has(path[d*="M44.6064"])').first()\n`[39m +
      [32m'Expected: visible\n'[39m +
      [32m'Received: <element(s) not found>\n'[39m +
      [32m'Call log:\n'[39m +
      [32m'\x1B[2m  - Expect "toBeVisible" with timeout 10000ms\x1B[22m\n'[39m +
      [32m`\x1B[2m  - waiting for locator('.Vector.site-logo, svg:has(path[d*="M44.6064"])').first()\x1B[22m\n`[39m,
    pass: [33mfalse[39m,
    actual: [32m'<element(s) not found>'[39m,
    name: [32m'toBeVisible'[39m,
    expected: [32m'visible'[39m,
    log: [
      [32m'  - Expect "toBeVisible" with timeout 10000ms'[39m,
      [32m`  - waiting for locator('.Vector.site-logo, svg:has(path[d*="M44.6064"])').first()`[39m
    ],
    timeout: [33m10000[39m
  },
  [32mSymbol(step)[39m: {
    stepId: [32m'expect@15'[39m,
    category: [32m'expect'[39m,
    apiName: [32m'expect.toBeVisible'[39m,
    title: [32m'toBeVisible'[39m,
    params: { expected: [36m[Object][39m },
    infectParentStepsWithError: [90mundefined[39m,
    boxedStack: [90mundefined[39m,
    location: {
      file: [32m'/Users/eljinwhitehead/site-castle/playwright-test/main.spec.ts'[39m,
      line: [33m366[39m,
      column: [33m36[39m,
      function: [32m'MainPageTest.verifyPageLoad'[39m
    },
    steps: [],
    attachmentIndices: [],
    info: TestStepInfoImpl {
      annotations: [],
      _testInfo: [36m[TestInfoImpl][39m,
      _stepId: [32m'expect@15'[39m,
      skip: [36m[Function (anonymous)][39m
    },
    complete: [36m[Function: complete][39m,
    endWallTime: [33m1753895778106[39m,
    error: {
      message: [32m'Error: \x1B[31mTimed out 10000ms waiting for \x1B[39m\x1B[2mexpect(\x1B[22m\x1B[31mlocator\x1B[39m\x1B[2m).\x1B[22mtoBeVisible\x1B[2m()\x1B[22m\n'[39m +
        [32m'\n'[39m +
        [32m`Locator: locator('.Vector.site-logo, svg:has(path[d*="M44.6064"])').first()\n`[39m +
        [32m'Expected: visible\n'[39m +
        [32m'Received: <element(s) not found>\n'[39m +
        [32m'Call log:\n'[39m +
        [32m'\x1B[2m  - Expect "toBeVisible" with timeout 10000ms\x1B[22m\n'[39m +
        [32m`\x1B[2m  - waiting for locator('.Vector.site-logo, svg:has(path[d*="M44.6064"])').first()\x1B[22m\n`[39m,
      stack: [32m'Error: \x1B[31mTimed out 10000ms waiting for \x1B[39m\x1B[2mexpect(\x1B[22m\x1B[31mlocator\x1B[39m\x1B[2m).\x1B[22mtoBeVisible\x1B[2m()\x1B[22m\n'[39m +
        [32m'\n'[39m +
        [32m`Locator: locator('.Vector.site-logo, svg:has(path[d*="M44.6064"])').first()\n`[39m +
        [32m'Expected: visible\n'[39m +
        [32m'Received: <element(s) not found>\n'[39m +
        [32m'Call log:\n'[39m +
        [32m'\x1B[2m  - Expect "toBeVisible" with timeout 10000ms\x1B[22m\n'[39m +
        [32m`\x1B[2m  - waiting for locator('.Vector.site-logo, svg:has(path[d*="M44.6064"])').first()\x1B[22m\n`[39m +
        [32m'\n'[39m +
        [32m'    at MainPageTest.verifyPageLoad (/Users/eljinwhitehead/site-castle/playwright-test/main.spec.ts:366:36)\n'[39m +
        [32m'    at /Users/eljinwhitehead/site-castle/playwright-test/main.spec.ts:394:7'[39m,
      cause: [90mundefined[39m
    }
  }
}

[1A[2KStarting TC-004: Left Navigation Menu Display

[1A[2K[webkit] › playwright-test/main.spec.ts:697:9 › Castle.com Main Page Tests › Original Games Section Test Cases › TC-013: Original Games Navigation
Starting main page test setup...

[1A[2K[firefox] › playwright-test/main.spec.ts:1070:9 › Castle.com Main Page Tests › Responsive Design Test Cases › TC-030: Tablet Responsiveness
Page ready check completed

[1A[2KVerifying main page load...

[1A[2KMain page verification complete

[1A[2KStarting TC-030: Tablet Responsiveness

[1A[2K[webkit] › playwright-test/main.spec.ts:697:9 › Castle.com Main Page Tests › Original Games Section Test Cases › TC-013: Original Games Navigation
Navigated to main page

[1A[2KWaiting for page to be ready...

[1A[2K[firefox] › playwright-test/main.spec.ts:1070:9 › Castle.com Main Page Tests › Responsive Design Test Cases › TC-030: Tablet Responsiveness
Portrait games per row: 4

[1A[2K[webkit] › playwright-test/main.spec.ts:644:9 › Castle.com Main Page Tests › Featured Games Section Test Cases › TC-011: Featured Game Launch
Page ready check completed

[1A[2KVerifying main page load...

[1A[2KMain page verification complete

[1A[2KStarting TC-011: Featured Game Launch

[1A[2K[firefox] › playwright-test/main.spec.ts:1070:9 › Castle.com Main Page Tests › Responsive Design Test Cases › TC-030: Tablet Responsiveness
Landscape games per row: 2

[1A[2KTC-030 completed

[1A[2K[webkit] › playwright-test/main.spec.ts:670:9 › Castle.com Main Page Tests › Original Games Section Test Cases › TC-012: Original Games Carousel
Page ready check completed

[1A[2KVerifying main page load...

[1A[2KMain page verification complete

[1A[2KStarting TC-012: Original Games Carousel

[1A[2K  39) [firefox] › playwright-test/main.spec.ts:1070:9 › Castle.com Main Page Tests › Responsive Design Test Cases › TC-030: Tablet Responsiveness › Verify that home screen displays correctly on tablet devices 

    Error: [31mTimed out 5000ms waiting for [39m[2mexpect([22m[31mlocator[39m[2m).[22mtoBeVisible[2m()[22m

    Locator: locator('.Vector.site-logo, svg:has(path[d*="M44.6064"])').first()
    Expected: visible
    Received: <element(s) not found>
    Call log:
    [2m  - Expect "toBeVisible" with timeout 5000ms[22m
    [2m  - waiting for locator('.Vector.site-logo, svg:has(path[d*="M44.6064"])').first()[22m


      1076 |         await page.waitForTimeout(1000);
      1077 |         
    > 1078 |         await expect(mainPage.header.logo).toBeVisible();
           |                                            ^
      1079 |         const portraitGamesPerRow = await page.evaluate(() => {
      1080 |           const gameCard = document.querySelector('.BaseBanner') as HTMLElement;
      1081 |           if (!gameCard) return 0;
        at /Users/eljinwhitehead/site-castle/playwright-test/main.spec.ts:1078:44
        at /Users/eljinwhitehead/site-castle/playwright-test/main.spec.ts:1071:7

    Error Context: test-results/main-Castle-com-Main-Page--dabb3-C-030-Tablet-Responsiveness-firefox/error-context.md


[1A[2K[119/99] (retries) [webkit] › playwright-test/main.spec.ts:670:9 › Castle.com Main Page Tests › Original Games Section Test Cases › TC-012: Original Games Carousel (retry #1)
[1A[2K[webkit] › playwright-test/main.spec.ts:644:9 › Castle.com Main Page Tests › Featured Games Section Test Cases › TC-011: Featured Game Launch
Waiting for page to be ready...

[1A[2K[webkit] › playwright-test/main.spec.ts:670:9 › Castle.com Main Page Tests › Original Games Section Test Cases › TC-012: Original Games Carousel
Starting main page test setup...

[1A[2K[120/99] (retries) [webkit] › playwright-test/main.spec.ts:626:9 › Castle.com Main Page Tests › Featured Games Section Test Cases › TC-010: Featured Games Display (retry #1)
[1A[2K[121/99] (retries) [webkit] › playwright-test/main.spec.ts:724:9 › Castle.com Main Page Tests › Hot Games Section Test Cases › TC-014: Hot Games Display
[1A[2K[webkit] › playwright-test/main.spec.ts:724:9 › Castle.com Main Page Tests › Hot Games Section Test Cases › TC-014: Hot Games Display
Starting main page test setup...

[1A[2K[webkit] › playwright-test/main.spec.ts:626:9 › Castle.com Main Page Tests › Featured Games Section Test Cases › TC-010: Featured Games Display
Starting main page test setup...

[1A[2K[webkit] › playwright-test/main.spec.ts:670:9 › Castle.com Main Page Tests › Original Games Section Test Cases › TC-012: Original Games Carousel
Navigated to main page

[1A[2KWaiting for page to be ready...

[1A[2K[webkit] › playwright-test/main.spec.ts:697:9 › Castle.com Main Page Tests › Original Games Section Test Cases › TC-013: Original Games Navigation
Page ready check completed

[1A[2KVerifying main page load...

[1A[2KMain page verification complete

[1A[2KStarting TC-013: Original Games Navigation

[1A[2K[webkit] › playwright-test/main.spec.ts:724:9 › Castle.com Main Page Tests › Hot Games Section Test Cases › TC-014: Hot Games Display
Navigated to main page

[1A[2KWaiting for page to be ready...

[1A[2K[webkit] › playwright-test/main.spec.ts:626:9 › Castle.com Main Page Tests › Featured Games Section Test Cases › TC-010: Featured Games Display
Navigated to main page

[1A[2KWaiting for page to be ready...

[1A[2K[122/99] (retries) [webkit] › playwright-test/main.spec.ts:477:9 › Castle.com Main Page Tests › Navigation Menu Test Cases › TC-004: Left Navigation Menu Display (retry #1)
[1A[2K[webkit] › playwright-test/main.spec.ts:477:9 › Castle.com Main Page Tests › Navigation Menu Test Cases › TC-004: Left Navigation Menu Display
Starting main page test setup...

[1A[2K[webkit] › playwright-test/main.spec.ts:644:9 › Castle.com Main Page Tests › Featured Games Section Test Cases › TC-011: Featured Game Launch
Page ready check completed

[1A[2KTC-011 completed

[1A[2K[123/99] (retries) [webkit] › playwright-test/main.spec.ts:746:9 › Castle.com Main Page Tests › Hot Games Section Test Cases › TC-015: Recently Added Section
[1A[2K[webkit] › playwright-test/main.spec.ts:746:9 › Castle.com Main Page Tests › Hot Games Section Test Cases › TC-015: Recently Added Section
Starting main page test setup...

[1A[2K[webkit] › playwright-test/main.spec.ts:477:9 › Castle.com Main Page Tests › Navigation Menu Test Cases › TC-004: Left Navigation Menu Display
Navigated to main page

[1A[2KWaiting for page to be ready...

[1A[2K[webkit] › playwright-test/main.spec.ts:746:9 › Castle.com Main Page Tests › Hot Games Section Test Cases › TC-015: Recently Added Section
Navigated to main page

[1A[2KWaiting for page to be ready...

[1A[2K[124/99] (retries) [webkit] › playwright-test/main.spec.ts:503:9 › Castle.com Main Page Tests › Navigation Menu Test Cases › TC-005: Navigation Menu Links (retry #1)
[1A[2K[webkit] › playwright-test/main.spec.ts:503:9 › Castle.com Main Page Tests › Navigation Menu Test Cases › TC-005: Navigation Menu Links
Starting main page test setup...

[1A[2KNavigated to main page

[1A[2KWaiting for page to be ready...

[1A[2K[webkit] › playwright-test/main.spec.ts:670:9 › Castle.com Main Page Tests › Original Games Section Test Cases › TC-012: Original Games Carousel
Page ready check had issues: page.waitForSelector: Timeout 10000ms exceeded.
Call log:
[2m  - waiting for locator('.AppMain') to be visible[22m

    at MainPageTest.waitForPageReady [90m(/Users/eljinwhitehead/site-castle/[39mplaywright-test/main.spec.ts:250:23[90m)[39m
    at [90m/Users/eljinwhitehead/site-castle/[39mplaywright-test/main.spec.ts:387:7 {
  name: [32m'TimeoutError'[39m,
  [32mSymbol(step)[39m: {
    stepId: [32m'pw:api@13'[39m,
    location: {
      file: [32m'/Users/eljinwhitehead/site-castle/playwright-test/main.spec.ts'[39m,
      line: [33m250[39m,
      column: [33m23[39m,
      function: [32m'MainPageTest.waitForPageReady'[39m
    },
    category: [32m'pw:api'[39m,
    title: [32m"Wait for selector locator('.AppMain')"[39m,
    apiName: [32m'page.waitForSelector'[39m,
    params: { selector: [32m'.AppMain'[39m, state: [32m'visible'[39m, timeout: [33m10000[39m },
    boxedStack: [90mundefined[39m,
    steps: [],
    attachmentIndices: [],
    info: TestStepInfoImpl {
      annotations: [],
      _testInfo: [36m[TestInfoImpl][39m,
      _stepId: [32m'pw:api@13'[39m,
      skip: [36m[Function (anonymous)][39m
    },
    complete: [36m[Function: complete][39m,
    endWallTime: [33m1753895794792[39m,
    error: {
      message: [32m'TimeoutError: page.waitForSelector: Timeout 10000ms exceeded.\n'[39m +
        [32m'Call log:\n'[39m +
        [32m"\x1B[2m  - waiting for locator('.AppMain') to be visible\x1B[22m\n"[39m,
      stack: [32m'TimeoutError: page.waitForSelector: Timeout 10000ms exceeded.\n'[39m +
        [32m'Call log:\n'[39m +
        [32m"\x1B[2m  - waiting for locator('.AppMain') to be visible\x1B[22m\n"[39m +
        [32m'\n'[39m +
        [32m'    at MainPageTest.waitForPageReady (/Users/eljinwhitehead/site-castle/playwright-test/main.spec.ts:250:23)\n'[39m +
        [32m'    at /Users/eljinwhitehead/site-castle/playwright-test/main.spec.ts:387:7'[39m,
      cause: [90mundefined[39m
    }
  }
}

[1A[2KVerifying main page load...

[1A[2K[webkit] › playwright-test/main.spec.ts:724:9 › Castle.com Main Page Tests › Hot Games Section Test Cases › TC-014: Hot Games Display
Page ready check had issues: page.waitForSelector: Timeout 10000ms exceeded.
Call log:
[2m  - waiting for locator('.AppMain') to be visible[22m

    at MainPageTest.waitForPageReady [90m(/Users/eljinwhitehead/site-castle/[39mplaywright-test/main.spec.ts:250:23[90m)[39m
    at [90m/Users/eljinwhitehead/site-castle/[39mplaywright-test/main.spec.ts:387:7 {
  name: [32m'TimeoutError'[39m,
  [32mSymbol(step)[39m: {
    stepId: [32m'pw:api@13'[39m,
    location: {
      file: [32m'/Users/eljinwhitehead/site-castle/playwright-test/main.spec.ts'[39m,
      line: [33m250[39m,
      column: [33m23[39m,
      function: [32m'MainPageTest.waitForPageReady'[39m
    },
    category: [32m'pw:api'[39m,
    title: [32m"Wait for selector locator('.AppMain')"[39m,
    apiName: [32m'page.waitForSelector'[39m,
    params: { selector: [32m'.AppMain'[39m, state: [32m'visible'[39m, timeout: [33m10000[39m },
    boxedStack: [90mundefined[39m,
    steps: [],
    attachmentIndices: [],
    info: TestStepInfoImpl {
      annotations: [],
      _testInfo: [36m[TestInfoImpl][39m,
      _stepId: [32m'pw:api@13'[39m,
      skip: [36m[Function (anonymous)][39m
    },
    complete: [36m[Function: complete][39m,
    endWallTime: [33m1753895795015[39m,
    error: {
      message: [32m'TimeoutError: page.waitForSelector: Timeout 10000ms exceeded.\n'[39m +
        [32m'Call log:\n'[39m +
        [32m"\x1B[2m  - waiting for locator('.AppMain') to be visible\x1B[22m\n"[39m,
      stack: [32m'TimeoutError: page.waitForSelector: Timeout 10000ms exceeded.\n'[39m +
        [32m'Call log:\n'[39m +
        [32m"\x1B[2m  - waiting for locator('.AppMain') to be visible\x1B[22m\n"[39m +
        [32m'\n'[39m +
        [32m'    at MainPageTest.waitForPageReady (/Users/eljinwhitehead/site-castle/playwright-test/main.spec.ts:250:23)\n'[39m +
        [32m'    at /Users/eljinwhitehead/site-castle/playwright-test/main.spec.ts:387:7'[39m,
      cause: [90mundefined[39m
    }
  }
}

[1A[2KVerifying main page load...

[1A[2K[webkit] › playwright-test/main.spec.ts:626:9 › Castle.com Main Page Tests › Featured Games Section Test Cases › TC-010: Featured Games Display
Page ready check had issues: page.waitForSelector: Timeout 10000ms exceeded.
Call log:
[2m  - waiting for locator('.AppMain') to be visible[22m

    at MainPageTest.waitForPageReady [90m(/Users/eljinwhitehead/site-castle/[39mplaywright-test/main.spec.ts:250:23[90m)[39m
    at [90m/Users/eljinwhitehead/site-castle/[39mplaywright-test/main.spec.ts:387:7 {
  name: [32m'TimeoutError'[39m,
  [32mSymbol(step)[39m: {
    stepId: [32m'pw:api@13'[39m,
    location: {
      file: [32m'/Users/eljinwhitehead/site-castle/playwright-test/main.spec.ts'[39m,
      line: [33m250[39m,
      column: [33m23[39m,
      function: [32m'MainPageTest.waitForPageReady'[39m
    },
    category: [32m'pw:api'[39m,
    title: [32m"Wait for selector locator('.AppMain')"[39m,
    apiName: [32m'page.waitForSelector'[39m,
    params: { selector: [32m'.AppMain'[39m, state: [32m'visible'[39m, timeout: [33m10000[39m },
    boxedStack: [90mundefined[39m,
    steps: [],
    attachmentIndices: [],
    info: TestStepInfoImpl {
      annotations: [],
      _testInfo: [36m[TestInfoImpl][39m,
      _stepId: [32m'pw:api@13'[39m,
      skip: [36m[Function (anonymous)][39m
    },
    complete: [36m[Function: complete][39m,
    endWallTime: [33m1753895795334[39m,
    error: {
      message: [32m'TimeoutError: page.waitForSelector: Timeout 10000ms exceeded.\n'[39m +
        [32m'Call log:\n'[39m +
        [32m"\x1B[2m  - waiting for locator('.AppMain') to be visible\x1B[22m\n"[39m,
      stack: [32m'TimeoutError: page.waitForSelector: Timeout 10000ms exceeded.\n'[39m +
        [32m'Call log:\n'[39m +
        [32m"\x1B[2m  - waiting for locator('.AppMain') to be visible\x1B[22m\n"[39m +
        [32m'\n'[39m +
        [32m'    at MainPageTest.waitForPageReady (/Users/eljinwhitehead/site-castle/playwright-test/main.spec.ts:250:23)\n'[39m +
        [32m'    at /Users/eljinwhitehead/site-castle/playwright-test/main.spec.ts:387:7'[39m,
      cause: [90mundefined[39m
    }
  }
}

[1A[2KVerifying main page load...

[1A[2K[webkit] › playwright-test/main.spec.ts:503:9 › Castle.com Main Page Tests › Navigation Menu Test Cases › TC-005: Navigation Menu Links
Page ready check completed

[1A[2KVerifying main page load...

[1A[2KMain page verification complete

[1A[2KStarting TC-005: Navigation Menu Links

[1A[2KTesting Referrals link

[1A[2KWaiting for page to be ready...

[1A[2K[webkit] › playwright-test/main.spec.ts:477:9 › Castle.com Main Page Tests › Navigation Menu Test Cases › TC-004: Left Navigation Menu Display
Page ready check had issues: page.waitForSelector: Timeout 10000ms exceeded.
Call log:
[2m  - waiting for locator('.AppMain') to be visible[22m

    at MainPageTest.waitForPageReady [90m(/Users/eljinwhitehead/site-castle/[39mplaywright-test/main.spec.ts:250:23[90m)[39m
    at [90m/Users/eljinwhitehead/site-castle/[39mplaywright-test/main.spec.ts:387:7 {
  name: [32m'TimeoutError'[39m,
  [32mSymbol(step)[39m: {
    stepId: [32m'pw:api@13'[39m,
    location: {
      file: [32m'/Users/eljinwhitehead/site-castle/playwright-test/main.spec.ts'[39m,
      line: [33m250[39m,
      column: [33m23[39m,
      function: [32m'MainPageTest.waitForPageReady'[39m
    },
    category: [32m'pw:api'[39m,
    title: [32m"Wait for selector locator('.AppMain')"[39m,
    apiName: [32m'page.waitForSelector'[39m,
    params: { selector: [32m'.AppMain'[39m, state: [32m'visible'[39m, timeout: [33m10000[39m },
    boxedStack: [90mundefined[39m,
    steps: [],
    attachmentIndices: [],
    info: TestStepInfoImpl {
      annotations: [],
      _testInfo: [36m[TestInfoImpl][39m,
      _stepId: [32m'pw:api@13'[39m,
      skip: [36m[Function (anonymous)][39m
    },
    complete: [36m[Function: complete][39m,
    endWallTime: [33m1753895797211[39m,
    error: {
      message: [32m'TimeoutError: page.waitForSelector: Timeout 10000ms exceeded.\n'[39m +
        [32m'Call log:\n'[39m +
        [32m"\x1B[2m  - waiting for locator('.AppMain') to be visible\x1B[22m\n"[39m,
      stack: [32m'TimeoutError: page.waitForSelector: Timeout 10000ms exceeded.\n'[39m +
        [32m'Call log:\n'[39m +
        [32m"\x1B[2m  - waiting for locator('.AppMain') to be visible\x1B[22m\n"[39m +
        [32m'\n'[39m +
        [32m'    at MainPageTest.waitForPageReady (/Users/eljinwhitehead/site-castle/playwright-test/main.spec.ts:250:23)\n'[39m +
        [32m'    at /Users/eljinwhitehead/site-castle/playwright-test/main.spec.ts:387:7'[39m,
      cause: [90mundefined[39m
    }
  }
}

[1A[2KVerifying main page load...

[1A[2K[webkit] › playwright-test/main.spec.ts:746:9 › Castle.com Main Page Tests › Hot Games Section Test Cases › TC-015: Recently Added Section
Page ready check had issues: page.waitForSelector: Timeout 10000ms exceeded.
Call log:
[2m  - waiting for locator('.AppMain') to be visible[22m

    at MainPageTest.waitForPageReady [90m(/Users/eljinwhitehead/site-castle/[39mplaywright-test/main.spec.ts:250:23[90m)[39m
    at [90m/Users/eljinwhitehead/site-castle/[39mplaywright-test/main.spec.ts:387:7 {
  name: [32m'TimeoutError'[39m,
  [32mSymbol(step)[39m: {
    stepId: [32m'pw:api@11'[39m,
    location: {
      file: [32m'/Users/eljinwhitehead/site-castle/playwright-test/main.spec.ts'[39m,
      line: [33m250[39m,
      column: [33m23[39m,
      function: [32m'MainPageTest.waitForPageReady'[39m
    },
    category: [32m'pw:api'[39m,
    title: [32m"Wait for selector locator('.AppMain')"[39m,
    apiName: [32m'page.waitForSelector'[39m,
    params: { selector: [32m'.AppMain'[39m, state: [32m'visible'[39m, timeout: [33m10000[39m },
    boxedStack: [90mundefined[39m,
    steps: [],
    attachmentIndices: [],
    info: TestStepInfoImpl {
      annotations: [],
      _testInfo: [36m[TestInfoImpl][39m,
      _stepId: [32m'pw:api@11'[39m,
      skip: [36m[Function (anonymous)][39m
    },
    complete: [36m[Function: complete][39m,
    endWallTime: [33m1753895797762[39m,
    error: {
      message: [32m'TimeoutError: page.waitForSelector: Timeout 10000ms exceeded.\n'[39m +
        [32m'Call log:\n'[39m +
        [32m"\x1B[2m  - waiting for locator('.AppMain') to be visible\x1B[22m\n"[39m,
      stack: [32m'TimeoutError: page.waitForSelector: Timeout 10000ms exceeded.\n'[39m +
        [32m'Call log:\n'[39m +
        [32m"\x1B[2m  - waiting for locator('.AppMain') to be visible\x1B[22m\n"[39m +
        [32m'\n'[39m +
        [32m'    at MainPageTest.waitForPageReady (/Users/eljinwhitehead/site-castle/playwright-test/main.spec.ts:250:23)\n'[39m +
        [32m'    at /Users/eljinwhitehead/site-castle/playwright-test/main.spec.ts:387:7'[39m,
      cause: [90mundefined[39m
    }
  }
}

[1A[2KVerifying main page load...

[1A[2K[webkit] › playwright-test/main.spec.ts:503:9 › Castle.com Main Page Tests › Navigation Menu Test Cases › TC-005: Navigation Menu Links
Page ready check completed

[1A[2KTesting Duel Game link

[1A[2KWaiting for page to be ready...

[1A[2KPage ready check completed

[1A[2KTesting Cases Battles link

[1A[2KWaiting for page to be ready...

[1A[2K[125/99] (retries) [webkit] › playwright-test/main.spec.ts:697:9 › Castle.com Main Page Tests › Original Games Section Test Cases › TC-013: Original Games Navigation (retry #1)
[1A[2K[webkit] › playwright-test/main.spec.ts:697:9 › Castle.com Main Page Tests › Original Games Section Test Cases › TC-013: Original Games Navigation
Starting main page test setup...

[1A[2K[webkit] › playwright-test/main.spec.ts:670:9 › Castle.com Main Page Tests › Original Games Section Test Cases › TC-012: Original Games Carousel
Error in test setup: ExpectError: [31mTimed out 10000ms waiting for [39m[2mexpect([22m[31mlocator[39m[2m).[22mtoBeVisible[2m()[22m

Locator: locator('.Vector.site-logo, svg:has(path[d*="M44.6064"])').first()
Expected: visible
Received: <element(s) not found>
Call log:
[2m  - Expect "toBeVisible" with timeout 10000ms[22m
[2m  - waiting for locator('.Vector.site-logo, svg:has(path[d*="M44.6064"])').first()[22m

    at MainPageTest.verifyPageLoad [90m(/Users/eljinwhitehead/site-castle/[39mplaywright-test/main.spec.ts:366:36[90m)[39m
    at [90m/Users/eljinwhitehead/site-castle/[39mplaywright-test/main.spec.ts:394:7 {
  matcherResult: {
    message: [32m'\x1B[31mTimed out 10000ms waiting for \x1B[39m\x1B[2mexpect(\x1B[22m\x1B[31mlocator\x1B[39m\x1B[2m).\x1B[22mtoBeVisible\x1B[2m()\x1B[22m\n'[39m +
      [32m'\n'[39m +
      [32m`Locator: locator('.Vector.site-logo, svg:has(path[d*="M44.6064"])').first()\n`[39m +
      [32m'Expected: visible\n'[39m +
      [32m'Received: <element(s) not found>\n'[39m +
      [32m'Call log:\n'[39m +
      [32m'\x1B[2m  - Expect "toBeVisible" with timeout 10000ms\x1B[22m\n'[39m +
      [32m`\x1B[2m  - waiting for locator('.Vector.site-logo, svg:has(path[d*="M44.6064"])').first()\x1B[22m\n`[39m,
    pass: [33mfalse[39m,
    actual: [32m'<element(s) not found>'[39m,
    name: [32m'toBeVisible'[39m,
    expected: [32m'visible'[39m,
    log: [
      [32m'  - Expect "toBeVisible" with timeout 10000ms'[39m,
      [32m`  - waiting for locator('.Vector.site-logo, svg:has(path[d*="M44.6064"])').first()`[39m
    ],
    timeout: [33m10000[39m
  },
  [32mSymbol(step)[39m: {
    stepId: [32m'expect@15'[39m,
    category: [32m'expect'[39m,
    apiName: [32m'expect.toBeVisible'[39m,
    title: [32m'toBeVisible'[39m,
    params: { expected: [36m[Object][39m },
    infectParentStepsWithError: [90mundefined[39m,
    boxedStack: [90mundefined[39m,
    location: {
      file: [32m'/Users/eljinwhitehead/site-castle/playwright-test/main.spec.ts'[39m,
      line: [33m366[39m,
      column: [33m36[39m,
      function: [32m'MainPageTest.verifyPageLoad'[39m
    },
    steps: [],
    attachmentIndices: [],
    info: TestStepInfoImpl {
      annotations: [],
      _testInfo: [36m[TestInfoImpl][39m,
      _stepId: [32m'expect@15'[39m,
      skip: [36m[Function (anonymous)][39m
    },
    complete: [36m[Function: complete][39m,
    endWallTime: [33m1753895804803[39m,
    error: {
      message: [32m'Error: \x1B[31mTimed out 10000ms waiting for \x1B[39m\x1B[2mexpect(\x1B[22m\x1B[31mlocator\x1B[39m\x1B[2m).\x1B[22mtoBeVisible\x1B[2m()\x1B[22m\n'[39m +
        [32m'\n'[39m +
        [32m`Locator: locator('.Vector.site-logo, svg:has(path[d*="M44.6064"])').first()\n`[39m +
        [32m'Expected: visible\n'[39m +
        [32m'Received: <element(s) not found>\n'[39m +
        [32m'Call log:\n'[39m +
        [32m'\x1B[2m  - Expect "toBeVisible" with timeout 10000ms\x1B[22m\n'[39m +
        [32m`\x1B[2m  - waiting for locator('.Vector.site-logo, svg:has(path[d*="M44.6064"])').first()\x1B[22m\n`[39m,
      stack: [32m'Error: \x1B[31mTimed out 10000ms waiting for \x1B[39m\x1B[2mexpect(\x1B[22m\x1B[31mlocator\x1B[39m\x1B[2m).\x1B[22mtoBeVisible\x1B[2m()\x1B[22m\n'[39m +
        [32m'\n'[39m +
        [32m`Locator: locator('.Vector.site-logo, svg:has(path[d*="M44.6064"])').first()\n`[39m +
        [32m'Expected: visible\n'[39m +
        [32m'Received: <element(s) not found>\n'[39m +
        [32m'Call log:\n'[39m +
        [32m'\x1B[2m  - Expect "toBeVisible" with timeout 10000ms\x1B[22m\n'[39m +
        [32m`\x1B[2m  - waiting for locator('.Vector.site-logo, svg:has(path[d*="M44.6064"])').first()\x1B[22m\n`[39m +
        [32m'\n'[39m +
        [32m'    at MainPageTest.verifyPageLoad (/Users/eljinwhitehead/site-castle/playwright-test/main.spec.ts:366:36)\n'[39m +
        [32m'    at /Users/eljinwhitehead/site-castle/playwright-test/main.spec.ts:394:7'[39m,
      cause: [90mundefined[39m
    }
  }
}

[1A[2KStarting TC-012: Original Games Carousel

[1A[2K[webkit] › playwright-test/main.spec.ts:724:9 › Castle.com Main Page Tests › Hot Games Section Test Cases › TC-014: Hot Games Display
Error in test setup: ExpectError: [31mTimed out 10000ms waiting for [39m[2mexpect([22m[31mlocator[39m[2m).[22mtoBeVisible[2m()[22m

Locator: locator('.Vector.site-logo, svg:has(path[d*="M44.6064"])').first()
Expected: visible
Received: <element(s) not found>
Call log:
[2m  - Expect "toBeVisible" with timeout 10000ms[22m
[2m  - waiting for locator('.Vector.site-logo, svg:has(path[d*="M44.6064"])').first()[22m

    at MainPageTest.verifyPageLoad [90m(/Users/eljinwhitehead/site-castle/[39mplaywright-test/main.spec.ts:366:36[90m)[39m
    at [90m/Users/eljinwhitehead/site-castle/[39mplaywright-test/main.spec.ts:394:7 {
  matcherResult: {
    message: [32m'\x1B[31mTimed out 10000ms waiting for \x1B[39m\x1B[2mexpect(\x1B[22m\x1B[31mlocator\x1B[39m\x1B[2m).\x1B[22mtoBeVisible\x1B[2m()\x1B[22m\n'[39m +
      [32m'\n'[39m +
      [32m`Locator: locator('.Vector.site-logo, svg:has(path[d*="M44.6064"])').first()\n`[39m +
      [32m'Expected: visible\n'[39m +
      [32m'Received: <element(s) not found>\n'[39m +
      [32m'Call log:\n'[39m +
      [32m'\x1B[2m  - Expect "toBeVisible" with timeout 10000ms\x1B[22m\n'[39m +
      [32m`\x1B[2m  - waiting for locator('.Vector.site-logo, svg:has(path[d*="M44.6064"])').first()\x1B[22m\n`[39m,
    pass: [33mfalse[39m,
    actual: [32m'<element(s) not found>'[39m,
    name: [32m'toBeVisible'[39m,
    expected: [32m'visible'[39m,
    log: [
      [32m'  - Expect "toBeVisible" with timeout 10000ms'[39m,
      [32m`  - waiting for locator('.Vector.site-logo, svg:has(path[d*="M44.6064"])').first()`[39m
    ],
    timeout: [33m10000[39m
  },
  [32mSymbol(step)[39m: {
    stepId: [32m'expect@15'[39m,
    category: [32m'expect'[39m,
    apiName: [32m'expect.toBeVisible'[39m,
    title: [32m'toBeVisible'[39m,
    params: { expected: [36m[Object][39m },
    infectParentStepsWithError: [90mundefined[39m,
    boxedStack: [90mundefined[39m,
    location: {
      file: [32m'/Users/eljinwhitehead/site-castle/playwright-test/main.spec.ts'[39m,
      line: [33m366[39m,
      column: [33m36[39m,
      function: [32m'MainPageTest.verifyPageLoad'[39m
    },
    steps: [],
    attachmentIndices: [],
    info: TestStepInfoImpl {
      annotations: [],
      _testInfo: [36m[TestInfoImpl][39m,
      _stepId: [32m'expect@15'[39m,
      skip: [36m[Function (anonymous)][39m
    },
    complete: [36m[Function: complete][39m,
    endWallTime: [33m1753895805023[39m,
    error: {
      message: [32m'Error: \x1B[31mTimed out 10000ms waiting for \x1B[39m\x1B[2mexpect(\x1B[22m\x1B[31mlocator\x1B[39m\x1B[2m).\x1B[22mtoBeVisible\x1B[2m()\x1B[22m\n'[39m +
        [32m'\n'[39m +
        [32m`Locator: locator('.Vector.site-logo, svg:has(path[d*="M44.6064"])').first()\n`[39m +
        [32m'Expected: visible\n'[39m +
        [32m'Received: <element(s) not found>\n'[39m +
        [32m'Call log:\n'[39m +
        [32m'\x1B[2m  - Expect "toBeVisible" with timeout 10000ms\x1B[22m\n'[39m +
        [32m`\x1B[2m  - waiting for locator('.Vector.site-logo, svg:has(path[d*="M44.6064"])').first()\x1B[22m\n`[39m,
      stack: [32m'Error: \x1B[31mTimed out 10000ms waiting for \x1B[39m\x1B[2mexpect(\x1B[22m\x1B[31mlocator\x1B[39m\x1B[2m).\x1B[22mtoBeVisible\x1B[2m()\x1B[22m\n'[39m +
        [32m'\n'[39m +
        [32m`Locator: locator('.Vector.site-logo, svg:has(path[d*="M44.6064"])').first()\n`[39m +
        [32m'Expected: visible\n'[39m +
        [32m'Received: <element(s) not found>\n'[39m +
        [32m'Call log:\n'[39m +
        [32m'\x1B[2m  - Expect "toBeVisible" with timeout 10000ms\x1B[22m\n'[39m +
        [32m`\x1B[2m  - waiting for locator('.Vector.site-logo, svg:has(path[d*="M44.6064"])').first()\x1B[22m\n`[39m +
        [32m'\n'[39m +
        [32m'    at MainPageTest.verifyPageLoad (/Users/eljinwhitehead/site-castle/playwright-test/main.spec.ts:366:36)\n'[39m +
        [32m'    at /Users/eljinwhitehead/site-castle/playwright-test/main.spec.ts:394:7'[39m,
      cause: [90mundefined[39m
    }
  }
}

[1A[2KStarting TC-014: Hot Games Display

[1A[2K[webkit] › playwright-test/main.spec.ts:697:9 › Castle.com Main Page Tests › Original Games Section Test Cases › TC-013: Original Games Navigation
Navigated to main page

[1A[2KWaiting for page to be ready...

[1A[2K[webkit] › playwright-test/main.spec.ts:503:9 › Castle.com Main Page Tests › Navigation Menu Test Cases › TC-005: Navigation Menu Links
Page ready check completed

[1A[2KTesting Games link

[1A[2K[webkit] › playwright-test/main.spec.ts:626:9 › Castle.com Main Page Tests › Featured Games Section Test Cases › TC-010: Featured Games Display
Error in test setup: ExpectError: [31mTimed out 10000ms waiting for [39m[2mexpect([22m[31mlocator[39m[2m).[22mtoBeVisible[2m()[22m

Locator: locator('.Vector.site-logo, svg:has(path[d*="M44.6064"])').first()
Expected: visible
Received: <element(s) not found>
Call log:
[2m  - Expect "toBeVisible" with timeout 10000ms[22m
[2m  - waiting for locator('.Vector.site-logo, svg:has(path[d*="M44.6064"])').first()[22m

    at MainPageTest.verifyPageLoad [90m(/Users/eljinwhitehead/site-castle/[39mplaywright-test/main.spec.ts:366:36[90m)[39m
    at [90m/Users/eljinwhitehead/site-castle/[39mplaywright-test/main.spec.ts:394:7 {
  matcherResult: {
    message: [32m'\x1B[31mTimed out 10000ms waiting for \x1B[39m\x1B[2mexpect(\x1B[22m\x1B[31mlocator\x1B[39m\x1B[2m).\x1B[22mtoBeVisible\x1B[2m()\x1B[22m\n'[39m +
      [32m'\n'[39m +
      [32m`Locator: locator('.Vector.site-logo, svg:has(path[d*="M44.6064"])').first()\n`[39m +
      [32m'Expected: visible\n'[39m +
      [32m'Received: <element(s) not found>\n'[39m +
      [32m'Call log:\n'[39m +
      [32m'\x1B[2m  - Expect "toBeVisible" with timeout 10000ms\x1B[22m\n'[39m +
      [32m`\x1B[2m  - waiting for locator('.Vector.site-logo, svg:has(path[d*="M44.6064"])').first()\x1B[22m\n`[39m,
    pass: [33mfalse[39m,
    actual: [32m'<element(s) not found>'[39m,
    name: [32m'toBeVisible'[39m,
    expected: [32m'visible'[39m,
    log: [
      [32m'  - Expect "toBeVisible" with timeout 10000ms'[39m,
      [32m`  - waiting for locator('.Vector.site-logo, svg:has(path[d*="M44.6064"])').first()`[39m
    ],
    timeout: [33m10000[39m
  },
  [32mSymbol(step)[39m: {
    stepId: [32m'expect@15'[39m,
    category: [32m'expect'[39m,
    apiName: [32m'expect.toBeVisible'[39m,
    title: [32m'toBeVisible'[39m,
    params: { expected: [36m[Object][39m },
    infectParentStepsWithError: [90mundefined[39m,
    boxedStack: [90mundefined[39m,
    location: {
      file: [32m'/Users/eljinwhitehead/site-castle/playwright-test/main.spec.ts'[39m,
      line: [33m366[39m,
      column: [33m36[39m,
      function: [32m'MainPageTest.verifyPageLoad'[39m
    },
    steps: [],
    attachmentIndices: [],
    info: TestStepInfoImpl {
      annotations: [],
      _testInfo: [36m[TestInfoImpl][39m,
      _stepId: [32m'expect@15'[39m,
      skip: [36m[Function (anonymous)][39m
    },
    complete: [36m[Function: complete][39m,
    endWallTime: [33m1753895805346[39m,
    error: {
      message: [32m'Error: \x1B[31mTimed out 10000ms waiting for \x1B[39m\x1B[2mexpect(\x1B[22m\x1B[31mlocator\x1B[39m\x1B[2m).\x1B[22mtoBeVisible\x1B[2m()\x1B[22m\n'[39m +
        [32m'\n'[39m +
        [32m`Locator: locator('.Vector.site-logo, svg:has(path[d*="M44.6064"])').first()\n`[39m +
        [32m'Expected: visible\n'[39m +
        [32m'Received: <element(s) not found>\n'[39m +
        [32m'Call log:\n'[39m +
        [32m'\x1B[2m  - Expect "toBeVisible" with timeout 10000ms\x1B[22m\n'[39m +
        [32m`\x1B[2m  - waiting for locator('.Vector.site-logo, svg:has(path[d*="M44.6064"])').first()\x1B[22m\n`[39m,
      stack: [32m'Error: \x1B[31mTimed out 10000ms waiting for \x1B[39m\x1B[2mexpect(\x1B[22m\x1B[31mlocator\x1B[39m\x1B[2m).\x1B[22mtoBeVisible\x1B[2m()\x1B[22m\n'[39m +
        [32m'\n'[39m +
        [32m`Locator: locator('.Vector.site-logo, svg:has(path[d*="M44.6064"])').first()\n`[39m +
        [32m'Expected: visible\n'[39m +
        [32m'Received: <element(s) not found>\n'[39m +
        [32m'Call log:\n'[39m +
        [32m'\x1B[2m  - Expect "toBeVisible" with timeout 10000ms\x1B[22m\n'[39m +
        [32m`\x1B[2m  - waiting for locator('.Vector.site-logo, svg:has(path[d*="M44.6064"])').first()\x1B[22m\n`[39m +
        [32m'\n'[39m +
        [32m'    at MainPageTest.verifyPageLoad (/Users/eljinwhitehead/site-castle/playwright-test/main.spec.ts:366:36)\n'[39m +
        [32m'    at /Users/eljinwhitehead/site-castle/playwright-test/main.spec.ts:394:7'[39m,
      cause: [90mundefined[39m
    }
  }
}

[1A[2KStarting TC-010: Featured Games Display

[1A[2K[webkit] › playwright-test/main.spec.ts:503:9 › Castle.com Main Page Tests › Navigation Menu Test Cases › TC-005: Navigation Menu Links
Waiting for page to be ready...

[1A[2K[webkit] › playwright-test/main.spec.ts:477:9 › Castle.com Main Page Tests › Navigation Menu Test Cases › TC-004: Left Navigation Menu Display
Error in test setup: ExpectError: [31mTimed out 10000ms waiting for [39m[2mexpect([22m[31mlocator[39m[2m).[22mtoBeVisible[2m()[22m

Locator: locator('.Vector.site-logo, svg:has(path[d*="M44.6064"])').first()
Expected: visible
Received: <element(s) not found>
Call log:
[2m  - Expect "toBeVisible" with timeout 10000ms[22m
[2m  - waiting for locator('.Vector.site-logo, svg:has(path[d*="M44.6064"])').first()[22m

    at MainPageTest.verifyPageLoad [90m(/Users/eljinwhitehead/site-castle/[39mplaywright-test/main.spec.ts:366:36[90m)[39m
    at [90m/Users/eljinwhitehead/site-castle/[39mplaywright-test/main.spec.ts:394:7 {
  matcherResult: {
    message: [32m'\x1B[31mTimed out 10000ms waiting for \x1B[39m\x1B[2mexpect(\x1B[22m\x1B[31mlocator\x1B[39m\x1B[2m).\x1B[22mtoBeVisible\x1B[2m()\x1B[22m\n'[39m +
      [32m'\n'[39m +
      [32m`Locator: locator('.Vector.site-logo, svg:has(path[d*="M44.6064"])').first()\n`[39m +
      [32m'Expected: visible\n'[39m +
      [32m'Received: <element(s) not found>\n'[39m +
      [32m'Call log:\n'[39m +
      [32m'\x1B[2m  - Expect "toBeVisible" with timeout 10000ms\x1B[22m\n'[39m +
      [32m`\x1B[2m  - waiting for locator('.Vector.site-logo, svg:has(path[d*="M44.6064"])').first()\x1B[22m\n`[39m,
    pass: [33mfalse[39m,
    actual: [32m'<element(s) not found>'[39m,
    name: [32m'toBeVisible'[39m,
    expected: [32m'visible'[39m,
    log: [
      [32m'  - Expect "toBeVisible" with timeout 10000ms'[39m,
      [32m`  - waiting for locator('.Vector.site-logo, svg:has(path[d*="M44.6064"])').first()`[39m
    ],
    timeout: [33m10000[39m
  },
  [32mSymbol(step)[39m: {
    stepId: [32m'expect@15'[39m,
    category: [32m'expect'[39m,
    apiName: [32m'expect.toBeVisible'[39m,
    title: [32m'toBeVisible'[39m,
    params: { expected: [36m[Object][39m },
    infectParentStepsWithError: [90mundefined[39m,
    boxedStack: [90mundefined[39m,
    location: {
      file: [32m'/Users/eljinwhitehead/site-castle/playwright-test/main.spec.ts'[39m,
      line: [33m366[39m,
      column: [33m36[39m,
      function: [32m'MainPageTest.verifyPageLoad'[39m
    },
    steps: [],
    attachmentIndices: [],
    info: TestStepInfoImpl {
      annotations: [],
      _testInfo: [36m[TestInfoImpl][39m,
      _stepId: [32m'expect@15'[39m,
      skip: [36m[Function (anonymous)][39m
    },
    complete: [36m[Function: complete][39m,
    endWallTime: [33m1753895807223[39m,
    error: {
      message: [32m'Error: \x1B[31mTimed out 10000ms waiting for \x1B[39m\x1B[2mexpect(\x1B[22m\x1B[31mlocator\x1B[39m\x1B[2m).\x1B[22mtoBeVisible\x1B[2m()\x1B[22m\n'[39m +
        [32m'\n'[39m +
        [32m`Locator: locator('.Vector.site-logo, svg:has(path[d*="M44.6064"])').first()\n`[39m +
        [32m'Expected: visible\n'[39m +
        [32m'Received: <element(s) not found>\n'[39m +
        [32m'Call log:\n'[39m +
        [32m'\x1B[2m  - Expect "toBeVisible" with timeout 10000ms\x1B[22m\n'[39m +
        [32m`\x1B[2m  - waiting for locator('.Vector.site-logo, svg:has(path[d*="M44.6064"])').first()\x1B[22m\n`[39m,
      stack: [32m'Error: \x1B[31mTimed out 10000ms waiting for \x1B[39m\x1B[2mexpect(\x1B[22m\x1B[31mlocator\x1B[39m\x1B[2m).\x1B[22mtoBeVisible\x1B[2m()\x1B[22m\n'[39m +
        [32m'\n'[39m +
        [32m`Locator: locator('.Vector.site-logo, svg:has(path[d*="M44.6064"])').first()\n`[39m +
        [32m'Expected: visible\n'[39m +
        [32m'Received: <element(s) not found>\n'[39m +
        [32m'Call log:\n'[39m +
        [32m'\x1B[2m  - Expect "toBeVisible" with timeout 10000ms\x1B[22m\n'[39m +
        [32m`\x1B[2m  - waiting for locator('.Vector.site-logo, svg:has(path[d*="M44.6064"])').first()\x1B[22m\n`[39m +
        [32m'\n'[39m +
        [32m'    at MainPageTest.verifyPageLoad (/Users/eljinwhitehead/site-castle/playwright-test/main.spec.ts:366:36)\n'[39m +
        [32m'    at /Users/eljinwhitehead/site-castle/playwright-test/main.spec.ts:394:7'[39m,
      cause: [90mundefined[39m
    }
  }
}

[1A[2KStarting TC-004: Left Navigation Menu Display

[1A[2K[webkit] › playwright-test/main.spec.ts:746:9 › Castle.com Main Page Tests › Hot Games Section Test Cases › TC-015: Recently Added Section
Error in test setup: ExpectError: [31mTimed out 10000ms waiting for [39m[2mexpect([22m[31mlocator[39m[2m).[22mtoBeVisible[2m()[22m

Locator: locator('.Vector.site-logo, svg:has(path[d*="M44.6064"])').first()
Expected: visible
Received: <element(s) not found>
Call log:
[2m  - Expect "toBeVisible" with timeout 10000ms[22m
[2m  - waiting for locator('.Vector.site-logo, svg:has(path[d*="M44.6064"])').first()[22m

    at MainPageTest.verifyPageLoad [90m(/Users/eljinwhitehead/site-castle/[39mplaywright-test/main.spec.ts:366:36[90m)[39m
    at [90m/Users/eljinwhitehead/site-castle/[39mplaywright-test/main.spec.ts:394:7 {
  matcherResult: {
    message: [32m'\x1B[31mTimed out 10000ms waiting for \x1B[39m\x1B[2mexpect(\x1B[22m\x1B[31mlocator\x1B[39m\x1B[2m).\x1B[22mtoBeVisible\x1B[2m()\x1B[22m\n'[39m +
      [32m'\n'[39m +
      [32m`Locator: locator('.Vector.site-logo, svg:has(path[d*="M44.6064"])').first()\n`[39m +
      [32m'Expected: visible\n'[39m +
      [32m'Received: <element(s) not found>\n'[39m +
      [32m'Call log:\n'[39m +
      [32m'\x1B[2m  - Expect "toBeVisible" with timeout 10000ms\x1B[22m\n'[39m +
      [32m`\x1B[2m  - waiting for locator('.Vector.site-logo, svg:has(path[d*="M44.6064"])').first()\x1B[22m\n`[39m,
    pass: [33mfalse[39m,
    actual: [32m'<element(s) not found>'[39m,
    name: [32m'toBeVisible'[39m,
    expected: [32m'visible'[39m,
    log: [
      [32m'  - Expect "toBeVisible" with timeout 10000ms'[39m,
      [32m`  - waiting for locator('.Vector.site-logo, svg:has(path[d*="M44.6064"])').first()`[39m
    ],
    timeout: [33m10000[39m
  },
  [32mSymbol(step)[39m: {
    stepId: [32m'expect@13'[39m,
    category: [32m'expect'[39m,
    apiName: [32m'expect.toBeVisible'[39m,
    title: [32m'toBeVisible'[39m,
    params: { expected: [36m[Object][39m },
    infectParentStepsWithError: [90mundefined[39m,
    boxedStack: [90mundefined[39m,
    location: {
      file: [32m'/Users/eljinwhitehead/site-castle/playwright-test/main.spec.ts'[39m,
      line: [33m366[39m,
      column: [33m36[39m,
      function: [32m'MainPageTest.verifyPageLoad'[39m
    },
    steps: [],
    attachmentIndices: [],
    info: TestStepInfoImpl {
      annotations: [],
      _testInfo: [36m[TestInfoImpl][39m,
      _stepId: [32m'expect@13'[39m,
      skip: [36m[Function (anonymous)][39m
    },
    complete: [36m[Function: complete][39m,
    endWallTime: [33m1753895807768[39m,
    error: {
      message: [32m'Error: \x1B[31mTimed out 10000ms waiting for \x1B[39m\x1B[2mexpect(\x1B[22m\x1B[31mlocator\x1B[39m\x1B[2m).\x1B[22mtoBeVisible\x1B[2m()\x1B[22m\n'[39m +
        [32m'\n'[39m +
        [32m`Locator: locator('.Vector.site-logo, svg:has(path[d*="M44.6064"])').first()\n`[39m +
        [32m'Expected: visible\n'[39m +
        [32m'Received: <element(s) not found>\n'[39m +
        [32m'Call log:\n'[39m +
        [32m'\x1B[2m  - Expect "toBeVisible" with timeout 10000ms\x1B[22m\n'[39m +
        [32m`\x1B[2m  - waiting for locator('.Vector.site-logo, svg:has(path[d*="M44.6064"])').first()\x1B[22m\n`[39m,
      stack: [32m'Error: \x1B[31mTimed out 10000ms waiting for \x1B[39m\x1B[2mexpect(\x1B[22m\x1B[31mlocator\x1B[39m\x1B[2m).\x1B[22mtoBeVisible\x1B[2m()\x1B[22m\n'[39m +
        [32m'\n'[39m +
        [32m`Locator: locator('.Vector.site-logo, svg:has(path[d*="M44.6064"])').first()\n`[39m +
        [32m'Expected: visible\n'[39m +
        [32m'Received: <element(s) not found>\n'[39m +
        [32m'Call log:\n'[39m +
        [32m'\x1B[2m  - Expect "toBeVisible" with timeout 10000ms\x1B[22m\n'[39m +
        [32m`\x1B[2m  - waiting for locator('.Vector.site-logo, svg:has(path[d*="M44.6064"])').first()\x1B[22m\n`[39m +
        [32m'\n'[39m +
        [32m'    at MainPageTest.verifyPageLoad (/Users/eljinwhitehead/site-castle/playwright-test/main.spec.ts:366:36)\n'[39m +
        [32m'    at /Users/eljinwhitehead/site-castle/playwright-test/main.spec.ts:394:7'[39m,
      cause: [90mundefined[39m
    }
  }
}

[1A[2KStarting TC-015: Recently Added Section

[1A[2K[webkit] › playwright-test/main.spec.ts:503:9 › Castle.com Main Page Tests › Navigation Menu Test Cases › TC-005: Navigation Menu Links
Page ready check completed

[1A[2KTesting Slots link

[1A[2KWaiting for page to be ready...

[1A[2K[webkit] › playwright-test/main.spec.ts:697:9 › Castle.com Main Page Tests › Original Games Section Test Cases › TC-013: Original Games Navigation
Page ready check completed

[1A[2KVerifying main page load...

[1A[2KMain page verification complete

[1A[2KStarting TC-013: Original Games Navigation

[1A[2K  40) [webkit] › playwright-test/main.spec.ts:670:9 › Castle.com Main Page Tests › Original Games Section Test Cases › TC-012: Original Games Carousel › Verify that the Original Games carousel functions correctly 

    Error: [2mexpect([22m[31mreceived[39m[2m).[22mtoBeGreaterThan[2m([22m[32mexpected[39m[2m)[22m

    Expected: > [32m0[39m
    Received:   [31m0[39m

      675 |         
      676 |         const gameCards = await mainPage.originalGames.gameCards.count();
    > 677 |         expect(gameCards).toBeGreaterThan(0);
          |                           ^
      678 |         
      679 |         // Test navigation arrows
      680 |         const nextArrow = mainPage.originalGames.navigationArrows.next;
        at /Users/eljinwhitehead/site-castle/playwright-test/main.spec.ts:677:27
        at /Users/eljinwhitehead/site-castle/playwright-test/main.spec.ts:671:7

    Error Context: test-results/main-Castle-com-Main-Page--8878f-012-Original-Games-Carousel-webkit/error-context.md

    Retry #1 ───────────────────────────────────────────────────────────────────────────────────────

    Error: [31mTimed out 5000ms waiting for [39m[2mexpect([22m[31mlocator[39m[2m).[22mtoBeVisible[2m()[22m

    Locator: locator('h2:has-text("Original Games")').first()
    Expected: visible
    Received: <element(s) not found>
    Call log:
    [2m  - Expect "toBeVisible" with timeout 5000ms[22m
    [2m  - waiting for locator('h2:has-text("Original Games")').first()[22m


      672 |         console.log('Starting TC-012: Original Games Carousel');
      673 |         
    > 674 |         await expect(mainPage.originalGames.sectionTitle).toBeVisible();
          |                                                           ^
      675 |         
      676 |         const gameCards = await mainPage.originalGames.gameCards.count();
      677 |         expect(gameCards).toBeGreaterThan(0);
        at /Users/eljinwhitehead/site-castle/playwright-test/main.spec.ts:674:59
        at /Users/eljinwhitehead/site-castle/playwright-test/main.spec.ts:671:18

    Error Context: test-results/main-Castle-com-Main-Page--8878f-012-Original-Games-Carousel-webkit-retry1/error-context.md

    attachment #2: trace (application/zip) ─────────────────────────────────────────────────────────
    test-results/main-Castle-com-Main-Page--8878f-012-Original-Games-Carousel-webkit-retry1/trace.zip
    Usage:

        npx playwright show-trace test-results/main-Castle-com-Main-Page--8878f-012-Original-Games-Carousel-webkit-retry1/trace.zip

    ────────────────────────────────────────────────────────────────────────────────────────────────


[1A[2K[126/99] (retries) [webkit] › playwright-test/main.spec.ts:724:9 › Castle.com Main Page Tests › Hot Games Section Test Cases › TC-014: Hot Games Display (retry #1)
[1A[2K[127/99] (retries) [webkit] › playwright-test/main.spec.ts:769:9 › Castle.com Main Page Tests › Providers Section Test Cases › TC-016: Game Providers Display
[1A[2K  41) [webkit] › playwright-test/main.spec.ts:626:9 › Castle.com Main Page Tests › Featured Games Section Test Cases › TC-010: Featured Games Display › Verify that the Featured Games section displays games correctly 

    Error: [31mTimed out 5000ms waiting for [39m[2mexpect([22m[31mlocator[39m[2m).[22mtoHaveText[2m([22m[32mexpected[39m[2m)[22m

    Locator: locator('h2:has-text("Featured Games")').first()
    Expected string: [32m"F[7mEATURED GAMES[27m"[39m
    Received string: [31m"F[7meatured Games[27m"[39m
    Call log:
    [2m  - Expect "toHaveText" with timeout 5000ms[22m
    [2m  - waiting for locator('h2:has-text("Featured Games")').first()[22m
    [2m    9 × locator resolved to <h2 class="Heading _s _font-size-20 _font-weight-regular _text-transform-uppercase">Featured Games</h2>[22m
    [2m      - unexpected value "Featured Games"[22m


      629 |         
      630 |         await expect(mainPage.featuredGames.sectionTitle).toBeVisible();
    > 631 |         await expect(mainPage.featuredGames.sectionTitle).toHaveText('FEATURED GAMES');
          |                                                           ^
      632 |         
      633 |         const gameCards = await mainPage.featuredGames.gameCards.count();
      634 |         expect(gameCards).toBeGreaterThan(0);
        at /Users/eljinwhitehead/site-castle/playwright-test/main.spec.ts:631:59
        at /Users/eljinwhitehead/site-castle/playwright-test/main.spec.ts:627:7

    Error Context: test-results/main-Castle-com-Main-Page--b1915--010-Featured-Games-Display-webkit/error-context.md

    Retry #1 ───────────────────────────────────────────────────────────────────────────────────────

    Error: [31mTimed out 5000ms waiting for [39m[2mexpect([22m[31mlocator[39m[2m).[22mtoBeVisible[2m()[22m

    Locator: locator('h2:has-text("Featured Games")').first()
    Expected: visible
    Received: <element(s) not found>
    Call log:
    [2m  - Expect "toBeVisible" with timeout 5000ms[22m
    [2m  - waiting for locator('h2:has-text("Featured Games")').first()[22m


      628 |         console.log('Starting TC-010: Featured Games Display');
      629 |         
    > 630 |         await expect(mainPage.featuredGames.sectionTitle).toBeVisible();
          |                                                           ^
      631 |         await expect(mainPage.featuredGames.sectionTitle).toHaveText('FEATURED GAMES');
      632 |         
      633 |         const gameCards = await mainPage.featuredGames.gameCards.count();
        at /Users/eljinwhitehead/site-castle/playwright-test/main.spec.ts:630:59
        at /Users/eljinwhitehead/site-castle/playwright-test/main.spec.ts:627:18

    Error Context: test-results/main-Castle-com-Main-Page--b1915--010-Featured-Games-Display-webkit-retry1/error-context.md

    attachment #2: trace (application/zip) ─────────────────────────────────────────────────────────
    test-results/main-Castle-com-Main-Page--b1915--010-Featured-Games-Display-webkit-retry1/trace.zip
    Usage:

        npx playwright show-trace test-results/main-Castle-com-Main-Page--b1915--010-Featured-Games-Display-webkit-retry1/trace.zip

    ────────────────────────────────────────────────────────────────────────────────────────────────


[1A[2K[webkit] › playwright-test/main.spec.ts:769:9 › Castle.com Main Page Tests › Providers Section Test Cases › TC-016: Game Providers Display
Starting main page test setup...

[1A[2K[webkit] › playwright-test/main.spec.ts:724:9 › Castle.com Main Page Tests › Hot Games Section Test Cases › TC-014: Hot Games Display
Starting main page test setup...

[1A[2K[128/99] (retries) [webkit] › playwright-test/main.spec.ts:796:9 › Castle.com Main Page Tests › Providers Section Test Cases › TC-017: Provider Filtering
[1A[2K[webkit] › playwright-test/main.spec.ts:796:9 › Castle.com Main Page Tests › Providers Section Test Cases › TC-017: Provider Filtering
Starting main page test setup...

[1A[2K[webkit] › playwright-test/main.spec.ts:503:9 › Castle.com Main Page Tests › Navigation Menu Test Cases › TC-005: Navigation Menu Links
Page ready check completed

[1A[2KTesting Game Shows link

[1A[2K[webkit] › playwright-test/main.spec.ts:724:9 › Castle.com Main Page Tests › Hot Games Section Test Cases › TC-014: Hot Games Display
Navigated to main page

[1A[2KWaiting for page to be ready...

[1A[2K[webkit] › playwright-test/main.spec.ts:769:9 › Castle.com Main Page Tests › Providers Section Test Cases › TC-016: Game Providers Display
Navigated to main page

[1A[2KWaiting for page to be ready...

[1A[2K[webkit] › playwright-test/main.spec.ts:503:9 › Castle.com Main Page Tests › Navigation Menu Test Cases › TC-005: Navigation Menu Links
Waiting for page to be ready...

[1A[2K  42) [webkit] › playwright-test/main.spec.ts:477:9 › Castle.com Main Page Tests › Navigation Menu Test Cases › TC-004: Left Navigation Menu Display › Verify that the left navigation menu displays all required sections 

    Error: [31mTimed out 5000ms waiting for [39m[2mexpect([22m[31mlocator[39m[2m).[22mtoBeVisible[2m()[22m

    Locator: locator('a[href="/"] .label:has-text("Home")').first()
    Expected: visible
    Received: <element(s) not found>
    Call log:
    [2m  - Expect "toBeVisible" with timeout 5000ms[22m
    [2m  - waiting for locator('a[href="/"] .label:has-text("Home")').first()[22m


      479 |         console.log('Starting TC-004: Left Navigation Menu Display');
      480 |         
    > 481 |         await expect(mainPage.navigation.homeLink).toBeVisible();
          |                                                    ^
      482 |         await expect(mainPage.navigation.referralsLink).toBeVisible();
      483 |         
      484 |         // Check RACES section header
        at /Users/eljinwhitehead/site-castle/playwright-test/main.spec.ts:481:52
        at /Users/eljinwhitehead/site-castle/playwright-test/main.spec.ts:478:18

    Error Context: test-results/main-Castle-com-Main-Page--f763f-eft-Navigation-Menu-Display-webkit/error-context.md

    Retry #1 ───────────────────────────────────────────────────────────────────────────────────────

    Error: [31mTimed out 5000ms waiting for [39m[2mexpect([22m[31mlocator[39m[2m).[22mtoBeVisible[2m()[22m

    Locator: locator('a[href="/"] .label:has-text("Home")').first()
    Expected: visible
    Received: <element(s) not found>
    Call log:
    [2m  - Expect "toBeVisible" with timeout 5000ms[22m
    [2m  - waiting for locator('a[href="/"] .label:has-text("Home")').first()[22m


      479 |         console.log('Starting TC-004: Left Navigation Menu Display');
      480 |         
    > 481 |         await expect(mainPage.navigation.homeLink).toBeVisible();
          |                                                    ^
      482 |         await expect(mainPage.navigation.referralsLink).toBeVisible();
      483 |         
      484 |         // Check RACES section header
        at /Users/eljinwhitehead/site-castle/playwright-test/main.spec.ts:481:52
        at /Users/eljinwhitehead/site-castle/playwright-test/main.spec.ts:478:18

    Error Context: test-results/main-Castle-com-Main-Page--f763f-eft-Navigation-Menu-Display-webkit-retry1/error-context.md

    attachment #2: trace (application/zip) ─────────────────────────────────────────────────────────
    test-results/main-Castle-com-Main-Page--f763f-eft-Navigation-Menu-Display-webkit-retry1/trace.zip
    Usage:

        npx playwright show-trace test-results/main-Castle-com-Main-Page--f763f-eft-Navigation-Menu-Display-webkit-retry1/trace.zip

    ────────────────────────────────────────────────────────────────────────────────────────────────


[1A[2K[webkit] › playwright-test/main.spec.ts:796:9 › Castle.com Main Page Tests › Providers Section Test Cases › TC-017: Provider Filtering
Navigated to main page

[1A[2KWaiting for page to be ready...

[1A[2K[129/99] (retries) [webkit] › playwright-test/main.spec.ts:819:9 › Castle.com Main Page Tests › Categories Section Test Cases › TC-018: Game Categories Display
[1A[2K[130/99] (retries) [webkit] › playwright-test/main.spec.ts:746:9 › Castle.com Main Page Tests › Hot Games Section Test Cases › TC-015: Recently Added Section (retry #1)
[1A[2K[webkit] › playwright-test/main.spec.ts:819:9 › Castle.com Main Page Tests › Categories Section Test Cases › TC-018: Game Categories Display
Starting main page test setup...

[1A[2K[webkit] › playwright-test/main.spec.ts:746:9 › Castle.com Main Page Tests › Hot Games Section Test Cases › TC-015: Recently Added Section
Starting main page test setup...

[1A[2K[webkit] › playwright-test/main.spec.ts:819:9 › Castle.com Main Page Tests › Categories Section Test Cases › TC-018: Game Categories Display
Navigated to main page

[1A[2KWaiting for page to be ready...

[1A[2K[webkit] › playwright-test/main.spec.ts:746:9 › Castle.com Main Page Tests › Hot Games Section Test Cases › TC-015: Recently Added Section
Navigated to main page

[1A[2KWaiting for page to be ready...

[1A[2K[webkit] › playwright-test/main.spec.ts:503:9 › Castle.com Main Page Tests › Navigation Menu Test Cases › TC-005: Navigation Menu Links
Page ready check completed

[1A[2KTesting VIP link

[1A[2KWaiting for page to be ready...

[1A[2K[webkit] › playwright-test/main.spec.ts:724:9 › Castle.com Main Page Tests › Hot Games Section Test Cases › TC-014: Hot Games Display
Page ready check completed

[1A[2KVerifying main page load...

[1A[2KMain page verification complete

[1A[2KStarting TC-014: Hot Games Display

[1A[2K[webkit] › playwright-test/main.spec.ts:769:9 › Castle.com Main Page Tests › Providers Section Test Cases › TC-016: Game Providers Display
Page ready check completed

[1A[2KVerifying main page load...

[1A[2KMain page verification complete

[1A[2KStarting TC-016: Game Providers Display

[1A[2K[webkit] › playwright-test/main.spec.ts:796:9 › Castle.com Main Page Tests › Providers Section Test Cases › TC-017: Provider Filtering
Page ready check completed

[1A[2KVerifying main page load...

[1A[2KMain page verification complete

[1A[2KStarting TC-017: Provider Filtering

[1A[2KClicking provider logo: Evolution

[1A[2KClicked Evolution provider

[1A[2KFilter applied: false

[1A[2KTC-017 completed

[1A[2K[131/99] (retries) [webkit] › playwright-test/main.spec.ts:840:9 › Castle.com Main Page Tests › Categories Section Test Cases › TC-019: Category Navigation
[1A[2K[webkit] › playwright-test/main.spec.ts:840:9 › Castle.com Main Page Tests › Categories Section Test Cases › TC-019: Category Navigation
Starting main page test setup...

[1A[2KNavigated to main page

[1A[2KWaiting for page to be ready...

[1A[2K  43) [webkit] › playwright-test/main.spec.ts:724:9 › Castle.com Main Page Tests › Hot Games Section Test Cases › TC-014: Hot Games Display › Verify that Hot Games section displays popular games 

    Error: [31mTimed out 5000ms waiting for [39m[2mexpect([22m[31mlocator[39m[2m).[22mtoBeVisible[2m()[22m

    Locator: locator('h2:has-text("Hot Games")').first()
    Expected: visible
    Received: <element(s) not found>
    Call log:
    [2m  - Expect "toBeVisible" with timeout 5000ms[22m
    [2m  - waiting for locator('h2:has-text("Hot Games")').first()[22m


      726 |         console.log('Starting TC-014: Hot Games Display');
      727 |         
    > 728 |         await expect(mainPage.hotGames.sectionTitle).toBeVisible();
          |                                                      ^
      729 |         await expect(mainPage.hotGames.sectionTitle).toHaveText('HOT GAMES');
      730 |         
      731 |         const gameCards = await mainPage.hotGames.gameCards.count();
        at /Users/eljinwhitehead/site-castle/playwright-test/main.spec.ts:728:54
        at /Users/eljinwhitehead/site-castle/playwright-test/main.spec.ts:725:18

    Error Context: test-results/main-Castle-com-Main-Page--8842d-es-TC-014-Hot-Games-Display-webkit/error-context.md

    Retry #1 ───────────────────────────────────────────────────────────────────────────────────────

    Error: [31mTimed out 5000ms waiting for [39m[2mexpect([22m[31mlocator[39m[2m).[22mtoHaveText[2m([22m[32mexpected[39m[2m)[22m

    Locator: locator('h2:has-text("Hot Games")').first()
    Expected string: [32m"HOT GAMES"[39m
    Received: <element(s) not found>
    Call log:
    [2m  - Expect "toHaveText" with timeout 5000ms[22m
    [2m  - waiting for locator('h2:has-text("Hot Games")').first()[22m
    [2m    4 × locator resolved to <h2 class="Heading _s _font-size-20 _font-weight-regular _text-transform-uppercase">Hot Games</h2>[22m
    [2m      - unexpected value "Hot Games"[22m


      727 |         
      728 |         await expect(mainPage.hotGames.sectionTitle).toBeVisible();
    > 729 |         await expect(mainPage.hotGames.sectionTitle).toHaveText('HOT GAMES');
          |                                                      ^
      730 |         
      731 |         const gameCards = await mainPage.hotGames.gameCards.count();
      732 |         expect(gameCards).toBeGreaterThan(0);
        at /Users/eljinwhitehead/site-castle/playwright-test/main.spec.ts:729:54
        at /Users/eljinwhitehead/site-castle/playwright-test/main.spec.ts:725:7

    Error Context: test-results/main-Castle-com-Main-Page--8842d-es-TC-014-Hot-Games-Display-webkit-retry1/error-context.md

    attachment #2: trace (application/zip) ─────────────────────────────────────────────────────────
    test-results/main-Castle-com-Main-Page--8842d-es-TC-014-Hot-Games-Display-webkit-retry1/trace.zip
    Usage:

        npx playwright show-trace test-results/main-Castle-com-Main-Page--8842d-es-TC-014-Hot-Games-Display-webkit-retry1/trace.zip

    ────────────────────────────────────────────────────────────────────────────────────────────────


[1A[2K[132/99] (retries) [webkit] › playwright-test/main.spec.ts:856:9 › Castle.com Main Page Tests › Bets & Races Section Test Cases › TC-020: Bets & Races Tabs
[1A[2K[133/99] (retries) [webkit] › playwright-test/main.spec.ts:769:9 › Castle.com Main Page Tests › Providers Section Test Cases › TC-016: Game Providers Display (retry #1)
[1A[2K[webkit] › playwright-test/main.spec.ts:856:9 › Castle.com Main Page Tests › Bets & Races Section Test Cases › TC-020: Bets & Races Tabs
Starting main page test setup...

[1A[2K[webkit] › playwright-test/main.spec.ts:769:9 › Castle.com Main Page Tests › Providers Section Test Cases › TC-016: Game Providers Display
Starting main page test setup...

[1A[2K[webkit] › playwright-test/main.spec.ts:856:9 › Castle.com Main Page Tests › Bets & Races Section Test Cases › TC-020: Bets & Races Tabs
Navigated to main page

[1A[2KWaiting for page to be ready...

[1A[2K[webkit] › playwright-test/main.spec.ts:769:9 › Castle.com Main Page Tests › Providers Section Test Cases › TC-016: Game Providers Display
Navigated to main page

[1A[2KWaiting for page to be ready...

[1A[2K[webkit] › playwright-test/main.spec.ts:840:9 › Castle.com Main Page Tests › Categories Section Test Cases › TC-019: Category Navigation
Page ready check completed

[1A[2KVerifying main page load...

[1A[2KMain page verification complete

[1A[2KStarting TC-019: Category Navigation

[1A[2KTC-019 completed

[1A[2K[134/99] (retries) [webkit] › playwright-test/main.spec.ts:882:9 › Castle.com Main Page Tests › Bets & Races Section Test Cases › TC-021: All Bets Display
[1A[2K[webkit] › playwright-test/main.spec.ts:882:9 › Castle.com Main Page Tests › Bets & Races Section Test Cases › TC-021: All Bets Display
Starting main page test setup...

[1A[2K[webkit] › playwright-test/main.spec.ts:503:9 › Castle.com Main Page Tests › Navigation Menu Test Cases › TC-005: Navigation Menu Links
Page ready check had issues: page.waitForSelector: Timeout 10000ms exceeded.
Call log:
[2m  - waiting for locator('.AppMain') to be visible[22m

    at MainPageTest.waitForPageReady [90m(/Users/eljinwhitehead/site-castle/[39mplaywright-test/main.spec.ts:250:23[90m)[39m
    at [90m/Users/eljinwhitehead/site-castle/[39mplaywright-test/main.spec.ts:527:11
    at [90m/Users/eljinwhitehead/site-castle/[39mplaywright-test/main.spec.ts:504:7 {
  name: [32m'TimeoutError'[39m,
  [32mSymbol(step)[39m: {
    stepId: [32m'pw:api@80'[39m,
    location: {
      file: [32m'/Users/eljinwhitehead/site-castle/playwright-test/main.spec.ts'[39m,
      line: [33m250[39m,
      column: [33m23[39m,
      function: [32m'MainPageTest.waitForPageReady'[39m
    },
    category: [32m'pw:api'[39m,
    title: [32m"Wait for selector locator('.AppMain')"[39m,
    apiName: [32m'page.waitForSelector'[39m,
    params: { selector: [32m'.AppMain'[39m, state: [32m'visible'[39m, timeout: [33m10000[39m },
    boxedStack: [90mundefined[39m,
    steps: [],
    attachmentIndices: [],
    info: TestStepInfoImpl {
      annotations: [],
      _testInfo: [36m[TestInfoImpl][39m,
      _stepId: [32m'pw:api@80'[39m,
      skip: [36m[Function (anonymous)][39m
    },
    complete: [36m[Function: complete][39m,
    endWallTime: [33m1753895827080[39m,
    error: {
      message: [32m'TimeoutError: page.waitForSelector: Timeout 10000ms exceeded.\n'[39m +
        [32m'Call log:\n'[39m +
        [32m"\x1B[2m  - waiting for locator('.AppMain') to be visible\x1B[22m\n"[39m,
      stack: [32m'TimeoutError: page.waitForSelector: Timeout 10000ms exceeded.\n'[39m +
        [32m'Call log:\n'[39m +
        [32m"\x1B[2m  - waiting for locator('.AppMain') to be visible\x1B[22m\n"[39m +
        [32m'\n'[39m +
        [32m'    at MainPageTest.waitForPageReady (/Users/eljinwhitehead/site-castle/playwright-test/main.spec.ts:250:23)\n'[39m +
        [32m'    at /Users/eljinwhitehead/site-castle/playwright-test/main.spec.ts:527:11\n'[39m +
        [32m'    at /Users/eljinwhitehead/site-castle/playwright-test/main.spec.ts:504:7'[39m,
      cause: [90mundefined[39m
    }
  }
}

[1A[2KTC-005 completed

[1A[2K[webkit] › playwright-test/main.spec.ts:819:9 › Castle.com Main Page Tests › Categories Section Test Cases › TC-018: Game Categories Display
Page ready check had issues: page.waitForSelector: Timeout 10000ms exceeded.
Call log:
[2m  - waiting for locator('.AppMain') to be visible[22m

    at MainPageTest.waitForPageReady [90m(/Users/eljinwhitehead/site-castle/[39mplaywright-test/main.spec.ts:250:23[90m)[39m
    at [90m/Users/eljinwhitehead/site-castle/[39mplaywright-test/main.spec.ts:387:7 {
  name: [32m'TimeoutError'[39m,
  [32mSymbol(step)[39m: {
    stepId: [32m'pw:api@13'[39m,
    location: {
      file: [32m'/Users/eljinwhitehead/site-castle/playwright-test/main.spec.ts'[39m,
      line: [33m250[39m,
      column: [33m23[39m,
      function: [32m'MainPageTest.waitForPageReady'[39m
    },
    category: [32m'pw:api'[39m,
    title: [32m"Wait for selector locator('.AppMain')"[39m,
    apiName: [32m'page.waitForSelector'[39m,
    params: { selector: [32m'.AppMain'[39m, state: [32m'visible'[39m, timeout: [33m10000[39m },
    boxedStack: [90mundefined[39m,
    steps: [],
    attachmentIndices: [],
    info: TestStepInfoImpl {
      annotations: [],
      _testInfo: [36m[TestInfoImpl][39m,
      _stepId: [32m'pw:api@13'[39m,
      skip: [36m[Function (anonymous)][39m
    },
    complete: [36m[Function: complete][39m,
    endWallTime: [33m1753895827125[39m,
    error: {
      message: [32m'TimeoutError: page.waitForSelector: Timeout 10000ms exceeded.\n'[39m +
        [32m'Call log:\n'[39m +
        [32m"\x1B[2m  - waiting for locator('.AppMain') to be visible\x1B[22m\n"[39m,
      stack: [32m'TimeoutError: page.waitForSelector: Timeout 10000ms exceeded.\n'[39m +
        [32m'Call log:\n'[39m +
        [32m"\x1B[2m  - waiting for locator('.AppMain') to be visible\x1B[22m\n"[39m +
        [32m'\n'[39m +
        [32m'    at MainPageTest.waitForPageReady (/Users/eljinwhitehead/site-castle/playwright-test/main.spec.ts:250:23)\n'[39m +
        [32m'    at /Users/eljinwhitehead/site-castle/playwright-test/main.spec.ts:387:7'[39m,
      cause: [90mundefined[39m
    }
  }
}

[1A[2KVerifying main page load...

[1A[2K[webkit] › playwright-test/main.spec.ts:746:9 › Castle.com Main Page Tests › Hot Games Section Test Cases › TC-015: Recently Added Section
Page ready check had issues: page.waitForSelector: Timeout 10000ms exceeded.
Call log:
[2m  - waiting for locator('.AppMain') to be visible[22m

    at MainPageTest.waitForPageReady [90m(/Users/eljinwhitehead/site-castle/[39mplaywright-test/main.spec.ts:250:23[90m)[39m
    at [90m/Users/eljinwhitehead/site-castle/[39mplaywright-test/main.spec.ts:387:7 {
  name: [32m'TimeoutError'[39m,
  [32mSymbol(step)[39m: {
    stepId: [32m'pw:api@13'[39m,
    location: {
      file: [32m'/Users/eljinwhitehead/site-castle/playwright-test/main.spec.ts'[39m,
      line: [33m250[39m,
      column: [33m23[39m,
      function: [32m'MainPageTest.waitForPageReady'[39m
    },
    category: [32m'pw:api'[39m,
    title: [32m"Wait for selector locator('.AppMain')"[39m,
    apiName: [32m'page.waitForSelector'[39m,
    params: { selector: [32m'.AppMain'[39m, state: [32m'visible'[39m, timeout: [33m10000[39m },
    boxedStack: [90mundefined[39m,
    steps: [],
    attachmentIndices: [],
    info: TestStepInfoImpl {
      annotations: [],
      _testInfo: [36m[TestInfoImpl][39m,
      _stepId: [32m'pw:api@13'[39m,
      skip: [36m[Function (anonymous)][39m
    },
    complete: [36m[Function: complete][39m,
    endWallTime: [33m1753895827193[39m,
    error: {
      message: [32m'TimeoutError: page.waitForSelector: Timeout 10000ms exceeded.\n'[39m +
        [32m'Call log:\n'[39m +
        [32m"\x1B[2m  - waiting for locator('.AppMain') to be visible\x1B[22m\n"[39m,
      stack: [32m'TimeoutError: page.waitForSelector: Timeout 10000ms exceeded.\n'[39m +
        [32m'Call log:\n'[39m +
        [32m"\x1B[2m  - waiting for locator('.AppMain') to be visible\x1B[22m\n"[39m +
        [32m'\n'[39m +
        [32m'    at MainPageTest.waitForPageReady (/Users/eljinwhitehead/site-castle/playwright-test/main.spec.ts:250:23)\n'[39m +
        [32m'    at /Users/eljinwhitehead/site-castle/playwright-test/main.spec.ts:387:7'[39m,
      cause: [90mundefined[39m
    }
  }
}

[1A[2KVerifying main page load...

[1A[2K  44) [webkit] › playwright-test/main.spec.ts:503:9 › Castle.com Main Page Tests › Navigation Menu Test Cases › TC-005: Navigation Menu Links › Verify that all navigation menu links navigate to correct sections 

    TimeoutError: locator.click: Timeout 10000ms exceeded.
    Call log:
    [2m  - waiting for locator('a[href="/referrals"]').first()[22m


      518 |           console.log(`Testing ${link.name} link`);
      519 |           
    > 520 |           await link.element.click();
          |                              ^
      521 |           await mainPage.page.waitForLoadState('networkidle');
      522 |           
      523 |           expect(mainPage.page.url()).toContain(link.url);
        at /Users/eljinwhitehead/site-castle/playwright-test/main.spec.ts:520:30
        at /Users/eljinwhitehead/site-castle/playwright-test/main.spec.ts:504:18

    Error Context: test-results/main-Castle-com-Main-Page--04da2-C-005-Navigation-Menu-Links-webkit/error-context.md


[1A[2K[135/99] (retries) [webkit] › playwright-test/main.spec.ts:909:9 › Castle.com Main Page Tests › Bets & Races Section Test Cases › TC-022: Live Bet Updates
[1A[2K[webkit] › playwright-test/main.spec.ts:909:9 › Castle.com Main Page Tests › Bets & Races Section Test Cases › TC-022: Live Bet Updates
Starting main page test setup...

[1A[2K[webkit] › playwright-test/main.spec.ts:882:9 › Castle.com Main Page Tests › Bets & Races Section Test Cases › TC-021: All Bets Display
Navigated to main page

[1A[2KWaiting for page to be ready...

[1A[2K[webkit] › playwright-test/main.spec.ts:856:9 › Castle.com Main Page Tests › Bets & Races Section Test Cases › TC-020: Bets & Races Tabs
Page ready check completed

[1A[2KVerifying main page load...

[1A[2KMain page verification complete

[1A[2KStarting TC-020: Bets & Races Tabs

[1A[2K[webkit] › playwright-test/main.spec.ts:769:9 › Castle.com Main Page Tests › Providers Section Test Cases › TC-016: Game Providers Display
Page ready check completed

[1A[2KVerifying main page load...

[1A[2KMain page verification complete

[1A[2KStarting TC-016: Game Providers Display

[1A[2K  45) [webkit] › playwright-test/main.spec.ts:697:9 › Castle.com Main Page Tests › Original Games Section Test Cases › TC-013: Original Games Navigation › Verify carousel navigation controls work properly 

    TimeoutError: locator.isEnabled: Timeout 10000ms exceeded.
    Call log:
    [2m  - waiting for locator('h2:has-text("Original Games") ~ div button:not([disabled])').last()[22m


      707 |         
      708 |         // Navigate forward if possible
    > 709 |         if (await nextArrow.isEnabled()) {
          |                             ^
      710 |           await nextArrow.click();
      711 |           await mainPage.page.waitForTimeout(1000);
      712 |           
        at /Users/eljinwhitehead/site-castle/playwright-test/main.spec.ts:709:29
        at /Users/eljinwhitehead/site-castle/playwright-test/main.spec.ts:698:7

    Error Context: test-results/main-Castle-com-Main-Page--a8d43-3-Original-Games-Navigation-webkit/error-context.md

    Retry #1 ───────────────────────────────────────────────────────────────────────────────────────

    TimeoutError: locator.isEnabled: Timeout 10000ms exceeded.
    Call log:
    [2m  - waiting for locator('h2:has-text("Original Games") ~ div button:not([disabled])').last()[22m


      707 |         
      708 |         // Navigate forward if possible
    > 709 |         if (await nextArrow.isEnabled()) {
          |                             ^
      710 |           await nextArrow.click();
      711 |           await mainPage.page.waitForTimeout(1000);
      712 |           
        at /Users/eljinwhitehead/site-castle/playwright-test/main.spec.ts:709:29
        at /Users/eljinwhitehead/site-castle/playwright-test/main.spec.ts:698:7

    Error Context: test-results/main-Castle-com-Main-Page--a8d43-3-Original-Games-Navigation-webkit-retry1/error-context.md

    attachment #2: trace (application/zip) ─────────────────────────────────────────────────────────
    test-results/main-Castle-com-Main-Page--a8d43-3-Original-Games-Navigation-webkit-retry1/trace.zip
    Usage:

        npx playwright show-trace test-results/main-Castle-com-Main-Page--a8d43-3-Original-Games-Navigation-webkit-retry1/trace.zip

    ────────────────────────────────────────────────────────────────────────────────────────────────


[1A[2K[webkit] › playwright-test/main.spec.ts:909:9 › Castle.com Main Page Tests › Bets & Races Section Test Cases › TC-022: Live Bet Updates
Navigated to main page

[1A[2KWaiting for page to be ready...

[1A[2K[136/99] (retries) [webkit] › playwright-test/main.spec.ts:931:9 › Castle.com Main Page Tests › Footer Section Test Cases › TC-023: Footer Information Display
[1A[2K[webkit] › playwright-test/main.spec.ts:931:9 › Castle.com Main Page Tests › Footer Section Test Cases › TC-023: Footer Information Display
Starting main page test setup...

[1A[2KNavigated to main page

[1A[2KWaiting for page to be ready...

[1A[2K[webkit] › playwright-test/main.spec.ts:882:9 › Castle.com Main Page Tests › Bets & Races Section Test Cases › TC-021: All Bets Display
Page ready check completed

[1A[2KVerifying main page load...

[1A[2KMain page verification complete

[1A[2KStarting TC-021: All Bets Display

[1A[2K  46) [webkit] › playwright-test/main.spec.ts:769:9 › Castle.com Main Page Tests › Providers Section Test Cases › TC-016: Game Providers Display › Verify that game providers are displayed correctly 

    Error: [31mTimed out 5000ms waiting for [39m[2mexpect([22m[31mlocator[39m[2m).[22mtoHaveText[2m([22m[32mexpected[39m[2m)[22m

    Locator: locator('h2:has-text("Providers")').first()
    Expected string: [32m"PROVIDERS"[39m
    Received: <element(s) not found>
    Call log:
    [2m  - Expect "toHaveText" with timeout 5000ms[22m
    [2m  - waiting for locator('h2:has-text("Providers")').first()[22m
    [2m    3 × locator resolved to <h2 class="Heading _s _font-size-20 _font-weight-regular _text-transform-uppercase">Providers</h2>[22m
    [2m      - unexpected value "Providers"[22m


      772 |         
      773 |         await expect(mainPage.providers.sectionTitle).toBeVisible();
    > 774 |         await expect(mainPage.providers.sectionTitle).toHaveText('PROVIDERS');
          |                                                       ^
      775 |         
      776 |         // Check for provider logos
      777 |         const expectedProviders = ['evolution', 'pragmatic', 'playngo', 'netent', 'bigtime'];
        at /Users/eljinwhitehead/site-castle/playwright-test/main.spec.ts:774:55
        at /Users/eljinwhitehead/site-castle/playwright-test/main.spec.ts:770:7

    Error Context: test-results/main-Castle-com-Main-Page--f181c--016-Game-Providers-Display-webkit/error-context.md

    Retry #1 ───────────────────────────────────────────────────────────────────────────────────────

    Error: [31mTimed out 5000ms waiting for [39m[2mexpect([22m[31mlocator[39m[2m).[22mtoHaveText[2m([22m[32mexpected[39m[2m)[22m

    Locator: locator('h2:has-text("Providers")').first()
    Expected string: [32m"P[7mROVIDERS[27m"[39m
    Received string: [31m"P[7mroviders[27m"[39m
    Call log:
    [2m  - Expect "toHaveText" with timeout 5000ms[22m
    [2m  - waiting for locator('h2:has-text("Providers")').first()[22m
    [2m    9 × locator resolved to <h2 class="Heading _s _font-size-20 _font-weight-regular _text-transform-uppercase">Providers</h2>[22m
    [2m      - unexpected value "Providers"[22m


      772 |         
      773 |         await expect(mainPage.providers.sectionTitle).toBeVisible();
    > 774 |         await expect(mainPage.providers.sectionTitle).toHaveText('PROVIDERS');
          |                                                       ^
      775 |         
      776 |         // Check for provider logos
      777 |         const expectedProviders = ['evolution', 'pragmatic', 'playngo', 'netent', 'bigtime'];
        at /Users/eljinwhitehead/site-castle/playwright-test/main.spec.ts:774:55
        at /Users/eljinwhitehead/site-castle/playwright-test/main.spec.ts:770:7

    Error Context: test-results/main-Castle-com-Main-Page--f181c--016-Game-Providers-Display-webkit-retry1/error-context.md

    attachment #2: trace (application/zip) ─────────────────────────────────────────────────────────
    test-results/main-Castle-com-Main-Page--f181c--016-Game-Providers-Display-webkit-retry1/trace.zip
    Usage:

        npx playwright show-trace test-results/main-Castle-com-Main-Page--f181c--016-Game-Providers-Display-webkit-retry1/trace.zip

    ────────────────────────────────────────────────────────────────────────────────────────────────


[1A[2K[137/99] (retries) [webkit] › playwright-test/main.spec.ts:952:9 › Castle.com Main Page Tests › Footer Section Test Cases › TC-024: Footer Platform Links
[1A[2K[webkit] › playwright-test/main.spec.ts:909:9 › Castle.com Main Page Tests › Bets & Races Section Test Cases › TC-022: Live Bet Updates
Page ready check completed

[1A[2KVerifying main page load...

[1A[2KMain page verification complete

[1A[2KStarting TC-022: Live Bet Updates

[1A[2K[webkit] › playwright-test/main.spec.ts:952:9 › Castle.com Main Page Tests › Footer Section Test Cases › TC-024: Footer Platform Links
Starting main page test setup...

[1A[2KNavigated to main page

[1A[2KWaiting for page to be ready...

[1A[2K[webkit] › playwright-test/main.spec.ts:819:9 › Castle.com Main Page Tests › Categories Section Test Cases › TC-018: Game Categories Display
Error in test setup: ExpectError: [31mTimed out 10000ms waiting for [39m[2mexpect([22m[31mlocator[39m[2m).[22mtoBeVisible[2m()[22m

Locator: locator('.Vector.site-logo, svg:has(path[d*="M44.6064"])').first()
Expected: visible
Received: <element(s) not found>
Call log:
[2m  - Expect "toBeVisible" with timeout 10000ms[22m
[2m  - waiting for locator('.Vector.site-logo, svg:has(path[d*="M44.6064"])').first()[22m

    at MainPageTest.verifyPageLoad [90m(/Users/eljinwhitehead/site-castle/[39mplaywright-test/main.spec.ts:366:36[90m)[39m
    at [90m/Users/eljinwhitehead/site-castle/[39mplaywright-test/main.spec.ts:394:7 {
  matcherResult: {
    message: [32m'\x1B[31mTimed out 10000ms waiting for \x1B[39m\x1B[2mexpect(\x1B[22m\x1B[31mlocator\x1B[39m\x1B[2m).\x1B[22mtoBeVisible\x1B[2m()\x1B[22m\n'[39m +
      [32m'\n'[39m +
      [32m`Locator: locator('.Vector.site-logo, svg:has(path[d*="M44.6064"])').first()\n`[39m +
      [32m'Expected: visible\n'[39m +
      [32m'Received: <element(s) not found>\n'[39m +
      [32m'Call log:\n'[39m +
      [32m'\x1B[2m  - Expect "toBeVisible" with timeout 10000ms\x1B[22m\n'[39m +
      [32m`\x1B[2m  - waiting for locator('.Vector.site-logo, svg:has(path[d*="M44.6064"])').first()\x1B[22m\n`[39m,
    pass: [33mfalse[39m,
    actual: [32m'<element(s) not found>'[39m,
    name: [32m'toBeVisible'[39m,
    expected: [32m'visible'[39m,
    log: [
      [32m'  - Expect "toBeVisible" with timeout 10000ms'[39m,
      [32m`  - waiting for locator('.Vector.site-logo, svg:has(path[d*="M44.6064"])').first()`[39m
    ],
    timeout: [33m10000[39m
  },
  [32mSymbol(step)[39m: {
    stepId: [32m'expect@15'[39m,
    category: [32m'expect'[39m,
    apiName: [32m'expect.toBeVisible'[39m,
    title: [32m'toBeVisible'[39m,
    params: { expected: [36m[Object][39m },
    infectParentStepsWithError: [90mundefined[39m,
    boxedStack: [90mundefined[39m,
    location: {
      file: [32m'/Users/eljinwhitehead/site-castle/playwright-test/main.spec.ts'[39m,
      line: [33m366[39m,
      column: [33m36[39m,
      function: [32m'MainPageTest.verifyPageLoad'[39m
    },
    steps: [],
    attachmentIndices: [],
    info: TestStepInfoImpl {
      annotations: [],
      _testInfo: [36m[TestInfoImpl][39m,
      _stepId: [32m'expect@15'[39m,
      skip: [36m[Function (anonymous)][39m
    },
    complete: [36m[Function: complete][39m,
    endWallTime: [33m1753895837132[39m,
    error: {
      message: [32m'Error: \x1B[31mTimed out 10000ms waiting for \x1B[39m\x1B[2mexpect(\x1B[22m\x1B[31mlocator\x1B[39m\x1B[2m).\x1B[22mtoBeVisible\x1B[2m()\x1B[22m\n'[39m +
        [32m'\n'[39m +
        [32m`Locator: locator('.Vector.site-logo, svg:has(path[d*="M44.6064"])').first()\n`[39m +
        [32m'Expected: visible\n'[39m +
        [32m'Received: <element(s) not found>\n'[39m +
        [32m'Call log:\n'[39m +
        [32m'\x1B[2m  - Expect "toBeVisible" with timeout 10000ms\x1B[22m\n'[39m +
        [32m`\x1B[2m  - waiting for locator('.Vector.site-logo, svg:has(path[d*="M44.6064"])').first()\x1B[22m\n`[39m,
      stack: [32m'Error: \x1B[31mTimed out 10000ms waiting for \x1B[39m\x1B[2mexpect(\x1B[22m\x1B[31mlocator\x1B[39m\x1B[2m).\x1B[22mtoBeVisible\x1B[2m()\x1B[22m\n'[39m +
        [32m'\n'[39m +
        [32m`Locator: locator('.Vector.site-logo, svg:has(path[d*="M44.6064"])').first()\n`[39m +
        [32m'Expected: visible\n'[39m +
        [32m'Received: <element(s) not found>\n'[39m +
        [32m'Call log:\n'[39m +
        [32m'\x1B[2m  - Expect "toBeVisible" with timeout 10000ms\x1B[22m\n'[39m +
        [32m`\x1B[2m  - waiting for locator('.Vector.site-logo, svg:has(path[d*="M44.6064"])').first()\x1B[22m\n`[39m +
        [32m'\n'[39m +
        [32m'    at MainPageTest.verifyPageLoad (/Users/eljinwhitehead/site-castle/playwright-test/main.spec.ts:366:36)\n'[39m +
        [32m'    at /Users/eljinwhitehead/site-castle/playwright-test/main.spec.ts:394:7'[39m,
      cause: [90mundefined[39m
    }
  }
}

[1A[2KStarting TC-018: Game Categories Display

[1A[2K[webkit] › playwright-test/main.spec.ts:746:9 › Castle.com Main Page Tests › Hot Games Section Test Cases › TC-015: Recently Added Section
Error in test setup: ExpectError: [31mTimed out 10000ms waiting for [39m[2mexpect([22m[31mlocator[39m[2m).[22mtoBeVisible[2m()[22m

Locator: locator('.Vector.site-logo, svg:has(path[d*="M44.6064"])').first()
Expected: visible
Received: <element(s) not found>
Call log:
[2m  - Expect "toBeVisible" with timeout 10000ms[22m
[2m  - waiting for locator('.Vector.site-logo, svg:has(path[d*="M44.6064"])').first()[22m

    at MainPageTest.verifyPageLoad [90m(/Users/eljinwhitehead/site-castle/[39mplaywright-test/main.spec.ts:366:36[90m)[39m
    at [90m/Users/eljinwhitehead/site-castle/[39mplaywright-test/main.spec.ts:394:7 {
  matcherResult: {
    message: [32m'\x1B[31mTimed out 10000ms waiting for \x1B[39m\x1B[2mexpect(\x1B[22m\x1B[31mlocator\x1B[39m\x1B[2m).\x1B[22mtoBeVisible\x1B[2m()\x1B[22m\n'[39m +
      [32m'\n'[39m +
      [32m`Locator: locator('.Vector.site-logo, svg:has(path[d*="M44.6064"])').first()\n`[39m +
      [32m'Expected: visible\n'[39m +
      [32m'Received: <element(s) not found>\n'[39m +
      [32m'Call log:\n'[39m +
      [32m'\x1B[2m  - Expect "toBeVisible" with timeout 10000ms\x1B[22m\n'[39m +
      [32m`\x1B[2m  - waiting for locator('.Vector.site-logo, svg:has(path[d*="M44.6064"])').first()\x1B[22m\n`[39m,
    pass: [33mfalse[39m,
    actual: [32m'<element(s) not found>'[39m,
    name: [32m'toBeVisible'[39m,
    expected: [32m'visible'[39m,
    log: [
      [32m'  - Expect "toBeVisible" with timeout 10000ms'[39m,
      [32m`  - waiting for locator('.Vector.site-logo, svg:has(path[d*="M44.6064"])').first()`[39m
    ],
    timeout: [33m10000[39m
  },
  [32mSymbol(step)[39m: {
    stepId: [32m'expect@15'[39m,
    category: [32m'expect'[39m,
    apiName: [32m'expect.toBeVisible'[39m,
    title: [32m'toBeVisible'[39m,
    params: { expected: [36m[Object][39m },
    infectParentStepsWithError: [90mundefined[39m,
    boxedStack: [90mundefined[39m,
    location: {
      file: [32m'/Users/eljinwhitehead/site-castle/playwright-test/main.spec.ts'[39m,
      line: [33m366[39m,
      column: [33m36[39m,
      function: [32m'MainPageTest.verifyPageLoad'[39m
    },
    steps: [],
    attachmentIndices: [],
    info: TestStepInfoImpl {
      annotations: [],
      _testInfo: [36m[TestInfoImpl][39m,
      _stepId: [32m'expect@15'[39m,
      skip: [36m[Function (anonymous)][39m
    },
    complete: [36m[Function: complete][39m,
    endWallTime: [33m1753895837201[39m,
    error: {
      message: [32m'Error: \x1B[31mTimed out 10000ms waiting for \x1B[39m\x1B[2mexpect(\x1B[22m\x1B[31mlocator\x1B[39m\x1B[2m).\x1B[22mtoBeVisible\x1B[2m()\x1B[22m\n'[39m +
        [32m'\n'[39m +
        [32m`Locator: locator('.Vector.site-logo, svg:has(path[d*="M44.6064"])').first()\n`[39m +
        [32m'Expected: visible\n'[39m +
        [32m'Received: <element(s) not found>\n'[39m +
        [32m'Call log:\n'[39m +
        [32m'\x1B[2m  - Expect "toBeVisible" with timeout 10000ms\x1B[22m\n'[39m +
        [32m`\x1B[2m  - waiting for locator('.Vector.site-logo, svg:has(path[d*="M44.6064"])').first()\x1B[22m\n`[39m,
      stack: [32m'Error: \x1B[31mTimed out 10000ms waiting for \x1B[39m\x1B[2mexpect(\x1B[22m\x1B[31mlocator\x1B[39m\x1B[2m).\x1B[22mtoBeVisible\x1B[2m()\x1B[22m\n'[39m +
        [32m'\n'[39m +
        [32m`Locator: locator('.Vector.site-logo, svg:has(path[d*="M44.6064"])').first()\n`[39m +
        [32m'Expected: visible\n'[39m +
        [32m'Received: <element(s) not found>\n'[39m +
        [32m'Call log:\n'[39m +
        [32m'\x1B[2m  - Expect "toBeVisible" with timeout 10000ms\x1B[22m\n'[39m +
        [32m`\x1B[2m  - waiting for locator('.Vector.site-logo, svg:has(path[d*="M44.6064"])').first()\x1B[22m\n`[39m +
        [32m'\n'[39m +
        [32m'    at MainPageTest.verifyPageLoad (/Users/eljinwhitehead/site-castle/playwright-test/main.spec.ts:366:36)\n'[39m +
        [32m'    at /Users/eljinwhitehead/site-castle/playwright-test/main.spec.ts:394:7'[39m,
      cause: [90mundefined[39m
    }
  }
}

[1A[2KStarting TC-015: Recently Added Section

[1A[2K[webkit] › playwright-test/main.spec.ts:931:9 › Castle.com Main Page Tests › Footer Section Test Cases › TC-023: Footer Information Display
Page ready check completed

[1A[2KVerifying main page load...

[1A[2KMain page verification complete

[1A[2KStarting TC-023: Footer Information Display

[1A[2K[138/99] (retries) [webkit] › playwright-test/main.spec.ts:856:9 › Castle.com Main Page Tests › Bets & Races Section Test Cases › TC-020: Bets & Races Tabs (retry #1)
[1A[2K[webkit] › playwright-test/main.spec.ts:856:9 › Castle.com Main Page Tests › Bets & Races Section Test Cases › TC-020: Bets & Races Tabs
Starting main page test setup...

[1A[2K[139/99] (retries) [webkit] › playwright-test/main.spec.ts:931:9 › Castle.com Main Page Tests › Footer Section Test Cases › TC-023: Footer Information Display (retry #1)
[1A[2K[webkit] › playwright-test/main.spec.ts:931:9 › Castle.com Main Page Tests › Footer Section Test Cases › TC-023: Footer Information Display
Starting main page test setup...

[1A[2K[webkit] › playwright-test/main.spec.ts:952:9 › Castle.com Main Page Tests › Footer Section Test Cases › TC-024: Footer Platform Links
Page ready check completed

[1A[2KVerifying main page load...

[1A[2KMain page verification complete

[1A[2KStarting TC-024: Footer Platform Links

[1A[2KPlatform link Home visible: true

[1A[2KPlatform link Crash visible: true

[1A[2KPlatform link Duel Game visible: true

[1A[2KPlatform link Dice visible: true

[1A[2KPlatform link Referrals visible: true

[1A[2KPlatform link Wallet visible: true

[1A[2KPlatform link Token visible: true

[1A[2KPlatform link Blog visible: true

[1A[2KPlatform link Fairness visible: true

[1A[2KTC-024 completed

[1A[2K[140/99] (retries) [webkit] › playwright-test/main.spec.ts:971:9 › Castle.com Main Page Tests › Footer Section Test Cases › TC-025: Footer About Us Links
[1A[2K[webkit] › playwright-test/main.spec.ts:971:9 › Castle.com Main Page Tests › Footer Section Test Cases › TC-025: Footer About Us Links
Starting main page test setup...

[1A[2K[webkit] › playwright-test/main.spec.ts:856:9 › Castle.com Main Page Tests › Bets & Races Section Test Cases › TC-020: Bets & Races Tabs
Navigated to main page

[1A[2KWaiting for page to be ready...

[1A[2K[webkit] › playwright-test/main.spec.ts:931:9 › Castle.com Main Page Tests › Footer Section Test Cases › TC-023: Footer Information Display
Navigated to main page

[1A[2KWaiting for page to be ready...

[1A[2K[webkit] › playwright-test/main.spec.ts:971:9 › Castle.com Main Page Tests › Footer Section Test Cases › TC-025: Footer About Us Links
Navigated to main page

[1A[2KWaiting for page to be ready...

[1A[2K[141/99] (retries) [webkit] › playwright-test/main.spec.ts:819:9 › Castle.com Main Page Tests › Categories Section Test Cases › TC-018: Game Categories Display (retry #1)
[1A[2K  47) [webkit] › playwright-test/main.spec.ts:746:9 › Castle.com Main Page Tests › Hot Games Section Test Cases › TC-015: Recently Added Section › Verify that Recently Added section displays new games 

    Error: [31mTimed out 5000ms waiting for [39m[2mexpect([22m[31mlocator[39m[2m).[22mtoBeVisible[2m()[22m

    Locator: locator('h2:has-text("Recently Added")').first()
    Expected: visible
    Received: <element(s) not found>
    Call log:
    [2m  - Expect "toBeVisible" with timeout 5000ms[22m
    [2m  - waiting for locator('h2:has-text("Recently Added")').first()[22m


      748 |         console.log('Starting TC-015: Recently Added Section');
      749 |         
    > 750 |         await expect(mainPage.recentlyAdded.sectionTitle).toBeVisible();
          |                                                           ^
      751 |         await expect(mainPage.recentlyAdded.sectionTitle).toHaveText('RECENTLY ADDED');
      752 |         
      753 |         const gameCards = await mainPage.recentlyAdded.gameCards.count();
        at /Users/eljinwhitehead/site-castle/playwright-test/main.spec.ts:750:59
        at /Users/eljinwhitehead/site-castle/playwright-test/main.spec.ts:747:18

    Error Context: test-results/main-Castle-com-Main-Page--02a20--015-Recently-Added-Section-webkit/error-context.md

    Retry #1 ───────────────────────────────────────────────────────────────────────────────────────

    Error: [31mTimed out 5000ms waiting for [39m[2mexpect([22m[31mlocator[39m[2m).[22mtoBeVisible[2m()[22m

    Locator: locator('h2:has-text("Recently Added")').first()
    Expected: visible
    Received: <element(s) not found>
    Call log:
    [2m  - Expect "toBeVisible" with timeout 5000ms[22m
    [2m  - waiting for locator('h2:has-text("Recently Added")').first()[22m


      748 |         console.log('Starting TC-015: Recently Added Section');
      749 |         
    > 750 |         await expect(mainPage.recentlyAdded.sectionTitle).toBeVisible();
          |                                                           ^
      751 |         await expect(mainPage.recentlyAdded.sectionTitle).toHaveText('RECENTLY ADDED');
      752 |         
      753 |         const gameCards = await mainPage.recentlyAdded.gameCards.count();
        at /Users/eljinwhitehead/site-castle/playwright-test/main.spec.ts:750:59
        at /Users/eljinwhitehead/site-castle/playwright-test/main.spec.ts:747:18

    Error Context: test-results/main-Castle-com-Main-Page--02a20--015-Recently-Added-Section-webkit-retry1/error-context.md

    attachment #2: trace (application/zip) ─────────────────────────────────────────────────────────
    test-results/main-Castle-com-Main-Page--02a20--015-Recently-Added-Section-webkit-retry1/trace.zip
    Usage:

        npx playwright show-trace test-results/main-Castle-com-Main-Page--02a20--015-Recently-Added-Section-webkit-retry1/trace.zip

    ────────────────────────────────────────────────────────────────────────────────────────────────


[1A[2K[142/99] (retries) [webkit] › playwright-test/main.spec.ts:882:9 › Castle.com Main Page Tests › Bets & Races Section Test Cases › TC-021: All Bets Display (retry #1)
[1A[2K[webkit] › playwright-test/main.spec.ts:819:9 › Castle.com Main Page Tests › Categories Section Test Cases › TC-018: Game Categories Display
Starting main page test setup...

[1A[2K[webkit] › playwright-test/main.spec.ts:882:9 › Castle.com Main Page Tests › Bets & Races Section Test Cases › TC-021: All Bets Display
Starting main page test setup...

[1A[2K[143/99] (retries) [webkit] › playwright-test/main.spec.ts:990:9 › Castle.com Main Page Tests › Footer Section Test Cases › TC-026: Social Media Links
[1A[2K[webkit] › playwright-test/main.spec.ts:990:9 › Castle.com Main Page Tests › Footer Section Test Cases › TC-026: Social Media Links
Starting main page test setup...

[1A[2K[webkit] › playwright-test/main.spec.ts:819:9 › Castle.com Main Page Tests › Categories Section Test Cases › TC-018: Game Categories Display
Navigated to main page

[1A[2KWaiting for page to be ready...

[1A[2K[144/99] (retries) [webkit] › playwright-test/main.spec.ts:909:9 › Castle.com Main Page Tests › Bets & Races Section Test Cases › TC-022: Live Bet Updates (retry #1)
[1A[2K[webkit] › playwright-test/main.spec.ts:990:9 › Castle.com Main Page Tests › Footer Section Test Cases › TC-026: Social Media Links
Navigated to main page

[1A[2KWaiting for page to be ready...

[1A[2K[webkit] › playwright-test/main.spec.ts:882:9 › Castle.com Main Page Tests › Bets & Races Section Test Cases › TC-021: All Bets Display
Navigated to main page

[1A[2KWaiting for page to be ready...

[1A[2K[webkit] › playwright-test/main.spec.ts:856:9 › Castle.com Main Page Tests › Bets & Races Section Test Cases › TC-020: Bets & Races Tabs
Page ready check completed

[1A[2KVerifying main page load...

[1A[2KMain page verification complete

[1A[2KStarting TC-020: Bets & Races Tabs

[1A[2K[webkit] › playwright-test/main.spec.ts:909:9 › Castle.com Main Page Tests › Bets & Races Section Test Cases › TC-022: Live Bet Updates
Starting main page test setup...

[1A[2K[webkit] › playwright-test/main.spec.ts:931:9 › Castle.com Main Page Tests › Footer Section Test Cases › TC-023: Footer Information Display
Page ready check completed

[1A[2KVerifying main page load...

[1A[2KMain page verification complete

[1A[2KStarting TC-023: Footer Information Display

[1A[2K[webkit] › playwright-test/main.spec.ts:909:9 › Castle.com Main Page Tests › Bets & Races Section Test Cases › TC-022: Live Bet Updates
Navigated to main page

[1A[2KWaiting for page to be ready...

[1A[2K[webkit] › playwright-test/main.spec.ts:971:9 › Castle.com Main Page Tests › Footer Section Test Cases › TC-025: Footer About Us Links
Page ready check completed

[1A[2KVerifying main page load...

[1A[2KMain page verification complete

[1A[2KStarting TC-025: Footer About Us Links

[1A[2KAbout Us link Support visible: false

[1A[2KAbout Us link FAQ's visible: true

[1A[2KAbout Us link Terms of Service visible: true

[1A[2KAbout Us link Privacy Policy visible: true

[1A[2KAbout Us link Gaming Hotline visible: true

[1A[2KAbout Us link Self Exclusion visible: true

[1A[2KAbout Us link Trustpilot visible: true

[1A[2KTC-025 completed

[1A[2K[145/99] (retries) [webkit] › playwright-test/main.spec.ts:1010:9 › Castle.com Main Page Tests › Footer Section Test Cases › TC-027: Accepted Tokens Display
[1A[2K[webkit] › playwright-test/main.spec.ts:1010:9 › Castle.com Main Page Tests › Footer Section Test Cases › TC-027: Accepted Tokens Display
Starting main page test setup...

[1A[2K  48) [webkit] › playwright-test/main.spec.ts:931:9 › Castle.com Main Page Tests › Footer Section Test Cases › TC-023: Footer Information Display › Verify that footer displays all required information 

    Error: expect.toBeVisible: Error: strict mode violation: locator('*:has-text("PLATFORM")') resolved to 16 elements:
        1) <html lang="en">…</html> aka locator('html')
        2) <body id="index">…</body> aka locator('#index')
        3) <div id="root">…</div> aka locator('#root')
        4) <div class="AppBody laptop _s _display-flex _overflow-hidden _flex-flow-column _h-full _w-full _bg-brown-7">…</div> aka locator('div').filter({ hasText: 'HomeReferralsRacesGamesDuel' }).nth(1)
        5) <div class="_s _display-flex _overflow-hidden _h-full">…</div> aka locator('div').filter({ hasText: 'HomeReferralsRacesGamesDuel' }).nth(2)
        6) <main class="AppMain mobile _s _display-flex _overflow-auto _flex-flow-column _align-items-center _flex-grow-true">…</main> aka getByText('enLog InRegisterPlay First')
        7) <footer class="AppFooter _s _display-flex _align-items-center _justify-content-center _w-full _bg-black-hover">…</footer> aka locator('footer')
        8) <div class="inner-content _s _display-flex _w-full">…</div> aka locator('.AppFooter > div')
        9) <div class="_s _display-flex _flex-flow-column _w-full">…</div> aka locator('.AppFooter > div > div')
        10) <div class="_s _display-flex _flex-flow-column _pl-20 _pr-20 _bg-brown-6">…</div> aka locator('._s._display-flex._flex-flow-column._pl-20._pr-20._bg-brown-6')
        ...

    Call log:
    [2m  - Expect "toBeVisible" with timeout 5000ms[22m
    [2m  - waiting for locator('*:has-text("PLATFORM")')[22m


      942 |         
      943 |         // Check three columns
    > 944 |         await expect(page.locator('*:has-text("PLATFORM")')).toBeVisible();
          |                                                              ^
      945 |         await expect(page.locator('*:has-text("ABOUT US")')).toBeVisible();
      946 |         await expect(page.locator('*:has-text("SOCIALS")')).toBeVisible();
      947 |         
        at /Users/eljinwhitehead/site-castle/playwright-test/main.spec.ts:944:62
        at /Users/eljinwhitehead/site-castle/playwright-test/main.spec.ts:932:7

    Error Context: test-results/main-Castle-com-Main-Page--afd47--Footer-Information-Display-webkit/error-context.md

    Retry #1 ───────────────────────────────────────────────────────────────────────────────────────

    Error: expect.toBeVisible: Error: strict mode violation: locator('*:has-text("PLATFORM")') resolved to 16 elements:
        1) <html lang="en">…</html> aka locator('html')
        2) <body id="index">…</body> aka locator('#index')
        3) <div id="root">…</div> aka locator('#root')
        4) <div class="AppBody laptop _s _display-flex _overflow-hidden _flex-flow-column _h-full _w-full _bg-brown-7">…</div> aka locator('div').filter({ hasText: 'HomeReferralsRacesGamesDuel' }).nth(1)
        5) <div class="_s _display-flex _overflow-hidden _h-full">…</div> aka locator('div').filter({ hasText: 'HomeReferralsRacesGamesDuel' }).nth(2)
        6) <main class="AppMain mobile _s _display-flex _overflow-auto _flex-flow-column _align-items-center _flex-grow-true">…</main> aka getByText('enLog InRegisterPlay First')
        7) <footer class="AppFooter _s _display-flex _align-items-center _justify-content-center _w-full _bg-black-hover">…</footer> aka locator('footer')
        8) <div class="inner-content _s _display-flex _w-full">…</div> aka locator('.AppFooter > div')
        9) <div class="_s _display-flex _flex-flow-column _w-full">…</div> aka locator('.AppFooter > div > div')
        10) <div class="_s _display-flex _flex-flow-column _pl-20 _pr-20 _bg-brown-6">…</div> aka locator('._s._display-flex._flex-flow-column._pl-20._pr-20._bg-brown-6')
        ...

    Call log:
    [2m  - Expect "toBeVisible" with timeout 5000ms[22m
    [2m  - waiting for locator('*:has-text("PLATFORM")')[22m


      942 |         
      943 |         // Check three columns
    > 944 |         await expect(page.locator('*:has-text("PLATFORM")')).toBeVisible();
          |                                                              ^
      945 |         await expect(page.locator('*:has-text("ABOUT US")')).toBeVisible();
      946 |         await expect(page.locator('*:has-text("SOCIALS")')).toBeVisible();
      947 |         
        at /Users/eljinwhitehead/site-castle/playwright-test/main.spec.ts:944:62
        at /Users/eljinwhitehead/site-castle/playwright-test/main.spec.ts:932:7

    Error Context: test-results/main-Castle-com-Main-Page--afd47--Footer-Information-Display-webkit-retry1/error-context.md

    attachment #2: trace (application/zip) ─────────────────────────────────────────────────────────
    test-results/main-Castle-com-Main-Page--afd47--Footer-Information-Display-webkit-retry1/trace.zip
    Usage:

        npx playwright show-trace test-results/main-Castle-com-Main-Page--afd47--Footer-Information-Display-webkit-retry1/trace.zip

    ────────────────────────────────────────────────────────────────────────────────────────────────


[1A[2K[146/99] (retries) [webkit] › playwright-test/main.spec.ts:1025:9 › Castle.com Main Page Tests › Footer Section Test Cases › TC-028: Footer Contact Information
[1A[2KNavigated to main page

[1A[2KWaiting for page to be ready...

[1A[2K[webkit] › playwright-test/main.spec.ts:1025:9 › Castle.com Main Page Tests › Footer Section Test Cases › TC-028: Footer Contact Information
Starting main page test setup...

[1A[2K[webkit] › playwright-test/main.spec.ts:819:9 › Castle.com Main Page Tests › Categories Section Test Cases › TC-018: Game Categories Display
Page ready check completed

[1A[2KVerifying main page load...

[1A[2KMain page verification complete

[1A[2KStarting TC-018: Game Categories Display

[1A[2K[webkit] › playwright-test/main.spec.ts:990:9 › Castle.com Main Page Tests › Footer Section Test Cases › TC-026: Social Media Links
Page ready check completed

[1A[2KVerifying main page load...

[1A[2KMain page verification complete

[1A[2KStarting TC-026: Social Media Links

[1A[2KX link: https://x.com/chickendotgg

[1A[2KTelegram link: https://t.me/chickendotgg

[1A[2K[webkit] › playwright-test/main.spec.ts:882:9 › Castle.com Main Page Tests › Bets & Races Section Test Cases › TC-021: All Bets Display
Page ready check completed

[1A[2KVerifying main page load...

[1A[2K[webkit] › playwright-test/main.spec.ts:990:9 › Castle.com Main Page Tests › Footer Section Test Cases › TC-026: Social Media Links
Kick link: https://x.com/chickendotgg

[1A[2KTC-026 completed

[1A[2K[147/99] (retries) [webkit] › playwright-test/main.spec.ts:1046:9 › Castle.com Main Page Tests › Responsive Design Test Cases › TC-029: Mobile Responsiveness
[1A[2K[webkit] › playwright-test/main.spec.ts:1025:9 › Castle.com Main Page Tests › Footer Section Test Cases › TC-028: Footer Contact Information
Navigated to main page

[1A[2KWaiting for page to be ready...

[1A[2K[webkit] › playwright-test/main.spec.ts:882:9 › Castle.com Main Page Tests › Bets & Races Section Test Cases › TC-021: All Bets Display
Main page verification complete

[1A[2KStarting TC-021: All Bets Display

[1A[2K[webkit] › playwright-test/main.spec.ts:1046:9 › Castle.com Main Page Tests › Responsive Design Test Cases › TC-029: Mobile Responsiveness
Starting main page test setup...

[1A[2KNavigated to main page

[1A[2KWaiting for page to be ready...

[1A[2K  49) [webkit] › playwright-test/main.spec.ts:819:9 › Castle.com Main Page Tests › Categories Section Test Cases › TC-018: Game Categories Display › Verify that game category cards are displayed correctly 

    Error: [31mTimed out 5000ms waiting for [39m[2mexpect([22m[31mlocator[39m[2m).[22mtoBeVisible[2m()[22m

    Locator: locator('h2:has-text("Categories")').first()
    Expected: visible
    Received: <element(s) not found>
    Call log:
    [2m  - Expect "toBeVisible" with timeout 5000ms[22m
    [2m  - waiting for locator('h2:has-text("Categories")').first()[22m


      821 |         console.log('Starting TC-018: Game Categories Display');
      822 |         
    > 823 |         await expect(mainPage.categories.sectionTitle).toBeVisible();
          |                                                        ^
      824 |         await expect(mainPage.categories.sectionTitle).toHaveText('CATEGORIES');
      825 |         
      826 |         const categoryCards = await mainPage.categories.gameCards.count();
        at /Users/eljinwhitehead/site-castle/playwright-test/main.spec.ts:823:56
        at /Users/eljinwhitehead/site-castle/playwright-test/main.spec.ts:820:18

    Error Context: test-results/main-Castle-com-Main-Page--db172-018-Game-Categories-Display-webkit/error-context.md

    Retry #1 ───────────────────────────────────────────────────────────────────────────────────────

    Error: [31mTimed out 5000ms waiting for [39m[2mexpect([22m[31mlocator[39m[2m).[22mtoHaveText[2m([22m[32mexpected[39m[2m)[22m

    Locator: locator('h2:has-text("Categories")').first()
    Expected string: [32m"CATEGORIES"[39m
    Received: <element(s) not found>
    Call log:
    [2m  - Expect "toHaveText" with timeout 5000ms[22m
    [2m  - waiting for locator('h2:has-text("Categories")').first()[22m
    [2m    4 × locator resolved to <h2 class="Heading _s _font-size-20 _font-weight-regular _text-transform-uppercase">Categories</h2>[22m
    [2m      - unexpected value "Categories"[22m


      822 |         
      823 |         await expect(mainPage.categories.sectionTitle).toBeVisible();
    > 824 |         await expect(mainPage.categories.sectionTitle).toHaveText('CATEGORIES');
          |                                                        ^
      825 |         
      826 |         const categoryCards = await mainPage.categories.gameCards.count();
      827 |         expect(categoryCards).toBe(4);
        at /Users/eljinwhitehead/site-castle/playwright-test/main.spec.ts:824:56
        at /Users/eljinwhitehead/site-castle/playwright-test/main.spec.ts:820:7

    Error Context: test-results/main-Castle-com-Main-Page--db172-018-Game-Categories-Display-webkit-retry1/error-context.md

    attachment #2: trace (application/zip) ─────────────────────────────────────────────────────────
    test-results/main-Castle-com-Main-Page--db172-018-Game-Categories-Display-webkit-retry1/trace.zip
    Usage:

        npx playwright show-trace test-results/main-Castle-com-Main-Page--db172-018-Game-Categories-Display-webkit-retry1/trace.zip

    ────────────────────────────────────────────────────────────────────────────────────────────────


[1A[2K[148/99] (retries) [webkit] › playwright-test/main.spec.ts:1070:9 › Castle.com Main Page Tests › Responsive Design Test Cases › TC-030: Tablet Responsiveness
[1A[2K[webkit] › playwright-test/main.spec.ts:1070:9 › Castle.com Main Page Tests › Responsive Design Test Cases › TC-030: Tablet Responsiveness
Starting main page test setup...

[1A[2K  50) [webkit] › playwright-test/main.spec.ts:856:9 › Castle.com Main Page Tests › Bets & Races Section Test Cases › TC-020: Bets & Races Tabs › Verify that Bets & Races section tabs function correctly 

    TimeoutError: locator.scrollIntoViewIfNeeded: Timeout 10000ms exceeded.
    Call log:
    [2m  - waiting for locator('*:has-text("BETS & RACES")')[22m


      859 |         
      860 |         // Scroll to Bets & Races section
    > 861 |         await page.locator('*:has-text("BETS & RACES")').scrollIntoViewIfNeeded();
          |                                                          ^
      862 |         await page.waitForTimeout(1000);
      863 |         
      864 |         const tabs = ['My Bets', 'All Bets', 'High Rollers', 'Lucky Bets', 'Races'];
        at /Users/eljinwhitehead/site-castle/playwright-test/main.spec.ts:861:58
        at /Users/eljinwhitehead/site-castle/playwright-test/main.spec.ts:857:18

    Error Context: test-results/main-Castle-com-Main-Page--618db-ases-TC-020-Bets-Races-Tabs-webkit/error-context.md

    Retry #1 ───────────────────────────────────────────────────────────────────────────────────────

    TimeoutError: locator.scrollIntoViewIfNeeded: Timeout 10000ms exceeded.
    Call log:
    [2m  - waiting for locator('*:has-text("BETS & RACES")')[22m


      859 |         
      860 |         // Scroll to Bets & Races section
    > 861 |         await page.locator('*:has-text("BETS & RACES")').scrollIntoViewIfNeeded();
          |                                                          ^
      862 |         await page.waitForTimeout(1000);
      863 |         
      864 |         const tabs = ['My Bets', 'All Bets', 'High Rollers', 'Lucky Bets', 'Races'];
        at /Users/eljinwhitehead/site-castle/playwright-test/main.spec.ts:861:58
        at /Users/eljinwhitehead/site-castle/playwright-test/main.spec.ts:857:18

    Error Context: test-results/main-Castle-com-Main-Page--618db-ases-TC-020-Bets-Races-Tabs-webkit-retry1/error-context.md

    attachment #2: trace (application/zip) ─────────────────────────────────────────────────────────
    test-results/main-Castle-com-Main-Page--618db-ases-TC-020-Bets-Races-Tabs-webkit-retry1/trace.zip
    Usage:

        npx playwright show-trace test-results/main-Castle-com-Main-Page--618db-ases-TC-020-Bets-Races-Tabs-webkit-retry1/trace.zip

    ────────────────────────────────────────────────────────────────────────────────────────────────


[1A[2K[149/99] (retries) [webkit] › playwright-test/main.spec.ts:1113:9 › Castle.com Main Page Tests › Performance Test Cases › TC-031: Page Load Performance
[1A[2KNavigated to main page

[1A[2KWaiting for page to be ready...

[1A[2K[webkit] › playwright-test/main.spec.ts:1113:9 › Castle.com Main Page Tests › Performance Test Cases › TC-031: Page Load Performance
Starting main page test setup...

[1A[2KNavigated to main page

[1A[2KWaiting for page to be ready...

[1A[2K[webkit] › playwright-test/main.spec.ts:909:9 › Castle.com Main Page Tests › Bets & Races Section Test Cases › TC-022: Live Bet Updates
Page ready check had issues: page.waitForSelector: Timeout 10000ms exceeded.
Call log:
[2m  - waiting for locator('.AppMain') to be visible[22m

    at MainPageTest.waitForPageReady [90m(/Users/eljinwhitehead/site-castle/[39mplaywright-test/main.spec.ts:250:23[90m)[39m
    at [90m/Users/eljinwhitehead/site-castle/[39mplaywright-test/main.spec.ts:387:7 {
  name: [32m'TimeoutError'[39m,
  [32mSymbol(step)[39m: {
    stepId: [32m'pw:api@13'[39m,
    location: {
      file: [32m'/Users/eljinwhitehead/site-castle/playwright-test/main.spec.ts'[39m,
      line: [33m250[39m,
      column: [33m23[39m,
      function: [32m'MainPageTest.waitForPageReady'[39m
    },
    category: [32m'pw:api'[39m,
    title: [32m"Wait for selector locator('.AppMain')"[39m,
    apiName: [32m'page.waitForSelector'[39m,
    params: { selector: [32m'.AppMain'[39m, state: [32m'visible'[39m, timeout: [33m10000[39m },
    boxedStack: [90mundefined[39m,
    steps: [],
    attachmentIndices: [],
    info: TestStepInfoImpl {
      annotations: [],
      _testInfo: [36m[TestInfoImpl][39m,
      _stepId: [32m'pw:api@13'[39m,
      skip: [36m[Function (anonymous)][39m
    },
    complete: [36m[Function: complete][39m,
    endWallTime: [33m1753895858963[39m,
    error: {
      message: [32m'TimeoutError: page.waitForSelector: Timeout 10000ms exceeded.\n'[39m +
        [32m'Call log:\n'[39m +
        [32m"\x1B[2m  - waiting for locator('.AppMain') to be visible\x1B[22m\n"[39m,
      stack: [32m'TimeoutError: page.waitForSelector: Timeout 10000ms exceeded.\n'[39m +
        [32m'Call log:\n'[39m +
        [32m"\x1B[2m  - waiting for locator('.AppMain') to be visible\x1B[22m\n"[39m +
        [32m'\n'[39m +
        [32m'    at MainPageTest.waitForPageReady (/Users/eljinwhitehead/site-castle/playwright-test/main.spec.ts:250:23)\n'[39m +
        [32m'    at /Users/eljinwhitehead/site-castle/playwright-test/main.spec.ts:387:7'[39m,
      cause: [90mundefined[39m
    }
  }
}

[1A[2KVerifying main page load...

[1A[2K  51) [webkit] › playwright-test/main.spec.ts:882:9 › Castle.com Main Page Tests › Bets & Races Section Test Cases › TC-021: All Bets Display › Verify that the All Bets tab displays recent betting activity 

    TimeoutError: locator.scrollIntoViewIfNeeded: Timeout 10000ms exceeded.
    Call log:
    [2m  - waiting for locator('*:has-text("BETS & RACES")')[22m


      885 |         
      886 |         // Scroll to section
    > 887 |         await page.locator('*:has-text("BETS & RACES")').scrollIntoViewIfNeeded();
          |                                                          ^
      888 |         await page.waitForTimeout(1000);
      889 |         
      890 |         // Click All Bets tab
        at /Users/eljinwhitehead/site-castle/playwright-test/main.spec.ts:887:58
        at /Users/eljinwhitehead/site-castle/playwright-test/main.spec.ts:883:18

    Error Context: test-results/main-Castle-com-Main-Page--cbf5b-ses-TC-021-All-Bets-Display-webkit/error-context.md

    Retry #1 ───────────────────────────────────────────────────────────────────────────────────────

    TimeoutError: locator.scrollIntoViewIfNeeded: Timeout 10000ms exceeded.
    Call log:
    [2m  - waiting for locator('*:has-text("BETS & RACES")')[22m


      885 |         
      886 |         // Scroll to section
    > 887 |         await page.locator('*:has-text("BETS & RACES")').scrollIntoViewIfNeeded();
          |                                                          ^
      888 |         await page.waitForTimeout(1000);
      889 |         
      890 |         // Click All Bets tab
        at /Users/eljinwhitehead/site-castle/playwright-test/main.spec.ts:887:58
        at /Users/eljinwhitehead/site-castle/playwright-test/main.spec.ts:883:18

    Error Context: test-results/main-Castle-com-Main-Page--cbf5b-ses-TC-021-All-Bets-Display-webkit-retry1/error-context.md

    attachment #2: trace (application/zip) ─────────────────────────────────────────────────────────
    test-results/main-Castle-com-Main-Page--cbf5b-ses-TC-021-All-Bets-Display-webkit-retry1/trace.zip
    Usage:

        npx playwright show-trace test-results/main-Castle-com-Main-Page--cbf5b-ses-TC-021-All-Bets-Display-webkit-retry1/trace.zip

    ────────────────────────────────────────────────────────────────────────────────────────────────


[1A[2K[150/99] (retries) [webkit] › playwright-test/main.spec.ts:1146:9 › Castle.com Main Page Tests › Performance Test Cases › TC-032: Game Thumbnail Loading
[1A[2K[webkit] › playwright-test/main.spec.ts:1146:9 › Castle.com Main Page Tests › Performance Test Cases › TC-032: Game Thumbnail Loading
Starting main page test setup...

[1A[2K[webkit] › playwright-test/main.spec.ts:1070:9 › Castle.com Main Page Tests › Responsive Design Test Cases › TC-030: Tablet Responsiveness
Page ready check completed

[1A[2KVerifying main page load...

[1A[2KMain page verification complete

[1A[2KStarting TC-030: Tablet Responsiveness

[1A[2K[webkit] › playwright-test/main.spec.ts:1010:9 › Castle.com Main Page Tests › Footer Section Test Cases › TC-027: Accepted Tokens Display
Page ready check had issues: page.waitForSelector: Timeout 10000ms exceeded.
Call log:
[2m  - waiting for locator('.AppMain') to be visible[22m

    at MainPageTest.waitForPageReady [90m(/Users/eljinwhitehead/site-castle/[39mplaywright-test/main.spec.ts:250:23[90m)[39m
    at [90m/Users/eljinwhitehead/site-castle/[39mplaywright-test/main.spec.ts:387:7 {
  name: [32m'TimeoutError'[39m,
  [32mSymbol(step)[39m: {
    stepId: [32m'pw:api@11'[39m,
    location: {
      file: [32m'/Users/eljinwhitehead/site-castle/playwright-test/main.spec.ts'[39m,
      line: [33m250[39m,
      column: [33m23[39m,
      function: [32m'MainPageTest.waitForPageReady'[39m
    },
    category: [32m'pw:api'[39m,
    title: [32m"Wait for selector locator('.AppMain')"[39m,
    apiName: [32m'page.waitForSelector'[39m,
    params: { selector: [32m'.AppMain'[39m, state: [32m'visible'[39m, timeout: [33m10000[39m },
    boxedStack: [90mundefined[39m,
    steps: [],
    attachmentIndices: [],
    info: TestStepInfoImpl {
      annotations: [],
      _testInfo: [36m[TestInfoImpl][39m,
      _stepId: [32m'pw:api@11'[39m,
      skip: [36m[Function (anonymous)][39m
    },
    complete: [36m[Function: complete][39m,
    endWallTime: [33m1753895859925[39m,
    error: {
      message: [32m'TimeoutError: page.waitForSelector: Timeout 10000ms exceeded.\n'[39m +
        [32m'Call log:\n'[39m +
        [32m"\x1B[2m  - waiting for locator('.AppMain') to be visible\x1B[22m\n"[39m,
      stack: [32m'TimeoutError: page.waitForSelector: Timeout 10000ms exceeded.\n'[39m +
        [32m'Call log:\n'[39m +
        [32m"\x1B[2m  - waiting for locator('.AppMain') to be visible\x1B[22m\n"[39m +
        [32m'\n'[39m +
        [32m'    at MainPageTest.waitForPageReady (/Users/eljinwhitehead/site-castle/playwright-test/main.spec.ts:250:23)\n'[39m +
        [32m'    at /Users/eljinwhitehead/site-castle/playwright-test/main.spec.ts:387:7'[39m,
      cause: [90mundefined[39m
    }
  }
}

[1A[2KVerifying main page load...

[1A[2K[webkit] › playwright-test/main.spec.ts:1070:9 › Castle.com Main Page Tests › Responsive Design Test Cases › TC-030: Tablet Responsiveness
Portrait games per row: 4

[1A[2K[webkit] › playwright-test/main.spec.ts:1025:9 › Castle.com Main Page Tests › Footer Section Test Cases › TC-028: Footer Contact Information
Page ready check had issues: page.waitForSelector: Timeout 10000ms exceeded.
Call log:
[2m  - waiting for locator('.AppMain') to be visible[22m

    at MainPageTest.waitForPageReady [90m(/Users/eljinwhitehead/site-castle/[39mplaywright-test/main.spec.ts:250:23[90m)[39m
    at [90m/Users/eljinwhitehead/site-castle/[39mplaywright-test/main.spec.ts:387:7 {
  name: [32m'TimeoutError'[39m,
  [32mSymbol(step)[39m: {
    stepId: [32m'pw:api@13'[39m,
    location: {
      file: [32m'/Users/eljinwhitehead/site-castle/playwright-test/main.spec.ts'[39m,
      line: [33m250[39m,
      column: [33m23[39m,
      function: [32m'MainPageTest.waitForPageReady'[39m
    },
    category: [32m'pw:api'[39m,
    title: [32m"Wait for selector locator('.AppMain')"[39m,
    apiName: [32m'page.waitForSelector'[39m,
    params: { selector: [32m'.AppMain'[39m, state: [32m'visible'[39m, timeout: [33m10000[39m },
    boxedStack: [90mundefined[39m,
    steps: [],
    attachmentIndices: [],
    info: TestStepInfoImpl {
      annotations: [],
      _testInfo: [36m[TestInfoImpl][39m,
      _stepId: [32m'pw:api@13'[39m,
      skip: [36m[Function (anonymous)][39m
    },
    complete: [36m[Function: complete][39m,
    endWallTime: [33m1753895860947[39m,
    error: {
      message: [32m'TimeoutError: page.waitForSelector: Timeout 10000ms exceeded.\n'[39m +
        [32m'Call log:\n'[39m +
        [32m"\x1B[2m  - waiting for locator('.AppMain') to be visible\x1B[22m\n"[39m,
      stack: [32m'TimeoutError: page.waitForSelector: Timeout 10000ms exceeded.\n'[39m +
        [32m'Call log:\n'[39m +
        [32m"\x1B[2m  - waiting for locator('.AppMain') to be visible\x1B[22m\n"[39m +
        [32m'\n'[39m +
        [32m'    at MainPageTest.waitForPageReady (/Users/eljinwhitehead/site-castle/playwright-test/main.spec.ts:250:23)\n'[39m +
        [32m'    at /Users/eljinwhitehead/site-castle/playwright-test/main.spec.ts:387:7'[39m,
      cause: [90mundefined[39m
    }
  }
}

[1A[2KVerifying main page load...

[1A[2K[webkit] › playwright-test/main.spec.ts:1113:9 › Castle.com Main Page Tests › Performance Test Cases › TC-031: Page Load Performance
Page ready check completed

[1A[2KVerifying main page load...

[1A[2KMain page verification complete

[1A[2KStarting TC-031: Page Load Performance

[1A[2K[webkit] › playwright-test/main.spec.ts:1146:9 › Castle.com Main Page Tests › Performance Test Cases › TC-032: Game Thumbnail Loading
Navigated to main page

[1A[2KWaiting for page to be ready...

[1A[2K[webkit] › playwright-test/main.spec.ts:1113:9 › Castle.com Main Page Tests › Performance Test Cases › TC-031: Page Load Performance
DOM load time: 491ms

[1A[2KFull load time: 494ms

[1A[2KTC-031 completed

[1A[2K[151/99] (retries) [webkit] › playwright-test/main.spec.ts:1184:9 › Castle.com Main Page Tests › Security Test Cases › TC-033: HTTPS Implementation
[1A[2K[webkit] › playwright-test/main.spec.ts:1184:9 › Castle.com Main Page Tests › Security Test Cases › TC-033: HTTPS Implementation
Starting main page test setup...

[1A[2K[webkit] › playwright-test/main.spec.ts:1070:9 › Castle.com Main Page Tests › Responsive Design Test Cases › TC-030: Tablet Responsiveness
Landscape games per row: 2

[1A[2KTC-030 completed

[1A[2K[webkit] › playwright-test/main.spec.ts:1046:9 › Castle.com Main Page Tests › Responsive Design Test Cases › TC-029: Mobile Responsiveness
Page ready check had issues: page.waitForSelector: Timeout 10000ms exceeded.
Call log:
[2m  - waiting for locator('.AppMain') to be visible[22m

    at MainPageTest.waitForPageReady [90m(/Users/eljinwhitehead/site-castle/[39mplaywright-test/main.spec.ts:250:23[90m)[39m
    at [90m/Users/eljinwhitehead/site-castle/[39mplaywright-test/main.spec.ts:387:7 {
  name: [32m'TimeoutError'[39m,
  [32mSymbol(step)[39m: {
    stepId: [32m'pw:api@11'[39m,
    location: {
      file: [32m'/Users/eljinwhitehead/site-castle/playwright-test/main.spec.ts'[39m,
      line: [33m250[39m,
      column: [33m23[39m,
      function: [32m'MainPageTest.waitForPageReady'[39m
    },
    category: [32m'pw:api'[39m,
    title: [32m"Wait for selector locator('.AppMain')"[39m,
    apiName: [32m'page.waitForSelector'[39m,
    params: { selector: [32m'.AppMain'[39m, state: [32m'visible'[39m, timeout: [33m10000[39m },
    boxedStack: [90mundefined[39m,
    steps: [],
    attachmentIndices: [],
    info: TestStepInfoImpl {
      annotations: [],
      _testInfo: [36m[TestInfoImpl][39m,
      _stepId: [32m'pw:api@11'[39m,
      skip: [36m[Function (anonymous)][39m
    },
    complete: [36m[Function: complete][39m,
    endWallTime: [33m1753895862397[39m,
    error: {
      message: [32m'TimeoutError: page.waitForSelector: Timeout 10000ms exceeded.\n'[39m +
        [32m'Call log:\n'[39m +
        [32m"\x1B[2m  - waiting for locator('.AppMain') to be visible\x1B[22m\n"[39m,
      stack: [32m'TimeoutError: page.waitForSelector: Timeout 10000ms exceeded.\n'[39m +
        [32m'Call log:\n'[39m +
        [32m"\x1B[2m  - waiting for locator('.AppMain') to be visible\x1B[22m\n"[39m +
        [32m'\n'[39m +
        [32m'    at MainPageTest.waitForPageReady (/Users/eljinwhitehead/site-castle/playwright-test/main.spec.ts:250:23)\n'[39m +
        [32m'    at /Users/eljinwhitehead/site-castle/playwright-test/main.spec.ts:387:7'[39m,
      cause: [90mundefined[39m
    }
  }
}

[1A[2KVerifying main page load...

[1A[2K[webkit] › playwright-test/main.spec.ts:1184:9 › Castle.com Main Page Tests › Security Test Cases › TC-033: HTTPS Implementation
Navigated to main page

[1A[2KWaiting for page to be ready...

[1A[2K[webkit] › playwright-test/main.spec.ts:1146:9 › Castle.com Main Page Tests › Performance Test Cases › TC-032: Game Thumbnail Loading
Page ready check completed

[1A[2KVerifying main page load...

[1A[2KMain page verification complete

[1A[2KStarting TC-032: Game Thumbnail Loading

[1A[2KLazy loaded images: 0

[1A[2K[webkit] › playwright-test/main.spec.ts:1184:9 › Castle.com Main Page Tests › Security Test Cases › TC-033: HTTPS Implementation
Page ready check completed

[1A[2KVerifying main page load...

[1A[2KMain page verification complete

[1A[2KStarting TC-033: HTTPS Implementation

[1A[2KLocal environment detected, skipping HTTPS check

[1A[2KTC-033 completed

[1A[2K[webkit] › playwright-test/main.spec.ts:1146:9 › Castle.com Main Page Tests › Performance Test Cases › TC-032: Game Thumbnail Loading
Cumulative Layout Shift: 0

[1A[2KTC-032 completed

[1A[2K[webkit] › playwright-test/main.spec.ts:909:9 › Castle.com Main Page Tests › Bets & Races Section Test Cases › TC-022: Live Bet Updates
Error in test setup: ExpectError: [31mTimed out 10000ms waiting for [39m[2mexpect([22m[31mlocator[39m[2m).[22mtoBeVisible[2m()[22m

Locator: locator('.Vector.site-logo, svg:has(path[d*="M44.6064"])').first()
Expected: visible
Received: <element(s) not found>
Call log:
[2m  - Expect "toBeVisible" with timeout 10000ms[22m
[2m  - waiting for locator('.Vector.site-logo, svg:has(path[d*="M44.6064"])').first()[22m

    at MainPageTest.verifyPageLoad [90m(/Users/eljinwhitehead/site-castle/[39mplaywright-test/main.spec.ts:366:36[90m)[39m
    at [90m/Users/eljinwhitehead/site-castle/[39mplaywright-test/main.spec.ts:394:7 {
  matcherResult: {
    message: [32m'\x1B[31mTimed out 10000ms waiting for \x1B[39m\x1B[2mexpect(\x1B[22m\x1B[31mlocator\x1B[39m\x1B[2m).\x1B[22mtoBeVisible\x1B[2m()\x1B[22m\n'[39m +
      [32m'\n'[39m +
      [32m`Locator: locator('.Vector.site-logo, svg:has(path[d*="M44.6064"])').first()\n`[39m +
      [32m'Expected: visible\n'[39m +
      [32m'Received: <element(s) not found>\n'[39m +
      [32m'Call log:\n'[39m +
      [32m'\x1B[2m  - Expect "toBeVisible" with timeout 10000ms\x1B[22m\n'[39m +
      [32m`\x1B[2m  - waiting for locator('.Vector.site-logo, svg:has(path[d*="M44.6064"])').first()\x1B[22m\n`[39m,
    pass: [33mfalse[39m,
    actual: [32m'<element(s) not found>'[39m,
    name: [32m'toBeVisible'[39m,
    expected: [32m'visible'[39m,
    log: [
      [32m'  - Expect "toBeVisible" with timeout 10000ms'[39m,
      [32m`  - waiting for locator('.Vector.site-logo, svg:has(path[d*="M44.6064"])').first()`[39m
    ],
    timeout: [33m10000[39m
  },
  [32mSymbol(step)[39m: {
    stepId: [32m'expect@15'[39m,
    category: [32m'expect'[39m,
    apiName: [32m'expect.toBeVisible'[39m,
    title: [32m'toBeVisible'[39m,
    params: { expected: [36m[Object][39m },
    infectParentStepsWithError: [90mundefined[39m,
    boxedStack: [90mundefined[39m,
    location: {
      file: [32m'/Users/eljinwhitehead/site-castle/playwright-test/main.spec.ts'[39m,
      line: [33m366[39m,
      column: [33m36[39m,
      function: [32m'MainPageTest.verifyPageLoad'[39m
    },
    steps: [],
    attachmentIndices: [],
    info: TestStepInfoImpl {
      annotations: [],
      _testInfo: [36m[TestInfoImpl][39m,
      _stepId: [32m'expect@15'[39m,
      skip: [36m[Function (anonymous)][39m
    },
    complete: [36m[Function: complete][39m,
    endWallTime: [33m1753895868978[39m,
    error: {
      message: [32m'Error: \x1B[31mTimed out 10000ms waiting for \x1B[39m\x1B[2mexpect(\x1B[22m\x1B[31mlocator\x1B[39m\x1B[2m).\x1B[22mtoBeVisible\x1B[2m()\x1B[22m\n'[39m +
        [32m'\n'[39m +
        [32m`Locator: locator('.Vector.site-logo, svg:has(path[d*="M44.6064"])').first()\n`[39m +
        [32m'Expected: visible\n'[39m +
        [32m'Received: <element(s) not found>\n'[39m +
        [32m'Call log:\n'[39m +
        [32m'\x1B[2m  - Expect "toBeVisible" with timeout 10000ms\x1B[22m\n'[39m +
        [32m`\x1B[2m  - waiting for locator('.Vector.site-logo, svg:has(path[d*="M44.6064"])').first()\x1B[22m\n`[39m,
      stack: [32m'Error: \x1B[31mTimed out 10000ms waiting for \x1B[39m\x1B[2mexpect(\x1B[22m\x1B[31mlocator\x1B[39m\x1B[2m).\x1B[22mtoBeVisible\x1B[2m()\x1B[22m\n'[39m +
        [32m'\n'[39m +
        [32m`Locator: locator('.Vector.site-logo, svg:has(path[d*="M44.6064"])').first()\n`[39m +
        [32m'Expected: visible\n'[39m +
        [32m'Received: <element(s) not found>\n'[39m +
        [32m'Call log:\n'[39m +
        [32m'\x1B[2m  - Expect "toBeVisible" with timeout 10000ms\x1B[22m\n'[39m +
        [32m`\x1B[2m  - waiting for locator('.Vector.site-logo, svg:has(path[d*="M44.6064"])').first()\x1B[22m\n`[39m +
        [32m'\n'[39m +
        [32m'    at MainPageTest.verifyPageLoad (/Users/eljinwhitehead/site-castle/playwright-test/main.spec.ts:366:36)\n'[39m +
        [32m'    at /Users/eljinwhitehead/site-castle/playwright-test/main.spec.ts:394:7'[39m,
      cause: [90mundefined[39m
    }
  }
}

[1A[2KStarting TC-022: Live Bet Updates

[1A[2K[webkit] › playwright-test/main.spec.ts:1010:9 › Castle.com Main Page Tests › Footer Section Test Cases › TC-027: Accepted Tokens Display
Error in test setup: ExpectError: [31mTimed out 10000ms waiting for [39m[2mexpect([22m[31mlocator[39m[2m).[22mtoBeVisible[2m()[22m

Locator: locator('.Vector.site-logo, svg:has(path[d*="M44.6064"])').first()
Expected: visible
Received: <element(s) not found>
Call log:
[2m  - Expect "toBeVisible" with timeout 10000ms[22m
[2m  - waiting for locator('.Vector.site-logo, svg:has(path[d*="M44.6064"])').first()[22m

    at MainPageTest.verifyPageLoad [90m(/Users/eljinwhitehead/site-castle/[39mplaywright-test/main.spec.ts:366:36[90m)[39m
    at [90m/Users/eljinwhitehead/site-castle/[39mplaywright-test/main.spec.ts:394:7 {
  matcherResult: {
    message: [32m'\x1B[31mTimed out 10000ms waiting for \x1B[39m\x1B[2mexpect(\x1B[22m\x1B[31mlocator\x1B[39m\x1B[2m).\x1B[22mtoBeVisible\x1B[2m()\x1B[22m\n'[39m +
      [32m'\n'[39m +
      [32m`Locator: locator('.Vector.site-logo, svg:has(path[d*="M44.6064"])').first()\n`[39m +
      [32m'Expected: visible\n'[39m +
      [32m'Received: <element(s) not found>\n'[39m +
      [32m'Call log:\n'[39m +
      [32m'\x1B[2m  - Expect "toBeVisible" with timeout 10000ms\x1B[22m\n'[39m +
      [32m`\x1B[2m  - waiting for locator('.Vector.site-logo, svg:has(path[d*="M44.6064"])').first()\x1B[22m\n`[39m,
    pass: [33mfalse[39m,
    actual: [32m'<element(s) not found>'[39m,
    name: [32m'toBeVisible'[39m,
    expected: [32m'visible'[39m,
    log: [
      [32m'  - Expect "toBeVisible" with timeout 10000ms'[39m,
      [32m`  - waiting for locator('.Vector.site-logo, svg:has(path[d*="M44.6064"])').first()`[39m
    ],
    timeout: [33m10000[39m
  },
  [32mSymbol(step)[39m: {
    stepId: [32m'expect@13'[39m,
    category: [32m'expect'[39m,
    apiName: [32m'expect.toBeVisible'[39m,
    title: [32m'toBeVisible'[39m,
    params: { expected: [36m[Object][39m },
    infectParentStepsWithError: [90mundefined[39m,
    boxedStack: [90mundefined[39m,
    location: {
      file: [32m'/Users/eljinwhitehead/site-castle/playwright-test/main.spec.ts'[39m,
      line: [33m366[39m,
      column: [33m36[39m,
      function: [32m'MainPageTest.verifyPageLoad'[39m
    },
    steps: [],
    attachmentIndices: [],
    info: TestStepInfoImpl {
      annotations: [],
      _testInfo: [36m[TestInfoImpl][39m,
      _stepId: [32m'expect@13'[39m,
      skip: [36m[Function (anonymous)][39m
    },
    complete: [36m[Function: complete][39m,
    endWallTime: [33m1753895869935[39m,
    error: {
      message: [32m'Error: \x1B[31mTimed out 10000ms waiting for \x1B[39m\x1B[2mexpect(\x1B[22m\x1B[31mlocator\x1B[39m\x1B[2m).\x1B[22mtoBeVisible\x1B[2m()\x1B[22m\n'[39m +
        [32m'\n'[39m +
        [32m`Locator: locator('.Vector.site-logo, svg:has(path[d*="M44.6064"])').first()\n`[39m +
        [32m'Expected: visible\n'[39m +
        [32m'Received: <element(s) not found>\n'[39m +
        [32m'Call log:\n'[39m +
        [32m'\x1B[2m  - Expect "toBeVisible" with timeout 10000ms\x1B[22m\n'[39m +
        [32m`\x1B[2m  - waiting for locator('.Vector.site-logo, svg:has(path[d*="M44.6064"])').first()\x1B[22m\n`[39m,
      stack: [32m'Error: \x1B[31mTimed out 10000ms waiting for \x1B[39m\x1B[2mexpect(\x1B[22m\x1B[31mlocator\x1B[39m\x1B[2m).\x1B[22mtoBeVisible\x1B[2m()\x1B[22m\n'[39m +
        [32m'\n'[39m +
        [32m`Locator: locator('.Vector.site-logo, svg:has(path[d*="M44.6064"])').first()\n`[39m +
        [32m'Expected: visible\n'[39m +
        [32m'Received: <element(s) not found>\n'[39m +
        [32m'Call log:\n'[39m +
        [32m'\x1B[2m  - Expect "toBeVisible" with timeout 10000ms\x1B[22m\n'[39m +
        [32m`\x1B[2m  - waiting for locator('.Vector.site-logo, svg:has(path[d*="M44.6064"])').first()\x1B[22m\n`[39m +
        [32m'\n'[39m +
        [32m'    at MainPageTest.verifyPageLoad (/Users/eljinwhitehead/site-castle/playwright-test/main.spec.ts:366:36)\n'[39m +
        [32m'    at /Users/eljinwhitehead/site-castle/playwright-test/main.spec.ts:394:7'[39m,
      cause: [90mundefined[39m
    }
  }
}

[1A[2KStarting TC-027: Accepted Tokens Display

[1A[2K[webkit] › playwright-test/main.spec.ts:1025:9 › Castle.com Main Page Tests › Footer Section Test Cases › TC-028: Footer Contact Information
Error in test setup: ExpectError: [31mTimed out 10000ms waiting for [39m[2mexpect([22m[31mlocator[39m[2m).[22mtoBeVisible[2m()[22m

Locator: locator('.Vector.site-logo, svg:has(path[d*="M44.6064"])').first()
Expected: visible
Received: <element(s) not found>
Call log:
[2m  - Expect "toBeVisible" with timeout 10000ms[22m
[2m  - waiting for locator('.Vector.site-logo, svg:has(path[d*="M44.6064"])').first()[22m

    at MainPageTest.verifyPageLoad [90m(/Users/eljinwhitehead/site-castle/[39mplaywright-test/main.spec.ts:366:36[90m)[39m
    at [90m/Users/eljinwhitehead/site-castle/[39mplaywright-test/main.spec.ts:394:7 {
  matcherResult: {
    message: [32m'\x1B[31mTimed out 10000ms waiting for \x1B[39m\x1B[2mexpect(\x1B[22m\x1B[31mlocator\x1B[39m\x1B[2m).\x1B[22mtoBeVisible\x1B[2m()\x1B[22m\n'[39m +
      [32m'\n'[39m +
      [32m`Locator: locator('.Vector.site-logo, svg:has(path[d*="M44.6064"])').first()\n`[39m +
      [32m'Expected: visible\n'[39m +
      [32m'Received: <element(s) not found>\n'[39m +
      [32m'Call log:\n'[39m +
      [32m'\x1B[2m  - Expect "toBeVisible" with timeout 10000ms\x1B[22m\n'[39m +
      [32m`\x1B[2m  - waiting for locator('.Vector.site-logo, svg:has(path[d*="M44.6064"])').first()\x1B[22m\n`[39m,
    pass: [33mfalse[39m,
    actual: [32m'<element(s) not found>'[39m,
    name: [32m'toBeVisible'[39m,
    expected: [32m'visible'[39m,
    log: [
      [32m'  - Expect "toBeVisible" with timeout 10000ms'[39m,
      [32m`  - waiting for locator('.Vector.site-logo, svg:has(path[d*="M44.6064"])').first()`[39m
    ],
    timeout: [33m10000[39m
  },
  [32mSymbol(step)[39m: {
    stepId: [32m'expect@15'[39m,
    category: [32m'expect'[39m,
    apiName: [32m'expect.toBeVisible'[39m,
    title: [32m'toBeVisible'[39m,
    params: { expected: [36m[Object][39m },
    infectParentStepsWithError: [90mundefined[39m,
    boxedStack: [90mundefined[39m,
    location: {
      file: [32m'/Users/eljinwhitehead/site-castle/playwright-test/main.spec.ts'[39m,
      line: [33m366[39m,
      column: [33m36[39m,
      function: [32m'MainPageTest.verifyPageLoad'[39m
    },
    steps: [],
    attachmentIndices: [],
    info: TestStepInfoImpl {
      annotations: [],
      _testInfo: [36m[TestInfoImpl][39m,
      _stepId: [32m'expect@15'[39m,
      skip: [36m[Function (anonymous)][39m
    },
    complete: [36m[Function: complete][39m,
    endWallTime: [33m1753895870954[39m,
    error: {
      message: [32m'Error: \x1B[31mTimed out 10000ms waiting for \x1B[39m\x1B[2mexpect(\x1B[22m\x1B[31mlocator\x1B[39m\x1B[2m).\x1B[22mtoBeVisible\x1B[2m()\x1B[22m\n'[39m +
        [32m'\n'[39m +
        [32m`Locator: locator('.Vector.site-logo, svg:has(path[d*="M44.6064"])').first()\n`[39m +
        [32m'Expected: visible\n'[39m +
        [32m'Received: <element(s) not found>\n'[39m +
        [32m'Call log:\n'[39m +
        [32m'\x1B[2m  - Expect "toBeVisible" with timeout 10000ms\x1B[22m\n'[39m +
        [32m`\x1B[2m  - waiting for locator('.Vector.site-logo, svg:has(path[d*="M44.6064"])').first()\x1B[22m\n`[39m,
      stack: [32m'Error: \x1B[31mTimed out 10000ms waiting for \x1B[39m\x1B[2mexpect(\x1B[22m\x1B[31mlocator\x1B[39m\x1B[2m).\x1B[22mtoBeVisible\x1B[2m()\x1B[22m\n'[39m +
        [32m'\n'[39m +
        [32m`Locator: locator('.Vector.site-logo, svg:has(path[d*="M44.6064"])').first()\n`[39m +
        [32m'Expected: visible\n'[39m +
        [32m'Received: <element(s) not found>\n'[39m +
        [32m'Call log:\n'[39m +
        [32m'\x1B[2m  - Expect "toBeVisible" with timeout 10000ms\x1B[22m\n'[39m +
        [32m`\x1B[2m  - waiting for locator('.Vector.site-logo, svg:has(path[d*="M44.6064"])').first()\x1B[22m\n`[39m +
        [32m'\n'[39m +
        [32m'    at MainPageTest.verifyPageLoad (/Users/eljinwhitehead/site-castle/playwright-test/main.spec.ts:366:36)\n'[39m +
        [32m'    at /Users/eljinwhitehead/site-castle/playwright-test/main.spec.ts:394:7'[39m,
      cause: [90mundefined[39m
    }
  }
}

[1A[2KStarting TC-028: Footer Contact Information

[1A[2K[webkit] › playwright-test/main.spec.ts:1046:9 › Castle.com Main Page Tests › Responsive Design Test Cases › TC-029: Mobile Responsiveness
Error in test setup: ExpectError: [31mTimed out 10000ms waiting for [39m[2mexpect([22m[31mlocator[39m[2m).[22mtoBeVisible[2m()[22m

Locator: locator('.Vector.site-logo, svg:has(path[d*="M44.6064"])').first()
Expected: visible
Received: <element(s) not found>
Call log:
[2m  - Expect "toBeVisible" with timeout 10000ms[22m
[2m  - waiting for locator('.Vector.site-logo, svg:has(path[d*="M44.6064"])').first()[22m

    at MainPageTest.verifyPageLoad [90m(/Users/eljinwhitehead/site-castle/[39mplaywright-test/main.spec.ts:366:36[90m)[39m
    at [90m/Users/eljinwhitehead/site-castle/[39mplaywright-test/main.spec.ts:394:7 {
  matcherResult: {
    message: [32m'\x1B[31mTimed out 10000ms waiting for \x1B[39m\x1B[2mexpect(\x1B[22m\x1B[31mlocator\x1B[39m\x1B[2m).\x1B[22mtoBeVisible\x1B[2m()\x1B[22m\n'[39m +
      [32m'\n'[39m +
      [32m`Locator: locator('.Vector.site-logo, svg:has(path[d*="M44.6064"])').first()\n`[39m +
      [32m'Expected: visible\n'[39m +
      [32m'Received: <element(s) not found>\n'[39m +
      [32m'Call log:\n'[39m +
      [32m'\x1B[2m  - Expect "toBeVisible" with timeout 10000ms\x1B[22m\n'[39m +
      [32m`\x1B[2m  - waiting for locator('.Vector.site-logo, svg:has(path[d*="M44.6064"])').first()\x1B[22m\n`[39m,
    pass: [33mfalse[39m,
    actual: [32m'<element(s) not found>'[39m,
    name: [32m'toBeVisible'[39m,
    expected: [32m'visible'[39m,
    log: [
      [32m'  - Expect "toBeVisible" with timeout 10000ms'[39m,
      [32m`  - waiting for locator('.Vector.site-logo, svg:has(path[d*="M44.6064"])').first()`[39m
    ],
    timeout: [33m10000[39m
  },
  [32mSymbol(step)[39m: {
    stepId: [32m'expect@13'[39m,
    category: [32m'expect'[39m,
    apiName: [32m'expect.toBeVisible'[39m,
    title: [32m'toBeVisible'[39m,
    params: { expected: [36m[Object][39m },
    infectParentStepsWithError: [90mundefined[39m,
    boxedStack: [90mundefined[39m,
    location: {
      file: [32m'/Users/eljinwhitehead/site-castle/playwright-test/main.spec.ts'[39m,
      line: [33m366[39m,
      column: [33m36[39m,
      function: [32m'MainPageTest.verifyPageLoad'[39m
    },
    steps: [],
    attachmentIndices: [],
    info: TestStepInfoImpl {
      annotations: [],
      _testInfo: [36m[TestInfoImpl][39m,
      _stepId: [32m'expect@13'[39m,
      skip: [36m[Function (anonymous)][39m
    },
    complete: [36m[Function: complete][39m,
    endWallTime: [33m1753895872404[39m,
    error: {
      message: [32m'Error: \x1B[31mTimed out 10000ms waiting for \x1B[39m\x1B[2mexpect(\x1B[22m\x1B[31mlocator\x1B[39m\x1B[2m).\x1B[22mtoBeVisible\x1B[2m()\x1B[22m\n'[39m +
        [32m'\n'[39m +
        [32m`Locator: locator('.Vector.site-logo, svg:has(path[d*="M44.6064"])').first()\n`[39m +
        [32m'Expected: visible\n'[39m +
        [32m'Received: <element(s) not found>\n'[39m +
        [32m'Call log:\n'[39m +
        [32m'\x1B[2m  - Expect "toBeVisible" with timeout 10000ms\x1B[22m\n'[39m +
        [32m`\x1B[2m  - waiting for locator('.Vector.site-logo, svg:has(path[d*="M44.6064"])').first()\x1B[22m\n`[39m,
      stack: [32m'Error: \x1B[31mTimed out 10000ms waiting for \x1B[39m\x1B[2mexpect(\x1B[22m\x1B[31mlocator\x1B[39m\x1B[2m).\x1B[22mtoBeVisible\x1B[2m()\x1B[22m\n'[39m +
        [32m'\n'[39m +
        [32m`Locator: locator('.Vector.site-logo, svg:has(path[d*="M44.6064"])').first()\n`[39m +
        [32m'Expected: visible\n'[39m +
        [32m'Received: <element(s) not found>\n'[39m +
        [32m'Call log:\n'[39m +
        [32m'\x1B[2m  - Expect "toBeVisible" with timeout 10000ms\x1B[22m\n'[39m +
        [32m`\x1B[2m  - waiting for locator('.Vector.site-logo, svg:has(path[d*="M44.6064"])').first()\x1B[22m\n`[39m +
        [32m'\n'[39m +
        [32m'    at MainPageTest.verifyPageLoad (/Users/eljinwhitehead/site-castle/playwright-test/main.spec.ts:366:36)\n'[39m +
        [32m'    at /Users/eljinwhitehead/site-castle/playwright-test/main.spec.ts:394:7'[39m,
      cause: [90mundefined[39m
    }
  }
}

[1A[2KStarting TC-029: Mobile Responsiveness

[1A[2K[152/99] (retries) [webkit] › playwright-test/main.spec.ts:1010:9 › Castle.com Main Page Tests › Footer Section Test Cases › TC-027: Accepted Tokens Display (retry #1)
[1A[2K[webkit] › playwright-test/main.spec.ts:1010:9 › Castle.com Main Page Tests › Footer Section Test Cases › TC-027: Accepted Tokens Display
Starting main page test setup...

[1A[2K[153/99] (retries) [webkit] › playwright-test/main.spec.ts:1025:9 › Castle.com Main Page Tests › Footer Section Test Cases › TC-028: Footer Contact Information (retry #1)
[1A[2K[webkit] › playwright-test/main.spec.ts:1025:9 › Castle.com Main Page Tests › Footer Section Test Cases › TC-028: Footer Contact Information
Starting main page test setup...

[1A[2K[webkit] › playwright-test/main.spec.ts:1010:9 › Castle.com Main Page Tests › Footer Section Test Cases › TC-027: Accepted Tokens Display
Navigated to main page

[1A[2KWaiting for page to be ready...

[1A[2K[webkit] › playwright-test/main.spec.ts:1025:9 › Castle.com Main Page Tests › Footer Section Test Cases › TC-028: Footer Contact Information
Navigated to main page

[1A[2KWaiting for page to be ready...

[1A[2K  52) [webkit] › playwright-test/main.spec.ts:909:9 › Castle.com Main Page Tests › Bets & Races Section Test Cases › TC-022: Live Bet Updates › Verify that bet information updates in real-time 

    TimeoutError: locator.scrollIntoViewIfNeeded: Timeout 10000ms exceeded.
    Call log:
    [2m  - waiting for locator('*:has-text("BETS & RACES")')[22m


      912 |         
      913 |         // Scroll to section
    > 914 |         await page.locator('*:has-text("BETS & RACES")').scrollIntoViewIfNeeded();
          |                                                          ^
      915 |         await page.waitForTimeout(1000);
      916 |         
      917 |         // Observe for 5 seconds for updates
        at /Users/eljinwhitehead/site-castle/playwright-test/main.spec.ts:914:58
        at /Users/eljinwhitehead/site-castle/playwright-test/main.spec.ts:910:18

    Error Context: test-results/main-Castle-com-Main-Page--65a36-ses-TC-022-Live-Bet-Updates-webkit/error-context.md

    Retry #1 ───────────────────────────────────────────────────────────────────────────────────────

    TimeoutError: locator.scrollIntoViewIfNeeded: Timeout 10000ms exceeded.
    Call log:
    [2m  - waiting for locator('*:has-text("BETS & RACES")')[22m


      912 |         
      913 |         // Scroll to section
    > 914 |         await page.locator('*:has-text("BETS & RACES")').scrollIntoViewIfNeeded();
          |                                                          ^
      915 |         await page.waitForTimeout(1000);
      916 |         
      917 |         // Observe for 5 seconds for updates
        at /Users/eljinwhitehead/site-castle/playwright-test/main.spec.ts:914:58
        at /Users/eljinwhitehead/site-castle/playwright-test/main.spec.ts:910:18

    Error Context: test-results/main-Castle-com-Main-Page--65a36-ses-TC-022-Live-Bet-Updates-webkit-retry1/error-context.md

    attachment #2: trace (application/zip) ─────────────────────────────────────────────────────────
    test-results/main-Castle-com-Main-Page--65a36-ses-TC-022-Live-Bet-Updates-webkit-retry1/trace.zip
    Usage:

        npx playwright show-trace test-results/main-Castle-com-Main-Page--65a36-ses-TC-022-Live-Bet-Updates-webkit-retry1/trace.zip

    ────────────────────────────────────────────────────────────────────────────────────────────────


[1A[2K[154/99] (retries) [webkit] › playwright-test/main.spec.ts:1046:9 › Castle.com Main Page Tests › Responsive Design Test Cases › TC-029: Mobile Responsiveness (retry #1)
[1A[2K[webkit] › playwright-test/main.spec.ts:1046:9 › Castle.com Main Page Tests › Responsive Design Test Cases › TC-029: Mobile Responsiveness
Starting main page test setup...

[1A[2K[webkit] › playwright-test/main.spec.ts:1010:9 › Castle.com Main Page Tests › Footer Section Test Cases › TC-027: Accepted Tokens Display
Page ready check completed

[1A[2KVerifying main page load...

[1A[2KMain page verification complete

[1A[2KStarting TC-027: Accepted Tokens Display

[1A[2KFound 21 token icons

[1A[2KTC-027 completed

[1A[2K  53) [webkit] › playwright-test/main.spec.ts:1010:9 › Castle.com Main Page Tests › Footer Section Test Cases › TC-027: Accepted Tokens Display › Verify that accepted cryptocurrency tokens are displayed 

    Error: [31mTimed out 5000ms waiting for [39m[2mexpect([22m[31mlocator[39m[2m).[22mtoBeVisible[2m()[22m

    Locator: locator('*:has-text("ACCEPTED TOKENS") ~ div').first()
    Expected: visible
    Received: <element(s) not found>
    Call log:
    [2m  - Expect "toBeVisible" with timeout 5000ms[22m
    [2m  - waiting for locator('*:has-text("ACCEPTED TOKENS") ~ div').first()[22m


      1012 |         console.log('Starting TC-027: Accepted Tokens Display');
      1013 |         
    > 1014 |         await expect(mainPage.footer.acceptedTokens).toBeVisible();
           |                                                      ^
      1015 |         
      1016 |         // Check for multiple token icons
      1017 |         const tokenIcons = await mainPage.page.locator('*:has-text("ACCEPTED TOKENS") ~ div svg').count();
        at /Users/eljinwhitehead/site-castle/playwright-test/main.spec.ts:1014:54
        at /Users/eljinwhitehead/site-castle/playwright-test/main.spec.ts:1011:18

    Error Context: test-results/main-Castle-com-Main-Page--c8a6f-027-Accepted-Tokens-Display-webkit/error-context.md


[1A[2K[webkit] › playwright-test/main.spec.ts:1046:9 › Castle.com Main Page Tests › Responsive Design Test Cases › TC-029: Mobile Responsiveness
Navigated to main page

[1A[2KWaiting for page to be ready...

[1A[2K[webkit] › playwright-test/main.spec.ts:1025:9 › Castle.com Main Page Tests › Footer Section Test Cases › TC-028: Footer Contact Information
Page ready check completed

[1A[2KVerifying main page load...

[1A[2KMain page verification complete

[1A[2KStarting TC-028: Footer Contact Information

[1A[2K  54) [webkit] › playwright-test/main.spec.ts:1025:9 › Castle.com Main Page Tests › Footer Section Test Cases › TC-028: Footer Contact Information › Verify that footer contact information is displayed 

    Error: [31mTimed out 5000ms waiting for [39m[2mexpect([22m[31mlocator[39m[2m).[22mtoBeVisible[2m()[22m

    Locator: locator('*:has-text("Copyright © 2025 Castle")').first()
    Expected: visible
    Received: <element(s) not found>
    Call log:
    [2m  - Expect "toBeVisible" with timeout 5000ms[22m
    [2m  - waiting for locator('*:has-text("Copyright © 2025 Castle")').first()[22m


      1027 |         console.log('Starting TC-028: Footer Contact Information');
      1028 |         
    > 1029 |         await expect(mainPage.footer.copyright).toBeVisible();
           |                                                 ^
      1030 |         await expect(mainPage.footer.copyright).toContainText('Copyright © 2025 Castle');
      1031 |         
      1032 |         // Check email addresses
        at /Users/eljinwhitehead/site-castle/playwright-test/main.spec.ts:1029:49
        at /Users/eljinwhitehead/site-castle/playwright-test/main.spec.ts:1026:18

    Error Context: test-results/main-Castle-com-Main-Page--e933d--Footer-Contact-Information-webkit/error-context.md

    Retry #1 ───────────────────────────────────────────────────────────────────────────────────────

    Error: expect.toBeVisible: Error: strict mode violation: locator('*:has-text("support@castle.com")') resolved to 14 elements:
        1) <html lang="en">…</html> aka locator('html')
        2) <body id="index">…</body> aka locator('#index')
        3) <div id="root">…</div> aka locator('#root')
        4) <div class="AppBody laptop _s _display-flex _overflow-hidden _flex-flow-column _h-full _w-full _bg-brown-7">…</div> aka locator('div').filter({ hasText: 'HomeReferralsRacesGamesDuel' }).nth(1)
        5) <div class="_s _display-flex _overflow-hidden _h-full">…</div> aka locator('div').filter({ hasText: 'HomeReferralsRacesGamesDuel' }).nth(2)
        6) <main class="AppMain mobile _s _display-flex _overflow-auto _flex-flow-column _align-items-center _flex-grow-true">…</main> aka getByText('enLog InRegisterPlay First')
        7) <footer class="AppFooter _s _display-flex _align-items-center _justify-content-center _w-full _bg-black-hover">…</footer> aka locator('footer')
        8) <div class="inner-content _s _display-flex _w-full">…</div> aka locator('.AppFooter > div')
        9) <div class="_s _display-flex _flex-flow-column _w-full">…</div> aka locator('.AppFooter > div > div')
        10) <div class="_s _display-flex _flex-flow-column _pl-20 _pr-20 _bg-brown-6">…</div> aka locator('._s._display-flex._flex-flow-column._pl-20._pr-20._bg-brown-6')
        ...

    Call log:
    [2m  - Expect "toBeVisible" with timeout 5000ms[22m
    [2m  - waiting for locator('*:has-text("support@castle.com")')[22m


      1035 |         for (const email of emails) {
      1036 |           const emailElement = mainPage.page.locator(`*:has-text("${email}")`);
    > 1037 |           await expect(emailElement).toBeVisible();
           |                                      ^
      1038 |         }
      1039 |         
      1040 |         console.log('TC-028 completed');
        at /Users/eljinwhitehead/site-castle/playwright-test/main.spec.ts:1037:38
        at /Users/eljinwhitehead/site-castle/playwright-test/main.spec.ts:1026:7

    Error Context: test-results/main-Castle-com-Main-Page--e933d--Footer-Contact-Information-webkit-retry1/error-context.md

    attachment #2: trace (application/zip) ─────────────────────────────────────────────────────────
    test-results/main-Castle-com-Main-Page--e933d--Footer-Contact-Information-webkit-retry1/trace.zip
    Usage:

        npx playwright show-trace test-results/main-Castle-com-Main-Page--e933d--Footer-Contact-Information-webkit-retry1/trace.zip

    ────────────────────────────────────────────────────────────────────────────────────────────────


[1A[2K[webkit] › playwright-test/main.spec.ts:1046:9 › Castle.com Main Page Tests › Responsive Design Test Cases › TC-029: Mobile Responsiveness
Page ready check completed

[1A[2KVerifying main page load...

[1A[2KMain page verification complete

[1A[2KStarting TC-029: Mobile Responsiveness

[1A[2KHas hamburger menu: [33mfalse[39m

[1A[2KTC-029 completed

[1A[2K  55) [webkit] › playwright-test/main.spec.ts:1046:9 › Castle.com Main Page Tests › Responsive Design Test Cases › TC-029: Mobile Responsiveness › Verify that home screen is fully responsive on mobile devices 

    Error: [31mTimed out 5000ms waiting for [39m[2mexpect([22m[31mlocator[39m[2m).[22mtoBeVisible[2m()[22m

    Locator: locator('.Vector.site-logo, svg:has(path[d*="M44.6064"])').first()
    Expected: visible
    Received: <element(s) not found>
    Call log:
    [2m  - Expect "toBeVisible" with timeout 5000ms[22m
    [2m  - waiting for locator('.Vector.site-logo, svg:has(path[d*="M44.6064"])').first()[22m


      1052 |         
      1053 |         // Check key elements are still visible
    > 1054 |         await expect(mainPage.header.logo).toBeVisible();
           |                                            ^
      1055 |         
      1056 |         // Check for hamburger menu
      1057 |         const hamburgerMenu = page.locator('.hamburger-menu, [class*="hamburger"], button[aria-label*="menu"]');
        at /Users/eljinwhitehead/site-castle/playwright-test/main.spec.ts:1054:44
        at /Users/eljinwhitehead/site-castle/playwright-test/main.spec.ts:1047:7

    Error Context: test-results/main-Castle-com-Main-Page--d0874-C-029-Mobile-Responsiveness-webkit/error-context.md


[1A[2K  45 failed
    [chromium] › playwright-test/main.spec.ts:477:9 › Castle.com Main Page Tests › Navigation Menu Test Cases › TC-004: Left Navigation Menu Display 
    [chromium] › playwright-test/main.spec.ts:503:9 › Castle.com Main Page Tests › Navigation Menu Test Cases › TC-005: Navigation Menu Links 
    [chromium] › playwright-test/main.spec.ts:536:9 › Castle.com Main Page Tests › Main Banner Test Cases › TC-006: Promotional Banner Display 
    [chromium] › playwright-test/main.spec.ts:626:9 › Castle.com Main Page Tests › Featured Games Section Test Cases › TC-010: Featured Games Display 
    [chromium] › playwright-test/main.spec.ts:670:9 › Castle.com Main Page Tests › Original Games Section Test Cases › TC-012: Original Games Carousel 
    [chromium] › playwright-test/main.spec.ts:697:9 › Castle.com Main Page Tests › Original Games Section Test Cases › TC-013: Original Games Navigation 
    [chromium] › playwright-test/main.spec.ts:724:9 › Castle.com Main Page Tests › Hot Games Section Test Cases › TC-014: Hot Games Display 
    [chromium] › playwright-test/main.spec.ts:746:9 › Castle.com Main Page Tests › Hot Games Section Test Cases › TC-015: Recently Added Section 
    [chromium] › playwright-test/main.spec.ts:769:9 › Castle.com Main Page Tests › Providers Section Test Cases › TC-016: Game Providers Display 
    [chromium] › playwright-test/main.spec.ts:819:9 › Castle.com Main Page Tests › Categories Section Test Cases › TC-018: Game Categories Display 
    [chromium] › playwright-test/main.spec.ts:856:9 › Castle.com Main Page Tests › Bets & Races Section Test Cases › TC-020: Bets & Races Tabs 
    [chromium] › playwright-test/main.spec.ts:882:9 › Castle.com Main Page Tests › Bets & Races Section Test Cases › TC-021: All Bets Display 
    [chromium] › playwright-test/main.spec.ts:909:9 › Castle.com Main Page Tests › Bets & Races Section Test Cases › TC-022: Live Bet Updates 
    [chromium] › playwright-test/main.spec.ts:931:9 › Castle.com Main Page Tests › Footer Section Test Cases › TC-023: Footer Information Display 
    [chromium] › playwright-test/main.spec.ts:1025:9 › Castle.com Main Page Tests › Footer Section Test Cases › TC-028: Footer Contact Information 
    [firefox] › playwright-test/main.spec.ts:477:9 › Castle.com Main Page Tests › Navigation Menu Test Cases › TC-004: Left Navigation Menu Display 
    [firefox] › playwright-test/main.spec.ts:536:9 › Castle.com Main Page Tests › Main Banner Test Cases › TC-006: Promotional Banner Display 
    [firefox] › playwright-test/main.spec.ts:577:9 › Castle.com Main Page Tests › Search and Filter Test Cases › TC-008: Game Search Functionality 
    [firefox] › playwright-test/main.spec.ts:626:9 › Castle.com Main Page Tests › Featured Games Section Test Cases › TC-010: Featured Games Display 
    [firefox] › playwright-test/main.spec.ts:670:9 › Castle.com Main Page Tests › Original Games Section Test Cases › TC-012: Original Games Carousel 
    [firefox] › playwright-test/main.spec.ts:697:9 › Castle.com Main Page Tests › Original Games Section Test Cases › TC-013: Original Games Navigation 
    [firefox] › playwright-test/main.spec.ts:724:9 › Castle.com Main Page Tests › Hot Games Section Test Cases › TC-014: Hot Games Display 
    [firefox] › playwright-test/main.spec.ts:746:9 › Castle.com Main Page Tests › Hot Games Section Test Cases › TC-015: Recently Added Section 
    [firefox] › playwright-test/main.spec.ts:769:9 › Castle.com Main Page Tests › Providers Section Test Cases › TC-016: Game Providers Display 
    [firefox] › playwright-test/main.spec.ts:819:9 › Castle.com Main Page Tests › Categories Section Test Cases › TC-018: Game Categories Display 
    [firefox] › playwright-test/main.spec.ts:856:9 › Castle.com Main Page Tests › Bets & Races Section Test Cases › TC-020: Bets & Races Tabs 
    [firefox] › playwright-test/main.spec.ts:882:9 › Castle.com Main Page Tests › Bets & Races Section Test Cases › TC-021: All Bets Display 
    [firefox] › playwright-test/main.spec.ts:909:9 › Castle.com Main Page Tests › Bets & Races Section Test Cases › TC-022: Live Bet Updates 
    [firefox] › playwright-test/main.spec.ts:931:9 › Castle.com Main Page Tests › Footer Section Test Cases › TC-023: Footer Information Display 
    [firefox] › playwright-test/main.spec.ts:1025:9 › Castle.com Main Page Tests › Footer Section Test Cases › TC-028: Footer Contact Information 
    [firefox] › playwright-test/main.spec.ts:1113:9 › Castle.com Main Page Tests › Performance Test Cases › TC-031: Page Load Performance 
    [webkit] › playwright-test/main.spec.ts:477:9 › Castle.com Main Page Tests › Navigation Menu Test Cases › TC-004: Left Navigation Menu Display 
    [webkit] › playwright-test/main.spec.ts:536:9 › Castle.com Main Page Tests › Main Banner Test Cases › TC-006: Promotional Banner Display 
    [webkit] › playwright-test/main.spec.ts:626:9 › Castle.com Main Page Tests › Featured Games Section Test Cases › TC-010: Featured Games Display 
    [webkit] › playwright-test/main.spec.ts:670:9 › Castle.com Main Page Tests › Original Games Section Test Cases › TC-012: Original Games Carousel 
    [webkit] › playwright-test/main.spec.ts:697:9 › Castle.com Main Page Tests › Original Games Section Test Cases › TC-013: Original Games Navigation 
    [webkit] › playwright-test/main.spec.ts:724:9 › Castle.com Main Page Tests › Hot Games Section Test Cases › TC-014: Hot Games Display 
    [webkit] › playwright-test/main.spec.ts:746:9 › Castle.com Main Page Tests › Hot Games Section Test Cases › TC-015: Recently Added Section 
    [webkit] › playwright-test/main.spec.ts:769:9 › Castle.com Main Page Tests › Providers Section Test Cases › TC-016: Game Providers Display 
    [webkit] › playwright-test/main.spec.ts:819:9 › Castle.com Main Page Tests › Categories Section Test Cases › TC-018: Game Categories Display 
    [webkit] › playwright-test/main.spec.ts:856:9 › Castle.com Main Page Tests › Bets & Races Section Test Cases › TC-020: Bets & Races Tabs 
    [webkit] › playwright-test/main.spec.ts:882:9 › Castle.com Main Page Tests › Bets & Races Section Test Cases › TC-021: All Bets Display 
    [webkit] › playwright-test/main.spec.ts:909:9 › Castle.com Main Page Tests › Bets & Races Section Test Cases › TC-022: Live Bet Updates 
    [webkit] › playwright-test/main.spec.ts:931:9 › Castle.com Main Page Tests › Footer Section Test Cases › TC-023: Footer Information Display 
    [webkit] › playwright-test/main.spec.ts:1025:9 › Castle.com Main Page Tests › Footer Section Test Cases › TC-028: Footer Contact Information 
  10 flaky
    [chromium] › playwright-test/main.spec.ts:450:9 › Castle.com Main Page Tests › Header Section Test Cases › TC-003: User Avatar Dropdown 
    [chromium] › playwright-test/main.spec.ts:577:9 › Castle.com Main Page Tests › Search and Filter Test Cases › TC-008: Game Search Functionality 
    [chromium] › playwright-test/main.spec.ts:1046:9 › Castle.com Main Page Tests › Responsive Design Test Cases › TC-029: Mobile Responsiveness 
    [chromium] › playwright-test/main.spec.ts:1070:9 › Castle.com Main Page Tests › Responsive Design Test Cases › TC-030: Tablet Responsiveness 
    [firefox] › playwright-test/main.spec.ts:450:9 › Castle.com Main Page Tests › Header Section Test Cases › TC-003: User Avatar Dropdown 
    [firefox] › playwright-test/main.spec.ts:559:9 › Castle.com Main Page Tests › Main Banner Test Cases › TC-007: Play Crash Button Functionality 
    [firefox] › playwright-test/main.spec.ts:1070:9 › Castle.com Main Page Tests › Responsive Design Test Cases › TC-030: Tablet Responsiveness 
    [webkit] › playwright-test/main.spec.ts:503:9 › Castle.com Main Page Tests › Navigation Menu Test Cases › TC-005: Navigation Menu Links 
    [webkit] › playwright-test/main.spec.ts:1010:9 › Castle.com Main Page Tests › Footer Section Test Cases › TC-027: Accepted Tokens Display 
    [webkit] › playwright-test/main.spec.ts:1046:9 › Castle.com Main Page Tests › Responsive Design Test Cases › TC-029: Mobile Responsiveness 
  44 passed (6.2m)

[36m  Serving HTML report at http://localhost:56468. Press Ctrl+C to quit.[39m
